Archive member included because of file (symbol)

C:\Projects\Intwine\Aztec\Power.a(ADE7753.o)
                              obj-tmp\Power.o (COR_Read7753)
c:/program files (x86)/microchip/mplabc32/v2.02/bin/../lib/gcc/pic32mx/4.5.1\libgcc.a(_udivdi3.o)
                              obj-tmp\Tick.o (__udivdi3)
c:/program files (x86)/microchip/mplabc32/v2.02/bin/../lib/gcc/pic32mx/4.5.1\libgcc.a(_umoddi3.o)
                              obj-tmp\DHCP.o (__umoddi3)
c:/program files (x86)/microchip/mplabc32/v2.02/bin/../lib/gcc/pic32mx/4.5.1/../../../../pic32mx/lib\libc.a(memcmp.o)
                              obj-tmp\CustomHTTPApp.o (memcmp)
c:/program files (x86)/microchip/mplabc32/v2.02/bin/../lib/gcc/pic32mx/4.5.1/../../../../pic32mx/lib\libc.a(memcpy.o)
                              obj-tmp\CustomHTTPApp.o (memcpy)
c:/program files (x86)/microchip/mplabc32/v2.02/bin/../lib/gcc/pic32mx/4.5.1/../../../../pic32mx/lib\libc.a(memset.o)
                              obj-tmp\Main.o (memset)
c:/program files (x86)/microchip/mplabc32/v2.02/bin/../lib/gcc/pic32mx/4.5.1/../../../../pic32mx/lib\libc.a(strcmp.o)
                              obj-tmp\CustomHTTPApp.o (strcmp)
c:/program files (x86)/microchip/mplabc32/v2.02/bin/../lib/gcc/pic32mx/4.5.1/../../../../pic32mx/lib\libc.a(strcpy.o)
                              obj-tmp\CustomHTTPApp.o (strcpy)
c:/program files (x86)/microchip/mplabc32/v2.02/bin/../lib/gcc/pic32mx/4.5.1/../../../../pic32mx/lib\libc.a(strlen.o)
                              obj-tmp\CustomHTTPApp.o (strlen)
c:/program files (x86)/microchip/mplabc32/v2.02/bin/../lib/gcc/pic32mx/4.5.1/../../../../pic32mx/lib\libc.a(general-exception.o)
                              c:/program files (x86)/microchip/mplabc32/v2.02/bin/../lib/gcc/pic32mx/4.5.1/../../../../pic32mx/lib/crt0.o (_general_exception_context)
c:/program files (x86)/microchip/mplabc32/v2.02/bin/../lib/gcc/pic32mx/4.5.1/../../../../pic32mx/lib\libc.a(atol.o)
                              obj-tmp\HTTP2.o (atol)
c:/program files (x86)/microchip/mplabc32/v2.02/bin/../lib/gcc/pic32mx/4.5.1/../../../../pic32mx/lib\libc.a(ctype.o)
                              obj-tmp\WFConsoleMsgs.o (_ctype)
c:/program files (x86)/microchip/mplabc32/v2.02/bin/../lib/gcc/pic32mx/4.5.1/../../../../pic32mx/lib\libc.a(puts.o)
                              obj-tmp\Main.o (puts)
c:/program files (x86)/microchip/mplabc32/v2.02/bin/../lib/gcc/pic32mx/4.5.1/../../../../pic32mx/lib\libc.a(strcat.o)
                              obj-tmp\ADE7753.o (strcat)
c:/program files (x86)/microchip/mplabc32/v2.02/bin/../lib/gcc/pic32mx/4.5.1/../../../../pic32mx/lib\libc.a(strncpy.o)
                              obj-tmp\Helpers.o (strncpy)
c:/program files (x86)/microchip/mplabc32/v2.02/bin/../lib/gcc/pic32mx/4.5.1/../../../../pic32mx/lib\libc.a(strrchr.o)
                              obj-tmp\Assert.o (strrchr)
c:/program files (x86)/microchip/mplabc32/v2.02/bin/../lib/gcc/pic32mx/4.5.1/../../../../pic32mx/lib\libc.a(printf_cdnopsuxX.eo)
                              obj-tmp\Assert.o (_printf_cdnopsuxX)
c:/program files (x86)/microchip/mplabc32/v2.02/bin/../lib/gcc/pic32mx/4.5.1/../../../../pic32mx/lib\libc.a(printf_cdnopuxX.eo)
                              obj-tmp\Main.o (_printf_cdnopuxX)
c:/program files (x86)/microchip/mplabc32/v2.02/bin/../lib/gcc/pic32mx/4.5.1/../../../../pic32mx/lib\libc.a(printf_s.eo)
                              obj-tmp\CustomHTTPApp.o (_printf_s)
c:/program files (x86)/microchip/mplabc32/v2.02/bin/../lib/gcc/pic32mx/4.5.1/../../../../pic32mx/lib\libc.a(sprintf_cdnopsuxX.eo)
                              obj-tmp\WF_Config.o (_sprintf_cdnopsuxX)
c:/program files (x86)/microchip/mplabc32/v2.02/bin/../lib/gcc/pic32mx/4.5.1/../../../../pic32mx/lib\libc.a(sprintf_cdnopuxX.eo)
                              obj-tmp\CustomHTTPApp.o (_sprintf_cdnopuxX)
c:/program files (x86)/microchip/mplabc32/v2.02/bin/../lib/gcc/pic32mx/4.5.1/../../../../pic32mx/lib\libc.a(sscanf_cdnopuxX.eo)
                              obj-tmp\ADE7753.o (_sscanf_cdnopuxX)
c:/program files (x86)/microchip/mplabc32/v2.02/bin/../lib/gcc/pic32mx/4.5.1/../../../../pic32mx/lib\libc.a(default-bootstrap-exception-handler.o)
                              c:/program files (x86)/microchip/mplabc32/v2.02/bin/../lib/gcc/pic32mx/4.5.1/../../../../pic32mx/lib/crt0.o (_bootstrap_exception_handler)
c:/program files (x86)/microchip/mplabc32/v2.02/bin/../lib/gcc/pic32mx/4.5.1/../../../../pic32mx/lib\libc.a(default-on-reset.o)
                              c:/program files (x86)/microchip/mplabc32/v2.02/bin/../lib/gcc/pic32mx/4.5.1/../../../../pic32mx/lib/crt0.o (_on_reset)
c:/program files (x86)/microchip/mplabc32/v2.02/bin/../lib/gcc/pic32mx/4.5.1/../../../../pic32mx/lib\libc.a(default-on-bootstrap.o)
                              c:/program files (x86)/microchip/mplabc32/v2.02/bin/../lib/gcc/pic32mx/4.5.1/../../../../pic32mx/lib/crt0.o (_on_bootstrap)
[...]
Memory Configuration

Name             Origin             Length             Attributes
kseg0_program_mem 0x9d000000         0x00040000         xr
kseg0_boot_mem   0x9fc00490         0x00000970
exception_mem    0x9fc01000         0x00001000
kseg1_boot_mem   0xbfc00000         0x00000490
debug_exec_mem   0xbfc02000         0x00000ff0
config3          0xbfc02ff0         0x00000004
config2          0xbfc02ff4         0x00000004
config1          0xbfc02ff8         0x00000004
config0          0xbfc02ffc         0x00000004
kseg1_data_mem   0xa0000000         0x00010000         w !x
sfrs             0xbf800000         0x00100000
configsfrs       0xbfc02ff0         0x00000010
*default*        0x00000000         0xffffffff

Linker script and memory map

LOAD c:/program files (x86)/microchip/mplabc32/v2.02/bin/../lib/gcc/pic32mx/4.5.1/../../../../pic32mx/lib/crt0.o
                0x00000001                _DEBUGGER = 0x1
LOAD obj-tmp\Main.o
LOAD obj-tmp\CustomHTTPApp.o
LOAD obj-tmp\WF_Config.o
LOAD obj-tmp\WifiGDemoMPFSImg.o
LOAD obj-tmp\Announce.o
LOAD obj-tmp\ARCFOUR.o
LOAD obj-tmp\ARP.o
LOAD obj-tmp\AutoIP.o
LOAD obj-tmp\BerkeleyAPI.o
LOAD obj-tmp\BigInt.o
LOAD obj-tmp\BigInt_helper_PIC32.o
LOAD obj-tmp\Delay.o
LOAD obj-tmp\DNS.o
LOAD obj-tmp\DNSs.o
LOAD obj-tmp\DynDNS.o
LOAD obj-tmp\FileSystem.o
LOAD obj-tmp\FTP.o
LOAD obj-tmp\Hashes.o
LOAD obj-tmp\Helpers.o
LOAD obj-tmp\HTTP2.o
LOAD obj-tmp\ICMP.o
LOAD obj-tmp\IP.o
LOAD obj-tmp\LCDBlocking.o
LOAD obj-tmp\MPFS2.o
LOAD obj-tmp\NBNS.o
LOAD obj-tmp\Random.o
LOAD obj-tmp\Reboot.o
LOAD obj-tmp\RSA.o
LOAD obj-tmp\SMTP.o
LOAD obj-tmp\SNMP.o
LOAD obj-tmp\SNMPv3.o
LOAD obj-tmp\SNMPv3USM.o
LOAD obj-tmp\SNTP.o
LOAD obj-tmp\SPIEEPROM.o
LOAD obj-tmp\SPIFlash.o
LOAD obj-tmp\SPIRAM.o
LOAD obj-tmp\SSL.o
LOAD obj-tmp\StackTsk.o
LOAD obj-tmp\TCP.o
LOAD obj-tmp\TCPPerformanceTest.o
LOAD obj-tmp\Telnet.o
LOAD obj-tmp\TFTPc.o
LOAD obj-tmp\Tick.o
LOAD obj-tmp\UART.o
LOAD obj-tmp\UART2TCPBridge.o
LOAD obj-tmp\UDP.o
LOAD obj-tmp\UDPPerformanceTest.o
LOAD obj-tmp\ZeroconfHelper.o
LOAD obj-tmp\ZeroconfLinkLocal.o
LOAD obj-tmp\ZeroconfMulticastDNS.o
LOAD obj-tmp\WF_Eint.o
LOAD obj-tmp\WF_pbkdf2.o
LOAD obj-tmp\WFConnectionAlgorithm.o
LOAD obj-tmp\WFConnectionManager.o
LOAD obj-tmp\WFConnectionProfile.o
LOAD obj-tmp\WFConsole.o
LOAD obj-tmp\WFConsoleIfconfig.o
LOAD obj-tmp\WFConsoleIwconfig.o
LOAD obj-tmp\WFConsoleIwpriv.o
LOAD obj-tmp\WFConsoleMsgHandler.o
LOAD obj-tmp\WFConsoleMsgs.o
LOAD obj-tmp\WFDataTxRx.o
LOAD obj-tmp\WFDebugStrings.o
LOAD obj-tmp\WFEasyConfig.o
LOAD obj-tmp\WFEventHandler.o
LOAD obj-tmp\WFInit.o
LOAD obj-tmp\WFPowerSave.o
LOAD obj-tmp\WFScan.o
LOAD obj-tmp\WFTxPower.o
LOAD obj-tmp\WF_Spi.o
LOAD obj-tmp\WFDriverCom_24G.o
LOAD obj-tmp\WFDriverRaw_24G.o
LOAD obj-tmp\WFMac_24G.o
LOAD obj-tmp\WFMgmtMsg_24G.o
LOAD obj-tmp\WFParamMsg_24G.o
LOAD obj-tmp\DHCP.o
LOAD obj-tmp\DHCPs.o
LOAD obj-tmp\i2c_master.o
LOAD obj-tmp\INTiMain.o
LOAD obj-tmp\UARTiMain.o
LOAD obj-tmp\Assert.o
LOAD obj-tmp\Device_ICO_ICL.o
LOAD obj-tmp\DeviceState.o
LOAD obj-tmp\app_ICO_ICL.o
LOAD obj-tmp\TimeMonitor.o
LOAD obj-tmp\icoPowerMeasurement.o
LOAD obj-tmp\icoUserButton.o
LOAD obj-tmp\ADE7753.o
LOAD obj-tmp\spi.o
LOAD obj-tmp\Power.o
LOAD C:\Projects\Intwine\Aztec\Power.a
                0x00000001                __MPLAB_BUILD = 0x1
                0x00000001                __MPLAB_DEBUG = 0x1
                0x00000001                __MPLAB_DEBUGGER_ICD3 = 0x1
                0x00000001                __ICD2RAM = 0x1
LOAD c:/program files (x86)/microchip/mplabc32/v2.02/bin/../lib/gcc/pic32mx/4.5.1\libgcc.a
START GROUP
LOAD c:/program files (x86)/microchip/mplabc32/v2.02/bin/../lib/gcc/pic32mx/4.5.1/../../../../pic32mx/lib\libdebug.a
LOAD c:/program files (x86)/microchip/mplabc32/v2.02/bin/../lib/gcc/pic32mx/4.5.1/../../../../pic32mx/lib\libc.a
LOAD c:/program files (x86)/microchip/mplabc32/v2.02/bin/../lib/gcc/pic32mx/4.5.1/../../../../pic32mx/lib\libm.a
LOAD c:/program files (x86)/microchip/mplabc32/v2.02/bin/../lib/gcc/pic32mx/4.5.1/../../../../pic32mx/lib\libe.a
LOAD c:/program files (x86)/microchip/mplabc32/v2.02/bin/../lib/gcc/pic32mx/4.5.1/../../../../pic32mx/lib\libdsp.a
LOAD c:/program files (x86)/microchip/mplabc32/v2.02/bin/../lib/gcc/pic32mx/4.5.1/../../../../pic32mx/lib\libmchp_peripheral.a
LOAD c:/program files (x86)/microchip/mplabc32/v2.02/bin/../lib/gcc/pic32mx/4.5.1/../../../../pic32mx/lib\libmchp_peripheral_32MX575F256L.a
END GROUP
LOAD c:/program files (x86)/microchip/mplabc32/v2.02/bin/../lib/gcc/pic32mx/4.5.1\libgcc.a
                0x00000400                PROVIDE (_min_stack_size, 0x400)
                0x00000000                PROVIDE (_min_heap_size, 0x0)
LOAD c:/program files (x86)/microchip/mplabc32/v2.02/bin/../lib/gcc/pic32mx/4.5.1/../../../../pic32mx/lib/./proc/32MX575F256L\processor.o
                0x00000001                PROVIDE (_vector_spacing, 0x1)
                0x9fc01000                _ebase_address = 0x9fc01000
                0xbfc00000                _RESET_ADDR = 0xbfc00000
                0xbfc00380                _BEV_EXCPT_ADDR = 0xbfc00380
                0xbfc00480                _DBG_EXCPT_ADDR = 0xbfc00480
                0xbfc02000                _DBG_CODE_ADDR = 0xbfc02000
                0x00000ff0                _DBG_CODE_SIZE = 0xff0
                0x9fc01180                _GEN_EXCPT_ADDR = (_ebase_address + 0x180)

.config_BFC02FF0
 *(.config_BFC02FF0)

.config_BFC02FF4
                0xbfc02ff4        0x4
 *(.config_BFC02FF4)
 .config_BFC02FF4
                0xbfc02ff4        0x4 obj-tmp\Main.o

.config_BFC02FF8
                0xbfc02ff8        0x4
 *(.config_BFC02FF8)
 .config_BFC02FF8
                0xbfc02ff8        0x4 obj-tmp\Main.o

.config_BFC02FFC
                0xbfc02ffc        0x4
 *(.config_BFC02FFC)
 .config_BFC02FFC
                0xbfc02ffc        0x4 obj-tmp\Main.o
                0xbfc02000                PROVIDE (_DBG_CODE_ADDR, 0xbfc02000)
                0x00000ff0                PROVIDE (_DBG_CODE_SIZE, 0xff0)

.reset          0xbfc00000      0x1f4
 *(.reset)
 .reset         0xbfc00000       0x10 c:/program files (x86)/microchip/mplabc32/v2.02/bin/../lib/gcc/pic32mx/4.5.1/../../../../pic32mx/lib/crt0.o
                0xbfc00000                _reset
 *(.reset.startup)
 .reset.startup
                0xbfc00010      0x1e4 c:/program files (x86)/microchip/mplabc32/v2.02/bin/../lib/gcc/pic32mx/4.5.1/../../../../pic32mx/lib/crt0.o

.bev_excpt      0xbfc00380       0x10
 *(.bev_handler)
 .bev_handler   0xbfc00380       0x10 c:/program files (x86)/microchip/mplabc32/v2.02/bin/../lib/gcc/pic32mx/4.5.1/../../../../pic32mx/lib/crt0.o

.dbg_excpt      0xbfc00480        0x8
                0xbfc00480                . = (. + DEFINED (_DEBUGGER)?0x8:0x0)
 *fill*         0xbfc00480        0x8 00

.dbg_code       0xbfc02000      0xff0
                0xbfc02000                . = (. + DEFINED (_DEBUGGER)?_DBG_CODE_SIZE:0x0)
 *fill*         0xbfc02000      0xff0 00

.app_excpt      0x9fc01180       0x10
 *(.gen_handler)
 .gen_handler   0x9fc01180       0x10 c:/program files (x86)/microchip/mplabc32/v2.02/bin/../lib/gcc/pic32mx/4.5.1/../../../../pic32mx/lib/crt0.o

.vector_0       0x9fc01200        0x0
 *(.vector_0)
                0x00000001                ASSERT (((_vector_spacing == 0x0) || (SIZEOF (.vector_0) <= (_vector_spacing << 0x5))), function at exception vector 0 too large)

.vector_1       0x9fc01220        0x0
 *(.vector_1)
                0x00000001                ASSERT (((_vector_spacing == 0x0) || (SIZEOF (.vector_1) <= (_vector_spacing << 0x5))), function at exception vector 1 too large)

.vector_2       0x9fc01240        0x0
 *(.vector_2)
                0x00000001                ASSERT (((_vector_spacing == 0x0) || (SIZEOF (.vector_2) <= (_vector_spacing << 0x5))), function at exception vector 2 too large)

.vector_3       0x9fc01260        0x0
 *(.vector_3)
                0x00000001                ASSERT (((_vector_spacing == 0x0) || (SIZEOF (.vector_3) <= (_vector_spacing << 0x5))), function at exception vector 3 too large)

.vector_4       0x9fc01280        0x8
 *(.vector_4)
 .vector_4      0x9fc01280        0x8 obj-tmp\Tick.o
                0x00000001                ASSERT (((_vector_spacing == 0x0) || (SIZEOF (.vector_4) <= (_vector_spacing << 0x5))), function at exception vector 4 too large)

.vector_5       0x9fc012a0        0x0
 *(.vector_5)
                0x00000001                ASSERT (((_vector_spacing == 0x0) || (SIZEOF (.vector_5) <= (_vector_spacing << 0x5))), function at exception vector 5 too large)

.vector_6       0x9fc012c0        0x0
 *(.vector_6)
                0x00000001                ASSERT (((_vector_spacing == 0x0) || (SIZEOF (.vector_6) <= (_vector_spacing << 0x5))), function at exception vector 6 too large)

.vector_7       0x9fc012e0        0x0
 *(.vector_7)
                0x00000001                ASSERT (((_vector_spacing == 0x0) || (SIZEOF (.vector_7) <= (_vector_spacing << 0x5))), function at exception vector 7 too large)

.vector_8       0x9fc01300        0x0
 *(.vector_8)
                0x00000001                ASSERT (((_vector_spacing == 0x0) || (SIZEOF (.vector_8) <= (_vector_spacing << 0x5))), function at exception vector 8 too large)

.vector_9       0x9fc01320        0x0
 *(.vector_9)
                0x00000001                ASSERT (((_vector_spacing == 0x0) || (SIZEOF (.vector_9) <= (_vector_spacing << 0x5))), function at exception vector 9 too large)

.vector_10      0x9fc01340        0x0
 *(.vector_10)
                0x00000001                ASSERT (((_vector_spacing == 0x0) || (SIZEOF (.vector_10) <= (_vector_spacing << 0x5))), function at exception vector 10 too large)

.vector_11      0x9fc01360        0x0
 *(.vector_11)
                0x00000001                ASSERT (((_vector_spacing == 0x0) || (SIZEOF (.vector_11) <= (_vector_spacing << 0x5))), function at exception vector 11 too large)

.vector_12      0x9fc01380        0x0
 *(.vector_12)
                0x00000001                ASSERT (((_vector_spacing == 0x0) || (SIZEOF (.vector_12) <= (_vector_spacing << 0x5))), function at exception vector 12 too large)

.vector_13      0x9fc013a0        0x0
 *(.vector_13)
                0x00000001                ASSERT (((_vector_spacing == 0x0) || (SIZEOF (.vector_13) <= (_vector_spacing << 0x5))), function at exception vector 13 too large)

.vector_14      0x9fc013c0        0x0
 *(.vector_14)
                0x00000001                ASSERT (((_vector_spacing == 0x0) || (SIZEOF (.vector_14) <= (_vector_spacing << 0x5))), function at exception vector 14 too large)

.vector_15      0x9fc013e0        0x8
 *(.vector_15)
 .vector_15     0x9fc013e0        0x8 obj-tmp\WF_Eint.o
                0x00000001                ASSERT (((_vector_spacing == 0x0) || (SIZEOF (.vector_15) <= (_vector_spacing << 0x5))), function at exception vector 15 too large)

.vector_16      0x9fc01400        0x0
 *(.vector_16)
                0x00000001                ASSERT (((_vector_spacing == 0x0) || (SIZEOF (.vector_16) <= (_vector_spacing << 0x5))), function at exception vector 16 too large)

.vector_17      0x9fc01420        0x0
 *(.vector_17)
                0x00000001                ASSERT (((_vector_spacing == 0x0) || (SIZEOF (.vector_17) <= (_vector_spacing << 0x5))), function at exception vector 17 too large)

.vector_18      0x9fc01440        0x0
 *(.vector_18)
                0x00000001                ASSERT (((_vector_spacing == 0x0) || (SIZEOF (.vector_18) <= (_vector_spacing << 0x5))), function at exception vector 18 too large)

.vector_19      0x9fc01460        0x0
 *(.vector_19)
                0x00000001                ASSERT (((_vector_spacing == 0x0) || (SIZEOF (.vector_19) <= (_vector_spacing << 0x5))), function at exception vector 19 too large)

.vector_20      0x9fc01480        0x0
 *(.vector_20)
                0x00000001                ASSERT (((_vector_spacing == 0x0) || (SIZEOF (.vector_20) <= (_vector_spacing << 0x5))), function at exception vector 20 too large)

.vector_21      0x9fc014a0        0x0
 *(.vector_21)
                0x00000001                ASSERT (((_vector_spacing == 0x0) || (SIZEOF (.vector_21) <= (_vector_spacing << 0x5))), function at exception vector 21 too large)

.vector_22      0x9fc014c0        0x0
 *(.vector_22)
                0x00000001                ASSERT (((_vector_spacing == 0x0) || (SIZEOF (.vector_22) <= (_vector_spacing << 0x5))), function at exception vector 22 too large)

.vector_23      0x9fc014e0        0x0
 *(.vector_23)
                0x00000001                ASSERT (((_vector_spacing == 0x0) || (SIZEOF (.vector_23) <= (_vector_spacing << 0x5))), function at exception vector 23 too large)

.vector_24      0x9fc01500        0x8
 *(.vector_24)
 .vector_24     0x9fc01500        0x8 obj-tmp\INTiMain.o
                0x00000001                ASSERT (((_vector_spacing == 0x0) || (SIZEOF (.vector_24) <= (_vector_spacing << 0x5))), function at exception vector 24 too large)

.vector_25      0x9fc01520        0x0
 *(.vector_25)
                0x00000001                ASSERT (((_vector_spacing == 0x0) || (SIZEOF (.vector_25) <= (_vector_spacing << 0x5))), function at exception vector 25 too large)

.vector_26      0x9fc01540        0x0
 *(.vector_26)
                0x00000001                ASSERT (((_vector_spacing == 0x0) || (SIZEOF (.vector_26) <= (_vector_spacing << 0x5))), function at exception vector 26 too large)

.vector_27      0x9fc01560        0x0
 *(.vector_27)
                0x00000001                ASSERT (((_vector_spacing == 0x0) || (SIZEOF (.vector_27) <= (_vector_spacing << 0x5))), function at exception vector 27 too large)

.vector_28      0x9fc01580        0x0
 *(.vector_28)
                0x00000001                ASSERT (((_vector_spacing == 0x0) || (SIZEOF (.vector_28) <= (_vector_spacing << 0x5))), function at exception vector 28 too large)

.vector_29      0x9fc015a0        0x0
 *(.vector_29)
                0x00000001                ASSERT (((_vector_spacing == 0x0) || (SIZEOF (.vector_29) <= (_vector_spacing << 0x5))), function at exception vector 29 too large)

.vector_30      0x9fc015c0        0x0
 *(.vector_30)
                0x00000001                ASSERT (((_vector_spacing == 0x0) || (SIZEOF (.vector_30) <= (_vector_spacing << 0x5))), function at exception vector 30 too large)

.vector_31      0x9fc015e0        0x0
 *(.vector_31)
                0x00000001                ASSERT (((_vector_spacing == 0x0) || (SIZEOF (.vector_31) <= (_vector_spacing << 0x5))), function at exception vector 31 too large)

.vector_32      0x9fc01600        0x8
 *(.vector_32)
 .vector_32     0x9fc01600        0x8 obj-tmp\INTiMain.o
                0x00000001                ASSERT (((_vector_spacing == 0x0) || (SIZEOF (.vector_32) <= (_vector_spacing << 0x5))), function at exception vector 32 too large)

.vector_33      0x9fc01620        0x0
 *(.vector_33)
                0x00000001                ASSERT (((_vector_spacing == 0x0) || (SIZEOF (.vector_33) <= (_vector_spacing << 0x5))), function at exception vector 33 too large)

.vector_34      0x9fc01640        0x0
 *(.vector_34)
                0x00000001                ASSERT (((_vector_spacing == 0x0) || (SIZEOF (.vector_34) <= (_vector_spacing << 0x5))), function at exception vector 34 too large)

.vector_35      0x9fc01660        0x0
 *(.vector_35)
                0x00000001                ASSERT (((_vector_spacing == 0x0) || (SIZEOF (.vector_35) <= (_vector_spacing << 0x5))), function at exception vector 35 too large)

.vector_36      0x9fc01680        0x0
 *(.vector_36)
                0x00000001                ASSERT (((_vector_spacing == 0x0) || (SIZEOF (.vector_36) <= (_vector_spacing << 0x5))), function at exception vector 36 too large)

.vector_37      0x9fc016a0        0x0
 *(.vector_37)
                0x00000001                ASSERT (((_vector_spacing == 0x0) || (SIZEOF (.vector_37) <= (_vector_spacing << 0x5))), function at exception vector 37 too large)

.vector_38      0x9fc016c0        0x0
 *(.vector_38)
                0x00000001                ASSERT (((_vector_spacing == 0x0) || (SIZEOF (.vector_38) <= (_vector_spacing << 0x5))), function at exception vector 38 too large)

.vector_39      0x9fc016e0        0x0
 *(.vector_39)
                0x00000001                ASSERT (((_vector_spacing == 0x0) || (SIZEOF (.vector_39) <= (_vector_spacing << 0x5))), function at exception vector 39 too large)

.vector_40      0x9fc01700        0x0
 *(.vector_40)
                0x00000001                ASSERT (((_vector_spacing == 0x0) || (SIZEOF (.vector_40) <= (_vector_spacing << 0x5))), function at exception vector 40 too large)

.vector_41      0x9fc01720        0x0
 *(.vector_41)
                0x00000001                ASSERT (((_vector_spacing == 0x0) || (SIZEOF (.vector_41) <= (_vector_spacing << 0x5))), function at exception vector 41 too large)

.vector_42      0x9fc01740        0x0
 *(.vector_42)
                0x00000001                ASSERT (((_vector_spacing == 0x0) || (SIZEOF (.vector_42) <= (_vector_spacing << 0x5))), function at exception vector 42 too large)

.vector_43      0x9fc01760        0x0
 *(.vector_43)
                0x00000001                ASSERT (((_vector_spacing == 0x0) || (SIZEOF (.vector_43) <= (_vector_spacing << 0x5))), function at exception vector 43 too large)

.vector_44      0x9fc01780        0x0
 *(.vector_44)
                0x00000001                ASSERT (((_vector_spacing == 0x0) || (SIZEOF (.vector_44) <= (_vector_spacing << 0x5))), function at exception vector 44 too large)

.vector_45      0x9fc017a0        0x0
 *(.vector_45)
                0x00000001                ASSERT (((_vector_spacing == 0x0) || (SIZEOF (.vector_45) <= (_vector_spacing << 0x5))), function at exception vector 45 too large)

.vector_46      0x9fc017c0        0x0
 *(.vector_46)
                0x00000001                ASSERT (((_vector_spacing == 0x0) || (SIZEOF (.vector_46) <= (_vector_spacing << 0x5))), function at exception vector 46 too large)

.vector_47      0x9fc017e0        0x0
 *(.vector_47)
                0x00000001                ASSERT (((_vector_spacing == 0x0) || (SIZEOF (.vector_47) <= (_vector_spacing << 0x5))), function at exception vector 47 too large)

.vector_48      0x9fc01800        0x0
 *(.vector_48)
                0x00000001                ASSERT (((_vector_spacing == 0x0) || (SIZEOF (.vector_48) <= (_vector_spacing << 0x5))), function at exception vector 48 too large)

.vector_49      0x9fc01820        0x0
 *(.vector_49)
                0x00000001                ASSERT (((_vector_spacing == 0x0) || (SIZEOF (.vector_49) <= (_vector_spacing << 0x5))), function at exception vector 49 too large)

.vector_50      0x9fc01840        0x0
 *(.vector_50)
                0x00000001                ASSERT (((_vector_spacing == 0x0) || (SIZEOF (.vector_50) <= (_vector_spacing << 0x5))), function at exception vector 50 too large)

.vector_51      0x9fc01860        0x8
 *(.vector_51)
 .vector_51     0x9fc01860        0x8 obj-tmp\INTiMain.o
                0x00000001                ASSERT (((_vector_spacing == 0x0) || (SIZEOF (.vector_51) <= (_vector_spacing << 0x5))), function at exception vector 51 too large)

.vector_52      0x9fc01880        0x0
 *(.vector_52)
                0x00000001                ASSERT (((_vector_spacing == 0x0) || (SIZEOF (.vector_52) <= (_vector_spacing << 0x5))), function at exception vector 52 too large)

.vector_53      0x9fc018a0        0x0
 *(.vector_53)
                0x00000001                ASSERT (((_vector_spacing == 0x0) || (SIZEOF (.vector_53) <= (_vector_spacing << 0x5))), function at exception vector 53 too large)

.vector_54      0x9fc018c0        0x0
 *(.vector_54)
                0x00000001                ASSERT (((_vector_spacing == 0x0) || (SIZEOF (.vector_54) <= (_vector_spacing << 0x5))), function at exception vector 54 too large)

.vector_55      0x9fc018e0        0x0
 *(.vector_55)
                0x00000001                ASSERT (((_vector_spacing == 0x0) || (SIZEOF (.vector_55) <= (_vector_spacing << 0x5))), function at exception vector 55 too large)

.vector_56      0x9fc01900        0x0
 *(.vector_56)
                0x00000001                ASSERT (((_vector_spacing == 0x0) || (SIZEOF (.vector_56) <= (_vector_spacing << 0x5))), function at exception vector 56 too large)

.vector_57      0x9fc01920        0x0
 *(.vector_57)
                0x00000001                ASSERT (((_vector_spacing == 0x0) || (SIZEOF (.vector_57) <= (_vector_spacing << 0x5))), function at exception vector 57 too large)

.vector_58      0x9fc01940        0x0
 *(.vector_58)
                0x00000001                ASSERT (((_vector_spacing == 0x0) || (SIZEOF (.vector_58) <= (_vector_spacing << 0x5))), function at exception vector 58 too large)

.vector_59      0x9fc01960        0x0
 *(.vector_59)
                0x00000001                ASSERT (((_vector_spacing == 0x0) || (SIZEOF (.vector_59) <= (_vector_spacing << 0x5))), function at exception vector 59 too large)

.vector_60      0x9fc01980        0x0
 *(.vector_60)
                0x00000001                ASSERT (((_vector_spacing == 0x0) || (SIZEOF (.vector_60) <= (_vector_spacing << 0x5))), function at exception vector 60 too large)

.vector_61      0x9fc019a0        0x0
 *(.vector_61)
                0x00000001                ASSERT (((_vector_spacing == 0x0) || (SIZEOF (.vector_61) <= (_vector_spacing << 0x5))), function at exception vector 61 too large)

.vector_62      0x9fc019c0        0x0
 *(.vector_62)
                0x00000001                ASSERT (((_vector_spacing == 0x0) || (SIZEOF (.vector_62) <= (_vector_spacing << 0x5))), function at exception vector 62 too large)

.vector_63      0x9fc019e0        0x0
 *(.vector_63)
                0x00000001                ASSERT (((_vector_spacing == 0x0) || (SIZEOF (.vector_63) <= (_vector_spacing << 0x5))), function at exception vector 63 too large)

.startup
 *(.startup)

.text
 *(.stub .gnu.linkonce.t.*)
 *(.text.*personality*)
 *(.mips16.fn.*)
 *(.mips16.call.*)
 *(.gnu.warning)

.rodata         0x9d000000        0x0
 *(.rodata.* .gnu.linkonce.r.*)
 *(.rodata1)
                0x9d000000                . = ALIGN (0x4)

.sdata2         0x9fc00490        0x0
 *(.sdata2 .sdata2.* .gnu.linkonce.s2.*)
                0x9fc00490                . = ALIGN (0x4)

.sbss2          0x9fc00490        0x0
 *(.sbss2 .sbss2.* .gnu.linkonce.sb2.*)
                0x9fc00490                . = ALIGN (0x4)

.eh_frame_hdr
 *(.eh_frame_hdr)

.eh_frame
 *(.eh_frame)

.dbg_data       0xa0000000      0x200
                0xa0000000                . = (. + DEFINED (_DEBUGGER)?0x200:0x0)
 *fill*         0xa0000000      0x200 00

.persist        0xa0000200        0x0
                0xa0000200                _persist_begin = .
 *(.persist .persist.*)
                0xa0000200                . = ALIGN (0x4)
                0xa0000200                _persist_end = .

.eh_frame       0xa0000200       0x3c
 *(.eh_frame)
 .eh_frame      0xa0000200       0x28 c:/program files (x86)/microchip/mplabc32/v2.02/bin/../lib/gcc/pic32mx/4.5.1\libgcc.a(_udivdi3.o)
 .eh_frame      0xa0000228       0x14 c:/program files (x86)/microchip/mplabc32/v2.02/bin/../lib/gcc/pic32mx/4.5.1\libgcc.a(_umoddi3.o)
                                 0x28 (size before relaxing)
                0xa000023c                . = .
                0xa0008230                _gp = (ALIGN (0x10) + 0x7ff0)

.got
 *(.got.plt)
 *(.got)

.sdata          0xa000023c       0x70
                0xa000023c                _sdata_begin = .
 *(.sdata .sdata.* .gnu.linkonce.s.*)
 .sdata         0xa000023c        0x1 obj-tmp\Main.o
                0xa000023c                g_prescan_waiting
 *fill*         0xa000023d        0x3 00
 .sdata         0xa0000240        0x4 obj-tmp\CustomHTTPApp.o
 .sdata         0xa0000244        0x8 obj-tmp\DNS.o
 .sdata         0xa000024c        0x1 obj-tmp\DNSs.o
 *fill*         0xa000024d        0x3 00
 .sdata         0xa0000250        0x4 obj-tmp\Helpers.o
 .sdata         0xa0000254        0x1 obj-tmp\Reboot.o
 .sdata         0xa0000255        0x2 obj-tmp\TCP.o
 .sdata         0xa0000257        0x2 obj-tmp\UDP.o
 .sdata         0xa0000259        0x1 obj-tmp\ZeroconfHelper.o
                0xa0000259                zeroconf_dbg_level
 *fill*         0xa000025a        0x2 00
 .sdata         0xa000025c        0x8 obj-tmp\ZeroconfLinkLocal.o
 .sdata         0xa0000264        0x8 obj-tmp\ZeroconfMulticastDNS.o
                0xa0000264                CONST_STR_local
                0xa0000268                mDNS_socket
 .sdata         0xa000026c        0x1 obj-tmp\WFConnectionAlgorithm.o
 .sdata         0xa000026d        0x1 obj-tmp\WFPowerSave.o
 *fill*         0xa000026e        0x2 00
 .sdata         0xa0000270        0xc obj-tmp\DHCPs.o
                0xa0000270                bDHCPServerEnabled
 .sdata         0xa000027c        0x8 obj-tmp\TimeMonitor.o
                0xa000027c                tmMillisecondsPerTick
 .sdata         0xa0000284        0x4 obj-tmp\ADE7753.o
                0xa0000284                spi_channel
 .sdata         0xa0000288        0x4 obj-tmp\spi.o
                0xa0000288                spi_channel_in_use
 .sdata.register_data
                0xa000028c        0x4 C:\Projects\Intwine\Aztec\Power.a(ADE7753.o)
                0xa000028c                register_data
 .sdata.PowerData
                0xa0000290        0x4 C:\Projects\Intwine\Aztec\Power.a(ADE7753.o)
                0xa0000290                PowerData
 .sdata.GAIN_SETTING
                0xa0000294        0x1 C:\Projects\Intwine\Aztec\Power.a(ADE7753.o)
                0xa0000294                GAIN_SETTING
 *fill*         0xa0000295        0x3 00
 .sdata.power_data
                0xa0000298        0x4 C:\Projects\Intwine\Aztec\Power.a(ADE7753.o)
                0xa0000298                power_data
 .sdata.aenergy_nums
                0xa000029c        0x4 C:\Projects\Intwine\Aztec\Power.a(ADE7753.o)
                0xa000029c                aenergy_nums
 .sdata.aenergy_data
                0xa00002a0        0x4 C:\Projects\Intwine\Aztec\Power.a(ADE7753.o)
                0xa00002a0                aenergy_data
 .sdata         0xa00002a4        0x4 c:/program files (x86)/microchip/mplabc32/v2.02/bin/../lib/gcc/pic32mx/4.5.1/../../../../pic32mx/lib\libc.a(_iob.o)
                0xa00002a4                _Files
 .sdata         0xa00002a8        0x4 c:/program files (x86)/microchip/mplabc32/v2.02/bin/../lib/gcc/pic32mx/4.5.1/../../../../pic32mx/lib\libc.a(c32_uart.o)
                0xa00002a8                __C32_UART
                0xa00002ac                _sdata_end = .

.lit8
 *(.lit8)

.lit4
 *(.lit4)
                0xa00002ac                . = ALIGN (0x4)
                0xa00002ac                _data_end = .
                0xa00002ac                _bss_begin = .

.sbss           0xa00002ac      0x239
                0xa00002ac                _sbss_begin = .
 *(.dynsbss)
 *(.sbss .sbss.* .gnu.linkonce.sb.*)
 .sbss          0xa00002ac       0x10 obj-tmp\Main.o
                0xa00002ac                g_scan_done
 .sbss          0xa00002bc        0xc obj-tmp\CustomHTTPApp.o
 .sbss          0xa00002c8        0x8 obj-tmp\Announce.o
 .sbss          0xa00002d0        0x4 obj-tmp\ARP.o
 .sbss          0xa00002d4       0x14 obj-tmp\DNS.o
 .sbss          0xa00002e8        0x1 obj-tmp\DNSs.o
 *fill*         0xa00002e9        0x1 00
 .sbss          0xa00002ea        0x4 obj-tmp\IP.o
 *fill*         0xa00002ee        0x2 00
 .sbss          0xa00002f0        0x8 obj-tmp\MPFS2.o
 .sbss          0xa00002f8        0x8 obj-tmp\NBNS.o
 .sbss          0xa0000300        0x8 obj-tmp\SPIFlash.o
 .sbss          0xa0000308       0x10 obj-tmp\StackTsk.o
                0xa0000308                g_DhcpRenew
                0xa000030c                g_DhcpRetryTimer
 *fill*         0xa0000318        0x0 00
 .sbss          0xa0000318       0x10 obj-tmp\Tick.o
 .sbss          0xa0000328        0x8 obj-tmp\UDP.o
 .sbss          0xa0000330       0x34 obj-tmp\ZeroconfLinkLocal.o
                0xa0000330                zcll_state
                0xa0000334                zcll_dhcp_substate
 .sbss          0xa0000364        0x8 obj-tmp\ZeroconfMulticastDNS.o
                0xa0000364                mDNS_responder_state
 .sbss          0xa000036c        0x4 obj-tmp\WFConnectionManager.o
 .sbss          0xa0000370        0xc obj-tmp\WFPowerSave.o
 .sbss          0xa000037c        0x1 obj-tmp\WF_Spi.o
 *fill*         0xa000037d        0x3 00
 .sbss          0xa0000380       0x28 obj-tmp\WFDriverCom_24G.o
                0xa0000380                g_DhcpSuccessful
                0xa0000384                g_WiFiConnectionChanged
                0xa0000388                g_WiFiConnection
                0xa000038c                g_dhcpInProgress
 .sbss          0xa00003a8        0x8 obj-tmp\WFDriverRaw_24G.o
                0xa00003a8                g_HostRAWDataPacketReceived
                0xa00003ac                g_RawIndexPastEnd
 .sbss          0xa00003b0       0x14 obj-tmp\WFMac_24G.o
 .sbss          0xa00003c4        0xc obj-tmp\WFMgmtMsg_24G.o
                0xa00003c4                g_WaitingForMgmtResponse
 .sbss          0xa00003d0        0x4 obj-tmp\DHCP.o
                0xa00003d0                DHCPClientInitializedOnce
 .sbss          0xa00003d4        0xc obj-tmp\DHCPs.o
 .sbss          0xa00003e0        0xc obj-tmp\INTiMain.o
                0xa00003e0                UART5RxCallbackFunction
                0xa00003e4                UART2RxCallbackFunction
                0xa00003e8                SPI3RxCallbackFunction
 .sbss          0xa00003ec       0x10 obj-tmp\app_ICO_ICL.o
                0xa00003ec                MainSysTickTimer
                0xa00003f0                MainSystemUNIXTime
                0xa00003f4                AppTickTimer
 .sbss          0xa00003fc        0x8 obj-tmp\TimeMonitor.o
                0xa00003fc                tmTimeMonitorClock
                0xa0000400                tmTickDownTimeIndex0
 .sbss          0xa0000404       0x28 obj-tmp\icoPowerMeasurement.o
 .sbss          0xa000042c        0xc obj-tmp\icoUserButton.o
 .sbss          0xa0000438        0x4 obj-tmp\spi.o
 .sbss          0xa000043c        0xc obj-tmp\Power.o
                0xa000043c                iPowerInitialized
                0xa0000440                dwSampledPower
                0xa0000444                dwSampledEnergy
 .sbss.checksum_cali_result
                0xa0000448        0x1 C:\Projects\Intwine\Aztec\Power.a(ADE7753.o)
                0xa0000448                checksum_cali_result
 *fill*         0xa0000449        0x3 00
 .sbss.cf_den_current
                0xa000044c        0x4 C:\Projects\Intwine\Aztec\Power.a(ADE7753.o)
                0xa000044c                cf_den_current
 .sbss.capture_timer
                0xa0000450        0x4 C:\Projects\Intwine\Aztec\Power.a(ADE7753.o)
                0xa0000450                capture_timer
 .sbss.capture_timer_l
                0xa0000454        0x4 C:\Projects\Intwine\Aztec\Power.a(ADE7753.o)
                0xa0000454                capture_timer_l
 .sbss.capture_timer_sp
                0xa0000458        0x4 C:\Projects\Intwine\Aztec\Power.a(ADE7753.o)
                0xa0000458                capture_timer_sp
 .sbss.capture_num
                0xa000045c        0x4 C:\Projects\Intwine\Aztec\Power.a(ADE7753.o)
                0xa000045c                capture_num
 .sbss.capture_num_l
                0xa0000460        0x4 C:\Projects\Intwine\Aztec\Power.a(ADE7753.o)
                0xa0000460                capture_num_l
 .sbss.capture_num_sp
                0xa0000464        0x4 C:\Projects\Intwine\Aztec\Power.a(ADE7753.o)
                0xa0000464                capture_num_sp
 .sbss.chann1_measure_range
                0xa0000468        0x1 C:\Projects\Intwine\Aztec\Power.a(ADE7753.o)
                0xa0000468                chann1_measure_range
 .sbss.chann1_gain
                0xa0000469        0x1 C:\Projects\Intwine\Aztec\Power.a(ADE7753.o)
                0xa0000469                chann1_gain
 *fill*         0xa000046a        0x2 00
 .sbss.chann1_full_scale
                0xa000046c        0x4 C:\Projects\Intwine\Aztec\Power.a(ADE7753.o)
                0xa000046c                chann1_full_scale
 .sbss.chann1_full_bit
                0xa0000470        0x1 C:\Projects\Intwine\Aztec\Power.a(ADE7753.o)
                0xa0000470                chann1_full_bit
 .sbss.chann2_gain
                0xa0000471        0x1 C:\Projects\Intwine\Aztec\Power.a(ADE7753.o)
                0xa0000471                chann2_gain
 *fill*         0xa0000472        0x2 00
 .sbss.num_per_wh
                0xa0000474        0x4 C:\Projects\Intwine\Aztec\Power.a(ADE7753.o)
                0xa0000474                num_per_wh
 .sbss.current_status
                0xa0000478        0x4 C:\Projects\Intwine\Aztec\Power.a(ADE7753.o)
                0xa0000478                current_status
 .sbss.chang_gain_cutdown
                0xa000047c        0x1 C:\Projects\Intwine\Aztec\Power.a(ADE7753.o)
                0xa000047c                chang_gain_cutdown
 *fill*         0xa000047d        0x3 00
 .sbss.Flash_ID
                0xa0000480        0x4 C:\Projects\Intwine\Aztec\Power.a(ADE7753.o)
                0xa0000480                Flash_ID
 .sbss.check_address
                0xa0000484        0x4 C:\Projects\Intwine\Aztec\Power.a(ADE7753.o)
                0xa0000484                check_address
 .sbss.check_cnt
                0xa0000488        0x4 C:\Projects\Intwine\Aztec\Power.a(ADE7753.o)
                0xa0000488                check_cnt
 .sbss.check_data
                0xa000048c        0x4 C:\Projects\Intwine\Aztec\Power.a(ADE7753.o)
                0xa000048c                check_data
 .sbss.power_sign_neg
                0xa0000490        0x1 C:\Projects\Intwine\Aztec\Power.a(ADE7753.o)
                0xa0000490                power_sign_neg
 .sbss.enable_write
                0xa0000491        0x1 C:\Projects\Intwine\Aztec\Power.a(ADE7753.o)
                0xa0000491                enable_write
 *fill*         0xa0000492        0x2 00
 .sbss.checksum_cali_data
                0xa0000494        0x4 C:\Projects\Intwine\Aztec\Power.a(ADE7753.o)
                0xa0000494                checksum_cali_data
 .sbss.one_second_f
                0xa0000498        0x1 C:\Projects\Intwine\Aztec\Power.a(ADE7753.o)
                0xa0000498                one_second_f
 .sbss.energy_time_s
                0xa0000499        0x1 C:\Projects\Intwine\Aztec\Power.a(ADE7753.o)
                0xa0000499                energy_time_s
 *fill*         0xa000049a        0x2 00
 .sbss.power_regsdata
                0xa000049c        0x4 C:\Projects\Intwine\Aztec\Power.a(ADE7753.o)
                0xa000049c                power_regsdata
 .sbss.powerdata
                0xa00004a0        0x4 C:\Projects\Intwine\Aztec\Power.a(ADE7753.o)
                0xa00004a0                powerdata
 .sbss.mul_result_3
                0xa00004a4        0x1 C:\Projects\Intwine\Aztec\Power.a(ADE7753.o)
                0xa00004a4                mul_result_3
 .sbss.mul_result_2
                0xa00004a5        0x1 C:\Projects\Intwine\Aztec\Power.a(ADE7753.o)
                0xa00004a5                mul_result_2
 .sbss.mul_result_1
                0xa00004a6        0x1 C:\Projects\Intwine\Aztec\Power.a(ADE7753.o)
                0xa00004a6                mul_result_1
 .sbss.mul_result_0
                0xa00004a7        0x1 C:\Projects\Intwine\Aztec\Power.a(ADE7753.o)
                0xa00004a7                mul_result_0
 .sbss.div_3    0xa00004a8        0x1 C:\Projects\Intwine\Aztec\Power.a(ADE7753.o)
                0xa00004a8                div_3
 .sbss.div_2    0xa00004a9        0x1 C:\Projects\Intwine\Aztec\Power.a(ADE7753.o)
                0xa00004a9                div_2
 .sbss.div_1    0xa00004aa        0x1 C:\Projects\Intwine\Aztec\Power.a(ADE7753.o)
                0xa00004aa                div_1
 .sbss.div_0    0xa00004ab        0x1 C:\Projects\Intwine\Aztec\Power.a(ADE7753.o)
                0xa00004ab                div_0
 .sbss.quotient_1
                0xa00004ac        0x1 C:\Projects\Intwine\Aztec\Power.a(ADE7753.o)
                0xa00004ac                quotient_1
 .sbss.quotient_0
                0xa00004ad        0x1 C:\Projects\Intwine\Aztec\Power.a(ADE7753.o)
                0xa00004ad                quotient_0
 .sbss.residue_3
                0xa00004ae        0x1 C:\Projects\Intwine\Aztec\Power.a(ADE7753.o)
                0xa00004ae                residue_3
 .sbss.residue_2
                0xa00004af        0x1 C:\Projects\Intwine\Aztec\Power.a(ADE7753.o)
                0xa00004af                residue_2
 .sbss.residue_1
                0xa00004b0        0x1 C:\Projects\Intwine\Aztec\Power.a(ADE7753.o)
                0xa00004b0                residue_1
 .sbss.residue_0
                0xa00004b1        0x1 C:\Projects\Intwine\Aztec\Power.a(ADE7753.o)
                0xa00004b1                residue_0
 .sbss.div_bits
                0xa00004b2        0x1 C:\Projects\Intwine\Aztec\Power.a(ADE7753.o)
                0xa00004b2                div_bits
 *fill*         0xa00004b3        0x1 00
 .sbss.cali_data_temp
                0xa00004b4        0x4 C:\Projects\Intwine\Aztec\Power.a(ADE7753.o)
                0xa00004b4                cali_data_temp
 .sbss.energy_temp
                0xa00004b8        0x4 C:\Projects\Intwine\Aztec\Power.a(ADE7753.o)
                0xa00004b8                energy_temp
 .sbss          0xa00004bc        0x1 c:/program files (x86)/microchip/mplabc32/v2.02/bin/../lib/gcc/pic32mx/4.5.1/../../../../pic32mx/lib\libc.a(_iob.o)
                0xa00004bc                _outdone
 *(.scommon)
 .scommon       0xa00004bd        0x1 obj-tmp\HTTP2.o
                0xa00004bd                curHTTPID
 .scommon       0xa00004be        0x6 obj-tmp\UDP.o
                0xa00004be                activeUDPSocket
                0xa00004c0                UDPTxCount
                0xa00004c2                UDPRxCount
 .scommon       0xa00004c4        0x6 obj-tmp\WFEasyConfig.o
                0xa00004c4                g_ScanCtx
 *fill*         0xa00004ca        0x2 00
 .scommon       0xa00004cc        0x4 obj-tmp\WFPowerSave.o
                0xa00004cc                g_rxDtim
 .scommon       0xa00004d0        0x8 obj-tmp\WFDriverCom_24G.o
                0xa00004d0                RawMoveState
 .scommon       0xa00004d8        0x2 obj-tmp\WFDriverRaw_24G.o
                0xa00004d8                RawWindowState
 *fill*         0xa00004da        0x2 00
 .scommon       0xa00004dc        0x4 obj-tmp\WFMac_24G.o
                0xa00004dc                WF_hibernate
                0xa00004de                g_rxBufferLength
 .scommon       0xa00004e0        0x4 obj-tmp\app_ICO_ICL.o
                0xa00004e0                lostlink_flag
 .scommon       0xa00004e4        0x1 obj-tmp\Power.o
                0xa00004e4                flag
                0xa00004e5                _sbss_end = .

.bss            0xa00004e8      0xeb4
 *(.dynbss)
 *(COMMON)
 COMMON         0xa00004e8       0x9a obj-tmp\Main.o
                0xa00004e8                AppConfig
 *fill*         0xa0000582        0x2 00
 COMMON         0xa0000584       0x9c obj-tmp\HTTP2.o
                0xa0000584                curHTTP
                0xa0000610                httpStubs
 COMMON         0xa0000620        0xa obj-tmp\StackTsk.o
                0xa0000620                remoteNode
 *fill*         0xa000062a        0x2 00
 COMMON         0xa000062c       0xe0 obj-tmp\UDP.o
                0xa000062c                UDPSocketInfo
 COMMON         0xa000070c      0xbe8 obj-tmp\WFEasyConfig.o
                0xa000070c                preScanResult
                0xa0001260                g_easyConfigCtx
 COMMON         0xa00012f4       0x78 obj-tmp\DHCPs.o
                0xa00012f4                DhcpIpPool
 COMMON         0xa000136c       0x30 obj-tmp\TimeMonitor.o
                0xa000136c                tmCallbackFunctionI
                0xa0001384                tmTickDownTimeI
                0xa000139c                . = ALIGN (0x4)
                0xa000139c                . = ALIGN (0x4)
                0xa000139c                _end = .
                0xa000139c                _bss_end = .
                0x00010000                _bmxdudba_address = 0x10000
                0x00010000                _bmxdupba_address = 0x10000

/DISCARD/
 *(.pdr)
 *(.reginfo)
 *(.rel.dyn)
 *(.note.GNU-stack)
 *(.note.GNU-stack)
 *(.gnu_debuglink)
 *(.gnu.lto_*)
 *(.discard)

.stab
 *(.stab)

.stabstr
 *(.stabstr)

.stab.excl
 *(.stab.excl)

.stab.exclstr
 *(.stab.exclstr)

.stab.index
 *(.stab.index)

.stab.indexstr
 *(.stab.indexstr)

.comment        0x00000000      0x335
 *(.comment)
 .comment       0x00000000       0x51 obj-tmp\Main.o
                                 0x52 (size before relaxing)
 .comment       0x00000000       0x52 obj-tmp\CustomHTTPApp.o
 .comment       0x00000000       0x52 obj-tmp\WF_Config.o
 .comment       0x00000000       0x52 obj-tmp\WifiGDemoMPFSImg.o
 .comment       0x00000000       0x52 obj-tmp\Announce.o
 .comment       0x00000000       0x52 obj-tmp\ARCFOUR.o
 .comment       0x00000000       0x52 obj-tmp\ARP.o
 .comment       0x00000000       0x52 obj-tmp\AutoIP.o
 .comment       0x00000000       0x52 obj-tmp\BerkeleyAPI.o
 .comment       0x00000000       0x52 obj-tmp\BigInt.o
 .comment       0x00000000       0x52 obj-tmp\Delay.o
 .comment       0x00000000       0x52 obj-tmp\DNS.o
 .comment       0x00000000       0x52 obj-tmp\DNSs.o
 .comment       0x00000000       0x52 obj-tmp\DynDNS.o
 .comment       0x00000000       0x52 obj-tmp\FileSystem.o
 .comment       0x00000000       0x52 obj-tmp\FTP.o
 .comment       0x00000000       0x52 obj-tmp\Hashes.o
 .comment       0x00000000       0x52 obj-tmp\Helpers.o
 .comment       0x00000000       0x52 obj-tmp\HTTP2.o
 .comment       0x00000000       0x52 obj-tmp\ICMP.o
 .comment       0x00000000       0x52 obj-tmp\IP.o
 .comment       0x00000000       0x52 obj-tmp\LCDBlocking.o
 .comment       0x00000000       0x52 obj-tmp\MPFS2.o
 .comment       0x00000000       0x52 obj-tmp\NBNS.o
 .comment       0x00000000       0x52 obj-tmp\Random.o
 .comment       0x00000000       0x52 obj-tmp\Reboot.o
 .comment       0x00000000       0x52 obj-tmp\RSA.o
 .comment       0x00000000       0x52 obj-tmp\SMTP.o
 .comment       0x00000000       0x52 obj-tmp\SNMP.o
 .comment       0x00000000       0x52 obj-tmp\SNMPv3.o
 .comment       0x00000000       0x52 obj-tmp\SNMPv3USM.o
 .comment       0x00000000       0x52 obj-tmp\SNTP.o
 .comment       0x00000000       0x52 obj-tmp\SPIEEPROM.o
 .comment       0x00000000       0x52 obj-tmp\SPIFlash.o
 .comment       0x00000000       0x52 obj-tmp\SPIRAM.o
 .comment       0x00000000       0x52 obj-tmp\SSL.o
 .comment       0x00000000       0x52 obj-tmp\StackTsk.o
 .comment       0x00000000       0x52 obj-tmp\TCP.o
 .comment       0x00000000       0x52 obj-tmp\TCPPerformanceTest.o
 .comment       0x00000000       0x52 obj-tmp\Telnet.o
 .comment       0x00000000       0x52 obj-tmp\TFTPc.o
 .comment       0x00000000       0x52 obj-tmp\Tick.o
 .comment       0x00000000       0x52 obj-tmp\UART.o
 .comment       0x00000000       0x52 obj-tmp\UART2TCPBridge.o
 .comment       0x00000000       0x52 obj-tmp\UDP.o
 .comment       0x00000000       0x52 obj-tmp\UDPPerformanceTest.o
 .comment       0x00000000       0x52 obj-tmp\ZeroconfHelper.o
 .comment       0x00000000       0x52 obj-tmp\ZeroconfLinkLocal.o
 .comment       0x00000000       0x52 obj-tmp\ZeroconfMulticastDNS.o
 .comment       0x00000000       0x52 obj-tmp\WF_Eint.o
 .comment       0x00000000       0x52 obj-tmp\WF_pbkdf2.o
 .comment       0x00000000       0x52 obj-tmp\WFConnectionAlgorithm.o
 .comment       0x00000000       0x52 obj-tmp\WFConnectionManager.o
 .comment       0x00000000       0x52 obj-tmp\WFConnectionProfile.o
 .comment       0x00000000       0x52 obj-tmp\WFConsole.o
 .comment       0x00000000       0x52 obj-tmp\WFConsoleIfconfig.o
 .comment       0x00000000       0x52 obj-tmp\WFConsoleIwconfig.o
 .comment       0x00000000       0x52 obj-tmp\WFConsoleIwpriv.o
 .comment       0x00000000       0x52 obj-tmp\WFConsoleMsgHandler.o
 .comment       0x00000000       0x52 obj-tmp\WFConsoleMsgs.o
 .comment       0x00000000       0x52 obj-tmp\WFDataTxRx.o
 .comment       0x00000000       0x52 obj-tmp\WFDebugStrings.o
 .comment       0x00000000       0x52 obj-tmp\WFEasyConfig.o
 .comment       0x00000000       0x52 obj-tmp\WFEventHandler.o
 .comment       0x00000000       0x52 obj-tmp\WFInit.o
 .comment       0x00000000       0x52 obj-tmp\WFPowerSave.o
 .comment       0x00000000       0x52 obj-tmp\WFScan.o
 .comment       0x00000000       0x52 obj-tmp\WFTxPower.o
 .comment       0x00000000       0x52 obj-tmp\WF_Spi.o
 .comment       0x00000000       0x52 obj-tmp\WFDriverCom_24G.o
 .comment       0x00000000       0x52 obj-tmp\WFDriverRaw_24G.o
 .comment       0x00000000       0x52 obj-tmp\WFMac_24G.o
 .comment       0x00000000       0x52 obj-tmp\WFMgmtMsg_24G.o
 .comment       0x00000000       0x52 obj-tmp\WFParamMsg_24G.o
 .comment       0x00000000       0x52 obj-tmp\DHCP.o
 .comment       0x00000000       0x52 obj-tmp\DHCPs.o
 .comment       0x00000000       0x52 obj-tmp\i2c_master.o
 .comment       0x00000000       0x52 obj-tmp\INTiMain.o
 .comment       0x00000000       0x52 obj-tmp\UARTiMain.o
 .comment       0x00000000       0x52 obj-tmp\Assert.o
 .comment       0x00000000       0x52 obj-tmp\Device_ICO_ICL.o
 .comment       0x00000000       0x52 obj-tmp\DeviceState.o
 .comment       0x00000000       0x52 obj-tmp\app_ICO_ICL.o
 .comment       0x00000000       0x52 obj-tmp\TimeMonitor.o
 .comment       0x00000000       0x52 obj-tmp\icoPowerMeasurement.o
 .comment       0x00000000       0x52 obj-tmp\icoUserButton.o
 .comment       0x00000000       0x52 obj-tmp\ADE7753.o
 .comment       0x00000000       0x52 obj-tmp\spi.o
 .comment       0x00000000       0x52 obj-tmp\Power.o
 .comment       0x00000051       0x4d C:\Projects\Intwine\Aztec\Power.a(ADE7753.o)
 .comment       0x00000000       0x52 c:/program files (x86)/microchip/mplabc32/v2.02/bin/../lib/gcc/pic32mx/4.5.1\libgcc.a(_udivdi3.o)
 .comment       0x00000000       0x52 c:/program files (x86)/microchip/mplabc32/v2.02/bin/../lib/gcc/pic32mx/4.5.1\libgcc.a(_umoddi3.o)
 .comment       0x0000009e       0x55 c:/program files (x86)/microchip/mplabc32/v2.02/bin/../lib/gcc/pic32mx/4.5.1/../../../../pic32mx/lib\libc.a(memcmp.o)
                                 0x56 (size before relaxing)
 .comment       0x000000f3       0x55 c:/program files (x86)/microchip/mplabc32/v2.02/bin/../lib/gcc/pic32mx/4.5.1/../../../../pic32mx/lib\libc.a(memset.o)
                                 0x56 (size before relaxing)
 .comment       0x00000148       0x55 c:/program files (x86)/microchip/mplabc32/v2.02/bin/../lib/gcc/pic32mx/4.5.1/../../../../pic32mx/lib\libc.a(strcmp.o)
                                 0x56 (size before relaxing)
 .comment       0x0000019d       0x55 c:/program files (x86)/microchip/mplabc32/v2.02/bin/../lib/gcc/pic32mx/4.5.1/../../../../pic32mx/lib\libc.a(strcpy.o)
                                 0x56 (size before relaxing)
 .comment       0x000001f2       0x55 c:/program files (x86)/microchip/mplabc32/v2.02/bin/../lib/gcc/pic32mx/4.5.1/../../../../pic32mx/lib\libc.a(strlen.o)
                                 0x56 (size before relaxing)
 .comment       0x00000000       0x52 c:/program files (x86)/microchip/mplabc32/v2.02/bin/../lib/gcc/pic32mx/4.5.1/../../../../pic32mx/lib\libc.a(atol.o)
 .comment       0x00000247       0x4e c:/program files (x86)/microchip/mplabc32/v2.02/bin/../lib/gcc/pic32mx/4.5.1/../../../../pic32mx/lib\libc.a(ctype.o)
                                 0xa0 (size before relaxing)
 .comment       0x00000000       0x52 c:/program files (x86)/microchip/mplabc32/v2.02/bin/../lib/gcc/pic32mx/4.5.1/../../../../pic32mx/lib\libc.a(puts.o)
 .comment       0x00000000       0x52 c:/program files (x86)/microchip/mplabc32/v2.02/bin/../lib/gcc/pic32mx/4.5.1/../../../../pic32mx/lib\libc.a(strcat.o)
 .comment       0x00000000       0x52 c:/program files (x86)/microchip/mplabc32/v2.02/bin/../lib/gcc/pic32mx/4.5.1/../../../../pic32mx/lib\libc.a(strncpy.o)
 .comment       0x00000000       0x52 c:/program files (x86)/microchip/mplabc32/v2.02/bin/../lib/gcc/pic32mx/4.5.1/../../../../pic32mx/lib\libc.a(strrchr.o)
 .comment       0x00000000       0x52 c:/program files (x86)/microchip/mplabc32/v2.02/bin/../lib/gcc/pic32mx/4.5.1/../../../../pic32mx/lib\libc.a(printf_cdnopsuxX.eo)
 .comment       0x00000000       0x52 c:/program files (x86)/microchip/mplabc32/v2.02/bin/../lib/gcc/pic32mx/4.5.1/../../../../pic32mx/lib\libc.a(sprintf_cdnopsuxX.eo)
 .comment       0x00000000       0x52 c:/program files (x86)/microchip/mplabc32/v2.02/bin/../lib/gcc/pic32mx/4.5.1/../../../../pic32mx/lib\libc.a(sscanf_cdnopuxX.eo)
 .comment       0x00000000       0x52 c:/program files (x86)/microchip/mplabc32/v2.02/bin/../lib/gcc/pic32mx/4.5.1/../../../../pic32mx/lib\libc.a(default-bootstrap-exception-handler.o)
 .comment       0x00000000       0x52 c:/program files (x86)/microchip/mplabc32/v2.02/bin/../lib/gcc/pic32mx/4.5.1/../../../../pic32mx/lib\libc.a(default-on-reset.o)
 .comment       0x00000000       0x52 c:/program files (x86)/microchip/mplabc32/v2.02/bin/../lib/gcc/pic32mx/4.5.1/../../../../pic32mx/lib\libc.a(default-on-bootstrap.o)
 .comment       0x00000000       0x52 c:/program files (x86)/microchip/mplabc32/v2.02/bin/../lib/gcc/pic32mx/4.5.1/../../../../pic32mx/lib\libc.a(_iob.o)
 .comment       0x00000000       0x52 c:/program files (x86)/microchip/mplabc32/v2.02/bin/../lib/gcc/pic32mx/4.5.1/../../../../pic32mx/lib\libc.a(_fputc_simple.o)
 .comment       0x00000000       0x52 c:/program files (x86)/microchip/mplabc32/v2.02/bin/../lib/gcc/pic32mx/4.5.1/../../../../pic32mx/lib\libc.a(doprnt_cdnopsuxX.eo)
 .comment       0x00000000       0x52 c:/program files (x86)/microchip/mplabc32/v2.02/bin/../lib/gcc/pic32mx/4.5.1/../../../../pic32mx/lib\libc.a(doscan_cdnopuxX.eo)
 .comment       0x00000000       0x52 c:/program files (x86)/microchip/mplabc32/v2.02/bin/../lib/gcc/pic32mx/4.5.1/../../../../pic32mx/lib\libc.a(write.o)
 .comment       0x00000000       0x52 c:/program files (x86)/microchip/mplabc32/v2.02/bin/../lib/gcc/pic32mx/4.5.1/../../../../pic32mx/lib\libc.a(_flsbuf_simple.o)
 .comment       0x00000000       0x52 c:/program files (x86)/microchip/mplabc32/v2.02/bin/../lib/gcc/pic32mx/4.5.1/../../../../pic32mx/lib\libc.a(fgetc.o)
 .comment       0x00000000       0x52 c:/program files (x86)/microchip/mplabc32/v2.02/bin/../lib/gcc/pic32mx/4.5.1/../../../../pic32mx/lib\libc.a(atoi.o)
 .comment       0x00000295       0x4f c:/program files (x86)/microchip/mplabc32/v2.02/bin/../lib/gcc/pic32mx/4.5.1/../../../../pic32mx/lib\libc.a(ctypef.o)
                                 0xa1 (size before relaxing)
 .comment       0x00000000       0x52 c:/program files (x86)/microchip/mplabc32/v2.02/bin/../lib/gcc/pic32mx/4.5.1/../../../../pic32mx/lib\libc.a(ungetc.o)
 .comment       0x00000000       0x52 c:/program files (x86)/microchip/mplabc32/v2.02/bin/../lib/gcc/pic32mx/4.5.1/../../../../pic32mx/lib\libc.a(filbuf.o)
 .comment       0x00000000       0x52 c:/program files (x86)/microchip/mplabc32/v2.02/bin/../lib/gcc/pic32mx/4.5.1/../../../../pic32mx/lib\libc.a(fflush.o)
 .comment       0x00000000       0x52 c:/program files (x86)/microchip/mplabc32/v2.02/bin/../lib/gcc/pic32mx/4.5.1/../../../../pic32mx/lib\libc.a(read.o)
 .comment       0x00000000       0x52 c:/program files (x86)/microchip/mplabc32/v2.02/bin/../lib/gcc/pic32mx/4.5.1/../../../../pic32mx/lib\libc.a(c32_uart.o)
 .comment       0x000002e4       0x51 c:/program files (x86)/microchip/mplabc32/v2.02/bin/../lib/gcc/pic32mx/4.5.1/../../../../pic32mx/lib\libmchp_peripheral_32MX575F256L.a(soft_reset_lib.o)
                                 0x52 (size before relaxing)
 .comment       0x00000000       0x52 c:/program files (x86)/microchip/mplabc32/v2.02/bin/../lib/gcc/pic32mx/4.5.1/../../../../pic32mx/lib\libmchp_peripheral_32MX575F256L.a(pcache.o)
 .comment       0x00000000       0x52 c:/program files (x86)/microchip/mplabc32/v2.02/bin/../lib/gcc/pic32mx/4.5.1/../../../../pic32mx/lib\libmchp_peripheral_32MX575F256L.a(int_disable_interrupts_lib.o)
 .comment       0x00000000       0x52 c:/program files (x86)/microchip/mplabc32/v2.02/bin/../lib/gcc/pic32mx/4.5.1/../../../../pic32mx/lib\libmchp_peripheral_32MX575F256L.a(int_restore_interrupts_lib.o)
 .comment       0x00000000       0x52 c:/program files (x86)/microchip/mplabc32/v2.02/bin/../lib/gcc/pic32mx/4.5.1/../../../../pic32mx/lib\libmchp_peripheral_32MX575F256L.a(int_enable_mv_int_lib.o)
 .comment       0x00000000       0x52 c:/program files (x86)/microchip/mplabc32/v2.02/bin/../lib/gcc/pic32mx/4.5.1/../../../../pic32mx/lib\libmchp_peripheral_32MX575F256L.a(int_tbl_lib.o)
 .comment       0x00000000       0x52 c:/program files (x86)/microchip/mplabc32/v2.02/bin/../lib/gcc/pic32mx/4.5.1/../../../../pic32mx/lib\libmchp_peripheral_32MX575F256L.a(spi_chn_getc_lib.o)
 .comment       0x00000000       0x52 c:/program files (x86)/microchip/mplabc32/v2.02/bin/../lib/gcc/pic32mx/4.5.1/../../../../pic32mx/lib\libmchp_peripheral_32MX575F256L.a(spi_chn_putc_lib.o)
 .comment       0x00000000       0x52 c:/program files (x86)/microchip/mplabc32/v2.02/bin/../lib/gcc/pic32mx/4.5.1/../../../../pic32mx/lib\libmchp_peripheral_32MX575F256L.a(spi_chn_change_mode_lib.o)
 .comment       0x00000000       0x52 c:/program files (x86)/microchip/mplabc32/v2.02/bin/../lib/gcc/pic32mx/4.5.1/../../../../pic32mx/lib\libmchp_peripheral_32MX575F256L.a(spi_io_tbl_libp.o)
 .comment       0x00000000       0x52 c:/program files (x86)/microchip/mplabc32/v2.02/bin/../lib/gcc/pic32mx/4.5.1/../../../../pic32mx/lib\libmchp_peripheral_32MX575F256L.a(spi_map_tbl_libp.o)
 .comment       0x00000000       0x52 c:/program files (x86)/microchip/mplabc32/v2.02/bin/../lib/gcc/pic32mx/4.5.1/../../../../pic32mx/lib\libmchp_peripheral_32MX575F256L.a(port_set_pins_digital_in_lib.o)
 .comment       0x00000000       0x52 c:/program files (x86)/microchip/mplabc32/v2.02/bin/../lib/gcc/pic32mx/4.5.1/../../../../pic32mx/lib\libmchp_peripheral_32MX575F256L.a(port_set_pins_digital_out_lib.o)
 .comment       0x00000000       0x52 c:/program files (x86)/microchip/mplabc32/v2.02/bin/../lib/gcc/pic32mx/4.5.1/../../../../pic32mx/lib\libmchp_peripheral_32MX575F256L.a(_ports_tbl_libp.o)
 .comment       0x00000000       0x52 c:/program files (x86)/microchip/mplabc32/v2.02/bin/../lib/gcc/pic32mx/4.5.1/../../../../pic32mx/lib\libmchp_peripheral_32MX575F256L.a(uart_lib.o)
 .comment       0x00000000       0x52 c:/program files (x86)/microchip/mplabc32/v2.02/bin/../lib/gcc/pic32mx/4.5.1/../../../../pic32mx/lib\libmchp_peripheral_32MX575F256L.a(puts_uartx_lib_legacy.o)
 .comment       0x00000000       0x52 c:/program files (x86)/microchip/mplabc32/v2.02/bin/../lib/gcc/pic32mx/4.5.1/../../../../pic32mx/lib\libmchp_peripheral_32MX575F256L.a(idle_i2c2_lib_legacy.o)
 .comment       0x00000000       0x52 c:/program files (x86)/microchip/mplabc32/v2.02/bin/../lib/gcc/pic32mx/4.5.1/../../../../pic32mx/lib\libmchp_peripheral_32MX575F256L.a(I2CPrivate.o)
 .comment       0x00000000       0x52 c:/program files (x86)/microchip/mplabc32/v2.02/bin/../lib/gcc/pic32mx/4.5.1/../../../../pic32mx/lib\libmchp_peripheral_32MX575F256L.a(I2CBusIsIdle.o)
 .comment       0x00000000       0x52 c:/program files (x86)/microchip/mplabc32/v2.02/bin/../lib/gcc/pic32mx/4.5.1/../../../../pic32mx/lib\libmchp_peripheral_32MX575F256L.a(I2CByteWasAcknowledged.o)
 .comment       0x00000000       0x52 c:/program files (x86)/microchip/mplabc32/v2.02/bin/../lib/gcc/pic32mx/4.5.1/../../../../pic32mx/lib\libmchp_peripheral_32MX575F256L.a(I2CEnable.o)
 .comment       0x00000000       0x52 c:/program files (x86)/microchip/mplabc32/v2.02/bin/../lib/gcc/pic32mx/4.5.1/../../../../pic32mx/lib\libmchp_peripheral_32MX575F256L.a(I2CGetByte.o)
 .comment       0x00000000       0x52 c:/program files (x86)/microchip/mplabc32/v2.02/bin/../lib/gcc/pic32mx/4.5.1/../../../../pic32mx/lib\libmchp_peripheral_32MX575F256L.a(I2CGetStatus.o)
 .comment       0x00000000       0x52 c:/program files (x86)/microchip/mplabc32/v2.02/bin/../lib/gcc/pic32mx/4.5.1/../../../../pic32mx/lib\libmchp_peripheral_32MX575F256L.a(I2CReceivedDataIsAvailable.o)
 .comment       0x00000000       0x52 c:/program files (x86)/microchip/mplabc32/v2.02/bin/../lib/gcc/pic32mx/4.5.1/../../../../pic32mx/lib\libmchp_peripheral_32MX575F256L.a(I2CReceiverEnable.o)
 .comment       0x00000000       0x52 c:/program files (x86)/microchip/mplabc32/v2.02/bin/../lib/gcc/pic32mx/4.5.1/../../../../pic32mx/lib\libmchp_peripheral_32MX575F256L.a(I2CRepeatStart.o)
 .comment       0x00000000       0x52 c:/program files (x86)/microchip/mplabc32/v2.02/bin/../lib/gcc/pic32mx/4.5.1/../../../../pic32mx/lib\libmchp_peripheral_32MX575F256L.a(I2CSetFrequency.o)
 .comment       0x00000000       0x52 c:/program files (x86)/microchip/mplabc32/v2.02/bin/../lib/gcc/pic32mx/4.5.1/../../../../pic32mx/lib\libmchp_peripheral_32MX575F256L.a(I2CStart.o)
 .comment       0x00000000       0x52 c:/program files (x86)/microchip/mplabc32/v2.02/bin/../lib/gcc/pic32mx/4.5.1/../../../../pic32mx/lib\libmchp_peripheral_32MX575F256L.a(I2CStop.o)
 .comment       0x00000000       0x52 c:/program files (x86)/microchip/mplabc32/v2.02/bin/../lib/gcc/pic32mx/4.5.1/../../../../pic32mx/lib\libmchp_peripheral_32MX575F256L.a(I2CTransmissionHasCompleted.o)
 .comment       0x00000000       0x52 c:/program files (x86)/microchip/mplabc32/v2.02/bin/../lib/gcc/pic32mx/4.5.1/../../../../pic32mx/lib\libmchp_peripheral_32MX575F256L.a(I2CTransmitterIsReady.o)
 .comment       0x00000000       0x52 c:/program files (x86)/microchip/mplabc32/v2.02/bin/../lib/gcc/pic32mx/4.5.1/../../../../pic32mx/lib\libmchp_peripheral_32MX575F256L.a(int_enable_interrupts_lib.o)

.debug
 *(.debug)

.line
 *(.line)

.debug_srcinfo
 *(.debug_srcinfo)

.debug_sfnames
 *(.debug_sfnames)

.debug_aranges  0x00000000      0xf60
 *(.debug_aranges)
 .debug_aranges
                0x00000000       0x20 obj-tmp\Main.o
 .debug_aranges
                0x00000020       0x20 obj-tmp\CustomHTTPApp.o
 .debug_aranges
                0x00000040       0x20 obj-tmp\WF_Config.o
 .debug_aranges
                0x00000060       0x20 obj-tmp\Announce.o
 .debug_aranges
                0x00000080       0x20 obj-tmp\ARP.o
 .debug_aranges
                0x000000a0       0x20 obj-tmp\Delay.o
 .debug_aranges
                0x000000c0       0x20 obj-tmp\DNS.o
 .debug_aranges
                0x000000e0       0x20 obj-tmp\DNSs.o
 .debug_aranges
                0x00000100       0x20 obj-tmp\Helpers.o
 .debug_aranges
                0x00000120       0x20 obj-tmp\HTTP2.o
 .debug_aranges
                0x00000140       0x20 obj-tmp\ICMP.o
 .debug_aranges
                0x00000160       0x20 obj-tmp\IP.o
 .debug_aranges
                0x00000180       0x20 obj-tmp\MPFS2.o
 .debug_aranges
                0x000001a0       0x20 obj-tmp\NBNS.o
 .debug_aranges
                0x000001c0       0x20 obj-tmp\Reboot.o
 .debug_aranges
                0x000001e0       0x20 obj-tmp\SPIFlash.o
 .debug_aranges
                0x00000200       0x20 obj-tmp\StackTsk.o
 .debug_aranges
                0x00000220       0x20 obj-tmp\TCP.o
 .debug_aranges
                0x00000240       0x20 obj-tmp\Tick.o
 .debug_aranges
                0x00000260       0x20 obj-tmp\UART.o
 .debug_aranges
                0x00000280       0x20 obj-tmp\UDP.o
 .debug_aranges
                0x000002a0       0x20 obj-tmp\ZeroconfHelper.o
 .debug_aranges
                0x000002c0       0x20 obj-tmp\ZeroconfLinkLocal.o
 .debug_aranges
                0x000002e0       0x20 obj-tmp\ZeroconfMulticastDNS.o
 .debug_aranges
                0x00000300       0x20 obj-tmp\WF_Eint.o
 .debug_aranges
                0x00000320       0x20 obj-tmp\WF_pbkdf2.o
 .debug_aranges
                0x00000340       0x20 obj-tmp\WFConnectionAlgorithm.o
 .debug_aranges
                0x00000360       0x20 obj-tmp\WFConnectionManager.o
 .debug_aranges
                0x00000380       0x20 obj-tmp\WFConnectionProfile.o
 .debug_aranges
                0x000003a0       0x20 obj-tmp\WFConsoleMsgHandler.o
 .debug_aranges
                0x000003c0       0x20 obj-tmp\WFConsoleMsgs.o
 .debug_aranges
                0x000003e0       0x20 obj-tmp\WFDebugStrings.o
 .debug_aranges
                0x00000400       0x20 obj-tmp\WFEasyConfig.o
 .debug_aranges
                0x00000420       0x20 obj-tmp\WFEventHandler.o
 .debug_aranges
                0x00000440       0x20 obj-tmp\WFInit.o
 .debug_aranges
                0x00000460       0x20 obj-tmp\WFPowerSave.o
 .debug_aranges
                0x00000480       0x20 obj-tmp\WFScan.o
 .debug_aranges
                0x000004a0       0x20 obj-tmp\WFTxPower.o
 .debug_aranges
                0x000004c0       0x20 obj-tmp\WF_Spi.o
 .debug_aranges
                0x000004e0       0x20 obj-tmp\WFDriverCom_24G.o
 .debug_aranges
                0x00000500       0x20 obj-tmp\WFDriverRaw_24G.o
 .debug_aranges
                0x00000520       0x20 obj-tmp\WFMac_24G.o
 .debug_aranges
                0x00000540       0x20 obj-tmp\WFMgmtMsg_24G.o
 .debug_aranges
                0x00000560       0x20 obj-tmp\WFParamMsg_24G.o
 .debug_aranges
                0x00000580       0x20 obj-tmp\DHCP.o
 .debug_aranges
                0x000005a0       0x20 obj-tmp\DHCPs.o
 .debug_aranges
                0x000005c0       0x20 obj-tmp\i2c_master.o
 .debug_aranges
                0x000005e0       0x20 obj-tmp\INTiMain.o
 .debug_aranges
                0x00000600       0x20 obj-tmp\UARTiMain.o
 .debug_aranges
                0x00000620       0x20 obj-tmp\Assert.o
 .debug_aranges
                0x00000640       0x20 obj-tmp\Device_ICO_ICL.o
 .debug_aranges
                0x00000660       0x20 obj-tmp\DeviceState.o
 .debug_aranges
                0x00000680       0x20 obj-tmp\app_ICO_ICL.o
 .debug_aranges
                0x000006a0       0x20 obj-tmp\TimeMonitor.o
 .debug_aranges
                0x000006c0       0x20 obj-tmp\icoPowerMeasurement.o
 .debug_aranges
                0x000006e0       0x20 obj-tmp\icoUserButton.o
 .debug_aranges
                0x00000700       0x20 obj-tmp\ADE7753.o
 .debug_aranges
                0x00000720       0x20 obj-tmp\spi.o
 .debug_aranges
                0x00000740       0x20 obj-tmp\Power.o
 .debug_aranges
                0x00000760       0x20 C:\Projects\Intwine\Aztec\Power.a(ADE7753.o)
 .debug_aranges
                0x00000780       0x20 c:/program files (x86)/microchip/mplabc32/v2.02/bin/../lib/gcc/pic32mx/4.5.1\libgcc.a(_udivdi3.o)
 .debug_aranges
                0x000007a0       0x20 c:/program files (x86)/microchip/mplabc32/v2.02/bin/../lib/gcc/pic32mx/4.5.1\libgcc.a(_umoddi3.o)
 .debug_aranges
                0x000007c0       0x20 c:/program files (x86)/microchip/mplabc32/v2.02/bin/../lib/gcc/pic32mx/4.5.1/../../../../pic32mx/lib\libc.a(atol.o)
 .debug_aranges
                0x000007e0       0x28 c:/program files (x86)/microchip/mplabc32/v2.02/bin/../lib/gcc/pic32mx/4.5.1/../../../../pic32mx/lib\libc.a(puts.o)
 .debug_aranges
                0x00000808       0x20 c:/program files (x86)/microchip/mplabc32/v2.02/bin/../lib/gcc/pic32mx/4.5.1/../../../../pic32mx/lib\libc.a(strcat.o)
 .debug_aranges
                0x00000828       0x20 c:/program files (x86)/microchip/mplabc32/v2.02/bin/../lib/gcc/pic32mx/4.5.1/../../../../pic32mx/lib\libc.a(strncpy.o)
 .debug_aranges
                0x00000848       0x20 c:/program files (x86)/microchip/mplabc32/v2.02/bin/../lib/gcc/pic32mx/4.5.1/../../../../pic32mx/lib\libc.a(strrchr.o)
 .debug_aranges
                0x00000868       0x20 c:/program files (x86)/microchip/mplabc32/v2.02/bin/../lib/gcc/pic32mx/4.5.1/../../../../pic32mx/lib\libc.a(printf_cdnopsuxX.eo)
 .debug_aranges
                0x00000888       0x20 c:/program files (x86)/microchip/mplabc32/v2.02/bin/../lib/gcc/pic32mx/4.5.1/../../../../pic32mx/lib\libc.a(sprintf_cdnopsuxX.eo)
 .debug_aranges
                0x000008a8       0x20 c:/program files (x86)/microchip/mplabc32/v2.02/bin/../lib/gcc/pic32mx/4.5.1/../../../../pic32mx/lib\libc.a(sscanf_cdnopuxX.eo)
 .debug_aranges
                0x000008c8       0x20 c:/program files (x86)/microchip/mplabc32/v2.02/bin/../lib/gcc/pic32mx/4.5.1/../../../../pic32mx/lib\libc.a(default-bootstrap-exception-handler.o)
 .debug_aranges
                0x000008e8       0x20 c:/program files (x86)/microchip/mplabc32/v2.02/bin/../lib/gcc/pic32mx/4.5.1/../../../../pic32mx/lib\libc.a(default-on-reset.o)
 .debug_aranges
                0x00000908       0x20 c:/program files (x86)/microchip/mplabc32/v2.02/bin/../lib/gcc/pic32mx/4.5.1/../../../../pic32mx/lib\libc.a(default-on-bootstrap.o)
 .debug_aranges
                0x00000928       0x20 c:/program files (x86)/microchip/mplabc32/v2.02/bin/../lib/gcc/pic32mx/4.5.1/../../../../pic32mx/lib\libc.a(_fputc_simple.o)
 .debug_aranges
                0x00000948       0x20 c:/program files (x86)/microchip/mplabc32/v2.02/bin/../lib/gcc/pic32mx/4.5.1/../../../../pic32mx/lib\libc.a(doprnt_cdnopsuxX.eo)
 .debug_aranges
                0x00000968       0x30 c:/program files (x86)/microchip/mplabc32/v2.02/bin/../lib/gcc/pic32mx/4.5.1/../../../../pic32mx/lib\libc.a(doscan_cdnopuxX.eo)
 .debug_aranges
                0x00000998       0x20 c:/program files (x86)/microchip/mplabc32/v2.02/bin/../lib/gcc/pic32mx/4.5.1/../../../../pic32mx/lib\libc.a(write.o)
 .debug_aranges
                0x000009b8       0x20 c:/program files (x86)/microchip/mplabc32/v2.02/bin/../lib/gcc/pic32mx/4.5.1/../../../../pic32mx/lib\libc.a(_flsbuf_simple.o)
 .debug_aranges
                0x000009d8       0x20 c:/program files (x86)/microchip/mplabc32/v2.02/bin/../lib/gcc/pic32mx/4.5.1/../../../../pic32mx/lib\libc.a(fgetc.o)
 .debug_aranges
                0x000009f8       0x20 c:/program files (x86)/microchip/mplabc32/v2.02/bin/../lib/gcc/pic32mx/4.5.1/../../../../pic32mx/lib\libc.a(atoi.o)
 .debug_aranges
                0x00000a18       0xa0 c:/program files (x86)/microchip/mplabc32/v2.02/bin/../lib/gcc/pic32mx/4.5.1/../../../../pic32mx/lib\libc.a(ctypef.o)
 .debug_aranges
                0x00000ab8       0x20 c:/program files (x86)/microchip/mplabc32/v2.02/bin/../lib/gcc/pic32mx/4.5.1/../../../../pic32mx/lib\libc.a(ungetc.o)
 .debug_aranges
                0x00000ad8       0x20 c:/program files (x86)/microchip/mplabc32/v2.02/bin/../lib/gcc/pic32mx/4.5.1/../../../../pic32mx/lib\libc.a(filbuf.o)
 .debug_aranges
                0x00000af8       0x20 c:/program files (x86)/microchip/mplabc32/v2.02/bin/../lib/gcc/pic32mx/4.5.1/../../../../pic32mx/lib\libc.a(fflush.o)
 .debug_aranges
                0x00000b18       0x20 c:/program files (x86)/microchip/mplabc32/v2.02/bin/../lib/gcc/pic32mx/4.5.1/../../../../pic32mx/lib\libc.a(read.o)
 .debug_aranges
                0x00000b38       0x20 c:/program files (x86)/microchip/mplabc32/v2.02/bin/../lib/gcc/pic32mx/4.5.1/../../../../pic32mx/lib\libmchp_peripheral_32MX575F256L.a(soft_reset_lib.o)
 .debug_aranges
                0x00000b58       0x28 c:/program files (x86)/microchip/mplabc32/v2.02/bin/../lib/gcc/pic32mx/4.5.1/../../../../pic32mx/lib\libmchp_peripheral_32MX575F256L.a(pcache.o)
 .debug_aranges
                0x00000b80       0x20 c:/program files (x86)/microchip/mplabc32/v2.02/bin/../lib/gcc/pic32mx/4.5.1/../../../../pic32mx/lib\libmchp_peripheral_32MX575F256L.a(int_disable_interrupts_lib.o)
 .debug_aranges
                0x00000ba0       0x20 c:/program files (x86)/microchip/mplabc32/v2.02/bin/../lib/gcc/pic32mx/4.5.1/../../../../pic32mx/lib\libmchp_peripheral_32MX575F256L.a(int_restore_interrupts_lib.o)
 .debug_aranges
                0x00000bc0       0x20 c:/program files (x86)/microchip/mplabc32/v2.02/bin/../lib/gcc/pic32mx/4.5.1/../../../../pic32mx/lib\libmchp_peripheral_32MX575F256L.a(int_enable_mv_int_lib.o)
 .debug_aranges
                0x00000be0       0x60 c:/program files (x86)/microchip/mplabc32/v2.02/bin/../lib/gcc/pic32mx/4.5.1/../../../../pic32mx/lib\libmchp_peripheral_32MX575F256L.a(int_tbl_lib.o)
 .debug_aranges
                0x00000c40       0x28 c:/program files (x86)/microchip/mplabc32/v2.02/bin/../lib/gcc/pic32mx/4.5.1/../../../../pic32mx/lib\libmchp_peripheral_32MX575F256L.a(spi_chn_getc_lib.o)
 .debug_aranges
                0x00000c68       0x30 c:/program files (x86)/microchip/mplabc32/v2.02/bin/../lib/gcc/pic32mx/4.5.1/../../../../pic32mx/lib\libmchp_peripheral_32MX575F256L.a(spi_chn_putc_lib.o)
 .debug_aranges
                0x00000c98       0x28 c:/program files (x86)/microchip/mplabc32/v2.02/bin/../lib/gcc/pic32mx/4.5.1/../../../../pic32mx/lib\libmchp_peripheral_32MX575F256L.a(spi_chn_change_mode_lib.o)
 .debug_aranges
                0x00000cc0       0x20 c:/program files (x86)/microchip/mplabc32/v2.02/bin/../lib/gcc/pic32mx/4.5.1/../../../../pic32mx/lib\libmchp_peripheral_32MX575F256L.a(port_set_pins_digital_in_lib.o)
 .debug_aranges
                0x00000ce0       0x20 c:/program files (x86)/microchip/mplabc32/v2.02/bin/../lib/gcc/pic32mx/4.5.1/../../../../pic32mx/lib\libmchp_peripheral_32MX575F256L.a(port_set_pins_digital_out_lib.o)
 .debug_aranges
                0x00000d00       0x58 c:/program files (x86)/microchip/mplabc32/v2.02/bin/../lib/gcc/pic32mx/4.5.1/../../../../pic32mx/lib\libmchp_peripheral_32MX575F256L.a(uart_lib.o)
 .debug_aranges
                0x00000d58       0x28 c:/program files (x86)/microchip/mplabc32/v2.02/bin/../lib/gcc/pic32mx/4.5.1/../../../../pic32mx/lib\libmchp_peripheral_32MX575F256L.a(puts_uartx_lib_legacy.o)
 .debug_aranges
                0x00000d80       0x20 c:/program files (x86)/microchip/mplabc32/v2.02/bin/../lib/gcc/pic32mx/4.5.1/../../../../pic32mx/lib\libmchp_peripheral_32MX575F256L.a(idle_i2c2_lib_legacy.o)
 .debug_aranges
                0x00000da0       0x20 c:/program files (x86)/microchip/mplabc32/v2.02/bin/../lib/gcc/pic32mx/4.5.1/../../../../pic32mx/lib\libmchp_peripheral_32MX575F256L.a(I2CBusIsIdle.o)
 .debug_aranges
                0x00000dc0       0x20 c:/program files (x86)/microchip/mplabc32/v2.02/bin/../lib/gcc/pic32mx/4.5.1/../../../../pic32mx/lib\libmchp_peripheral_32MX575F256L.a(I2CByteWasAcknowledged.o)
 .debug_aranges
                0x00000de0       0x20 c:/program files (x86)/microchip/mplabc32/v2.02/bin/../lib/gcc/pic32mx/4.5.1/../../../../pic32mx/lib\libmchp_peripheral_32MX575F256L.a(I2CEnable.o)
 .debug_aranges
                0x00000e00       0x20 c:/program files (x86)/microchip/mplabc32/v2.02/bin/../lib/gcc/pic32mx/4.5.1/../../../../pic32mx/lib\libmchp_peripheral_32MX575F256L.a(I2CGetByte.o)
 .debug_aranges
                0x00000e20       0x20 c:/program files (x86)/microchip/mplabc32/v2.02/bin/../lib/gcc/pic32mx/4.5.1/../../../../pic32mx/lib\libmchp_peripheral_32MX575F256L.a(I2CGetStatus.o)
 .debug_aranges
                0x00000e40       0x20 c:/program files (x86)/microchip/mplabc32/v2.02/bin/../lib/gcc/pic32mx/4.5.1/../../../../pic32mx/lib\libmchp_peripheral_32MX575F256L.a(I2CReceivedDataIsAvailable.o)
 .debug_aranges
                0x00000e60       0x20 c:/program files (x86)/microchip/mplabc32/v2.02/bin/../lib/gcc/pic32mx/4.5.1/../../../../pic32mx/lib\libmchp_peripheral_32MX575F256L.a(I2CReceiverEnable.o)
 .debug_aranges
                0x00000e80       0x20 c:/program files (x86)/microchip/mplabc32/v2.02/bin/../lib/gcc/pic32mx/4.5.1/../../../../pic32mx/lib\libmchp_peripheral_32MX575F256L.a(I2CRepeatStart.o)
 .debug_aranges
                0x00000ea0       0x20 c:/program files (x86)/microchip/mplabc32/v2.02/bin/../lib/gcc/pic32mx/4.5.1/../../../../pic32mx/lib\libmchp_peripheral_32MX575F256L.a(I2CSetFrequency.o)
 .debug_aranges
                0x00000ec0       0x20 c:/program files (x86)/microchip/mplabc32/v2.02/bin/../lib/gcc/pic32mx/4.5.1/../../../../pic32mx/lib\libmchp_peripheral_32MX575F256L.a(I2CStart.o)
 .debug_aranges
                0x00000ee0       0x20 c:/program files (x86)/microchip/mplabc32/v2.02/bin/../lib/gcc/pic32mx/4.5.1/../../../../pic32mx/lib\libmchp_peripheral_32MX575F256L.a(I2CStop.o)
 .debug_aranges
                0x00000f00       0x20 c:/program files (x86)/microchip/mplabc32/v2.02/bin/../lib/gcc/pic32mx/4.5.1/../../../../pic32mx/lib\libmchp_peripheral_32MX575F256L.a(I2CTransmissionHasCompleted.o)
 .debug_aranges
                0x00000f20       0x20 c:/program files (x86)/microchip/mplabc32/v2.02/bin/../lib/gcc/pic32mx/4.5.1/../../../../pic32mx/lib\libmchp_peripheral_32MX575F256L.a(I2CTransmitterIsReady.o)
 .debug_aranges
                0x00000f40       0x20 c:/program files (x86)/microchip/mplabc32/v2.02/bin/../lib/gcc/pic32mx/4.5.1/../../../../pic32mx/lib\libmchp_peripheral_32MX575F256L.a(int_enable_interrupts_lib.o)

.debug_pubnames
                0x00000000     0x3dc2
 *(.debug_pubnames)
 .debug_pubnames
                0x00000000       0xb7 obj-tmp\Main.o
 .debug_pubnames
                0x000000b7      0x1f4 obj-tmp\CustomHTTPApp.o
 .debug_pubnames
                0x000002ab       0x35 obj-tmp\WF_Config.o
 .debug_pubnames
                0x000002e0       0x21 obj-tmp\WifiGDemoMPFSImg.o
 .debug_pubnames
                0x00000301       0x33 obj-tmp\Announce.o
 .debug_pubnames
                0x00000334       0xb7 obj-tmp\ARP.o
 .debug_pubnames
                0x000003eb       0x2c obj-tmp\Delay.o
 .debug_pubnames
                0x00000417       0x55 obj-tmp\DNS.o
 .debug_pubnames
                0x0000046c       0x24 obj-tmp\DNSs.o
 .debug_pubnames
                0x00000490      0x10a obj-tmp\Helpers.o
 .debug_pubnames
                0x0000059a       0xcf obj-tmp\HTTP2.o
 .debug_pubnames
                0x00000669       0x22 obj-tmp\ICMP.o
 .debug_pubnames
                0x0000068b       0x44 obj-tmp\IP.o
 .debug_pubnames
                0x000006cf      0x140 obj-tmp\MPFS2.o
 .debug_pubnames
                0x0000080f       0x1f obj-tmp\NBNS.o
 .debug_pubnames
                0x0000082e       0x21 obj-tmp\Reboot.o
 .debug_pubnames
                0x0000084f       0x91 obj-tmp\SPIFlash.o
 .debug_pubnames
                0x000008e0       0x86 obj-tmp\StackTsk.o
 .debug_pubnames
                0x00000966      0x1ba obj-tmp\TCP.o
 .debug_pubnames
                0x00000b20       0x7e obj-tmp\Tick.o
 .debug_pubnames
                0x00000b9e       0x25 obj-tmp\UART.o
 .debug_pubnames
                0x00000bc3      0x155 obj-tmp\UDP.o
 .debug_pubnames
                0x00000d18       0x3b obj-tmp\ZeroconfHelper.o
 .debug_pubnames
                0x00000d53       0xc6 obj-tmp\ZeroconfLinkLocal.o
 .debug_pubnames
                0x00000e19      0x159 obj-tmp\ZeroconfMulticastDNS.o
 .debug_pubnames
                0x00000f72       0x83 obj-tmp\WF_Eint.o
 .debug_pubnames
                0x00000ff5       0x84 obj-tmp\WF_pbkdf2.o
 .debug_pubnames
                0x00001079      0x3d9 obj-tmp\WFConnectionAlgorithm.o
 .debug_pubnames
                0x00001452       0xd6 obj-tmp\WFConnectionManager.o
 .debug_pubnames
                0x00001528      0x204 obj-tmp\WFConnectionProfile.o
 .debug_pubnames
                0x0000172c       0x2f obj-tmp\WFConsoleMsgHandler.o
 .debug_pubnames
                0x0000175b      0x155 obj-tmp\WFConsoleMsgs.o
 .debug_pubnames
                0x000018b0      0x147 obj-tmp\WFDebugStrings.o
 .debug_pubnames
                0x000019f7       0xd3 obj-tmp\WFEasyConfig.o
 .debug_pubnames
                0x00001aca       0x2f obj-tmp\WFEventHandler.o
 .debug_pubnames
                0x00001af9       0x1e obj-tmp\WFInit.o
 .debug_pubnames
                0x00001b17      0x153 obj-tmp\WFPowerSave.o
 .debug_pubnames
                0x00001c6a       0x33 obj-tmp\WFScan.o
 .debug_pubnames
                0x00001c9d       0x58 obj-tmp\WFTxPower.o
 .debug_pubnames
                0x00001cf5       0x66 obj-tmp\WF_Spi.o
 .debug_pubnames
                0x00001d5b      0x1ab obj-tmp\WFDriverCom_24G.o
 .debug_pubnames
                0x00001f06      0x1ef obj-tmp\WFDriverRaw_24G.o
 .debug_pubnames
                0x000020f5      0x22c obj-tmp\WFMac_24G.o
 .debug_pubnames
                0x00002321       0xb0 obj-tmp\WFMgmtMsg_24G.o
 .debug_pubnames
                0x000023d1      0x245 obj-tmp\WFParamMsg_24G.o
 .debug_pubnames
                0x00002616       0xcc obj-tmp\DHCP.o
 .debug_pubnames
                0x000026e2       0x78 obj-tmp\DHCPs.o
 .debug_pubnames
                0x0000275a       0x84 obj-tmp\i2c_master.o
 .debug_pubnames
                0x000027de      0x16f obj-tmp\INTiMain.o
 .debug_pubnames
                0x0000294d       0x36 obj-tmp\UARTiMain.o
 .debug_pubnames
                0x00002983       0x2b obj-tmp\Assert.o
 .debug_pubnames
                0x000029ae       0x5c obj-tmp\Device_ICO_ICL.o
 .debug_pubnames
                0x00002a0a       0x5b obj-tmp\DeviceState.o
 .debug_pubnames
                0x00002a65       0x81 obj-tmp\app_ICO_ICL.o
 .debug_pubnames
                0x00002ae6      0x12a obj-tmp\TimeMonitor.o
 .debug_pubnames
                0x00002c10       0x94 obj-tmp\icoPowerMeasurement.o
 .debug_pubnames
                0x00002ca4       0x38 obj-tmp\icoUserButton.o
 .debug_pubnames
                0x00002cdc       0xe7 obj-tmp\ADE7753.o
 .debug_pubnames
                0x00002dc3       0x91 obj-tmp\spi.o
 .debug_pubnames
                0x00002e54       0xe8 obj-tmp\Power.o
 .debug_pubnames
                0x00002f3c      0x4cd C:\Projects\Intwine\Aztec\Power.a(ADE7753.o)
 .debug_pubnames
                0x00003409       0x20 c:/program files (x86)/microchip/mplabc32/v2.02/bin/../lib/gcc/pic32mx/4.5.1\libgcc.a(_udivdi3.o)
 .debug_pubnames
                0x00003429       0x20 c:/program files (x86)/microchip/mplabc32/v2.02/bin/../lib/gcc/pic32mx/4.5.1\libgcc.a(_umoddi3.o)
 .debug_pubnames
                0x00003449       0x1b c:/program files (x86)/microchip/mplabc32/v2.02/bin/../lib/gcc/pic32mx/4.5.1/../../../../pic32mx/lib\libc.a(atol.o)
 .debug_pubnames
                0x00003464       0x25 c:/program files (x86)/microchip/mplabc32/v2.02/bin/../lib/gcc/pic32mx/4.5.1/../../../../pic32mx/lib\libc.a(puts.o)
 .debug_pubnames
                0x00003489       0x1d c:/program files (x86)/microchip/mplabc32/v2.02/bin/../lib/gcc/pic32mx/4.5.1/../../../../pic32mx/lib\libc.a(strcat.o)
 .debug_pubnames
                0x000034a6       0x1e c:/program files (x86)/microchip/mplabc32/v2.02/bin/../lib/gcc/pic32mx/4.5.1/../../../../pic32mx/lib\libc.a(strncpy.o)
 .debug_pubnames
                0x000034c4       0x1e c:/program files (x86)/microchip/mplabc32/v2.02/bin/../lib/gcc/pic32mx/4.5.1/../../../../pic32mx/lib\libc.a(strrchr.o)
 .debug_pubnames
                0x000034e2       0x28 c:/program files (x86)/microchip/mplabc32/v2.02/bin/../lib/gcc/pic32mx/4.5.1/../../../../pic32mx/lib\libc.a(printf_cdnopsuxX.eo)
 .debug_pubnames
                0x0000350a       0x29 c:/program files (x86)/microchip/mplabc32/v2.02/bin/../lib/gcc/pic32mx/4.5.1/../../../../pic32mx/lib\libc.a(sprintf_cdnopsuxX.eo)
 .debug_pubnames
                0x00003533       0x27 c:/program files (x86)/microchip/mplabc32/v2.02/bin/../lib/gcc/pic32mx/4.5.1/../../../../pic32mx/lib\libc.a(sscanf_cdnopuxX.eo)
 .debug_pubnames
                0x0000355a       0x33 c:/program files (x86)/microchip/mplabc32/v2.02/bin/../lib/gcc/pic32mx/4.5.1/../../../../pic32mx/lib\libc.a(default-bootstrap-exception-handler.o)
 .debug_pubnames
                0x0000358d       0x20 c:/program files (x86)/microchip/mplabc32/v2.02/bin/../lib/gcc/pic32mx/4.5.1/../../../../pic32mx/lib\libc.a(default-on-reset.o)
 .debug_pubnames
                0x000035ad       0x24 c:/program files (x86)/microchip/mplabc32/v2.02/bin/../lib/gcc/pic32mx/4.5.1/../../../../pic32mx/lib\libc.a(default-on-bootstrap.o)
 .debug_pubnames
                0x000035d1       0x1c c:/program files (x86)/microchip/mplabc32/v2.02/bin/../lib/gcc/pic32mx/4.5.1/../../../../pic32mx/lib\libc.a(_fputc_simple.o)
 .debug_pubnames
                0x000035ed       0x2a c:/program files (x86)/microchip/mplabc32/v2.02/bin/../lib/gcc/pic32mx/4.5.1/../../../../pic32mx/lib\libc.a(doprnt_cdnopsuxX.eo)
 .debug_pubnames
                0x00003617       0x28 c:/program files (x86)/microchip/mplabc32/v2.02/bin/../lib/gcc/pic32mx/4.5.1/../../../../pic32mx/lib\libc.a(doscan_cdnopuxX.eo)
 .debug_pubnames
                0x0000363f       0x1c c:/program files (x86)/microchip/mplabc32/v2.02/bin/../lib/gcc/pic32mx/4.5.1/../../../../pic32mx/lib\libc.a(write.o)
 .debug_pubnames
                0x0000365b       0x1e c:/program files (x86)/microchip/mplabc32/v2.02/bin/../lib/gcc/pic32mx/4.5.1/../../../../pic32mx/lib\libc.a(_flsbuf_simple.o)
 .debug_pubnames
                0x00003679       0x1c c:/program files (x86)/microchip/mplabc32/v2.02/bin/../lib/gcc/pic32mx/4.5.1/../../../../pic32mx/lib\libc.a(fgetc.o)
 .debug_pubnames
                0x00003695       0x1b c:/program files (x86)/microchip/mplabc32/v2.02/bin/../lib/gcc/pic32mx/4.5.1/../../../../pic32mx/lib\libc.a(atoi.o)
 .debug_pubnames
                0x000036b0       0xe1 c:/program files (x86)/microchip/mplabc32/v2.02/bin/../lib/gcc/pic32mx/4.5.1/../../../../pic32mx/lib\libc.a(ctypef.o)
 .debug_pubnames
                0x00003791       0x1d c:/program files (x86)/microchip/mplabc32/v2.02/bin/../lib/gcc/pic32mx/4.5.1/../../../../pic32mx/lib\libc.a(ungetc.o)
 .debug_pubnames
                0x000037ae       0x1e c:/program files (x86)/microchip/mplabc32/v2.02/bin/../lib/gcc/pic32mx/4.5.1/../../../../pic32mx/lib\libc.a(filbuf.o)
 .debug_pubnames
                0x000037cc       0x1d c:/program files (x86)/microchip/mplabc32/v2.02/bin/../lib/gcc/pic32mx/4.5.1/../../../../pic32mx/lib\libc.a(fflush.o)
 .debug_pubnames
                0x000037e9       0x1b c:/program files (x86)/microchip/mplabc32/v2.02/bin/../lib/gcc/pic32mx/4.5.1/../../../../pic32mx/lib\libc.a(read.o)
 .debug_pubnames
                0x00003804       0x20 c:/program files (x86)/microchip/mplabc32/v2.02/bin/../lib/gcc/pic32mx/4.5.1/../../../../pic32mx/lib\libmchp_peripheral_32MX575F256L.a(soft_reset_lib.o)
 .debug_pubnames
                0x00003824       0x3b c:/program files (x86)/microchip/mplabc32/v2.02/bin/../lib/gcc/pic32mx/4.5.1/../../../../pic32mx/lib\libmchp_peripheral_32MX575F256L.a(pcache.o)
 .debug_pubnames
                0x0000385f       0x2b c:/program files (x86)/microchip/mplabc32/v2.02/bin/../lib/gcc/pic32mx/4.5.1/../../../../pic32mx/lib\libmchp_peripheral_32MX575F256L.a(int_disable_interrupts_lib.o)
 .debug_pubnames
                0x0000388a       0x2b c:/program files (x86)/microchip/mplabc32/v2.02/bin/../lib/gcc/pic32mx/4.5.1/../../../../pic32mx/lib\libmchp_peripheral_32MX575F256L.a(int_restore_interrupts_lib.o)
 .debug_pubnames
                0x000038b5       0x36 c:/program files (x86)/microchip/mplabc32/v2.02/bin/../lib/gcc/pic32mx/4.5.1/../../../../pic32mx/lib\libmchp_peripheral_32MX575F256L.a(int_enable_mv_int_lib.o)
 .debug_pubnames
                0x000038eb       0xca c:/program files (x86)/microchip/mplabc32/v2.02/bin/../lib/gcc/pic32mx/4.5.1/../../../../pic32mx/lib\libmchp_peripheral_32MX575F256L.a(int_tbl_lib.o)
 .debug_pubnames
                0x000039b5       0x31 c:/program files (x86)/microchip/mplabc32/v2.02/bin/../lib/gcc/pic32mx/4.5.1/../../../../pic32mx/lib\libmchp_peripheral_32MX575F256L.a(spi_chn_getc_lib.o)
 .debug_pubnames
                0x000039e6       0x43 c:/program files (x86)/microchip/mplabc32/v2.02/bin/../lib/gcc/pic32mx/4.5.1/../../../../pic32mx/lib\libmchp_peripheral_32MX575F256L.a(spi_chn_putc_lib.o)
 .debug_pubnames
                0x00003a29       0x27 c:/program files (x86)/microchip/mplabc32/v2.02/bin/../lib/gcc/pic32mx/4.5.1/../../../../pic32mx/lib\libmchp_peripheral_32MX575F256L.a(spi_chn_change_mode_lib.o)
 .debug_pubnames
                0x00003a50       0x2b c:/program files (x86)/microchip/mplabc32/v2.02/bin/../lib/gcc/pic32mx/4.5.1/../../../../pic32mx/lib\libmchp_peripheral_32MX575F256L.a(port_set_pins_digital_in_lib.o)
 .debug_pubnames
                0x00003a7b       0x2c c:/program files (x86)/microchip/mplabc32/v2.02/bin/../lib/gcc/pic32mx/4.5.1/../../../../pic32mx/lib\libmchp_peripheral_32MX575F256L.a(port_set_pins_digital_out_lib.o)
 .debug_pubnames
                0x00003aa7       0xb1 c:/program files (x86)/microchip/mplabc32/v2.02/bin/../lib/gcc/pic32mx/4.5.1/../../../../pic32mx/lib\libmchp_peripheral_32MX575F256L.a(uart_lib.o)
 .debug_pubnames
                0x00003b58       0x2e c:/program files (x86)/microchip/mplabc32/v2.02/bin/../lib/gcc/pic32mx/4.5.1/../../../../pic32mx/lib\libmchp_peripheral_32MX575F256L.a(puts_uartx_lib_legacy.o)
 .debug_pubnames
                0x00003b86       0x1f c:/program files (x86)/microchip/mplabc32/v2.02/bin/../lib/gcc/pic32mx/4.5.1/../../../../pic32mx/lib\libmchp_peripheral_32MX575F256L.a(idle_i2c2_lib_legacy.o)
 .debug_pubnames
                0x00003ba5       0x23 c:/program files (x86)/microchip/mplabc32/v2.02/bin/../lib/gcc/pic32mx/4.5.1/../../../../pic32mx/lib\libmchp_peripheral_32MX575F256L.a(I2CBusIsIdle.o)
 .debug_pubnames
                0x00003bc8       0x2d c:/program files (x86)/microchip/mplabc32/v2.02/bin/../lib/gcc/pic32mx/4.5.1/../../../../pic32mx/lib\libmchp_peripheral_32MX575F256L.a(I2CByteWasAcknowledged.o)
 .debug_pubnames
                0x00003bf5       0x20 c:/program files (x86)/microchip/mplabc32/v2.02/bin/../lib/gcc/pic32mx/4.5.1/../../../../pic32mx/lib\libmchp_peripheral_32MX575F256L.a(I2CEnable.o)
 .debug_pubnames
                0x00003c15       0x21 c:/program files (x86)/microchip/mplabc32/v2.02/bin/../lib/gcc/pic32mx/4.5.1/../../../../pic32mx/lib\libmchp_peripheral_32MX575F256L.a(I2CGetByte.o)
 .debug_pubnames
                0x00003c36       0x23 c:/program files (x86)/microchip/mplabc32/v2.02/bin/../lib/gcc/pic32mx/4.5.1/../../../../pic32mx/lib\libmchp_peripheral_32MX575F256L.a(I2CGetStatus.o)
 .debug_pubnames
                0x00003c59       0x31 c:/program files (x86)/microchip/mplabc32/v2.02/bin/../lib/gcc/pic32mx/4.5.1/../../../../pic32mx/lib\libmchp_peripheral_32MX575F256L.a(I2CReceivedDataIsAvailable.o)
 .debug_pubnames
                0x00003c8a       0x28 c:/program files (x86)/microchip/mplabc32/v2.02/bin/../lib/gcc/pic32mx/4.5.1/../../../../pic32mx/lib\libmchp_peripheral_32MX575F256L.a(I2CReceiverEnable.o)
 .debug_pubnames
                0x00003cb2       0x25 c:/program files (x86)/microchip/mplabc32/v2.02/bin/../lib/gcc/pic32mx/4.5.1/../../../../pic32mx/lib\libmchp_peripheral_32MX575F256L.a(I2CRepeatStart.o)
 .debug_pubnames
                0x00003cd7       0x26 c:/program files (x86)/microchip/mplabc32/v2.02/bin/../lib/gcc/pic32mx/4.5.1/../../../../pic32mx/lib\libmchp_peripheral_32MX575F256L.a(I2CSetFrequency.o)
 .debug_pubnames
                0x00003cfd       0x1f c:/program files (x86)/microchip/mplabc32/v2.02/bin/../lib/gcc/pic32mx/4.5.1/../../../../pic32mx/lib\libmchp_peripheral_32MX575F256L.a(I2CStart.o)
 .debug_pubnames
                0x00003d1c       0x1e c:/program files (x86)/microchip/mplabc32/v2.02/bin/../lib/gcc/pic32mx/4.5.1/../../../../pic32mx/lib\libmchp_peripheral_32MX575F256L.a(I2CStop.o)
 .debug_pubnames
                0x00003d3a       0x32 c:/program files (x86)/microchip/mplabc32/v2.02/bin/../lib/gcc/pic32mx/4.5.1/../../../../pic32mx/lib\libmchp_peripheral_32MX575F256L.a(I2CTransmissionHasCompleted.o)
 .debug_pubnames
                0x00003d6c       0x2c c:/program files (x86)/microchip/mplabc32/v2.02/bin/../lib/gcc/pic32mx/4.5.1/../../../../pic32mx/lib\libmchp_peripheral_32MX575F256L.a(I2CTransmitterIsReady.o)
 .debug_pubnames
                0x00003d98       0x2a c:/program files (x86)/microchip/mplabc32/v2.02/bin/../lib/gcc/pic32mx/4.5.1/../../../../pic32mx/lib\libmchp_peripheral_32MX575F256L.a(int_enable_interrupts_lib.o)

.debug_info     0x00000000    0x85c97
 *(.debug_info .gnu.linkonce.wi.*)
 .debug_info    0x00000000     0x34d0 obj-tmp\Main.o
 .debug_info    0x000034d0     0x2a7b obj-tmp\CustomHTTPApp.o
 .debug_info    0x00005f4b     0x1ddf obj-tmp\WF_Config.o
 .debug_info    0x00007d2a      0xf42 obj-tmp\WifiGDemoMPFSImg.o
 .debug_info    0x00008c6c     0x19ff obj-tmp\Announce.o
 .debug_info    0x0000a66b      0xf15 obj-tmp\ARCFOUR.o
 .debug_info    0x0000b580     0x1bba obj-tmp\ARP.o
 .debug_info    0x0000d13a      0xf14 obj-tmp\AutoIP.o
 .debug_info    0x0000e04e      0xf19 obj-tmp\BerkeleyAPI.o
 .debug_info    0x0000ef67      0xf14 obj-tmp\BigInt.o
 .debug_info    0x0000fe7b      0xfab obj-tmp\Delay.o
 .debug_info    0x00010e26     0x1c55 obj-tmp\DNS.o
 .debug_info    0x00012a7b     0x1a42 obj-tmp\DNSs.o
 .debug_info    0x000144bd      0xf14 obj-tmp\DynDNS.o
 .debug_info    0x000153d1      0xf18 obj-tmp\FileSystem.o
 .debug_info    0x000162e9      0xf11 obj-tmp\FTP.o
 .debug_info    0x000171fa      0xf14 obj-tmp\Hashes.o
 .debug_info    0x0001810e     0x2256 obj-tmp\Helpers.o
 .debug_info    0x0001a364     0x20c7 obj-tmp\HTTP2.o
 .debug_info    0x0001c42b     0x150a obj-tmp\ICMP.o
 .debug_info    0x0001d935     0x1a49 obj-tmp\IP.o
 .debug_info    0x0001f37e      0xf19 obj-tmp\LCDBlocking.o
 .debug_info    0x00020297     0x16eb obj-tmp\MPFS2.o
 .debug_info    0x00021982     0x1b7a obj-tmp\NBNS.o
 .debug_info    0x000234fc      0xf14 obj-tmp\Random.o
 .debug_info    0x00024410     0x18fa obj-tmp\Reboot.o
 .debug_info    0x00025d0a      0xf11 obj-tmp\RSA.o
 .debug_info    0x00026c1b      0xf12 obj-tmp\SMTP.o
 .debug_info    0x00027b2d      0xf12 obj-tmp\SNMP.o
 .debug_info    0x00028a3f      0xf14 obj-tmp\SNMPv3.o
 .debug_info    0x00029953      0xf17 obj-tmp\SNMPv3USM.o
 .debug_info    0x0002a86a      0xf12 obj-tmp\SNTP.o
 .debug_info    0x0002b77c      0xf17 obj-tmp\SPIEEPROM.o
 .debug_info    0x0002c693     0x1bb5 obj-tmp\SPIFlash.o
 .debug_info    0x0002e248      0xf14 obj-tmp\SPIRAM.o
 .debug_info    0x0002f15c      0xf11 obj-tmp\SSL.o
 .debug_info    0x0003006d     0x1911 obj-tmp\StackTsk.o
 .debug_info    0x0003197e     0x313f obj-tmp\TCP.o
 .debug_info    0x00034abd      0xf20 obj-tmp\TCPPerformanceTest.o
 .debug_info    0x000359dd      0xf14 obj-tmp\Telnet.o
 .debug_info    0x000368f1      0xf13 obj-tmp\TFTPc.o
 .debug_info    0x00037804     0x1a60 obj-tmp\Tick.o
 .debug_info    0x00039264     0x1201 obj-tmp\UART.o
 .debug_info    0x0003a465      0xf1c obj-tmp\UART2TCPBridge.o
 .debug_info    0x0003b381     0x20a4 obj-tmp\UDP.o
 .debug_info    0x0003d425      0xf20 obj-tmp\UDPPerformanceTest.o
 .debug_info    0x0003e345      0xfdd obj-tmp\ZeroconfHelper.o
 .debug_info    0x0003f322     0x1e44 obj-tmp\ZeroconfLinkLocal.o
 .debug_info    0x00041166     0x325a obj-tmp\ZeroconfMulticastDNS.o
 .debug_info    0x000443c0     0x1e2f obj-tmp\WF_Eint.o
 .debug_info    0x000461ef     0x19c4 obj-tmp\WF_pbkdf2.o
 .debug_info    0x00047bb3     0x24db obj-tmp\WFConnectionAlgorithm.o
 .debug_info    0x0004a08e     0x1ab5 obj-tmp\WFConnectionManager.o
 .debug_info    0x0004bb43     0x2283 obj-tmp\WFConnectionProfile.o
 .debug_info    0x0004ddc6      0xf1c obj-tmp\WFConsole.o
 .debug_info    0x0004ece2      0xf24 obj-tmp\WFConsoleIfconfig.o
 .debug_info    0x0004fc06      0xf24 obj-tmp\WFConsoleIwconfig.o
 .debug_info    0x00050b2a      0xf22 obj-tmp\WFConsoleIwpriv.o
 .debug_info    0x00051a4c     0x1054 obj-tmp\WFConsoleMsgHandler.o
 .debug_info    0x00052aa0     0x14e9 obj-tmp\WFConsoleMsgs.o
 .debug_info    0x00053f89      0xf1d obj-tmp\WFDataTxRx.o
 .debug_info    0x00054ea6     0x1e1a obj-tmp\WFDebugStrings.o
 .debug_info    0x00056cc0     0x1e3b obj-tmp\WFEasyConfig.o
 .debug_info    0x00058afb     0x14dc obj-tmp\WFEventHandler.o
 .debug_info    0x00059fd7     0x1a53 obj-tmp\WFInit.o
 .debug_info    0x0005ba2a     0x1a30 obj-tmp\WFPowerSave.o
 .debug_info    0x0005d45a     0x157c obj-tmp\WFScan.o
 .debug_info    0x0005e9d6     0x16d7 obj-tmp\WFTxPower.o
 .debug_info    0x000600ad     0x1a98 obj-tmp\WF_Spi.o
 .debug_info    0x00061b45     0x2880 obj-tmp\WFDriverCom_24G.o
 .debug_info    0x000643c5     0x1b8f obj-tmp\WFDriverRaw_24G.o
 .debug_info    0x00065f54     0x2594 obj-tmp\WFMac_24G.o
 .debug_info    0x000684e8     0x150d obj-tmp\WFMgmtMsg_24G.o
 .debug_info    0x000699f5     0x246d obj-tmp\WFParamMsg_24G.o
 .debug_info    0x0006be62     0x1ff0 obj-tmp\DHCP.o
 .debug_info    0x0006de52     0x2261 obj-tmp\DHCPs.o
 .debug_info    0x000700b3     0x1b1b obj-tmp\i2c_master.o
 .debug_info    0x00071bce     0x1bd7 obj-tmp\INTiMain.o
 .debug_info    0x000737a5     0x137a obj-tmp\UARTiMain.o
 .debug_info    0x00074b1f      0xfe9 obj-tmp\Assert.o
 .debug_info    0x00075b08     0x11a9 obj-tmp\Device_ICO_ICL.o
 .debug_info    0x00076cb1     0x11f5 obj-tmp\DeviceState.o
 .debug_info    0x00077ea6     0x1039 obj-tmp\app_ICO_ICL.o
 .debug_info    0x00078edf     0x16e4 obj-tmp\TimeMonitor.o
 .debug_info    0x0007a5c3     0x136d obj-tmp\icoPowerMeasurement.o
 .debug_info    0x0007b930     0x1100 obj-tmp\icoUserButton.o