Archive member included because of file (symbol)

c:/program files (x86)/microchip/mplabc32/v2.02/bin/../lib/gcc/pic32mx/4.5.1\libgcc.a(_udivdi3.o)
                              obj-tmp\Tick.o (__udivdi3)
c:/program files (x86)/microchip/mplabc32/v2.02/bin/../lib/gcc/pic32mx/4.5.1\libgcc.a(_umoddi3.o)
                              obj-tmp\DHCP.o (__umoddi3)
c:/program files (x86)/microchip/mplabc32/v2.02/bin/../lib/gcc/pic32mx/4.5.1\libgcc.a(floatunsisf.o)
                              obj-tmp\OpenADRClient.o (__floatunsisf)
c:/program files (x86)/microchip/mplabc32/v2.02/bin/../lib/gcc/pic32mx/4.5.1/../../../../pic32mx/lib\libc.a(memcmp.o)
                              obj-tmp\CustomHTTPApp.o (memcmp)
c:/program files (x86)/microchip/mplabc32/v2.02/bin/../lib/gcc/pic32mx/4.5.1/../../../../pic32mx/lib\libc.a(memcpy.o)
                              obj-tmp\CustomHTTPApp.o (memcpy)
c:/program files (x86)/microchip/mplabc32/v2.02/bin/../lib/gcc/pic32mx/4.5.1/../../../../pic32mx/lib\libc.a(memset.o)
                              obj-tmp\Main.o (memset)
c:/program files (x86)/microchip/mplabc32/v2.02/bin/../lib/gcc/pic32mx/4.5.1/../../../../pic32mx/lib\libc.a(strcmp.o)
                              obj-tmp\CustomHTTPApp.o (strcmp)
c:/program files (x86)/microchip/mplabc32/v2.02/bin/../lib/gcc/pic32mx/4.5.1/../../../../pic32mx/lib\libc.a(strcpy.o)
                              obj-tmp\CustomHTTPApp.o (strcpy)
c:/program files (x86)/microchip/mplabc32/v2.02/bin/../lib/gcc/pic32mx/4.5.1/../../../../pic32mx/lib\libc.a(strlen.o)
                              obj-tmp\CustomHTTPApp.o (strlen)
c:/program files (x86)/microchip/mplabc32/v2.02/bin/../lib/gcc/pic32mx/4.5.1/../../../../pic32mx/lib\libc.a(general-exception.o)
                              c:/program files (x86)/microchip/mplabc32/v2.02/bin/../lib/gcc/pic32mx/4.5.1/../../../../pic32mx/lib/crt0.o (_general_exception_context)
c:/program files (x86)/microchip/mplabc32/v2.02/bin/../lib/gcc/pic32mx/4.5.1/../../../../pic32mx/lib\libc.a(atoi.o)
                              obj-tmp\OpenADRClient.o (atoi)
c:/program files (x86)/microchip/mplabc32/v2.02/bin/../lib/gcc/pic32mx/4.5.1/../../../../pic32mx/lib\libc.a(atol.o)
                              obj-tmp\HTTP2.o (atol)
c:/program files (x86)/microchip/mplabc32/v2.02/bin/../lib/gcc/pic32mx/4.5.1/../../../../pic32mx/lib\libc.a(ctime.o)
                              obj-tmp\OpenADRClient.o (localtime)
c:/program files (x86)/microchip/mplabc32/v2.02/bin/../lib/gcc/pic32mx/4.5.1/../../../../pic32mx/lib\libc.a(ctype.o)
                              obj-tmp\WFConsoleMsgs.o (_ctype)
c:/program files (x86)/microchip/mplabc32/v2.02/bin/../lib/gcc/pic32mx/4.5.1/../../../../pic32mx/lib\libc.a(mktime.o)
                              obj-tmp\OpenADRClient.o (mktime)
c:/program files (x86)/microchip/mplabc32/v2.02/bin/../lib/gcc/pic32mx/4.5.1/../../../../pic32mx/lib\libc.a(puts.o)
                              obj-tmp\Main.o (puts)
c:/program files (x86)/microchip/mplabc32/v2.02/bin/../lib/gcc/pic32mx/4.5.1/../../../../pic32mx/lib\libc.a(strcat.o)
                              obj-tmp\OpenADRClient.o (strcat)
c:/program files (x86)/microchip/mplabc32/v2.02/bin/../lib/gcc/pic32mx/4.5.1/../../../../pic32mx/lib\libc.a(strchr.o)
                              obj-tmp\OpenADRClient.o (strchr)
c:/program files (x86)/microchip/mplabc32/v2.02/bin/../lib/gcc/pic32mx/4.5.1/../../../../pic32mx/lib\libc.a(strncmp.o)
                              obj-tmp\OpenADRClient.o (strncmp)
c:/program files (x86)/microchip/mplabc32/v2.02/bin/../lib/gcc/pic32mx/4.5.1/../../../../pic32mx/lib\libc.a(strncpy.o)
                              obj-tmp\Helpers.o (strncpy)
c:/program files (x86)/microchip/mplabc32/v2.02/bin/../lib/gcc/pic32mx/4.5.1/../../../../pic32mx/lib\libc.a(strstr.o)
                              obj-tmp\OpenADRClient.o (strstr)
c:/program files (x86)/microchip/mplabc32/v2.02/bin/../lib/gcc/pic32mx/4.5.1/../../../../pic32mx/lib\libc.a(strtok.o)
                              obj-tmp\OpenADRClient.o (strtok)
c:/program files (x86)/microchip/mplabc32/v2.02/bin/../lib/gcc/pic32mx/4.5.1/../../../../pic32mx/lib\libc.a(printf_cdnopsuxX.eo)
                              (_printf_cdnopsuxX)
c:/program files (x86)/microchip/mplabc32/v2.02/bin/../lib/gcc/pic32mx/4.5.1/../../../../pic32mx/lib\libc.a(printf_cdnopuxX.eo)
                              obj-tmp\Main.o (_printf_cdnopuxX)
c:/program files (x86)/microchip/mplabc32/v2.02/bin/../lib/gcc/pic32mx/4.5.1/../../../../pic32mx/lib\libc.a(printf_s.eo)
                              obj-tmp\CustomHTTPApp.o (_printf_s)
c:/program files (x86)/microchip/mplabc32/v2.02/bin/../lib/gcc/pic32mx/4.5.1/../../../../pic32mx/lib\libc.a(sprintf_cdnopsuxX.eo)
                              obj-tmp\WF_Config.o (_sprintf_cdnopsuxX)
c:/program files (x86)/microchip/mplabc32/v2.02/bin/../lib/gcc/pic32mx/4.5.1/../../../../pic32mx/lib\libc.a(sprintf_cdnopuxX.eo)
[...]
Memory Configuration

Name             Origin             Length             Attributes
kseg0_program_mem 0x9d000000         0x00040000         xr
kseg0_boot_mem   0x9fc00490         0x00000970
exception_mem    0x9fc01000         0x00001000
kseg1_boot_mem   0xbfc00000         0x00000490
debug_exec_mem   0xbfc02000         0x00000ff0
config3          0xbfc02ff0         0x00000004
config2          0xbfc02ff4         0x00000004
config1          0xbfc02ff8         0x00000004
config0          0xbfc02ffc         0x00000004
kseg1_data_mem   0xa0000000         0x00010000         w !x
sfrs             0xbf800000         0x00100000
configsfrs       0xbfc02ff0         0x00000010
*default*        0x00000000         0xffffffff

Linker script and memory map

LOAD c:/program files (x86)/microchip/mplabc32/v2.02/bin/../lib/gcc/pic32mx/4.5.1/../../../../pic32mx/lib/crt0.o
                0x00000001                _DEBUGGER = 0x1
LOAD obj-tmp\Main.o
LOAD obj-tmp\CustomHTTPApp.o
LOAD obj-tmp\WF_Config.o
LOAD obj-tmp\WifiGDemoMPFSImg.o
LOAD obj-tmp\Announce.o
LOAD obj-tmp\ARCFOUR.o
LOAD obj-tmp\ARP.o
LOAD obj-tmp\AutoIP.o
LOAD obj-tmp\BerkeleyAPI.o
LOAD obj-tmp\BigInt.o
LOAD obj-tmp\BigInt_helper_PIC32.o
LOAD obj-tmp\Delay.o
LOAD obj-tmp\DNS.o
LOAD obj-tmp\DNSs.o
LOAD obj-tmp\DynDNS.o
LOAD obj-tmp\FileSystem.o
LOAD obj-tmp\FTP.o
LOAD obj-tmp\Hashes.o
LOAD obj-tmp\Helpers.o
LOAD obj-tmp\HTTP2.o
LOAD obj-tmp\ICMP.o
LOAD obj-tmp\IP.o
LOAD obj-tmp\LCDBlocking.o
LOAD obj-tmp\MPFS2.o
LOAD obj-tmp\NBNS.o
LOAD obj-tmp\Random.o
LOAD obj-tmp\Reboot.o
LOAD obj-tmp\RSA.o
LOAD obj-tmp\SMTP.o
LOAD obj-tmp\SNMP.o
LOAD obj-tmp\SNMPv3.o
LOAD obj-tmp\SNMPv3USM.o
LOAD obj-tmp\SNTP.o
LOAD obj-tmp\SPIEEPROM.o
LOAD obj-tmp\SPIFlash.o
LOAD obj-tmp\SPIRAM.o
LOAD obj-tmp\SSL.o
LOAD obj-tmp\StackTsk.o
LOAD obj-tmp\TCP.o
LOAD obj-tmp\TCPPerformanceTest.o
LOAD obj-tmp\Telnet.o
LOAD obj-tmp\TFTPc.o
LOAD obj-tmp\Tick.o
LOAD obj-tmp\UART.o
LOAD obj-tmp\UART2TCPBridge.o
LOAD obj-tmp\UDP.o
LOAD obj-tmp\UDPPerformanceTest.o
LOAD obj-tmp\ZeroconfHelper.o
LOAD obj-tmp\ZeroconfLinkLocal.o
LOAD obj-tmp\ZeroconfMulticastDNS.o
LOAD obj-tmp\WF_Eint.o
LOAD obj-tmp\WF_pbkdf2.o
LOAD obj-tmp\WFConnectionAlgorithm.o
LOAD obj-tmp\WFConnectionManager.o
LOAD obj-tmp\WFConnectionProfile.o
LOAD obj-tmp\WFConsole.o
LOAD obj-tmp\WFConsoleIfconfig.o
LOAD obj-tmp\WFConsoleIwconfig.o
LOAD obj-tmp\WFConsoleIwpriv.o
LOAD obj-tmp\WFConsoleMsgHandler.o
LOAD obj-tmp\WFConsoleMsgs.o
LOAD obj-tmp\WFDataTxRx.o
LOAD obj-tmp\WFDebugStrings.o
LOAD obj-tmp\WFEasyConfig.o
LOAD obj-tmp\WFEventHandler.o
LOAD obj-tmp\WFInit.o
LOAD obj-tmp\WFPowerSave.o
LOAD obj-tmp\WFScan.o
LOAD obj-tmp\WFTxPower.o
LOAD obj-tmp\WF_Spi.o
LOAD obj-tmp\WFDriverCom_24G.o
LOAD obj-tmp\WFDriverRaw_24G.o
LOAD obj-tmp\WFMac_24G.o
LOAD obj-tmp\WFMgmtMsg_24G.o
LOAD obj-tmp\WFParamMsg_24G.o
LOAD obj-tmp\DHCP.o
LOAD obj-tmp\DHCPs.o
LOAD obj-tmp\i2c_master.o
LOAD obj-tmp\OpenADRClient.o
LOAD obj-tmp\INTiMain.o
LOAD obj-tmp\UARTiMain.o
LOAD obj-tmp\TimeMonitor.o
LOAD obj-tmp\EPRI_UARTLayer.o
LOAD obj-tmp\app_UCM.o
                0x00000001                __MPLAB_BUILD = 0x1
                0x00000001                __MPLAB_DEBUG = 0x1
                0x00000001                __MPLAB_DEBUGGER_ICD3 = 0x1
                0x00000001                __ICD2RAM = 0x1
LOAD c:/program files (x86)/microchip/mplabc32/v2.02/bin/../lib/gcc/pic32mx/4.5.1\libgcc.a
START GROUP
LOAD c:/program files (x86)/microchip/mplabc32/v2.02/bin/../lib/gcc/pic32mx/4.5.1/../../../../pic32mx/lib\libdebug.a
LOAD c:/program files (x86)/microchip/mplabc32/v2.02/bin/../lib/gcc/pic32mx/4.5.1/../../../../pic32mx/lib\libc.a
LOAD c:/program files (x86)/microchip/mplabc32/v2.02/bin/../lib/gcc/pic32mx/4.5.1/../../../../pic32mx/lib\libm.a
LOAD c:/program files (x86)/microchip/mplabc32/v2.02/bin/../lib/gcc/pic32mx/4.5.1/../../../../pic32mx/lib\libe.a
LOAD c:/program files (x86)/microchip/mplabc32/v2.02/bin/../lib/gcc/pic32mx/4.5.1/../../../../pic32mx/lib\libdsp.a
LOAD c:/program files (x86)/microchip/mplabc32/v2.02/bin/../lib/gcc/pic32mx/4.5.1/../../../../pic32mx/lib\libmchp_peripheral.a
LOAD c:/program files (x86)/microchip/mplabc32/v2.02/bin/../lib/gcc/pic32mx/4.5.1/../../../../pic32mx/lib\libmchp_peripheral_32MX575F256L.a
END GROUP
LOAD c:/program files (x86)/microchip/mplabc32/v2.02/bin/../lib/gcc/pic32mx/4.5.1\libgcc.a
                0x00000400                PROVIDE (_min_stack_size, 0x400)
                0x00000000                PROVIDE (_min_heap_size, 0x0)
LOAD c:/program files (x86)/microchip/mplabc32/v2.02/bin/../lib/gcc/pic32mx/4.5.1/../../../../pic32mx/lib/./proc/32MX575F256L\processor.o
                0x00000001                PROVIDE (_vector_spacing, 0x1)
                0x9fc01000                _ebase_address = 0x9fc01000
                0xbfc00000                _RESET_ADDR = 0xbfc00000
                0xbfc00380                _BEV_EXCPT_ADDR = 0xbfc00380
                0xbfc00480                _DBG_EXCPT_ADDR = 0xbfc00480
                0xbfc02000                _DBG_CODE_ADDR = 0xbfc02000
                0x00000ff0                _DBG_CODE_SIZE = 0xff0
                0x9fc01180                _GEN_EXCPT_ADDR = (_ebase_address + 0x180)

.config_BFC02FF0
 *(.config_BFC02FF0)

.config_BFC02FF4
                0xbfc02ff4        0x4
 *(.config_BFC02FF4)
 .config_BFC02FF4
                0xbfc02ff4        0x4 obj-tmp\Main.o

.config_BFC02FF8
                0xbfc02ff8        0x4
 *(.config_BFC02FF8)
 .config_BFC02FF8
                0xbfc02ff8        0x4 obj-tmp\Main.o

.config_BFC02FFC
                0xbfc02ffc        0x4
 *(.config_BFC02FFC)
 .config_BFC02FFC
                0xbfc02ffc        0x4 obj-tmp\Main.o
                0xbfc02000                PROVIDE (_DBG_CODE_ADDR, 0xbfc02000)
                0x00000ff0                PROVIDE (_DBG_CODE_SIZE, 0xff0)

.reset          0xbfc00000      0x1f4
 *(.reset)
 .reset         0xbfc00000       0x10 c:/program files (x86)/microchip/mplabc32/v2.02/bin/../lib/gcc/pic32mx/4.5.1/../../../../pic32mx/lib/crt0.o
                0xbfc00000                _reset
 *(.reset.startup)
 .reset.startup
                0xbfc00010      0x1e4 c:/program files (x86)/microchip/mplabc32/v2.02/bin/../lib/gcc/pic32mx/4.5.1/../../../../pic32mx/lib/crt0.o

.bev_excpt      0xbfc00380       0x10
 *(.bev_handler)
 .bev_handler   0xbfc00380       0x10 c:/program files (x86)/microchip/mplabc32/v2.02/bin/../lib/gcc/pic32mx/4.5.1/../../../../pic32mx/lib/crt0.o

.dbg_excpt      0xbfc00480        0x8
                0xbfc00480                . = (. + DEFINED (_DEBUGGER)?0x8:0x0)
 *fill*         0xbfc00480        0x8 00

.dbg_code       0xbfc02000      0xff0
                0xbfc02000                . = (. + DEFINED (_DEBUGGER)?_DBG_CODE_SIZE:0x0)
 *fill*         0xbfc02000      0xff0 00

.app_excpt      0x9fc01180       0x10
 *(.gen_handler)
 .gen_handler   0x9fc01180       0x10 c:/program files (x86)/microchip/mplabc32/v2.02/bin/../lib/gcc/pic32mx/4.5.1/../../../../pic32mx/lib/crt0.o

.vector_0       0x9fc01200        0x0
 *(.vector_0)
                0x00000001                ASSERT (((_vector_spacing == 0x0) || (SIZEOF (.vector_0) <= (_vector_spacing << 0x5))), function at exception vector 0 too large)

.vector_1       0x9fc01220        0x0
 *(.vector_1)
                0x00000001                ASSERT (((_vector_spacing == 0x0) || (SIZEOF (.vector_1) <= (_vector_spacing << 0x5))), function at exception vector 1 too large)

.vector_2       0x9fc01240        0x0
 *(.vector_2)
                0x00000001                ASSERT (((_vector_spacing == 0x0) || (SIZEOF (.vector_2) <= (_vector_spacing << 0x5))), function at exception vector 2 too large)

.vector_3       0x9fc01260        0x0
 *(.vector_3)
                0x00000001                ASSERT (((_vector_spacing == 0x0) || (SIZEOF (.vector_3) <= (_vector_spacing << 0x5))), function at exception vector 3 too large)

.vector_4       0x9fc01280        0x8
 *(.vector_4)
 .vector_4      0x9fc01280        0x8 obj-tmp\Tick.o
                0x00000001                ASSERT (((_vector_spacing == 0x0) || (SIZEOF (.vector_4) <= (_vector_spacing << 0x5))), function at exception vector 4 too large)

.vector_5       0x9fc012a0        0x0
 *(.vector_5)
                0x00000001                ASSERT (((_vector_spacing == 0x0) || (SIZEOF (.vector_5) <= (_vector_spacing << 0x5))), function at exception vector 5 too large)

.vector_6       0x9fc012c0        0x0
 *(.vector_6)
                0x00000001                ASSERT (((_vector_spacing == 0x0) || (SIZEOF (.vector_6) <= (_vector_spacing << 0x5))), function at exception vector 6 too large)

.vector_7       0x9fc012e0        0x0
 *(.vector_7)
                0x00000001                ASSERT (((_vector_spacing == 0x0) || (SIZEOF (.vector_7) <= (_vector_spacing << 0x5))), function at exception vector 7 too large)

.vector_8       0x9fc01300        0x0
 *(.vector_8)
                0x00000001                ASSERT (((_vector_spacing == 0x0) || (SIZEOF (.vector_8) <= (_vector_spacing << 0x5))), function at exception vector 8 too large)

.vector_9       0x9fc01320        0x0
 *(.vector_9)
                0x00000001                ASSERT (((_vector_spacing == 0x0) || (SIZEOF (.vector_9) <= (_vector_spacing << 0x5))), function at exception vector 9 too large)

.vector_10      0x9fc01340        0x0
 *(.vector_10)
                0x00000001                ASSERT (((_vector_spacing == 0x0) || (SIZEOF (.vector_10) <= (_vector_spacing << 0x5))), function at exception vector 10 too large)

.vector_11      0x9fc01360        0x0
 *(.vector_11)
                0x00000001                ASSERT (((_vector_spacing == 0x0) || (SIZEOF (.vector_11) <= (_vector_spacing << 0x5))), function at exception vector 11 too large)

.vector_12      0x9fc01380        0x0
 *(.vector_12)
                0x00000001                ASSERT (((_vector_spacing == 0x0) || (SIZEOF (.vector_12) <= (_vector_spacing << 0x5))), function at exception vector 12 too large)

.vector_13      0x9fc013a0        0x0
 *(.vector_13)
                0x00000001                ASSERT (((_vector_spacing == 0x0) || (SIZEOF (.vector_13) <= (_vector_spacing << 0x5))), function at exception vector 13 too large)

.vector_14      0x9fc013c0        0x0
 *(.vector_14)
                0x00000001                ASSERT (((_vector_spacing == 0x0) || (SIZEOF (.vector_14) <= (_vector_spacing << 0x5))), function at exception vector 14 too large)

.vector_15      0x9fc013e0        0x8
 *(.vector_15)
 .vector_15     0x9fc013e0        0x8 obj-tmp\WF_Eint.o
                0x00000001                ASSERT (((_vector_spacing == 0x0) || (SIZEOF (.vector_15) <= (_vector_spacing << 0x5))), function at exception vector 15 too large)

.vector_16      0x9fc01400        0x0
 *(.vector_16)
                0x00000001                ASSERT (((_vector_spacing == 0x0) || (SIZEOF (.vector_16) <= (_vector_spacing << 0x5))), function at exception vector 16 too large)

.vector_17      0x9fc01420        0x0
 *(.vector_17)
                0x00000001                ASSERT (((_vector_spacing == 0x0) || (SIZEOF (.vector_17) <= (_vector_spacing << 0x5))), function at exception vector 17 too large)

.vector_18      0x9fc01440        0x0
 *(.vector_18)
                0x00000001                ASSERT (((_vector_spacing == 0x0) || (SIZEOF (.vector_18) <= (_vector_spacing << 0x5))), function at exception vector 18 too large)

.vector_19      0x9fc01460        0x0
 *(.vector_19)
                0x00000001                ASSERT (((_vector_spacing == 0x0) || (SIZEOF (.vector_19) <= (_vector_spacing << 0x5))), function at exception vector 19 too large)

.vector_20      0x9fc01480        0x0
 *(.vector_20)
                0x00000001                ASSERT (((_vector_spacing == 0x0) || (SIZEOF (.vector_20) <= (_vector_spacing << 0x5))), function at exception vector 20 too large)

.vector_21      0x9fc014a0        0x0
 *(.vector_21)
                0x00000001                ASSERT (((_vector_spacing == 0x0) || (SIZEOF (.vector_21) <= (_vector_spacing << 0x5))), function at exception vector 21 too large)

.vector_22      0x9fc014c0        0x0
 *(.vector_22)
                0x00000001                ASSERT (((_vector_spacing == 0x0) || (SIZEOF (.vector_22) <= (_vector_spacing << 0x5))), function at exception vector 22 too large)

.vector_23      0x9fc014e0        0x0
 *(.vector_23)
                0x00000001                ASSERT (((_vector_spacing == 0x0) || (SIZEOF (.vector_23) <= (_vector_spacing << 0x5))), function at exception vector 23 too large)

.vector_24      0x9fc01500        0x8
 *(.vector_24)
 .vector_24     0x9fc01500        0x8 obj-tmp\INTiMain.o
                0x00000001                ASSERT (((_vector_spacing == 0x0) || (SIZEOF (.vector_24) <= (_vector_spacing << 0x5))), function at exception vector 24 too large)

.vector_25      0x9fc01520        0x0
 *(.vector_25)
                0x00000001                ASSERT (((_vector_spacing == 0x0) || (SIZEOF (.vector_25) <= (_vector_spacing << 0x5))), function at exception vector 25 too large)

.vector_26      0x9fc01540        0x0
 *(.vector_26)
                0x00000001                ASSERT (((_vector_spacing == 0x0) || (SIZEOF (.vector_26) <= (_vector_spacing << 0x5))), function at exception vector 26 too large)

.vector_27      0x9fc01560        0x0
 *(.vector_27)
                0x00000001                ASSERT (((_vector_spacing == 0x0) || (SIZEOF (.vector_27) <= (_vector_spacing << 0x5))), function at exception vector 27 too large)

.vector_28      0x9fc01580        0x0
 *(.vector_28)
                0x00000001                ASSERT (((_vector_spacing == 0x0) || (SIZEOF (.vector_28) <= (_vector_spacing << 0x5))), function at exception vector 28 too large)

.vector_29      0x9fc015a0        0x0
 *(.vector_29)
                0x00000001                ASSERT (((_vector_spacing == 0x0) || (SIZEOF (.vector_29) <= (_vector_spacing << 0x5))), function at exception vector 29 too large)

.vector_30      0x9fc015c0        0x0
 *(.vector_30)
                0x00000001                ASSERT (((_vector_spacing == 0x0) || (SIZEOF (.vector_30) <= (_vector_spacing << 0x5))), function at exception vector 30 too large)

.vector_31      0x9fc015e0        0x0
 *(.vector_31)
                0x00000001                ASSERT (((_vector_spacing == 0x0) || (SIZEOF (.vector_31) <= (_vector_spacing << 0x5))), function at exception vector 31 too large)

.vector_32      0x9fc01600        0x8
 *(.vector_32)
 .vector_32     0x9fc01600        0x8 obj-tmp\INTiMain.o
                0x00000001                ASSERT (((_vector_spacing == 0x0) || (SIZEOF (.vector_32) <= (_vector_spacing << 0x5))), function at exception vector 32 too large)

.vector_33      0x9fc01620        0x0
 *(.vector_33)
                0x00000001                ASSERT (((_vector_spacing == 0x0) || (SIZEOF (.vector_33) <= (_vector_spacing << 0x5))), function at exception vector 33 too large)

.vector_34      0x9fc01640        0x0
 *(.vector_34)
                0x00000001                ASSERT (((_vector_spacing == 0x0) || (SIZEOF (.vector_34) <= (_vector_spacing << 0x5))), function at exception vector 34 too large)

.vector_35      0x9fc01660        0x0
 *(.vector_35)
                0x00000001                ASSERT (((_vector_spacing == 0x0) || (SIZEOF (.vector_35) <= (_vector_spacing << 0x5))), function at exception vector 35 too large)

.vector_36      0x9fc01680        0x0
 *(.vector_36)
                0x00000001                ASSERT (((_vector_spacing == 0x0) || (SIZEOF (.vector_36) <= (_vector_spacing << 0x5))), function at exception vector 36 too large)

.vector_37      0x9fc016a0        0x0
 *(.vector_37)
                0x00000001                ASSERT (((_vector_spacing == 0x0) || (SIZEOF (.vector_37) <= (_vector_spacing << 0x5))), function at exception vector 37 too large)

.vector_38      0x9fc016c0        0x0
 *(.vector_38)
                0x00000001                ASSERT (((_vector_spacing == 0x0) || (SIZEOF (.vector_38) <= (_vector_spacing << 0x5))), function at exception vector 38 too large)

.vector_39      0x9fc016e0        0x0
 *(.vector_39)
                0x00000001                ASSERT (((_vector_spacing == 0x0) || (SIZEOF (.vector_39) <= (_vector_spacing << 0x5))), function at exception vector 39 too large)

.vector_40      0x9fc01700        0x0
 *(.vector_40)
                0x00000001                ASSERT (((_vector_spacing == 0x0) || (SIZEOF (.vector_40) <= (_vector_spacing << 0x5))), function at exception vector 40 too large)

.vector_41      0x9fc01720        0x0
 *(.vector_41)
                0x00000001                ASSERT (((_vector_spacing == 0x0) || (SIZEOF (.vector_41) <= (_vector_spacing << 0x5))), function at exception vector 41 too large)

.vector_42      0x9fc01740        0x0
 *(.vector_42)
                0x00000001                ASSERT (((_vector_spacing == 0x0) || (SIZEOF (.vector_42) <= (_vector_spacing << 0x5))), function at exception vector 42 too large)

.vector_43      0x9fc01760        0x0
 *(.vector_43)
                0x00000001                ASSERT (((_vector_spacing == 0x0) || (SIZEOF (.vector_43) <= (_vector_spacing << 0x5))), function at exception vector 43 too large)

.vector_44      0x9fc01780        0x0
 *(.vector_44)
                0x00000001                ASSERT (((_vector_spacing == 0x0) || (SIZEOF (.vector_44) <= (_vector_spacing << 0x5))), function at exception vector 44 too large)

.vector_45      0x9fc017a0        0x0
 *(.vector_45)
                0x00000001                ASSERT (((_vector_spacing == 0x0) || (SIZEOF (.vector_45) <= (_vector_spacing << 0x5))), function at exception vector 45 too large)

.vector_46      0x9fc017c0        0x0
 *(.vector_46)
                0x00000001                ASSERT (((_vector_spacing == 0x0) || (SIZEOF (.vector_46) <= (_vector_spacing << 0x5))), function at exception vector 46 too large)

.vector_47      0x9fc017e0        0x0
 *(.vector_47)
                0x00000001                ASSERT (((_vector_spacing == 0x0) || (SIZEOF (.vector_47) <= (_vector_spacing << 0x5))), function at exception vector 47 too large)

.vector_48      0x9fc01800        0x0
 *(.vector_48)
                0x00000001                ASSERT (((_vector_spacing == 0x0) || (SIZEOF (.vector_48) <= (_vector_spacing << 0x5))), function at exception vector 48 too large)

.vector_49      0x9fc01820        0x0
 *(.vector_49)
                0x00000001                ASSERT (((_vector_spacing == 0x0) || (SIZEOF (.vector_49) <= (_vector_spacing << 0x5))), function at exception vector 49 too large)

.vector_50      0x9fc01840        0x0
 *(.vector_50)
                0x00000001                ASSERT (((_vector_spacing == 0x0) || (SIZEOF (.vector_50) <= (_vector_spacing << 0x5))), function at exception vector 50 too large)

.vector_51      0x9fc01860        0x8
 *(.vector_51)
 .vector_51     0x9fc01860        0x8 obj-tmp\INTiMain.o
                0x00000001                ASSERT (((_vector_spacing == 0x0) || (SIZEOF (.vector_51) <= (_vector_spacing << 0x5))), function at exception vector 51 too large)

.vector_52      0x9fc01880        0x0
 *(.vector_52)
                0x00000001                ASSERT (((_vector_spacing == 0x0) || (SIZEOF (.vector_52) <= (_vector_spacing << 0x5))), function at exception vector 52 too large)

.vector_53      0x9fc018a0        0x0
 *(.vector_53)
                0x00000001                ASSERT (((_vector_spacing == 0x0) || (SIZEOF (.vector_53) <= (_vector_spacing << 0x5))), function at exception vector 53 too large)

.vector_54      0x9fc018c0        0x0
 *(.vector_54)
                0x00000001                ASSERT (((_vector_spacing == 0x0) || (SIZEOF (.vector_54) <= (_vector_spacing << 0x5))), function at exception vector 54 too large)

.vector_55      0x9fc018e0        0x0
 *(.vector_55)
                0x00000001                ASSERT (((_vector_spacing == 0x0) || (SIZEOF (.vector_55) <= (_vector_spacing << 0x5))), function at exception vector 55 too large)

.vector_56      0x9fc01900        0x0
 *(.vector_56)
                0x00000001                ASSERT (((_vector_spacing == 0x0) || (SIZEOF (.vector_56) <= (_vector_spacing << 0x5))), function at exception vector 56 too large)

.vector_57      0x9fc01920        0x0
 *(.vector_57)
                0x00000001                ASSERT (((_vector_spacing == 0x0) || (SIZEOF (.vector_57) <= (_vector_spacing << 0x5))), function at exception vector 57 too large)

.vector_58      0x9fc01940        0x0
 *(.vector_58)
                0x00000001                ASSERT (((_vector_spacing == 0x0) || (SIZEOF (.vector_58) <= (_vector_spacing << 0x5))), function at exception vector 58 too large)

.vector_59      0x9fc01960        0x0
 *(.vector_59)
                0x00000001                ASSERT (((_vector_spacing == 0x0) || (SIZEOF (.vector_59) <= (_vector_spacing << 0x5))), function at exception vector 59 too large)

.vector_60      0x9fc01980        0x0
 *(.vector_60)
                0x00000001                ASSERT (((_vector_spacing == 0x0) || (SIZEOF (.vector_60) <= (_vector_spacing << 0x5))), function at exception vector 60 too large)

.vector_61      0x9fc019a0        0x0
 *(.vector_61)
                0x00000001                ASSERT (((_vector_spacing == 0x0) || (SIZEOF (.vector_61) <= (_vector_spacing << 0x5))), function at exception vector 61 too large)

.vector_62      0x9fc019c0        0x0
 *(.vector_62)
                0x00000001                ASSERT (((_vector_spacing == 0x0) || (SIZEOF (.vector_62) <= (_vector_spacing << 0x5))), function at exception vector 62 too large)

.vector_63      0x9fc019e0        0x0
 *(.vector_63)
                0x00000001                ASSERT (((_vector_spacing == 0x0) || (SIZEOF (.vector_63) <= (_vector_spacing << 0x5))), function at exception vector 63 too large)

.startup
 *(.startup)

.text
 *(.stub .gnu.linkonce.t.*)
 *(.text.*personality*)
 *(.mips16.fn.*)
 *(.mips16.call.*)
 *(.gnu.warning)

.rodata         0x9d000000       0x60
 *(.rodata.* .gnu.linkonce.r.*)
 .rodata.f5pow  0x9d000000       0x48 c:/program files (x86)/microchip/mplabc32/v2.02/bin/../lib/gcc/pic32mx/4.5.1/../../../../pic32mx/lib\libe.a(_strtod.o)
 .rodata.f5pow  0x9d000048       0x18 c:/program files (x86)/microchip/mplabc32/v2.02/bin/../lib/gcc/pic32mx/4.5.1/../../../../pic32mx/lib\libe.a(_strtof.o)
 *(.rodata1)
                0x9d000060                . = ALIGN (0x4)

.sdata2         0x9d000060        0x0
 *(.sdata2 .sdata2.* .gnu.linkonce.s2.*)
                0x9d000060                . = ALIGN (0x4)

.sbss2          0x9d000060        0x0
 *(.sbss2 .sbss2.* .gnu.linkonce.sb2.*)
                0x9d000060                . = ALIGN (0x4)

.eh_frame_hdr
 *(.eh_frame_hdr)

.eh_frame
 *(.eh_frame)

.dbg_data       0xa0000000      0x200
                0xa0000000                . = (. + DEFINED (_DEBUGGER)?0x200:0x0)
 *fill*         0xa0000000      0x200 00

.persist        0xa0000200        0x0
                0xa0000200                _persist_begin = .
 *(.persist .persist.*)
                0xa0000200                . = ALIGN (0x4)
                0xa0000200                _persist_end = .

.eh_frame       0xa0000200       0x3c
 *(.eh_frame)
 .eh_frame      0xa0000200       0x28 c:/program files (x86)/microchip/mplabc32/v2.02/bin/../lib/gcc/pic32mx/4.5.1\libgcc.a(_udivdi3.o)
 .eh_frame      0xa0000228       0x14 c:/program files (x86)/microchip/mplabc32/v2.02/bin/../lib/gcc/pic32mx/4.5.1\libgcc.a(_umoddi3.o)
                                 0x28 (size before relaxing)
                0xa000023c                . = .
                0xa0008230                _gp = (ALIGN (0x10) + 0x7ff0)

.got
 *(.got.plt)
 *(.got)

.sdata          0xa000023c      0x12c
                0xa000023c                _sdata_begin = .
 *(.sdata .sdata.* .gnu.linkonce.s.*)
 .sdata         0xa000023c        0x1 obj-tmp\Main.o
                0xa000023c                g_prescan_waiting
 *fill*         0xa000023d        0x3 00
 .sdata         0xa0000240        0x4 obj-tmp\CustomHTTPApp.o
 .sdata         0xa0000244        0x8 obj-tmp\DNS.o
 .sdata         0xa000024c        0x1 obj-tmp\DNSs.o
 *fill*         0xa000024d        0x3 00
 .sdata         0xa0000250        0x4 obj-tmp\Helpers.o
 .sdata         0xa0000254        0x1 obj-tmp\Reboot.o
 .sdata         0xa0000255        0x2 obj-tmp\TCP.o
 .sdata         0xa0000257        0x2 obj-tmp\UDP.o
 .sdata         0xa0000259        0x1 obj-tmp\ZeroconfHelper.o
                0xa0000259                zeroconf_dbg_level
 *fill*         0xa000025a        0x2 00
 .sdata         0xa000025c        0x8 obj-tmp\ZeroconfLinkLocal.o
 .sdata         0xa0000264        0x8 obj-tmp\ZeroconfMulticastDNS.o
                0xa0000264                CONST_STR_local
                0xa0000268                mDNS_socket
 .sdata         0xa000026c        0x1 obj-tmp\WFConnectionAlgorithm.o
 .sdata         0xa000026d        0x1 obj-tmp\WFPowerSave.o
 *fill*         0xa000026e        0x2 00
 .sdata         0xa0000270        0xc obj-tmp\DHCPs.o
                0xa0000270                bDHCPServerEnabled
 .sdata         0xa000027c       0xbc obj-tmp\OpenADRClient.o
                0xa000027c                strAvailabilityStatus
                0xa0000284                ServerPort
                0xa0000288                AvgPrice
                0xa000028c                LowPrice
                0xa0000290                HighPrice
                0xa0000294                SpecialPrice
                0xa0000298                SmartClient
                0xa000029c                PollRate
                0xa00002a0                EndShedCommand
                0xa00002a8                ShedCommand
                0xa00002b0                CPPCommand
                0xa00002b8                PresentRelPrice
                0xa00002c0                OutsideCommGood
                0xa00002c8                OutsideCommLost
                0xa00002d0                operationModeScheduleText
                0xa00002d4                eventStatusText
                0xa00002d8                operationModeValueText
                0xa00002dc                eventStateIDText
                0xa00002e0                eventIdentifierText
                0xa00002e4                eventModNumberText
                0xa00002e8                programNameText
                0xa00002ec                currentTimeText
                0xa00002f0                drEventDataText
                0xa00002f4                noteTimeText
                0xa00002f8                startTimeText
                0xa00002fc                endTimeText
                0xa0000300                PriceAbsoluteText
                0xa0000304                LoadAmountText
                0xa0000308                PriceMultipleText
                0xa000030c                eventIIText
                0xa0000310                valueText
                0xa0000314                timeOffsetText
                0xa0000318                modeTimeSlotText
                0xa000031c                hrefText
 .sdata         0xa0000338        0x8 obj-tmp\TimeMonitor.o
                0xa0000338                tmMillisecondsPerTick
 .sdata         0xa0000340       0x18 obj-tmp\EPRI_UARTLayer.o
                0xa0000340                TimeSyncMsg
                0xa0000348                QueryOpState
                0xa0000350                dl_ack
                0xa0000354                dl_nak
 .sdata         0xa0000358        0x8 obj-tmp\app_UCM.o
                0xa0000358                active_flag
                0xa000035c                spi_timeout
 .sdata         0xa0000360        0x4 c:/program files (x86)/microchip/mplabc32/v2.02/bin/../lib/gcc/pic32mx/4.5.1/../../../../pic32mx/lib\libc.a(_iob.o)
                0xa0000360                _Files
 .sdata         0xa0000364        0x4 c:/program files (x86)/microchip/mplabc32/v2.02/bin/../lib/gcc/pic32mx/4.5.1/../../../../pic32mx/lib\libc.a(c32_uart.o)
                0xa0000364                __C32_UART
                0xa0000368                _sdata_end = .

.lit8
 *(.lit8)

.lit4
 *(.lit4)
                0xa0000368                . = ALIGN (0x4)
                0xa0000368                _data_end = .
                0xa0000368                _bss_begin = .

.sbss           0xa0000368      0x2b0
                0xa0000368                _sbss_begin = .
 *(.dynsbss)
 *(.sbss .sbss.* .gnu.linkonce.sb.*)
 .sbss          0xa0000368       0x10 obj-tmp\Main.o
                0xa0000368                g_scan_done
 .sbss          0xa0000378        0xc obj-tmp\CustomHTTPApp.o
 .sbss          0xa0000384        0x8 obj-tmp\Announce.o
 .sbss          0xa000038c        0x4 obj-tmp\ARP.o
 .sbss          0xa0000390       0x14 obj-tmp\DNS.o
 .sbss          0xa00003a4        0x1 obj-tmp\DNSs.o
 *fill*         0xa00003a5        0x1 00
 .sbss          0xa00003a6        0x4 obj-tmp\IP.o
 *fill*         0xa00003aa        0x2 00
 .sbss          0xa00003ac        0x8 obj-tmp\MPFS2.o
 .sbss          0xa00003b4        0x8 obj-tmp\NBNS.o
 .sbss          0xa00003bc        0x8 obj-tmp\SPIFlash.o
 .sbss          0xa00003c4       0x10 obj-tmp\StackTsk.o
                0xa00003c4                g_DhcpRenew
                0xa00003c8                g_DhcpRetryTimer
 *fill*         0xa00003d4        0x4 00
 .sbss          0xa00003d8       0x10 obj-tmp\Tick.o
 .sbss          0xa00003e8        0x8 obj-tmp\UDP.o
 .sbss          0xa00003f0       0x34 obj-tmp\ZeroconfLinkLocal.o
                0xa00003f0                zcll_state
                0xa00003f4                zcll_dhcp_substate
 .sbss          0xa0000424        0x8 obj-tmp\ZeroconfMulticastDNS.o
                0xa0000424                mDNS_responder_state
 .sbss          0xa000042c        0x4 obj-tmp\WFConnectionManager.o
 .sbss          0xa0000430        0xc obj-tmp\WFPowerSave.o
 .sbss          0xa000043c        0x1 obj-tmp\WF_Spi.o
 *fill*         0xa000043d        0x3 00
 .sbss          0xa0000440       0x28 obj-tmp\WFDriverCom_24G.o
                0xa0000440                g_DhcpSuccessful
                0xa0000444                g_WiFiConnectionChanged
                0xa0000448                g_WiFiConnection
                0xa000044c                g_dhcpInProgress
 .sbss          0xa0000468        0x8 obj-tmp\WFDriverRaw_24G.o
                0xa0000468                g_HostRAWDataPacketReceived
                0xa000046c                g_RawIndexPastEnd
 .sbss          0xa0000470       0x14 obj-tmp\WFMac_24G.o
 .sbss          0xa0000484        0xc obj-tmp\WFMgmtMsg_24G.o
                0xa0000484                g_WaitingForMgmtResponse
 .sbss          0xa0000490        0x4 obj-tmp\DHCP.o
                0xa0000490                DHCPClientInitializedOnce
 .sbss          0xa0000494        0xc obj-tmp\DHCPs.o
 .sbss          0xa00004a0       0x48 obj-tmp\OpenADRClient.o
                0xa00004a0                OpMode
                0xa00004a4                InvalidSocketReboot
                0xa00004a8                DNSTimer
                0xa00004ac                ClientTypeKnown
                0xa00004b0                RequestedClientType
                0xa00004b4                RequestedPriceAbs
                0xa00004b8                SupportsPriceAbs
                0xa00004bc                PriceAbsSupportKnown
                0xa00004c0                RequestedPriceRel
                0xa00004c4                SupportsPriceRel
                0xa00004c8                PriceRelSupportKnown
                0xa00004cc                ResetSGD
                0xa00004d0                CommandType
                0xa00004d4                SmartQuery
                0xa00004d8                OpenADR_TCPState
                0xa00004dc                OpenADR_MsgState
 .sbss          0xa00004e8        0xc obj-tmp\INTiMain.o
                0xa00004e8                UART5RxCallbackFunction
                0xa00004ec                UART2RxCallbackFunction
                0xa00004f0                SPI3RxCallbackFunction
 .sbss          0xa00004f4        0x8 obj-tmp\UARTiMain.o
 .sbss          0xa00004fc        0x8 obj-tmp\TimeMonitor.o
                0xa00004fc                tmTimeMonitorClock
                0xa0000500                tmTickDownTimeIndex0
 .sbss          0xa0000504       0x1c obj-tmp\EPRI_UARTLayer.o
                0xa0000504                OK_TO_READ_232
                0xa0000508                position_counter
                0xa000050c                numBytes
                0xa0000510                RxBytesReceived
                0xa0000514                OverRide
                0xa0000518                OptOutEvent
                0xa000051c                OptInEvent
 .sbss          0xa0000520       0x44 obj-tmp\app_UCM.o
                0xa0000520                SendToServerTimeout
                0xa0000524                MainSysTickTimer
                0xa0000528                MainSystemUNIXTime
                0xa000052c                WriteBackTimer
                0xa0000530                SendToServer
                0xa0000534                SendOptOut
                0xa0000538                HANMsg_Rdy2Process
                0xa000053c                SendLocalHB
                0xa000053d                eventInProgress
                0xa0000540                SendCancelCommand
                0xa0000544                cancelCommandCtr
                0xa0000548                cancelCommand
                0xa0000549                TryGetNextEvent
                0xa000054c                MainResetTimer
                0xa0000550                gRespRec
                0xa0000554                ZG_Con_Timer
                0xa0000558                SPI_Watch_Timer
                0xa000055c                Scheduling
                0xa0000560                TCPCommState
 .sbss          0xa0000564        0x4 c:/program files (x86)/microchip/mplabc32/v2.02/bin/../lib/gcc/pic32mx/4.5.1/../../../../pic32mx/lib\libc.a(ctime.o)
                0xa0000564                time_zone
 .sbss          0xa0000568        0x1 c:/program files (x86)/microchip/mplabc32/v2.02/bin/../lib/gcc/pic32mx/4.5.1/../../../../pic32mx/lib\libc.a(_iob.o)
                0xa0000568                _outdone
 *fill*         0xa0000569        0x3 00
 .sbss          0xa000056c        0x4 c:/program files (x86)/microchip/mplabc32/v2.02/bin/../lib/gcc/pic32mx/4.5.1/../../../../pic32mx/lib\libc.a(errno.o)
                0xa000056c                errno
 *(.scommon)
 .scommon       0xa0000570        0x1 obj-tmp\HTTP2.o
                0xa0000570                curHTTPID
 *fill*         0xa0000571        0x1 00
 .scommon       0xa0000572        0x6 obj-tmp\UDP.o
                0xa0000572                activeUDPSocket
                0xa0000574                UDPTxCount
                0xa0000576                UDPRxCount
 .scommon       0xa0000578        0x6 obj-tmp\WFEasyConfig.o
                0xa0000578                g_ScanCtx
 *fill*         0xa000057e        0x2 00
 .scommon       0xa0000580        0x4 obj-tmp\WFPowerSave.o
                0xa0000580                g_rxDtim
 .scommon       0xa0000584        0x8 obj-tmp\WFDriverCom_24G.o
                0xa0000584                RawMoveState
 .scommon       0xa000058c        0x2 obj-tmp\WFDriverRaw_24G.o
                0xa000058c                RawWindowState
 *fill*         0xa000058e        0x2 00
 .scommon       0xa0000590        0x4 obj-tmp\WFMac_24G.o
                0xa0000590                WF_hibernate
                0xa0000592                g_rxBufferLength
 .scommon       0xa0000594       0x68 obj-tmp\OpenADRClient.o
                0xa0000594                CommTimer
                0xa0000598                DebugCnt
                0xa000059c                DNS_IP_ADDR
                0xa00005a0                eventStatus
                0xa00005a8                tzsec
                0xa00005ac                GetEventStateTimer
                0xa00005b0                tempbreakpoint
                0xa00005b4                LengthOfContent
                0xa00005b8                UTCLastServerTime
                0xa00005bc                TCP_blackout
                0xa00005c0                SQueryTimer
                0xa00005c4                LastServerTicks
                0xa00005c8                HTTPResponse
                0xa00005cc                FoundHTTPHeader
                0xa00005d0                Local_Time
                0xa00005d4                UTCServerTime
                0xa00005d8                payloadptr
                0xa00005dc                LoadFactor
                0xa00005e0                FoundHTTPBody
                0xa00005e4                commGood
                0xa00005e8                UTCTime
                0xa00005ec                commGoodOld
                0xa00005f0                operationModeValue
                0xa00005f8                DelayTimer
 .scommon       0xa00005fc       0x10 obj-tmp\EPRI_UARTLayer.o
                0xa00005fc                IdleNormal
                0xa0000600                TxMsgState
                0xa0000604                RunningNormal
                0xa0000608                RxMsgState
 .scommon       0xa000060c        0xc obj-tmp\app_UCM.o
                0xa000060c                lostlink_flag
                0xa0000610                curOptouthash
                0xa0000614                TCP_Message
                0xa0000618                _sbss_end = .

.bss            0xa0000618     0x3384
 *(.dynbss)
 *(COMMON)
 COMMON         0xa0000618       0x9a obj-tmp\Main.o
                0xa0000618                AppConfig
 *fill*         0xa00006b2        0x2 00
 COMMON         0xa00006b4       0x9c obj-tmp\HTTP2.o
                0xa00006b4                curHTTP
                0xa0000740                httpStubs
 COMMON         0xa0000750        0xa obj-tmp\StackTsk.o
                0xa0000750                remoteNode
 *fill*         0xa000075a        0x2 00
 COMMON         0xa000075c       0xe0 obj-tmp\UDP.o
                0xa000075c                UDPSocketInfo
 COMMON         0xa000083c      0xbe8 obj-tmp\WFEasyConfig.o
                0xa000083c                preScanResult
                0xa0001390                g_easyConfigCtx
 COMMON         0xa0001424       0x78 obj-tmp\DHCPs.o
                0xa0001424                DhcpIpPool
 COMMON         0xa000149c     0x2218 obj-tmp\OpenADRClient.o
                0xa000149c                SourceUnamePw
                0xa00014d0                RsBuf
                0xa00014ec                eventStateID
                0xa000150c                EncodedUNPW
                0xa0001558                currentTime
                0xa000156c                GMTstr
                0xa00015a0                eventModNumber
                0xa00015b4                notificationTime
                0xa00015dc                HttpLocation
                0xa0001610                startTime
                0xa0001638                pbuf
                0xa00016b0                eventStateQ
                0xa0001980                modeTimeSlot
                0xa0001994                eventIdentifier
                0xa00019b4                endTime
                0xa00019dc                ActiveEventID
                0xa00019fc                TCPPutBuffer
                0xa0001de4                TCPpayload_buf
                0xa0003680                programName
                0xa00036a0                timeOffset
 COMMON         0xa00036b4       0x30 obj-tmp\TimeMonitor.o
                0xa00036b4                tmCallbackFunctionI
                0xa00036cc                tmTickDownTimeI
 COMMON         0xa00036e4      0x2b8 obj-tmp\EPRI_UARTLayer.o
                0xa00036e4                RxBuf
                0xa0003810                NullRSBuf
                0xa000382c                txmessage
                0xa0003838                AsyncTxRSBuf
                0xa0003854                AsyncRxRSBuf
                0xa0003870                rxmessage
                0xa000399c                . = ALIGN (0x4)
                0xa000399c                . = ALIGN (0x4)
                0xa000399c                _end = .
                0xa000399c                _bss_end = .
                0x00010000                _bmxdudba_address = 0x10000
                0x00010000                _bmxdupba_address = 0x10000

/DISCARD/
 *(.pdr)
 *(.reginfo)
 *(.rel.dyn)
 *(.note.GNU-stack)
 *(.note.GNU-stack)
 *(.gnu_debuglink)
 *(.gnu.lto_*)
 *(.discard)

.stab
 *(.stab)

.stabstr
 *(.stabstr)

.stab.excl
 *(.stab.excl)

.stab.exclstr
 *(.stab.exclstr)

.stab.index
 *(.stab.index)

.stab.indexstr
 *(.stab.indexstr)

.comment        0x00000000      0x5fb
 *(.comment)
 .comment       0x00000000       0x51 obj-tmp\Main.o
                                 0x52 (size before relaxing)
 .comment       0x00000000       0x52 obj-tmp\CustomHTTPApp.o
 .comment       0x00000000       0x52 obj-tmp\WF_Config.o
 .comment       0x00000000       0x52 obj-tmp\WifiGDemoMPFSImg.o
 .comment       0x00000000       0x52 obj-tmp\Announce.o
 .comment       0x00000000       0x52 obj-tmp\ARCFOUR.o
 .comment       0x00000000       0x52 obj-tmp\ARP.o
 .comment       0x00000000       0x52 obj-tmp\AutoIP.o
 .comment       0x00000000       0x52 obj-tmp\BerkeleyAPI.o
 .comment       0x00000000       0x52 obj-tmp\BigInt.o
 .comment       0x00000000       0x52 obj-tmp\Delay.o
 .comment       0x00000000       0x52 obj-tmp\DNS.o
 .comment       0x00000000       0x52 obj-tmp\DNSs.o
 .comment       0x00000000       0x52 obj-tmp\DynDNS.o
 .comment       0x00000000       0x52 obj-tmp\FileSystem.o
 .comment       0x00000000       0x52 obj-tmp\FTP.o
 .comment       0x00000000       0x52 obj-tmp\Hashes.o
 .comment       0x00000000       0x52 obj-tmp\Helpers.o
 .comment       0x00000000       0x52 obj-tmp\HTTP2.o
 .comment       0x00000000       0x52 obj-tmp\ICMP.o
 .comment       0x00000000       0x52 obj-tmp\IP.o
 .comment       0x00000000       0x52 obj-tmp\LCDBlocking.o
 .comment       0x00000000       0x52 obj-tmp\MPFS2.o
 .comment       0x00000000       0x52 obj-tmp\NBNS.o
 .comment       0x00000000       0x52 obj-tmp\Random.o
 .comment       0x00000000       0x52 obj-tmp\Reboot.o
 .comment       0x00000000       0x52 obj-tmp\RSA.o
 .comment       0x00000000       0x52 obj-tmp\SMTP.o
 .comment       0x00000000       0x52 obj-tmp\SNMP.o
 .comment       0x00000000       0x52 obj-tmp\SNMPv3.o
 .comment       0x00000000       0x52 obj-tmp\SNMPv3USM.o
 .comment       0x00000000       0x52 obj-tmp\SNTP.o
 .comment       0x00000000       0x52 obj-tmp\SPIEEPROM.o
 .comment       0x00000000       0x52 obj-tmp\SPIFlash.o
 .comment       0x00000000       0x52 obj-tmp\SPIRAM.o
 .comment       0x00000000       0x52 obj-tmp\SSL.o
 .comment       0x00000000       0x52 obj-tmp\StackTsk.o
 .comment       0x00000000       0x52 obj-tmp\TCP.o
 .comment       0x00000000       0x52 obj-tmp\TCPPerformanceTest.o
 .comment       0x00000000       0x52 obj-tmp\Telnet.o
 .comment       0x00000000       0x52 obj-tmp\TFTPc.o
 .comment       0x00000000       0x52 obj-tmp\Tick.o
 .comment       0x00000000       0x52 obj-tmp\UART.o
 .comment       0x00000000       0x52 obj-tmp\UART2TCPBridge.o
 .comment       0x00000000       0x52 obj-tmp\UDP.o
 .comment       0x00000000       0x52 obj-tmp\UDPPerformanceTest.o
 .comment       0x00000000       0x52 obj-tmp\ZeroconfHelper.o
 .comment       0x00000000       0x52 obj-tmp\ZeroconfLinkLocal.o
 .comment       0x00000000       0x52 obj-tmp\ZeroconfMulticastDNS.o
 .comment       0x00000000       0x52 obj-tmp\WF_Eint.o
 .comment       0x00000000       0x52 obj-tmp\WF_pbkdf2.o
 .comment       0x00000000       0x52 obj-tmp\WFConnectionAlgorithm.o
 .comment       0x00000000       0x52 obj-tmp\WFConnectionManager.o
 .comment       0x00000000       0x52 obj-tmp\WFConnectionProfile.o
 .comment       0x00000000       0x52 obj-tmp\WFConsole.o
 .comment       0x00000000       0x52 obj-tmp\WFConsoleIfconfig.o
 .comment       0x00000000       0x52 obj-tmp\WFConsoleIwconfig.o
 .comment       0x00000000       0x52 obj-tmp\WFConsoleIwpriv.o
 .comment       0x00000000       0x52 obj-tmp\WFConsoleMsgHandler.o
 .comment       0x00000000       0x52 obj-tmp\WFConsoleMsgs.o
 .comment       0x00000000       0x52 obj-tmp\WFDataTxRx.o
 .comment       0x00000000       0x52 obj-tmp\WFDebugStrings.o
 .comment       0x00000000       0x52 obj-tmp\WFEasyConfig.o
 .comment       0x00000000       0x52 obj-tmp\WFEventHandler.o
 .comment       0x00000000       0x52 obj-tmp\WFInit.o
 .comment       0x00000000       0x52 obj-tmp\WFPowerSave.o
 .comment       0x00000000       0x52 obj-tmp\WFScan.o
 .comment       0x00000000       0x52 obj-tmp\WFTxPower.o
 .comment       0x00000000       0x52 obj-tmp\WF_Spi.o
 .comment       0x00000000       0x52 obj-tmp\WFDriverCom_24G.o
 .comment       0x00000000       0x52 obj-tmp\WFDriverRaw_24G.o
 .comment       0x00000000       0x52 obj-tmp\WFMac_24G.o
 .comment       0x00000000       0x52 obj-tmp\WFMgmtMsg_24G.o
 .comment       0x00000000       0x52 obj-tmp\WFParamMsg_24G.o
 .comment       0x00000000       0x52 obj-tmp\DHCP.o
 .comment       0x00000000       0x52 obj-tmp\DHCPs.o
 .comment       0x00000000       0x52 obj-tmp\i2c_master.o
 .comment       0x00000000       0x52 obj-tmp\OpenADRClient.o
 .comment       0x00000000       0x52 obj-tmp\INTiMain.o
 .comment       0x00000000       0x52 obj-tmp\UARTiMain.o
 .comment       0x00000000       0x52 obj-tmp\TimeMonitor.o
 .comment       0x00000000       0x52 obj-tmp\EPRI_UARTLayer.o
 .comment       0x00000000       0x52 obj-tmp\app_UCM.o
 .comment       0x00000000       0x52 c:/program files (x86)/microchip/mplabc32/v2.02/bin/../lib/gcc/pic32mx/4.5.1\libgcc.a(_udivdi3.o)
 .comment       0x00000000       0x52 c:/program files (x86)/microchip/mplabc32/v2.02/bin/../lib/gcc/pic32mx/4.5.1\libgcc.a(_umoddi3.o)
 .comment       0x00000000       0x52 c:/program files (x86)/microchip/mplabc32/v2.02/bin/../lib/gcc/pic32mx/4.5.1\libgcc.a(floatunsisf.o)
 .comment       0x00000051       0x55 c:/program files (x86)/microchip/mplabc32/v2.02/bin/../lib/gcc/pic32mx/4.5.1/../../../../pic32mx/lib\libc.a(memcmp.o)
                                 0x56 (size before relaxing)
 .comment       0x000000a6       0x55 c:/program files (x86)/microchip/mplabc32/v2.02/bin/../lib/gcc/pic32mx/4.5.1/../../../../pic32mx/lib\libc.a(memset.o)
                                 0x56 (size before relaxing)
 .comment       0x000000fb       0x55 c:/program files (x86)/microchip/mplabc32/v2.02/bin/../lib/gcc/pic32mx/4.5.1/../../../../pic32mx/lib\libc.a(strcmp.o)
                                 0x56 (size before relaxing)
 .comment       0x00000150       0x55 c:/program files (x86)/microchip/mplabc32/v2.02/bin/../lib/gcc/pic32mx/4.5.1/../../../../pic32mx/lib\libc.a(strcpy.o)
                                 0x56 (size before relaxing)
 .comment       0x000001a5       0x55 c:/program files (x86)/microchip/mplabc32/v2.02/bin/../lib/gcc/pic32mx/4.5.1/../../../../pic32mx/lib\libc.a(strlen.o)
                                 0x56 (size before relaxing)
 .comment       0x00000000       0x52 c:/program files (x86)/microchip/mplabc32/v2.02/bin/../lib/gcc/pic32mx/4.5.1/../../../../pic32mx/lib\libc.a(atoi.o)
 .comment       0x00000000       0x52 c:/program files (x86)/microchip/mplabc32/v2.02/bin/../lib/gcc/pic32mx/4.5.1/../../../../pic32mx/lib\libc.a(atol.o)
 .comment       0x00000000       0x52 c:/program files (x86)/microchip/mplabc32/v2.02/bin/../lib/gcc/pic32mx/4.5.1/../../../../pic32mx/lib\libc.a(ctime.o)
 .comment       0x000001fa       0x4e c:/program files (x86)/microchip/mplabc32/v2.02/bin/../lib/gcc/pic32mx/4.5.1/../../../../pic32mx/lib\libc.a(ctype.o)
                                 0xa0 (size before relaxing)
 .comment       0x00000000       0x52 c:/program files (x86)/microchip/mplabc32/v2.02/bin/../lib/gcc/pic32mx/4.5.1/../../../../pic32mx/lib\libc.a(mktime.o)
 .comment       0x00000000       0x52 c:/program files (x86)/microchip/mplabc32/v2.02/bin/../lib/gcc/pic32mx/4.5.1/../../../../pic32mx/lib\libc.a(puts.o)
 .comment       0x00000000       0x52 c:/program files (x86)/microchip/mplabc32/v2.02/bin/../lib/gcc/pic32mx/4.5.1/../../../../pic32mx/lib\libc.a(strcat.o)
 .comment       0x00000000       0x52 c:/program files (x86)/microchip/mplabc32/v2.02/bin/../lib/gcc/pic32mx/4.5.1/../../../../pic32mx/lib\libc.a(strchr.o)
 .comment       0x00000000       0x52 c:/program files (x86)/microchip/mplabc32/v2.02/bin/../lib/gcc/pic32mx/4.5.1/../../../../pic32mx/lib\libc.a(strncmp.o)
 .comment       0x00000000       0x52 c:/program files (x86)/microchip/mplabc32/v2.02/bin/../lib/gcc/pic32mx/4.5.1/../../../../pic32mx/lib\libc.a(strncpy.o)
 .comment       0x00000000       0x52 c:/program files (x86)/microchip/mplabc32/v2.02/bin/../lib/gcc/pic32mx/4.5.1/../../../../pic32mx/lib\libc.a(strstr.o)
 .comment       0x00000000       0x52 c:/program files (x86)/microchip/mplabc32/v2.02/bin/../lib/gcc/pic32mx/4.5.1/../../../../pic32mx/lib\libc.a(strtok.o)
 .comment       0x00000000       0x52 c:/program files (x86)/microchip/mplabc32/v2.02/bin/../lib/gcc/pic32mx/4.5.1/../../../../pic32mx/lib\libc.a(printf_cdnopsuxX.eo)
 .comment       0x00000000       0x52 c:/program files (x86)/microchip/mplabc32/v2.02/bin/../lib/gcc/pic32mx/4.5.1/../../../../pic32mx/lib\libc.a(sprintf_cdnopsuxX.eo)
 .comment       0x00000000       0x52 c:/program files (x86)/microchip/mplabc32/v2.02/bin/../lib/gcc/pic32mx/4.5.1/../../../../pic32mx/lib\libc.a(sscanf_cdfFnopuxX.eo)
 .comment       0x00000000       0x52 c:/program files (x86)/microchip/mplabc32/v2.02/bin/../lib/gcc/pic32mx/4.5.1/../../../../pic32mx/lib\libc.a(default-bootstrap-exception-handler.o)
 .comment       0x00000000       0x52 c:/program files (x86)/microchip/mplabc32/v2.02/bin/../lib/gcc/pic32mx/4.5.1/../../../../pic32mx/lib\libc.a(default-on-reset.o)
 .comment       0x00000000       0x52 c:/program files (x86)/microchip/mplabc32/v2.02/bin/../lib/gcc/pic32mx/4.5.1/../../../../pic32mx/lib\libc.a(default-on-bootstrap.o)
 .comment       0x00000000       0x52 c:/program files (x86)/microchip/mplabc32/v2.02/bin/../lib/gcc/pic32mx/4.5.1/../../../../pic32mx/lib\libc.a(_iob.o)
 .comment       0x00000000       0x52 c:/program files (x86)/microchip/mplabc32/v2.02/bin/../lib/gcc/pic32mx/4.5.1/../../../../pic32mx/lib\libc.a(_fputc_simple.o)
 .comment       0x00000000       0x52 c:/program files (x86)/microchip/mplabc32/v2.02/bin/../lib/gcc/pic32mx/4.5.1/../../../../pic32mx/lib\libc.a(strcspn.o)
 .comment       0x00000000       0x52 c:/program files (x86)/microchip/mplabc32/v2.02/bin/../lib/gcc/pic32mx/4.5.1/../../../../pic32mx/lib\libc.a(strspn.o)
 .comment       0x00000000       0x52 c:/program files (x86)/microchip/mplabc32/v2.02/bin/../lib/gcc/pic32mx/4.5.1/../../../../pic32mx/lib\libc.a(doprnt_cdnopsuxX.eo)
 .comment       0x00000000       0x52 c:/program files (x86)/microchip/mplabc32/v2.02/bin/../lib/gcc/pic32mx/4.5.1/../../../../pic32mx/lib\libc.a(doscan_cdfFnopuxX.eo)
 .comment       0x00000000       0x52 c:/program files (x86)/microchip/mplabc32/v2.02/bin/../lib/gcc/pic32mx/4.5.1/../../../../pic32mx/lib\libc.a(doscan_cdnopuxX.eo)
 .comment       0x00000000       0x52 c:/program files (x86)/microchip/mplabc32/v2.02/bin/../lib/gcc/pic32mx/4.5.1/../../../../pic32mx/lib\libc.a(write.o)
 .comment       0x00000000       0x52 c:/program files (x86)/microchip/mplabc32/v2.02/bin/../lib/gcc/pic32mx/4.5.1/../../../../pic32mx/lib\libc.a(_flsbuf_simple.o)
 .comment       0x00000000       0x52 c:/program files (x86)/microchip/mplabc32/v2.02/bin/../lib/gcc/pic32mx/4.5.1/../../../../pic32mx/lib\libc.a(fgetc.o)
 .comment       0x00000248       0x4f c:/program files (x86)/microchip/mplabc32/v2.02/bin/../lib/gcc/pic32mx/4.5.1/../../../../pic32mx/lib\libc.a(ctypef.o)
                                 0xa1 (size before relaxing)
 .comment       0x00000000       0x52 c:/program files (x86)/microchip/mplabc32/v2.02/bin/../lib/gcc/pic32mx/4.5.1/../../../../pic32mx/lib\libc.a(strtof.o)
 .comment       0x00000000       0x52 c:/program files (x86)/microchip/mplabc32/v2.02/bin/../lib/gcc/pic32mx/4.5.1/../../../../pic32mx/lib\libc.a(strtod.o)
 .comment       0x00000000       0x52 c:/program files (x86)/microchip/mplabc32/v2.02/bin/../lib/gcc/pic32mx/4.5.1/../../../../pic32mx/lib\libc.a(ungetc.o)
 .comment       0x00000000       0x52 c:/program files (x86)/microchip/mplabc32/v2.02/bin/../lib/gcc/pic32mx/4.5.1/../../../../pic32mx/lib\libc.a(filbuf.o)
 .comment       0x00000000       0x52 c:/program files (x86)/microchip/mplabc32/v2.02/bin/../lib/gcc/pic32mx/4.5.1/../../../../pic32mx/lib\libc.a(fflush.o)
 .comment       0x00000000       0x52 c:/program files (x86)/microchip/mplabc32/v2.02/bin/../lib/gcc/pic32mx/4.5.1/../../../../pic32mx/lib\libc.a(read.o)
 .comment       0x00000000       0x52 c:/program files (x86)/microchip/mplabc32/v2.02/bin/../lib/gcc/pic32mx/4.5.1/../../../../pic32mx/lib\libc.a(c32_uart.o)
 .comment       0x00000000       0x52 c:/program files (x86)/microchip/mplabc32/v2.02/bin/../lib/gcc/pic32mx/4.5.1/../../../../pic32mx/lib\libm.a(w_sqrtf.o)
 .comment       0x00000000       0x52 c:/program files (x86)/microchip/mplabc32/v2.02/bin/../lib/gcc/pic32mx/4.5.1/../../../../pic32mx/lib\libm.a(s_lib_ver.o)
 .comment       0x00000297       0x9d c:/program files (x86)/microchip/mplabc32/v2.02/bin/../lib/gcc/pic32mx/4.5.1/../../../../pic32mx/lib\libe.a(_strtod.o)
                                 0xef (size before relaxing)
 .comment       0x00000334       0x4f c:/program files (x86)/microchip/mplabc32/v2.02/bin/../lib/gcc/pic32mx/4.5.1/../../../../pic32mx/lib\libe.a(_strtof.o)
                                 0xef (size before relaxing)
 .comment       0x00000383       0x4e c:/program files (x86)/microchip/mplabc32/v2.02/bin/../lib/gcc/pic32mx/4.5.1/../../../../pic32mx/lib\libe.a(_divdf3.o)
                                 0xee (size before relaxing)
 .comment       0x000003d1       0x4e c:/program files (x86)/microchip/mplabc32/v2.02/bin/../lib/gcc/pic32mx/4.5.1/../../../../pic32mx/lib\libe.a(_muldf3.o)
                                 0xee (size before relaxing)
 .comment       0x0000041f       0x4e c:/program files (x86)/microchip/mplabc32/v2.02/bin/../lib/gcc/pic32mx/4.5.1/../../../../pic32mx/lib\libe.a(_negdf2.o)
                                 0xee (size before relaxing)
 .comment       0x0000046d       0x4e c:/program files (x86)/microchip/mplabc32/v2.02/bin/../lib/gcc/pic32mx/4.5.1/../../../../pic32mx/lib\libe.a(_adddf3.o)
                                 0xee (size before relaxing)
 .comment       0x000004bb       0x4f c:/program files (x86)/microchip/mplabc32/v2.02/bin/../lib/gcc/pic32mx/4.5.1/../../../../pic32mx/lib\libe.a(_floatsidf.o)
                                 0xef (size before relaxing)
 .comment       0x0000050a       0x50 c:/program files (x86)/microchip/mplabc32/v2.02/bin/../lib/gcc/pic32mx/4.5.1/../../../../pic32mx/lib\libe.a(_ldexp.o)
                                 0xf0 (size before relaxing)
 .comment       0x0000055a       0x50 c:/program files (x86)/microchip/mplabc32/v2.02/bin/../lib/gcc/pic32mx/4.5.1/../../../../pic32mx/lib\libe.a(_ldexpf.o)
                                 0xf0 (size before relaxing)
 .comment       0x000005aa       0x51 c:/program files (x86)/microchip/mplabc32/v2.02/bin/../lib/gcc/pic32mx/4.5.1/../../../../pic32mx/lib\libmchp_peripheral_32MX575F256L.a(soft_reset_lib.o)
                                 0x52 (size before relaxing)
 .comment       0x00000000       0x52 c:/program files (x86)/microchip/mplabc32/v2.02/bin/../lib/gcc/pic32mx/4.5.1/../../../../pic32mx/lib\libmchp_peripheral_32MX575F256L.a(pcache.o)
 .comment       0x00000000       0x52 c:/program files (x86)/microchip/mplabc32/v2.02/bin/../lib/gcc/pic32mx/4.5.1/../../../../pic32mx/lib\libmchp_peripheral_32MX575F256L.a(int_disable_interrupts_lib.o)
 .comment       0x00000000       0x52 c:/program files (x86)/microchip/mplabc32/v2.02/bin/../lib/gcc/pic32mx/4.5.1/../../../../pic32mx/lib\libmchp_peripheral_32MX575F256L.a(int_restore_interrupts_lib.o)
 .comment       0x00000000       0x52 c:/program files (x86)/microchip/mplabc32/v2.02/bin/../lib/gcc/pic32mx/4.5.1/../../../../pic32mx/lib\libmchp_peripheral_32MX575F256L.a(int_enable_mv_int_lib.o)
 .comment       0x00000000       0x52 c:/program files (x86)/microchip/mplabc32/v2.02/bin/../lib/gcc/pic32mx/4.5.1/../../../../pic32mx/lib\libmchp_peripheral_32MX575F256L.a(int_tbl_lib.o)
 .comment       0x00000000       0x52 c:/program files (x86)/microchip/mplabc32/v2.02/bin/../lib/gcc/pic32mx/4.5.1/../../../../pic32mx/lib\libmchp_peripheral_32MX575F256L.a(uart_lib.o)
 .comment       0x00000000       0x52 c:/program files (x86)/microchip/mplabc32/v2.02/bin/../lib/gcc/pic32mx/4.5.1/../../../../pic32mx/lib\libmchp_peripheral_32MX575F256L.a(puts_uartx_lib_legacy.o)
 .comment       0x00000000       0x52 c:/program files (x86)/microchip/mplabc32/v2.02/bin/../lib/gcc/pic32mx/4.5.1/../../../../pic32mx/lib\libmchp_peripheral_32MX575F256L.a(idle_i2c2_lib_legacy.o)
 .comment       0x00000000       0x52 c:/program files (x86)/microchip/mplabc32/v2.02/bin/../lib/gcc/pic32mx/4.5.1/../../../../pic32mx/lib\libmchp_peripheral_32MX575F256L.a(I2CPrivate.o)
 .comment       0x00000000       0x52 c:/program files (x86)/microchip/mplabc32/v2.02/bin/../lib/gcc/pic32mx/4.5.1/../../../../pic32mx/lib\libmchp_peripheral_32MX575F256L.a(I2CBusIsIdle.o)
 .comment       0x00000000       0x52 c:/program files (x86)/microchip/mplabc32/v2.02/bin/../lib/gcc/pic32mx/4.5.1/../../../../pic32mx/lib\libmchp_peripheral_32MX575F256L.a(I2CByteWasAcknowledged.o)
 .comment       0x00000000       0x52 c:/program files (x86)/microchip/mplabc32/v2.02/bin/../lib/gcc/pic32mx/4.5.1/../../../../pic32mx/lib\libmchp_peripheral_32MX575F256L.a(I2CEnable.o)
 .comment       0x00000000       0x52 c:/program files (x86)/microchip/mplabc32/v2.02/bin/../lib/gcc/pic32mx/4.5.1/../../../../pic32mx/lib\libmchp_peripheral_32MX575F256L.a(I2CGetByte.o)
 .comment       0x00000000       0x52 c:/program files (x86)/microchip/mplabc32/v2.02/bin/../lib/gcc/pic32mx/4.5.1/../../../../pic32mx/lib\libmchp_peripheral_32MX575F256L.a(I2CGetStatus.o)
 .comment       0x00000000       0x52 c:/program files (x86)/microchip/mplabc32/v2.02/bin/../lib/gcc/pic32mx/4.5.1/../../../../pic32mx/lib\libmchp_peripheral_32MX575F256L.a(I2CReceivedDataIsAvailable.o)
 .comment       0x00000000       0x52 c:/program files (x86)/microchip/mplabc32/v2.02/bin/../lib/gcc/pic32mx/4.5.1/../../../../pic32mx/lib\libmchp_peripheral_32MX575F256L.a(I2CReceiverEnable.o)
 .comment       0x00000000       0x52 c:/program files (x86)/microchip/mplabc32/v2.02/bin/../lib/gcc/pic32mx/4.5.1/../../../../pic32mx/lib\libmchp_peripheral_32MX575F256L.a(I2CRepeatStart.o)
 .comment       0x00000000       0x52 c:/program files (x86)/microchip/mplabc32/v2.02/bin/../lib/gcc/pic32mx/4.5.1/../../../../pic32mx/lib\libmchp_peripheral_32MX575F256L.a(I2CSetFrequency.o)
 .comment       0x00000000       0x52 c:/program files (x86)/microchip/mplabc32/v2.02/bin/../lib/gcc/pic32mx/4.5.1/../../../../pic32mx/lib\libmchp_peripheral_32MX575F256L.a(I2CStart.o)
 .comment       0x00000000       0x52 c:/program files (x86)/microchip/mplabc32/v2.02/bin/../lib/gcc/pic32mx/4.5.1/../../../../pic32mx/lib\libmchp_peripheral_32MX575F256L.a(I2CStop.o)
 .comment       0x00000000       0x52 c:/program files (x86)/microchip/mplabc32/v2.02/bin/../lib/gcc/pic32mx/4.5.1/../../../../pic32mx/lib\libmchp_peripheral_32MX575F256L.a(I2CTransmissionHasCompleted.o)
 .comment       0x00000000       0x52 c:/program files (x86)/microchip/mplabc32/v2.02/bin/../lib/gcc/pic32mx/4.5.1/../../../../pic32mx/lib\libmchp_peripheral_32MX575F256L.a(I2CTransmitterIsReady.o)
 .comment       0x00000000       0x52 c:/program files (x86)/microchip/mplabc32/v2.02/bin/../lib/gcc/pic32mx/4.5.1/../../../../pic32mx/lib\libmchp_peripheral_32MX575F256L.a(int_enable_interrupts_lib.o)
 .comment       0x00000000       0x52 c:/program files (x86)/microchip/mplabc32/v2.02/bin/../lib/gcc/pic32mx/4.5.1/../../../../pic32mx/lib\libc.a(errno.o)
 .comment       0x00000000       0x52 c:/program files (x86)/microchip/mplabc32/v2.02/bin/../lib/gcc/pic32mx/4.5.1\libgcc.a(_lshrdi3.o)
 .comment       0x00000000       0x52 c:/program files (x86)/microchip/mplabc32/v2.02/bin/../lib/gcc/pic32mx/4.5.1\libgcc.a(_ashldi3.o)

.debug
 *(.debug)

.line
 *(.line)

.debug_srcinfo
 *(.debug_srcinfo)

.debug_sfnames
 *(.debug_sfnames)

.debug_aranges  0x00000000     0x10e8
 *(.debug_aranges)
 .debug_aranges
                0x00000000       0x20 obj-tmp\Main.o
 .debug_aranges
                0x00000020       0x20 obj-tmp\CustomHTTPApp.o
 .debug_aranges
                0x00000040       0x20 obj-tmp\WF_Config.o
 .debug_aranges
                0x00000060       0x20 obj-tmp\Announce.o
 .debug_aranges
                0x00000080       0x20 obj-tmp\ARP.o
 .debug_aranges
                0x000000a0       0x20 obj-tmp\Delay.o
 .debug_aranges
                0x000000c0       0x20 obj-tmp\DNS.o
 .debug_aranges
                0x000000e0       0x20 obj-tmp\DNSs.o
 .debug_aranges
                0x00000100       0x20 obj-tmp\Helpers.o
 .debug_aranges
                0x00000120       0x20 obj-tmp\HTTP2.o
 .debug_aranges
                0x00000140       0x20 obj-tmp\ICMP.o
 .debug_aranges
                0x00000160       0x20 obj-tmp\IP.o
 .debug_aranges
                0x00000180       0x20 obj-tmp\MPFS2.o
 .debug_aranges
                0x000001a0       0x20 obj-tmp\NBNS.o
 .debug_aranges
                0x000001c0       0x20 obj-tmp\Reboot.o
 .debug_aranges
                0x000001e0       0x20 obj-tmp\SPIFlash.o
 .debug_aranges
                0x00000200       0x20 obj-tmp\StackTsk.o
 .debug_aranges
                0x00000220       0x20 obj-tmp\TCP.o
 .debug_aranges
                0x00000240       0x20 obj-tmp\Tick.o
 .debug_aranges
                0x00000260       0x20 obj-tmp\UART.o
 .debug_aranges
                0x00000280       0x20 obj-tmp\UDP.o
 .debug_aranges
                0x000002a0       0x20 obj-tmp\ZeroconfHelper.o
 .debug_aranges
                0x000002c0       0x20 obj-tmp\ZeroconfLinkLocal.o
 .debug_aranges
                0x000002e0       0x20 obj-tmp\ZeroconfMulticastDNS.o
 .debug_aranges
                0x00000300       0x20 obj-tmp\WF_Eint.o
 .debug_aranges
                0x00000320       0x20 obj-tmp\WF_pbkdf2.o
 .debug_aranges
                0x00000340       0x20 obj-tmp\WFConnectionAlgorithm.o
 .debug_aranges
                0x00000360       0x20 obj-tmp\WFConnectionManager.o
 .debug_aranges
                0x00000380       0x20 obj-tmp\WFConnectionProfile.o
 .debug_aranges
                0x000003a0       0x20 obj-tmp\WFConsoleMsgHandler.o
 .debug_aranges
                0x000003c0       0x20 obj-tmp\WFConsoleMsgs.o
 .debug_aranges
                0x000003e0       0x20 obj-tmp\WFDebugStrings.o
 .debug_aranges
                0x00000400       0x20 obj-tmp\WFEasyConfig.o
 .debug_aranges
                0x00000420       0x20 obj-tmp\WFEventHandler.o
 .debug_aranges
                0x00000440       0x20 obj-tmp\WFInit.o
 .debug_aranges
                0x00000460       0x20 obj-tmp\WFPowerSave.o
 .debug_aranges
                0x00000480       0x20 obj-tmp\WFScan.o
 .debug_aranges
                0x000004a0       0x20 obj-tmp\WFTxPower.o
 .debug_aranges
                0x000004c0       0x20 obj-tmp\WF_Spi.o
 .debug_aranges
                0x000004e0       0x20 obj-tmp\WFDriverCom_24G.o
 .debug_aranges
                0x00000500       0x20 obj-tmp\WFDriverRaw_24G.o
 .debug_aranges
                0x00000520       0x20 obj-tmp\WFMac_24G.o
 .debug_aranges
                0x00000540       0x20 obj-tmp\WFMgmtMsg_24G.o
 .debug_aranges
                0x00000560       0x20 obj-tmp\WFParamMsg_24G.o
 .debug_aranges
                0x00000580       0x20 obj-tmp\DHCP.o
 .debug_aranges
                0x000005a0       0x20 obj-tmp\DHCPs.o
 .debug_aranges
                0x000005c0       0x20 obj-tmp\i2c_master.o
 .debug_aranges
                0x000005e0       0x20 obj-tmp\OpenADRClient.o
 .debug_aranges
                0x00000600       0x20 obj-tmp\INTiMain.o
 .debug_aranges
                0x00000620       0x20 obj-tmp\UARTiMain.o
 .debug_aranges
                0x00000640       0x20 obj-tmp\TimeMonitor.o
 .debug_aranges
                0x00000660       0x20 obj-tmp\EPRI_UARTLayer.o
 .debug_aranges
                0x00000680       0x20 obj-tmp\app_UCM.o
 .debug_aranges
                0x000006a0       0x20 c:/program files (x86)/microchip/mplabc32/v2.02/bin/../lib/gcc/pic32mx/4.5.1\libgcc.a(_udivdi3.o)
 .debug_aranges
                0x000006c0       0x20 c:/program files (x86)/microchip/mplabc32/v2.02/bin/../lib/gcc/pic32mx/4.5.1\libgcc.a(_umoddi3.o)
 .debug_aranges
                0x000006e0       0x20 c:/program files (x86)/microchip/mplabc32/v2.02/bin/../lib/gcc/pic32mx/4.5.1\libgcc.a(floatunsisf.o)
 .debug_aranges
                0x00000700       0x20 c:/program files (x86)/microchip/mplabc32/v2.02/bin/../lib/gcc/pic32mx/4.5.1/../../../../pic32mx/lib\libc.a(atoi.o)
 .debug_aranges
                0x00000720       0x20 c:/program files (x86)/microchip/mplabc32/v2.02/bin/../lib/gcc/pic32mx/4.5.1/../../../../pic32mx/lib\libc.a(atol.o)
 .debug_aranges
                0x00000740       0x38 c:/program files (x86)/microchip/mplabc32/v2.02/bin/../lib/gcc/pic32mx/4.5.1/../../../../pic32mx/lib\libc.a(ctime.o)
 .debug_aranges
                0x00000778       0x28 c:/program files (x86)/microchip/mplabc32/v2.02/bin/../lib/gcc/pic32mx/4.5.1/../../../../pic32mx/lib\libc.a(mktime.o)
 .debug_aranges
                0x000007a0       0x28 c:/program files (x86)/microchip/mplabc32/v2.02/bin/../lib/gcc/pic32mx/4.5.1/../../../../pic32mx/lib\libc.a(puts.o)
 .debug_aranges
                0x000007c8       0x20 c:/program files (x86)/microchip/mplabc32/v2.02/bin/../lib/gcc/pic32mx/4.5.1/../../../../pic32mx/lib\libc.a(strcat.o)
 .debug_aranges
                0x000007e8       0x20 c:/program files (x86)/microchip/mplabc32/v2.02/bin/../lib/gcc/pic32mx/4.5.1/../../../../pic32mx/lib\libc.a(strchr.o)
 .debug_aranges
                0x00000808       0x20 c:/program files (x86)/microchip/mplabc32/v2.02/bin/../lib/gcc/pic32mx/4.5.1/../../../../pic32mx/lib\libc.a(strncmp.o)
 .debug_aranges
                0x00000828       0x20 c:/program files (x86)/microchip/mplabc32/v2.02/bin/../lib/gcc/pic32mx/4.5.1/../../../../pic32mx/lib\libc.a(strncpy.o)
 .debug_aranges
                0x00000848       0x20 c:/program files (x86)/microchip/mplabc32/v2.02/bin/../lib/gcc/pic32mx/4.5.1/../../../../pic32mx/lib\libc.a(strstr.o)
 .debug_aranges
                0x00000868       0x20 c:/program files (x86)/microchip/mplabc32/v2.02/bin/../lib/gcc/pic32mx/4.5.1/../../../../pic32mx/lib\libc.a(strtok.o)
 .debug_aranges
                0x00000888       0x20 c:/program files (x86)/microchip/mplabc32/v2.02/bin/../lib/gcc/pic32mx/4.5.1/../../../../pic32mx/lib\libc.a(printf_cdnopsuxX.eo)
 .debug_aranges
                0x000008a8       0x20 c:/program files (x86)/microchip/mplabc32/v2.02/bin/../lib/gcc/pic32mx/4.5.1/../../../../pic32mx/lib\libc.a(sprintf_cdnopsuxX.eo)
 .debug_aranges
                0x000008c8       0x20 c:/program files (x86)/microchip/mplabc32/v2.02/bin/../lib/gcc/pic32mx/4.5.1/../../../../pic32mx/lib\libc.a(sscanf_cdfFnopuxX.eo)
 .debug_aranges
                0x000008e8       0x20 c:/program files (x86)/microchip/mplabc32/v2.02/bin/../lib/gcc/pic32mx/4.5.1/../../../../pic32mx/lib\libc.a(default-bootstrap-exception-handler.o)
 .debug_aranges
                0x00000908       0x20 c:/program files (x86)/microchip/mplabc32/v2.02/bin/../lib/gcc/pic32mx/4.5.1/../../../../pic32mx/lib\libc.a(default-on-reset.o)
 .debug_aranges
                0x00000928       0x20 c:/program files (x86)/microchip/mplabc32/v2.02/bin/../lib/gcc/pic32mx/4.5.1/../../../../pic32mx/lib\libc.a(default-on-bootstrap.o)
 .debug_aranges
                0x00000948       0x20 c:/program files (x86)/microchip/mplabc32/v2.02/bin/../lib/gcc/pic32mx/4.5.1/../../../../pic32mx/lib\libc.a(_fputc_simple.o)
 .debug_aranges
                0x00000968       0x20 c:/program files (x86)/microchip/mplabc32/v2.02/bin/../lib/gcc/pic32mx/4.5.1/../../../../pic32mx/lib\libc.a(strcspn.o)
 .debug_aranges
                0x00000988       0x20 c:/program files (x86)/microchip/mplabc32/v2.02/bin/../lib/gcc/pic32mx/4.5.1/../../../../pic32mx/lib\libc.a(strspn.o)
 .debug_aranges
                0x000009a8       0x20 c:/program files (x86)/microchip/mplabc32/v2.02/bin/../lib/gcc/pic32mx/4.5.1/../../../../pic32mx/lib\libc.a(doprnt_cdnopsuxX.eo)
 .debug_aranges
                0x000009c8       0x30 c:/program files (x86)/microchip/mplabc32/v2.02/bin/../lib/gcc/pic32mx/4.5.1/../../../../pic32mx/lib\libc.a(doscan_cdfFnopuxX.eo)
 .debug_aranges
                0x000009f8       0x30 c:/program files (x86)/microchip/mplabc32/v2.02/bin/../lib/gcc/pic32mx/4.5.1/../../../../pic32mx/lib\libc.a(doscan_cdnopuxX.eo)
 .debug_aranges
                0x00000a28       0x20 c:/program files (x86)/microchip/mplabc32/v2.02/bin/../lib/gcc/pic32mx/4.5.1/../../../../pic32mx/lib\libc.a(write.o)
 .debug_aranges
                0x00000a48       0x20 c:/program files (x86)/microchip/mplabc32/v2.02/bin/../lib/gcc/pic32mx/4.5.1/../../../../pic32mx/lib\libc.a(_flsbuf_simple.o)
 .debug_aranges
                0x00000a68       0x20 c:/program files (x86)/microchip/mplabc32/v2.02/bin/../lib/gcc/pic32mx/4.5.1/../../../../pic32mx/lib\libc.a(fgetc.o)
 .debug_aranges
                0x00000a88       0xa0 c:/program files (x86)/microchip/mplabc32/v2.02/bin/../lib/gcc/pic32mx/4.5.1/../../../../pic32mx/lib\libc.a(ctypef.o)
 .debug_aranges
                0x00000b28       0x28 c:/program files (x86)/microchip/mplabc32/v2.02/bin/../lib/gcc/pic32mx/4.5.1/../../../../pic32mx/lib\libc.a(strtof.o)
 .debug_aranges
                0x00000b50       0x28 c:/program files (x86)/microchip/mplabc32/v2.02/bin/../lib/gcc/pic32mx/4.5.1/../../../../pic32mx/lib\libc.a(strtod.o)
 .debug_aranges
                0x00000b78       0x20 c:/program files (x86)/microchip/mplabc32/v2.02/bin/../lib/gcc/pic32mx/4.5.1/../../../../pic32mx/lib\libc.a(ungetc.o)
 .debug_aranges
                0x00000b98       0x20 c:/program files (x86)/microchip/mplabc32/v2.02/bin/../lib/gcc/pic32mx/4.5.1/../../../../pic32mx/lib\libc.a(filbuf.o)
 .debug_aranges
                0x00000bb8       0x20 c:/program files (x86)/microchip/mplabc32/v2.02/bin/../lib/gcc/pic32mx/4.5.1/../../../../pic32mx/lib\libc.a(fflush.o)
 .debug_aranges
                0x00000bd8       0x20 c:/program files (x86)/microchip/mplabc32/v2.02/bin/../lib/gcc/pic32mx/4.5.1/../../../../pic32mx/lib\libc.a(read.o)
 .debug_aranges
                0x00000bf8       0x20 c:/program files (x86)/microchip/mplabc32/v2.02/bin/../lib/gcc/pic32mx/4.5.1/../../../../pic32mx/lib\libm.a(w_sqrtf.o)
 .debug_aranges
                0x00000c18       0x20 c:/program files (x86)/microchip/mplabc32/v2.02/bin/../lib/gcc/pic32mx/4.5.1/../../../../pic32mx/lib\libe.a(_strtod.o)
 .debug_aranges
                0x00000c38       0x20 c:/program files (x86)/microchip/mplabc32/v2.02/bin/../lib/gcc/pic32mx/4.5.1/../../../../pic32mx/lib\libe.a(_strtof.o)
 .debug_aranges
                0x00000c58       0x20 c:/program files (x86)/microchip/mplabc32/v2.02/bin/../lib/gcc/pic32mx/4.5.1/../../../../pic32mx/lib\libe.a(_divdf3.o)
 .debug_aranges
                0x00000c78       0x20 c:/program files (x86)/microchip/mplabc32/v2.02/bin/../lib/gcc/pic32mx/4.5.1/../../../../pic32mx/lib\libe.a(_muldf3.o)
 .debug_aranges
                0x00000c98       0x20 c:/program files (x86)/microchip/mplabc32/v2.02/bin/../lib/gcc/pic32mx/4.5.1/../../../../pic32mx/lib\libe.a(_negdf2.o)
 .debug_aranges
                0x00000cb8       0x28 c:/program files (x86)/microchip/mplabc32/v2.02/bin/../lib/gcc/pic32mx/4.5.1/../../../../pic32mx/lib\libe.a(_adddf3.o)
 .debug_aranges
                0x00000ce0       0x20 c:/program files (x86)/microchip/mplabc32/v2.02/bin/../lib/gcc/pic32mx/4.5.1/../../../../pic32mx/lib\libe.a(_floatsidf.o)
 .debug_aranges
                0x00000d00       0x20 c:/program files (x86)/microchip/mplabc32/v2.02/bin/../lib/gcc/pic32mx/4.5.1/../../../../pic32mx/lib\libe.a(_ldexp.o)
 .debug_aranges
                0x00000d20       0x20 c:/program files (x86)/microchip/mplabc32/v2.02/bin/../lib/gcc/pic32mx/4.5.1/../../../../pic32mx/lib\libe.a(_ldexpf.o)
 .debug_aranges
                0x00000d40       0x20 c:/program files (x86)/microchip/mplabc32/v2.02/bin/../lib/gcc/pic32mx/4.5.1/../../../../pic32mx/lib\libmchp_peripheral_32MX575F256L.a(soft_reset_lib.o)
 .debug_aranges
                0x00000d60       0x28 c:/program files (x86)/microchip/mplabc32/v2.02/bin/../lib/gcc/pic32mx/4.5.1/../../../../pic32mx/lib\libmchp_peripheral_32MX575F256L.a(pcache.o)
 .debug_aranges
                0x00000d88       0x20 c:/program files (x86)/microchip/mplabc32/v2.02/bin/../lib/gcc/pic32mx/4.5.1/../../../../pic32mx/lib\libmchp_peripheral_32MX575F256L.a(int_disable_interrupts_lib.o)
 .debug_aranges
                0x00000da8       0x20 c:/program files (x86)/microchip/mplabc32/v2.02/bin/../lib/gcc/pic32mx/4.5.1/../../../../pic32mx/lib\libmchp_peripheral_32MX575F256L.a(int_restore_interrupts_lib.o)
 .debug_aranges
                0x00000dc8       0x20 c:/program files (x86)/microchip/mplabc32/v2.02/bin/../lib/gcc/pic32mx/4.5.1/../../../../pic32mx/lib\libmchp_peripheral_32MX575F256L.a(int_enable_mv_int_lib.o)
 .debug_aranges
                0x00000de8       0x60 c:/program files (x86)/microchip/mplabc32/v2.02/bin/../lib/gcc/pic32mx/4.5.1/../../../../pic32mx/lib\libmchp_peripheral_32MX575F256L.a(int_tbl_lib.o)
 .debug_aranges
                0x00000e48       0x58 c:/program files (x86)/microchip/mplabc32/v2.02/bin/../lib/gcc/pic32mx/4.5.1/../../../../pic32mx/lib\libmchp_peripheral_32MX575F256L.a(uart_lib.o)
 .debug_aranges
                0x00000ea0       0x28 c:/program files (x86)/microchip/mplabc32/v2.02/bin/../lib/gcc/pic32mx/4.5.1/../../../../pic32mx/lib\libmchp_peripheral_32MX575F256L.a(puts_uartx_lib_legacy.o)
 .debug_aranges
                0x00000ec8       0x20 c:/program files (x86)/microchip/mplabc32/v2.02/bin/../lib/gcc/pic32mx/4.5.1/../../../../pic32mx/lib\libmchp_peripheral_32MX575F256L.a(idle_i2c2_lib_legacy.o)
 .debug_aranges
                0x00000ee8       0x20 c:/program files (x86)/microchip/mplabc32/v2.02/bin/../lib/gcc/pic32mx/4.5.1/../../../../pic32mx/lib\libmchp_peripheral_32MX575F256L.a(I2CBusIsIdle.o)
 .debug_aranges
                0x00000f08       0x20 c:/program files (x86)/microchip/mplabc32/v2.02/bin/../lib/gcc/pic32mx/4.5.1/../../../../pic32mx/lib\libmchp_peripheral_32MX575F256L.a(I2CByteWasAcknowledged.o)
 .debug_aranges
                0x00000f28       0x20 c:/program files (x86)/microchip/mplabc32/v2.02/bin/../lib/gcc/pic32mx/4.5.1/../../../../pic32mx/lib\libmchp_peripheral_32MX575F256L.a(I2CEnable.o)
 .debug_aranges
                0x00000f48       0x20 c:/program files (x86)/microchip/mplabc32/v2.02/bin/../lib/gcc/pic32mx/4.5.1/../../../../pic32mx/lib\libmchp_peripheral_32MX575F256L.a(I2CGetByte.o)
 .debug_aranges
                0x00000f68       0x20 c:/program files (x86)/microchip/mplabc32/v2.02/bin/../lib/gcc/pic32mx/4.5.1/../../../../pic32mx/lib\libmchp_peripheral_32MX575F256L.a(I2CGetStatus.o)
 .debug_aranges
                0x00000f88       0x20 c:/program files (x86)/microchip/mplabc32/v2.02/bin/../lib/gcc/pic32mx/4.5.1/../../../../pic32mx/lib\libmchp_peripheral_32MX575F256L.a(I2CReceivedDataIsAvailable.o)
 .debug_aranges
                0x00000fa8       0x20 c:/program files (x86)/microchip/mplabc32/v2.02/bin/../lib/gcc/pic32mx/4.5.1/../../../../pic32mx/lib\libmchp_peripheral_32MX575F256L.a(I2CReceiverEnable.o)
 .debug_aranges
                0x00000fc8       0x20 c:/program files (x86)/microchip/mplabc32/v2.02/bin/../lib/gcc/pic32mx/4.5.1/../../../../pic32mx/lib\libmchp_peripheral_32MX575F256L.a(I2CRepeatStart.o)
 .debug_aranges
                0x00000fe8       0x20 c:/program files (x86)/microchip/mplabc32/v2.02/bin/../lib/gcc/pic32mx/4.5.1/../../../../pic32mx/lib\libmchp_peripheral_32MX575F256L.a(I2CSetFrequency.o)
 .debug_aranges
                0x00001008       0x20 c:/program files (x86)/microchip/mplabc32/v2.02/bin/../lib/gcc/pic32mx/4.5.1/../../../../pic32mx/lib\libmchp_peripheral_32MX575F256L.a(I2CStart.o)
 .debug_aranges
                0x00001028       0x20 c:/program files (x86)/microchip/mplabc32/v2.02/bin/../lib/gcc/pic32mx/4.5.1/../../../../pic32mx/lib\libmchp_peripheral_32MX575F256L.a(I2CStop.o)
 .debug_aranges
                0x00001048       0x20 c:/program files (x86)/microchip/mplabc32/v2.02/bin/../lib/gcc/pic32mx/4.5.1/../../../../pic32mx/lib\libmchp_peripheral_32MX575F256L.a(I2CTransmissionHasCompleted.o)
 .debug_aranges
                0x00001068       0x20 c:/program files (x86)/microchip/mplabc32/v2.02/bin/../lib/gcc/pic32mx/4.5.1/../../../../pic32mx/lib\libmchp_peripheral_32MX575F256L.a(I2CTransmitterIsReady.o)
 .debug_aranges
                0x00001088       0x20 c:/program files (x86)/microchip/mplabc32/v2.02/bin/../lib/gcc/pic32mx/4.5.1/../../../../pic32mx/lib\libmchp_peripheral_32MX575F256L.a(int_enable_interrupts_lib.o)
 .debug_aranges
                0x000010a8       0x20 c:/program files (x86)/microchip/mplabc32/v2.02/bin/../lib/gcc/pic32mx/4.5.1\libgcc.a(_lshrdi3.o)
 .debug_aranges
                0x000010c8       0x20 c:/program files (x86)/microchip/mplabc32/v2.02/bin/../lib/gcc/pic32mx/4.5.1\libgcc.a(_ashldi3.o)

.debug_pubnames
                0x00000000     0x45a1
 *(.debug_pubnames)
 .debug_pubnames
                0x00000000       0xb7 obj-tmp\Main.o
 .debug_pubnames
                0x000000b7      0x1f4 obj-tmp\CustomHTTPApp.o
 .debug_pubnames
                0x000002ab       0x35 obj-tmp\WF_Config.o
 .debug_pubnames
                0x000002e0       0x21 obj-tmp\WifiGDemoMPFSImg.o
 .debug_pubnames
                0x00000301       0x33 obj-tmp\Announce.o
 .debug_pubnames
                0x00000334       0xb7 obj-tmp\ARP.o
 .debug_pubnames
                0x000003eb       0x2c obj-tmp\Delay.o
 .debug_pubnames
                0x00000417       0x55 obj-tmp\DNS.o
 .debug_pubnames
                0x0000046c       0x24 obj-tmp\DNSs.o
 .debug_pubnames
                0x00000490      0x10a obj-tmp\Helpers.o
 .debug_pubnames
                0x0000059a       0xcf obj-tmp\HTTP2.o
 .debug_pubnames
                0x00000669       0x22 obj-tmp\ICMP.o
 .debug_pubnames
                0x0000068b       0x44 obj-tmp\IP.o
 .debug_pubnames
                0x000006cf      0x140 obj-tmp\MPFS2.o
 .debug_pubnames
                0x0000080f       0x1f obj-tmp\NBNS.o
 .debug_pubnames
                0x0000082e       0x21 obj-tmp\Reboot.o
 .debug_pubnames
                0x0000084f       0x91 obj-tmp\SPIFlash.o
 .debug_pubnames
                0x000008e0       0x86 obj-tmp\StackTsk.o
 .debug_pubnames
                0x00000966      0x1ba obj-tmp\TCP.o
 .debug_pubnames
                0x00000b20       0x7e obj-tmp\Tick.o
 .debug_pubnames
                0x00000b9e       0x25 obj-tmp\UART.o
 .debug_pubnames
                0x00000bc3      0x155 obj-tmp\UDP.o
 .debug_pubnames
                0x00000d18       0x3b obj-tmp\ZeroconfHelper.o
 .debug_pubnames
                0x00000d53       0xc6 obj-tmp\ZeroconfLinkLocal.o
 .debug_pubnames
                0x00000e19      0x159 obj-tmp\ZeroconfMulticastDNS.o
 .debug_pubnames
                0x00000f72       0x83 obj-tmp\WF_Eint.o
 .debug_pubnames
                0x00000ff5       0x84 obj-tmp\WF_pbkdf2.o
 .debug_pubnames
                0x00001079      0x3d9 obj-tmp\WFConnectionAlgorithm.o
 .debug_pubnames
                0x00001452       0xd6 obj-tmp\WFConnectionManager.o
 .debug_pubnames
                0x00001528      0x204 obj-tmp\WFConnectionProfile.o
 .debug_pubnames
                0x0000172c       0x2f obj-tmp\WFConsoleMsgHandler.o
 .debug_pubnames
                0x0000175b      0x155 obj-tmp\WFConsoleMsgs.o
 .debug_pubnames
                0x000018b0      0x147 obj-tmp\WFDebugStrings.o
 .debug_pubnames
                0x000019f7       0xd3 obj-tmp\WFEasyConfig.o
 .debug_pubnames
                0x00001aca       0x2f obj-tmp\WFEventHandler.o
 .debug_pubnames
                0x00001af9       0x1e obj-tmp\WFInit.o
 .debug_pubnames
                0x00001b17      0x153 obj-tmp\WFPowerSave.o
 .debug_pubnames
                0x00001c6a       0x33 obj-tmp\WFScan.o
 .debug_pubnames
                0x00001c9d       0x58 obj-tmp\WFTxPower.o
 .debug_pubnames
                0x00001cf5       0x66 obj-tmp\WF_Spi.o
 .debug_pubnames
                0x00001d5b      0x1ab obj-tmp\WFDriverCom_24G.o
 .debug_pubnames
                0x00001f06      0x1ef obj-tmp\WFDriverRaw_24G.o
 .debug_pubnames
                0x000020f5      0x22c obj-tmp\WFMac_24G.o
 .debug_pubnames
                0x00002321       0xb0 obj-tmp\WFMgmtMsg_24G.o
 .debug_pubnames
                0x000023d1      0x245 obj-tmp\WFParamMsg_24G.o
 .debug_pubnames
                0x00002616       0xcc obj-tmp\DHCP.o
 .debug_pubnames
                0x000026e2       0x78 obj-tmp\DHCPs.o
 .debug_pubnames
                0x0000275a       0x84 obj-tmp\i2c_master.o
 .debug_pubnames
                0x000027de      0xa63 obj-tmp\OpenADRClient.o
 .debug_pubnames
                0x00003241      0x16f obj-tmp\INTiMain.o
 .debug_pubnames
                0x000033b0       0x64 obj-tmp\UARTiMain.o
 .debug_pubnames
                0x00003414      0x12a obj-tmp\TimeMonitor.o
 .debug_pubnames
                0x0000353e      0x299 obj-tmp\EPRI_UARTLayer.o
 .debug_pubnames
                0x000037d7      0x1ee obj-tmp\app_UCM.o
 .debug_pubnames
                0x000039c5       0x20 c:/program files (x86)/microchip/mplabc32/v2.02/bin/../lib/gcc/pic32mx/4.5.1\libgcc.a(_udivdi3.o)
 .debug_pubnames
                0x000039e5       0x20 c:/program files (x86)/microchip/mplabc32/v2.02/bin/../lib/gcc/pic32mx/4.5.1\libgcc.a(_umoddi3.o)
 .debug_pubnames
                0x00003a05       0x24 c:/program files (x86)/microchip/mplabc32/v2.02/bin/../lib/gcc/pic32mx/4.5.1\libgcc.a(floatunsisf.o)
 .debug_pubnames
                0x00003a29       0x1b c:/program files (x86)/microchip/mplabc32/v2.02/bin/../lib/gcc/pic32mx/4.5.1/../../../../pic32mx/lib\libc.a(atoi.o)
 .debug_pubnames
                0x00003a44       0x1b c:/program files (x86)/microchip/mplabc32/v2.02/bin/../lib/gcc/pic32mx/4.5.1/../../../../pic32mx/lib\libc.a(atol.o)
 .debug_pubnames
                0x00003a5f       0x41 c:/program files (x86)/microchip/mplabc32/v2.02/bin/../lib/gcc/pic32mx/4.5.1/../../../../pic32mx/lib\libc.a(ctime.o)
 .debug_pubnames
                0x00003aa0       0x1d c:/program files (x86)/microchip/mplabc32/v2.02/bin/../lib/gcc/pic32mx/4.5.1/../../../../pic32mx/lib\libc.a(mktime.o)
 .debug_pubnames
                0x00003abd       0x25 c:/program files (x86)/microchip/mplabc32/v2.02/bin/../lib/gcc/pic32mx/4.5.1/../../../../pic32mx/lib\libc.a(puts.o)
 .debug_pubnames
                0x00003ae2       0x1d c:/program files (x86)/microchip/mplabc32/v2.02/bin/../lib/gcc/pic32mx/4.5.1/../../../../pic32mx/lib\libc.a(strcat.o)
 .debug_pubnames
                0x00003aff       0x1d c:/program files (x86)/microchip/mplabc32/v2.02/bin/../lib/gcc/pic32mx/4.5.1/../../../../pic32mx/lib\libc.a(strchr.o)
 .debug_pubnames
                0x00003b1c       0x1e c:/program files (x86)/microchip/mplabc32/v2.02/bin/../lib/gcc/pic32mx/4.5.1/../../../../pic32mx/lib\libc.a(strncmp.o)
 .debug_pubnames
                0x00003b3a       0x1e c:/program files (x86)/microchip/mplabc32/v2.02/bin/../lib/gcc/pic32mx/4.5.1/../../../../pic32mx/lib\libc.a(strncpy.o)
 .debug_pubnames
                0x00003b58       0x1d c:/program files (x86)/microchip/mplabc32/v2.02/bin/../lib/gcc/pic32mx/4.5.1/../../../../pic32mx/lib\libc.a(strstr.o)
 .debug_pubnames
                0x00003b75       0x1d c:/program files (x86)/microchip/mplabc32/v2.02/bin/../lib/gcc/pic32mx/4.5.1/../../../../pic32mx/lib\libc.a(strtok.o)
 .debug_pubnames
                0x00003b92       0x28 c:/program files (x86)/microchip/mplabc32/v2.02/bin/../lib/gcc/pic32mx/4.5.1/../../../../pic32mx/lib\libc.a(printf_cdnopsuxX.eo)
 .debug_pubnames
                0x00003bba       0x29 c:/program files (x86)/microchip/mplabc32/v2.02/bin/../lib/gcc/pic32mx/4.5.1/../../../../pic32mx/lib\libc.a(sprintf_cdnopsuxX.eo)
 .debug_pubnames
                0x00003be3       0x29 c:/program files (x86)/microchip/mplabc32/v2.02/bin/../lib/gcc/pic32mx/4.5.1/../../../../pic32mx/lib\libc.a(sscanf_cdfFnopuxX.eo)
 .debug_pubnames
                0x00003c0c       0x33 c:/program files (x86)/microchip/mplabc32/v2.02/bin/../lib/gcc/pic32mx/4.5.1/../../../../pic32mx/lib\libc.a(default-bootstrap-exception-handler.o)
 .debug_pubnames
                0x00003c3f       0x20 c:/program files (x86)/microchip/mplabc32/v2.02/bin/../lib/gcc/pic32mx/4.5.1/../../../../pic32mx/lib\libc.a(default-on-reset.o)
 .debug_pubnames
                0x00003c5f       0x24 c:/program files (x86)/microchip/mplabc32/v2.02/bin/../lib/gcc/pic32mx/4.5.1/../../../../pic32mx/lib\libc.a(default-on-bootstrap.o)
 .debug_pubnames
                0x00003c83       0x1c c:/program files (x86)/microchip/mplabc32/v2.02/bin/../lib/gcc/pic32mx/4.5.1/../../../../pic32mx/lib\libc.a(_fputc_simple.o)
 .debug_pubnames
                0x00003c9f       0x1e c:/program files (x86)/microchip/mplabc32/v2.02/bin/../lib/gcc/pic32mx/4.5.1/../../../../pic32mx/lib\libc.a(strcspn.o)
 .debug_pubnames
                0x00003cbd       0x1d c:/program files (x86)/microchip/mplabc32/v2.02/bin/../lib/gcc/pic32mx/4.5.1/../../../../pic32mx/lib\libc.a(strspn.o)
 .debug_pubnames
                0x00003cda       0x2a c:/program files (x86)/microchip/mplabc32/v2.02/bin/../lib/gcc/pic32mx/4.5.1/../../../../pic32mx/lib\libc.a(doprnt_cdnopsuxX.eo)
 .debug_pubnames
                0x00003d04       0x2a c:/program files (x86)/microchip/mplabc32/v2.02/bin/../lib/gcc/pic32mx/4.5.1/../../../../pic32mx/lib\libc.a(doscan_cdfFnopuxX.eo)
 .debug_pubnames
                0x00003d2e       0x28 c:/program files (x86)/microchip/mplabc32/v2.02/bin/../lib/gcc/pic32mx/4.5.1/../../../../pic32mx/lib\libc.a(doscan_cdnopuxX.eo)
 .debug_pubnames
                0x00003d56       0x1c c:/program files (x86)/microchip/mplabc32/v2.02/bin/../lib/gcc/pic32mx/4.5.1/../../../../pic32mx/lib\libc.a(write.o)
 .debug_pubnames
                0x00003d72       0x1e c:/program files (x86)/microchip/mplabc32/v2.02/bin/../lib/gcc/pic32mx/4.5.1/../../../../pic32mx/lib\libc.a(_flsbuf_simple.o)
 .debug_pubnames
                0x00003d90       0x1c c:/program files (x86)/microchip/mplabc32/v2.02/bin/../lib/gcc/pic32mx/4.5.1/../../../../pic32mx/lib\libc.a(fgetc.o)
 .debug_pubnames
                0x00003dac       0xe1 c:/program files (x86)/microchip/mplabc32/v2.02/bin/../lib/gcc/pic32mx/4.5.1/../../../../pic32mx/lib\libc.a(ctypef.o)
 .debug_pubnames
                0x00003e8d       0x29 c:/program files (x86)/microchip/mplabc32/v2.02/bin/../lib/gcc/pic32mx/4.5.1/../../../../pic32mx/lib\libc.a(strtof.o)
 .debug_pubnames
                0x00003eb6       0x2a c:/program files (x86)/microchip/mplabc32/v2.02/bin/../lib/gcc/pic32mx/4.5.1/../../../../pic32mx/lib\libc.a(strtod.o)
 .debug_pubnames
                0x00003ee0       0x1d c:/program files (x86)/microchip/mplabc32/v2.02/bin/../lib/gcc/pic32mx/4.5.1/../../../../pic32mx/lib\libc.a(ungetc.o)
 .debug_pubnames
                0x00003efd       0x1e c:/program files (x86)/microchip/mplabc32/v2.02/bin/../lib/gcc/pic32mx/4.5.1/../../../../pic32mx/lib\libc.a(filbuf.o)
 .debug_pubnames
                0x00003f1b       0x1d c:/program files (x86)/microchip/mplabc32/v2.02/bin/../lib/gcc/pic32mx/4.5.1/../../../../pic32mx/lib\libc.a(fflush.o)
 .debug_pubnames
                0x00003f38       0x1b c:/program files (x86)/microchip/mplabc32/v2.02/bin/../lib/gcc/pic32mx/4.5.1/../../../../pic32mx/lib\libc.a(read.o)
 .debug_pubnames
                0x00003f53       0x1c c:/program files (x86)/microchip/mplabc32/v2.02/bin/../lib/gcc/pic32mx/4.5.1/../../../../pic32mx/lib\libm.a(w_sqrtf.o)
 .debug_pubnames
                0x00003f6f       0x1f c:/program files (x86)/microchip/mplabc32/v2.02/bin/../lib/gcc/pic32mx/4.5.1/../../../../pic32mx/lib\libe.a(_strtod.o)
 .debug_pubnames
                0x00003f8e       0x1f c:/program files (x86)/microchip/mplabc32/v2.02/bin/../lib/gcc/pic32mx/4.5.1/../../../../pic32mx/lib\libe.a(_strtof.o)
 .debug_pubnames
                0x00003fad       0x1f c:/program files (x86)/microchip/mplabc32/v2.02/bin/../lib/gcc/pic32mx/4.5.1/../../../../pic32mx/lib\libe.a(_divdf3.o)
 .debug_pubnames
                0x00003fcc       0x1f c:/program files (x86)/microchip/mplabc32/v2.02/bin/../lib/gcc/pic32mx/4.5.1/../../../../pic32mx/lib\libe.a(_muldf3.o)
 .debug_pubnames
                0x00003feb       0x1f c:/program files (x86)/microchip/mplabc32/v2.02/bin/../lib/gcc/pic32mx/4.5.1/../../../../pic32mx/lib\libe.a(_negdf2.o)
 .debug_pubnames
                0x0000400a       0x2c c:/program files (x86)/microchip/mplabc32/v2.02/bin/../lib/gcc/pic32mx/4.5.1/../../../../pic32mx/lib\libe.a(_adddf3.o)
 .debug_pubnames
                0x00004036       0x22 c:/program files (x86)/microchip/mplabc32/v2.02/bin/../lib/gcc/pic32mx/4.5.1/../../../../pic32mx/lib\libe.a(_floatsidf.o)
 .debug_pubnames
                0x00004058       0x1e c:/program files (x86)/microchip/mplabc32/v2.02/bin/../lib/gcc/pic32mx/4.5.1/../../../../pic32mx/lib\libe.a(_ldexp.o)
 .debug_pubnames
                0x00004076       0x1f c:/program files (x86)/microchip/mplabc32/v2.02/bin/../lib/gcc/pic32mx/4.5.1/../../../../pic32mx/lib\libe.a(_ldexpf.o)
 .debug_pubnames
                0x00004095       0x20 c:/program files (x86)/microchip/mplabc32/v2.02/bin/../lib/gcc/pic32mx/4.5.1/../../../../pic32mx/lib\libmchp_peripheral_32MX575F256L.a(soft_reset_lib.o)
 .debug_pubnames
                0x000040b5       0x3b c:/program files (x86)/microchip/mplabc32/v2.02/bin/../lib/gcc/pic32mx/4.5.1/../../../../pic32mx/lib\libmchp_peripheral_32MX575F256L.a(pcache.o)
 .debug_pubnames
                0x000040f0       0x2b c:/program files (x86)/microchip/mplabc32/v2.02/bin/../lib/gcc/pic32mx/4.5.1/../../../../pic32mx/lib\libmchp_peripheral_32MX575F256L.a(int_disable_interrupts_lib.o)
 .debug_pubnames
                0x0000411b       0x2b c:/program files (x86)/microchip/mplabc32/v2.02/bin/../lib/gcc/pic32mx/4.5.1/../../../../pic32mx/lib\libmchp_peripheral_32MX575F256L.a(int_restore_interrupts_lib.o)
 .debug_pubnames
                0x00004146       0x36 c:/program files (x86)/microchip/mplabc32/v2.02/bin/../lib/gcc/pic32mx/4.5.1/../../../../pic32mx/lib\libmchp_peripheral_32MX575F256L.a(int_enable_mv_int_lib.o)
 .debug_pubnames
                0x0000417c       0xca c:/program files (x86)/microchip/mplabc32/v2.02/bin/../lib/gcc/pic32mx/4.5.1/../../../../pic32mx/lib\libmchp_peripheral_32MX575F256L.a(int_tbl_lib.o)
 .debug_pubnames
                0x00004246       0xb1 c:/program files (x86)/microchip/mplabc32/v2.02/bin/../lib/gcc/pic32mx/4.5.1/../../../../pic32mx/lib\libmchp_peripheral_32MX575F256L.a(uart_lib.o)
 .debug_pubnames
                0x000042f7       0x2e c:/program files (x86)/microchip/mplabc32/v2.02/bin/../lib/gcc/pic32mx/4.5.1/../../../../pic32mx/lib\libmchp_peripheral_32MX575F256L.a(puts_uartx_lib_legacy.o)
 .debug_pubnames
                0x00004325       0x1f c:/program files (x86)/microchip/mplabc32/v2.02/bin/../lib/gcc/pic32mx/4.5.1/../../../../pic32mx/lib\libmchp_peripheral_32MX575F256L.a(idle_i2c2_lib_legacy.o)
 .debug_pubnames
                0x00004344       0x23 c:/program files (x86)/microchip/mplabc32/v2.02/bin/../lib/gcc/pic32mx/4.5.1/../../../../pic32mx/lib\libmchp_peripheral_32MX575F256L.a(I2CBusIsIdle.o)
 .debug_pubnames
                0x00004367       0x2d c:/program files (x86)/microchip/mplabc32/v2.02/bin/../lib/gcc/pic32mx/4.5.1/../../../../pic32mx/lib\libmchp_peripheral_32MX575F256L.a(I2CByteWasAcknowledged.o)
 .debug_pubnames
                0x00004394       0x20 c:/program files (x86)/microchip/mplabc32/v2.02/bin/../lib/gcc/pic32mx/4.5.1/../../../../pic32mx/lib\libmchp_peripheral_32MX575F256L.a(I2CEnable.o)
 .debug_pubnames
                0x000043b4       0x21 c:/program files (x86)/microchip/mplabc32/v2.02/bin/../lib/gcc/pic32mx/4.5.1/../../../../pic32mx/lib\libmchp_peripheral_32MX575F256L.a(I2CGetByte.o)
 .debug_pubnames
                0x000043d5       0x23 c:/program files (x86)/microchip/mplabc32/v2.02/bin/../lib/gcc/pic32mx/4.5.1/../../../../pic32mx/lib\libmchp_peripheral_32MX575F256L.a(I2CGetStatus.o)
 .debug_pubnames
                0x000043f8       0x31 c:/program files (x86)/microchip/mplabc32/v2.02/bin/../lib/gcc/pic32mx/4.5.1/../../../../pic32mx/lib\libmchp_peripheral_32MX575F256L.a(I2CReceivedDataIsAvailable.o)
 .debug_pubnames
                0x00004429       0x28 c:/program files (x86)/microchip/mplabc32/v2.02/bin/../lib/gcc/pic32mx/4.5.1/../../../../pic32mx/lib\libmchp_peripheral_32MX575F256L.a(I2CReceiverEnable.o)
 .debug_pubnames