Archive member included because of file (symbol)

c:/program files (x86)/microchip/mplabc32/v2.02/bin/../lib/gcc/pic32mx/4.5.1\libgcc.a(_udivdi3.o)
                              obj-tmp\Tick.o (__udivdi3)
c:/program files (x86)/microchip/mplabc32/v2.02/bin/../lib/gcc/pic32mx/4.5.1\libgcc.a(_umoddi3.o)
                              obj-tmp\DHCP.o (__umoddi3)
c:/program files (x86)/microchip/mplabc32/v2.02/bin/../lib/gcc/pic32mx/4.5.1/../../../../pic32mx/lib\libc.a(memcmp.o)
                              obj-tmp\CustomHTTPApp.o (memcmp)
c:/program files (x86)/microchip/mplabc32/v2.02/bin/../lib/gcc/pic32mx/4.5.1/../../../../pic32mx/lib\libc.a(memcpy.o)
                              obj-tmp\Main.o (memcpy)
c:/program files (x86)/microchip/mplabc32/v2.02/bin/../lib/gcc/pic32mx/4.5.1/../../../../pic32mx/lib\libc.a(memset.o)
                              obj-tmp\Main.o (memset)
c:/program files (x86)/microchip/mplabc32/v2.02/bin/../lib/gcc/pic32mx/4.5.1/../../../../pic32mx/lib\libc.a(strcmp.o)
                              obj-tmp\CustomHTTPApp.o (strcmp)
c:/program files (x86)/microchip/mplabc32/v2.02/bin/../lib/gcc/pic32mx/4.5.1/../../../../pic32mx/lib\libc.a(strcpy.o)
                              obj-tmp\CustomHTTPApp.o (strcpy)
c:/program files (x86)/microchip/mplabc32/v2.02/bin/../lib/gcc/pic32mx/4.5.1/../../../../pic32mx/lib\libc.a(strlen.o)
                              obj-tmp\Main.o (strlen)
c:/program files (x86)/microchip/mplabc32/v2.02/bin/../lib/gcc/pic32mx/4.5.1/../../../../pic32mx/lib\libc.a(general-exception.o)
                              c:/program files (x86)/microchip/mplabc32/v2.02/bin/../lib/gcc/pic32mx/4.5.1/../../../../pic32mx/lib/crt0.o (_general_exception_context)
c:/program files (x86)/microchip/mplabc32/v2.02/bin/../lib/gcc/pic32mx/4.5.1/../../../../pic32mx/lib\libc.a(atol.o)
                              obj-tmp\HTTP2.o (atol)
c:/program files (x86)/microchip/mplabc32/v2.02/bin/../lib/gcc/pic32mx/4.5.1/../../../../pic32mx/lib\libc.a(ctype.o)
                              obj-tmp\WFConsoleMsgs.o (_ctype)
c:/program files (x86)/microchip/mplabc32/v2.02/bin/../lib/gcc/pic32mx/4.5.1/../../../../pic32mx/lib\libc.a(puts.o)
                              obj-tmp\Main.o (puts)
c:/program files (x86)/microchip/mplabc32/v2.02/bin/../lib/gcc/pic32mx/4.5.1/../../../../pic32mx/lib\libc.a(strncpy.o)
                              obj-tmp\Helpers.o (strncpy)
c:/program files (x86)/microchip/mplabc32/v2.02/bin/../lib/gcc/pic32mx/4.5.1/../../../../pic32mx/lib\libc.a(printf_cdnopsuxX.eo)
                              (_printf_cdnopsuxX)
c:/program files (x86)/microchip/mplabc32/v2.02/bin/../lib/gcc/pic32mx/4.5.1/../../../../pic32mx/lib\libc.a(printf_cdnopuxX.eo)
                              obj-tmp\Main.o (_printf_cdnopuxX)
c:/program files (x86)/microchip/mplabc32/v2.02/bin/../lib/gcc/pic32mx/4.5.1/../../../../pic32mx/lib\libc.a(printf_s.eo)
                              obj-tmp\CustomHTTPApp.o (_printf_s)
c:/program files (x86)/microchip/mplabc32/v2.02/bin/../lib/gcc/pic32mx/4.5.1/../../../../pic32mx/lib\libc.a(sprintf_cdnopsuxX.eo)
                              obj-tmp\WF_Config.o (_sprintf_cdnopsuxX)
c:/program files (x86)/microchip/mplabc32/v2.02/bin/../lib/gcc/pic32mx/4.5.1/../../../../pic32mx/lib\libc.a(sprintf_cdnopuxX.eo)
                              obj-tmp\Main.o (_sprintf_cdnopuxX)
c:/program files (x86)/microchip/mplabc32/v2.02/bin/../lib/gcc/pic32mx/4.5.1/../../../../pic32mx/lib\libc.a(default-bootstrap-exception-handler.o)
                              c:/program files (x86)/microchip/mplabc32/v2.02/bin/../lib/gcc/pic32mx/4.5.1/../../../../pic32mx/lib/crt0.o (_bootstrap_exception_handler)
c:/program files (x86)/microchip/mplabc32/v2.02/bin/../lib/gcc/pic32mx/4.5.1/../../../../pic32mx/lib\libc.a(default-on-reset.o)
                              c:/program files (x86)/microchip/mplabc32/v2.02/bin/../lib/gcc/pic32mx/4.5.1/../../../../pic32mx/lib/crt0.o (_on_reset)
c:/program files (x86)/microchip/mplabc32/v2.02/bin/../lib/gcc/pic32mx/4.5.1/../../../../pic32mx/lib\libc.a(default-on-bootstrap.o)
                              c:/program files (x86)/microchip/mplabc32/v2.02/bin/../lib/gcc/pic32mx/4.5.1/../../../../pic32mx/lib/crt0.o (_on_bootstrap)
c:/program files (x86)/microchip/mplabc32/v2.02/bin/../lib/gcc/pic32mx/4.5.1/../../../../pic32mx/lib\libc.a(default-nmi-handler.o)
                              c:/program files (x86)/microchip/mplabc32/v2.02/bin/../lib/gcc/pic32mx/4.5.1/../../../../pic32mx/lib/crt0.o (_nmi_handler)
c:/program files (x86)/microchip/mplabc32/v2.02/bin/../lib/gcc/pic32mx/4.5.1/../../../../pic32mx/lib\libc.a(_iob.o)
                              c:/program files (x86)/microchip/mplabc32/v2.02/bin/../lib/gcc/pic32mx/4.5.1/../../../../pic32mx/lib\libc.a(puts.o) (_iob)
c:/program files (x86)/microchip/mplabc32/v2.02/bin/../lib/gcc/pic32mx/4.5.1/../../../../pic32mx/lib\libc.a(_fputc_simple.o)
[...]
Memory Configuration

Name             Origin             Length             Attributes
kseg0_program_mem 0x9d000000         0x00040000         xr
kseg0_boot_mem   0x9fc00490         0x00000970
exception_mem    0x9fc01000         0x00001000
kseg1_boot_mem   0xbfc00000         0x00000490
debug_exec_mem   0xbfc02000         0x00000ff0
config3          0xbfc02ff0         0x00000004
config2          0xbfc02ff4         0x00000004
config1          0xbfc02ff8         0x00000004
config0          0xbfc02ffc         0x00000004
kseg1_data_mem   0xa0000000         0x00010000         w !x
sfrs             0xbf800000         0x00100000
configsfrs       0xbfc02ff0         0x00000010
*default*        0x00000000         0xffffffff

Linker script and memory map

LOAD c:/program files (x86)/microchip/mplabc32/v2.02/bin/../lib/gcc/pic32mx/4.5.1/../../../../pic32mx/lib/crt0.o
LOAD obj-tmp\Main.o
LOAD obj-tmp\CustomHTTPApp.o
LOAD obj-tmp\WF_Config.o
LOAD obj-tmp\WifiGDemoMPFSImg.o
LOAD obj-tmp\Announce.o
LOAD obj-tmp\ARCFOUR.o
LOAD obj-tmp\ARP.o
LOAD obj-tmp\AutoIP.o
LOAD obj-tmp\BerkeleyAPI.o
LOAD obj-tmp\BigInt.o
LOAD obj-tmp\BigInt_helper_PIC32.o
LOAD obj-tmp\Delay.o
LOAD obj-tmp\DNS.o
LOAD obj-tmp\DNSs.o
LOAD obj-tmp\DynDNS.o
LOAD obj-tmp\ENC28J60.o
LOAD obj-tmp\ENCX24J600.o
LOAD obj-tmp\eth_pic32_ext_phy_rtl8201FL.o
LOAD obj-tmp\ETH97J60.o
LOAD obj-tmp\ETHPIC32ExtPhy.o
LOAD obj-tmp\ETHPIC32ExtPhyDP83640.o
LOAD obj-tmp\ETHPIC32ExtPhyDP83848.o
LOAD obj-tmp\ETHPIC32ExtPhySMSC8700.o
LOAD obj-tmp\ETHPIC32ExtPhySMSC8720.o
LOAD obj-tmp\ETHPIC32IntMac.o
LOAD obj-tmp\FileSystem.o
LOAD obj-tmp\FTP.o
LOAD obj-tmp\Hashes.o
LOAD obj-tmp\Helpers.o
LOAD obj-tmp\HTTP2.o
LOAD obj-tmp\ICMP.o
LOAD obj-tmp\IP.o
LOAD obj-tmp\LCDBlocking.o
LOAD obj-tmp\MPFS2.o
LOAD obj-tmp\NBNS.o
LOAD obj-tmp\Random.o
LOAD obj-tmp\Reboot.o
LOAD obj-tmp\RSA.o
LOAD obj-tmp\SMTP.o
LOAD obj-tmp\SNMP.o
LOAD obj-tmp\SNMPv3.o
LOAD obj-tmp\SNMPv3USM.o
LOAD obj-tmp\SNTP.o
LOAD obj-tmp\SPIEEPROM.o
LOAD obj-tmp\SPIFlash.o
LOAD obj-tmp\SPIRAM.o
LOAD obj-tmp\SSL.o
LOAD obj-tmp\StackTsk.o
LOAD obj-tmp\TCP.o
LOAD obj-tmp\TCPPerformanceTest.o
LOAD obj-tmp\Telnet.o
LOAD obj-tmp\TFTPc.o
LOAD obj-tmp\Tick.o
LOAD obj-tmp\UART.o
LOAD obj-tmp\UART2TCPBridge.o
LOAD obj-tmp\UDP.o
LOAD obj-tmp\UDPPerformanceTest.o
LOAD obj-tmp\ZeroconfHelper.o
LOAD obj-tmp\ZeroconfLinkLocal.o
LOAD obj-tmp\ZeroconfMulticastDNS.o
LOAD obj-tmp\WF_Eint.o
LOAD obj-tmp\WF_pbkdf2.o
LOAD obj-tmp\WFConnectionAlgorithm.o
LOAD obj-tmp\WFConnectionManager.o
LOAD obj-tmp\WFConnectionProfile.o
LOAD obj-tmp\WFConsole.o
LOAD obj-tmp\WFConsoleIfconfig.o
LOAD obj-tmp\WFConsoleIwconfig.o
LOAD obj-tmp\WFConsoleIwpriv.o
LOAD obj-tmp\WFConsoleMsgHandler.o
LOAD obj-tmp\WFConsoleMsgs.o
LOAD obj-tmp\WFDataTxRx.o
LOAD obj-tmp\WFDebugStrings.o
LOAD obj-tmp\WFEasyConfig.o
LOAD obj-tmp\WFEventHandler.o
LOAD obj-tmp\WFInit.o
LOAD obj-tmp\WFPowerSave.o
LOAD obj-tmp\WFScan.o
LOAD obj-tmp\WFTxPower.o
LOAD obj-tmp\WF_Spi.o
LOAD obj-tmp\WFDriverCom_24G.o
LOAD obj-tmp\WFDriverRaw_24G.o
LOAD obj-tmp\WFMac_24G.o
LOAD obj-tmp\WFMgmtMsg_24G.o
LOAD obj-tmp\WFParamMsg_24G.o
LOAD obj-tmp\DHCP.o
LOAD obj-tmp\DHCPs.o
                0x00000001                __MPLAB_BUILD = 0x1
LOAD c:/program files (x86)/microchip/mplabc32/v2.02/bin/../lib/gcc/pic32mx/4.5.1\libgcc.a
START GROUP
LOAD c:/program files (x86)/microchip/mplabc32/v2.02/bin/../lib/gcc/pic32mx/4.5.1/../../../../pic32mx/lib\libdebug.a
LOAD c:/program files (x86)/microchip/mplabc32/v2.02/bin/../lib/gcc/pic32mx/4.5.1/../../../../pic32mx/lib\libc.a
LOAD c:/program files (x86)/microchip/mplabc32/v2.02/bin/../lib/gcc/pic32mx/4.5.1/../../../../pic32mx/lib\libm.a
LOAD c:/program files (x86)/microchip/mplabc32/v2.02/bin/../lib/gcc/pic32mx/4.5.1/../../../../pic32mx/lib\libe.a
LOAD c:/program files (x86)/microchip/mplabc32/v2.02/bin/../lib/gcc/pic32mx/4.5.1/../../../../pic32mx/lib\libdsp.a
LOAD c:/program files (x86)/microchip/mplabc32/v2.02/bin/../lib/gcc/pic32mx/4.5.1/../../../../pic32mx/lib\libmchp_peripheral.a
LOAD c:/program files (x86)/microchip/mplabc32/v2.02/bin/../lib/gcc/pic32mx/4.5.1/../../../../pic32mx/lib\libmchp_peripheral_32MX575F256L.a
END GROUP
LOAD c:/program files (x86)/microchip/mplabc32/v2.02/bin/../lib/gcc/pic32mx/4.5.1\libgcc.a
                0x00000400                PROVIDE (_min_stack_size, 0x400)
                0x00000000                PROVIDE (_min_heap_size, 0x0)
LOAD c:/program files (x86)/microchip/mplabc32/v2.02/bin/../lib/gcc/pic32mx/4.5.1/../../../../pic32mx/lib/./proc/32MX575F256L\processor.o
                0x00000001                PROVIDE (_vector_spacing, 0x1)
                0x9fc01000                _ebase_address = 0x9fc01000
                0xbfc00000                _RESET_ADDR = 0xbfc00000
                0xbfc00380                _BEV_EXCPT_ADDR = 0xbfc00380
                0xbfc00480                _DBG_EXCPT_ADDR = 0xbfc00480
                0xbfc02000                _DBG_CODE_ADDR = 0xbfc02000
                0x00000ff0                _DBG_CODE_SIZE = 0xff0
                0x9fc01180                _GEN_EXCPT_ADDR = (_ebase_address + 0x180)

.config_BFC02FF0
 *(.config_BFC02FF0)

.config_BFC02FF4
                0xbfc02ff4        0x4
 *(.config_BFC02FF4)
 .config_BFC02FF4
                0xbfc02ff4        0x4 obj-tmp\Main.o

.config_BFC02FF8
                0xbfc02ff8        0x4
 *(.config_BFC02FF8)
 .config_BFC02FF8
                0xbfc02ff8        0x4 obj-tmp\Main.o

.config_BFC02FFC
                0xbfc02ffc        0x4
 *(.config_BFC02FFC)
 .config_BFC02FFC
                0xbfc02ffc        0x4 obj-tmp\Main.o
                0xbfc02000                PROVIDE (_DBG_CODE_ADDR, 0xbfc02000)
                0x00000ff0                PROVIDE (_DBG_CODE_SIZE, 0xff0)

.reset          0xbfc00000      0x1f4
 *(.reset)
 .reset         0xbfc00000       0x10 c:/program files (x86)/microchip/mplabc32/v2.02/bin/../lib/gcc/pic32mx/4.5.1/../../../../pic32mx/lib/crt0.o
                0xbfc00000                _reset
 *(.reset.startup)
 .reset.startup
                0xbfc00010      0x1e4 c:/program files (x86)/microchip/mplabc32/v2.02/bin/../lib/gcc/pic32mx/4.5.1/../../../../pic32mx/lib/crt0.o

.bev_excpt      0xbfc00380       0x10
 *(.bev_handler)
 .bev_handler   0xbfc00380       0x10 c:/program files (x86)/microchip/mplabc32/v2.02/bin/../lib/gcc/pic32mx/4.5.1/../../../../pic32mx/lib/crt0.o

.dbg_excpt      0xbfc00480        0x0
                0xbfc00480                . = (. + DEFINED (_DEBUGGER)?0x8:0x0)

.dbg_code       0xbfc02000        0x0
                0xbfc02000                . = (. + DEFINED (_DEBUGGER)?_DBG_CODE_SIZE:0x0)

.app_excpt      0x9fc01180       0x10
 *(.gen_handler)
 .gen_handler   0x9fc01180       0x10 c:/program files (x86)/microchip/mplabc32/v2.02/bin/../lib/gcc/pic32mx/4.5.1/../../../../pic32mx/lib/crt0.o

.vector_0       0x9fc01200        0x0
 *(.vector_0)
                0x00000001                ASSERT (((_vector_spacing == 0x0) || (SIZEOF (.vector_0) <= (_vector_spacing << 0x5))), function at exception vector 0 too large)

.vector_1       0x9fc01220        0x0
 *(.vector_1)
                0x00000001                ASSERT (((_vector_spacing == 0x0) || (SIZEOF (.vector_1) <= (_vector_spacing << 0x5))), function at exception vector 1 too large)

.vector_2       0x9fc01240        0x0
 *(.vector_2)
                0x00000001                ASSERT (((_vector_spacing == 0x0) || (SIZEOF (.vector_2) <= (_vector_spacing << 0x5))), function at exception vector 2 too large)

.vector_3       0x9fc01260        0x0
 *(.vector_3)
                0x00000001                ASSERT (((_vector_spacing == 0x0) || (SIZEOF (.vector_3) <= (_vector_spacing << 0x5))), function at exception vector 3 too large)

.vector_4       0x9fc01280        0x8
 *(.vector_4)
 .vector_4      0x9fc01280        0x8 obj-tmp\Tick.o
                0x00000001                ASSERT (((_vector_spacing == 0x0) || (SIZEOF (.vector_4) <= (_vector_spacing << 0x5))), function at exception vector 4 too large)

.vector_5       0x9fc012a0        0x0
 *(.vector_5)
                0x00000001                ASSERT (((_vector_spacing == 0x0) || (SIZEOF (.vector_5) <= (_vector_spacing << 0x5))), function at exception vector 5 too large)

.vector_6       0x9fc012c0        0x0
 *(.vector_6)
                0x00000001                ASSERT (((_vector_spacing == 0x0) || (SIZEOF (.vector_6) <= (_vector_spacing << 0x5))), function at exception vector 6 too large)

.vector_7       0x9fc012e0        0x0
 *(.vector_7)
                0x00000001                ASSERT (((_vector_spacing == 0x0) || (SIZEOF (.vector_7) <= (_vector_spacing << 0x5))), function at exception vector 7 too large)

.vector_8       0x9fc01300        0x0
 *(.vector_8)
                0x00000001                ASSERT (((_vector_spacing == 0x0) || (SIZEOF (.vector_8) <= (_vector_spacing << 0x5))), function at exception vector 8 too large)

.vector_9       0x9fc01320        0x0
 *(.vector_9)
                0x00000001                ASSERT (((_vector_spacing == 0x0) || (SIZEOF (.vector_9) <= (_vector_spacing << 0x5))), function at exception vector 9 too large)

.vector_10      0x9fc01340        0x0
 *(.vector_10)
                0x00000001                ASSERT (((_vector_spacing == 0x0) || (SIZEOF (.vector_10) <= (_vector_spacing << 0x5))), function at exception vector 10 too large)

.vector_11      0x9fc01360        0x0
 *(.vector_11)
                0x00000001                ASSERT (((_vector_spacing == 0x0) || (SIZEOF (.vector_11) <= (_vector_spacing << 0x5))), function at exception vector 11 too large)

.vector_12      0x9fc01380        0x0
 *(.vector_12)
                0x00000001                ASSERT (((_vector_spacing == 0x0) || (SIZEOF (.vector_12) <= (_vector_spacing << 0x5))), function at exception vector 12 too large)

.vector_13      0x9fc013a0        0x0
 *(.vector_13)
                0x00000001                ASSERT (((_vector_spacing == 0x0) || (SIZEOF (.vector_13) <= (_vector_spacing << 0x5))), function at exception vector 13 too large)

.vector_14      0x9fc013c0        0x0
 *(.vector_14)
                0x00000001                ASSERT (((_vector_spacing == 0x0) || (SIZEOF (.vector_14) <= (_vector_spacing << 0x5))), function at exception vector 14 too large)

.vector_15      0x9fc013e0        0x8
 *(.vector_15)
 .vector_15     0x9fc013e0        0x8 obj-tmp\WF_Eint.o
                0x00000001                ASSERT (((_vector_spacing == 0x0) || (SIZEOF (.vector_15) <= (_vector_spacing << 0x5))), function at exception vector 15 too large)

.vector_16      0x9fc01400        0x0
 *(.vector_16)
                0x00000001                ASSERT (((_vector_spacing == 0x0) || (SIZEOF (.vector_16) <= (_vector_spacing << 0x5))), function at exception vector 16 too large)

.vector_17      0x9fc01420        0x0
 *(.vector_17)
                0x00000001                ASSERT (((_vector_spacing == 0x0) || (SIZEOF (.vector_17) <= (_vector_spacing << 0x5))), function at exception vector 17 too large)

.vector_18      0x9fc01440        0x0
 *(.vector_18)
                0x00000001                ASSERT (((_vector_spacing == 0x0) || (SIZEOF (.vector_18) <= (_vector_spacing << 0x5))), function at exception vector 18 too large)

.vector_19      0x9fc01460        0x0
 *(.vector_19)
                0x00000001                ASSERT (((_vector_spacing == 0x0) || (SIZEOF (.vector_19) <= (_vector_spacing << 0x5))), function at exception vector 19 too large)

.vector_20      0x9fc01480        0x0
 *(.vector_20)
                0x00000001                ASSERT (((_vector_spacing == 0x0) || (SIZEOF (.vector_20) <= (_vector_spacing << 0x5))), function at exception vector 20 too large)

.vector_21      0x9fc014a0        0x0
 *(.vector_21)
                0x00000001                ASSERT (((_vector_spacing == 0x0) || (SIZEOF (.vector_21) <= (_vector_spacing << 0x5))), function at exception vector 21 too large)

.vector_22      0x9fc014c0        0x0
 *(.vector_22)
                0x00000001                ASSERT (((_vector_spacing == 0x0) || (SIZEOF (.vector_22) <= (_vector_spacing << 0x5))), function at exception vector 22 too large)

.vector_23      0x9fc014e0        0x0
 *(.vector_23)
                0x00000001                ASSERT (((_vector_spacing == 0x0) || (SIZEOF (.vector_23) <= (_vector_spacing << 0x5))), function at exception vector 23 too large)

.vector_24      0x9fc01500        0x0
 *(.vector_24)
                0x00000001                ASSERT (((_vector_spacing == 0x0) || (SIZEOF (.vector_24) <= (_vector_spacing << 0x5))), function at exception vector 24 too large)

.vector_25      0x9fc01520        0x0
 *(.vector_25)
                0x00000001                ASSERT (((_vector_spacing == 0x0) || (SIZEOF (.vector_25) <= (_vector_spacing << 0x5))), function at exception vector 25 too large)

.vector_26      0x9fc01540        0x0
 *(.vector_26)
                0x00000001                ASSERT (((_vector_spacing == 0x0) || (SIZEOF (.vector_26) <= (_vector_spacing << 0x5))), function at exception vector 26 too large)

.vector_27      0x9fc01560        0x0
 *(.vector_27)
                0x00000001                ASSERT (((_vector_spacing == 0x0) || (SIZEOF (.vector_27) <= (_vector_spacing << 0x5))), function at exception vector 27 too large)

.vector_28      0x9fc01580        0x0
 *(.vector_28)
                0x00000001                ASSERT (((_vector_spacing == 0x0) || (SIZEOF (.vector_28) <= (_vector_spacing << 0x5))), function at exception vector 28 too large)

.vector_29      0x9fc015a0        0x0
 *(.vector_29)
                0x00000001                ASSERT (((_vector_spacing == 0x0) || (SIZEOF (.vector_29) <= (_vector_spacing << 0x5))), function at exception vector 29 too large)

.vector_30      0x9fc015c0        0x0
 *(.vector_30)
                0x00000001                ASSERT (((_vector_spacing == 0x0) || (SIZEOF (.vector_30) <= (_vector_spacing << 0x5))), function at exception vector 30 too large)

.vector_31      0x9fc015e0        0x0
 *(.vector_31)
                0x00000001                ASSERT (((_vector_spacing == 0x0) || (SIZEOF (.vector_31) <= (_vector_spacing << 0x5))), function at exception vector 31 too large)

.vector_32      0x9fc01600        0x0
 *(.vector_32)
                0x00000001                ASSERT (((_vector_spacing == 0x0) || (SIZEOF (.vector_32) <= (_vector_spacing << 0x5))), function at exception vector 32 too large)

.vector_33      0x9fc01620        0x0
 *(.vector_33)
                0x00000001                ASSERT (((_vector_spacing == 0x0) || (SIZEOF (.vector_33) <= (_vector_spacing << 0x5))), function at exception vector 33 too large)

.vector_34      0x9fc01640        0x0
 *(.vector_34)
                0x00000001                ASSERT (((_vector_spacing == 0x0) || (SIZEOF (.vector_34) <= (_vector_spacing << 0x5))), function at exception vector 34 too large)

.vector_35      0x9fc01660        0x0
 *(.vector_35)
                0x00000001                ASSERT (((_vector_spacing == 0x0) || (SIZEOF (.vector_35) <= (_vector_spacing << 0x5))), function at exception vector 35 too large)

.vector_36      0x9fc01680        0x0
 *(.vector_36)
                0x00000001                ASSERT (((_vector_spacing == 0x0) || (SIZEOF (.vector_36) <= (_vector_spacing << 0x5))), function at exception vector 36 too large)

.vector_37      0x9fc016a0        0x0
 *(.vector_37)
                0x00000001                ASSERT (((_vector_spacing == 0x0) || (SIZEOF (.vector_37) <= (_vector_spacing << 0x5))), function at exception vector 37 too large)

.vector_38      0x9fc016c0        0x0
 *(.vector_38)
                0x00000001                ASSERT (((_vector_spacing == 0x0) || (SIZEOF (.vector_38) <= (_vector_spacing << 0x5))), function at exception vector 38 too large)

.vector_39      0x9fc016e0        0x0
 *(.vector_39)
                0x00000001                ASSERT (((_vector_spacing == 0x0) || (SIZEOF (.vector_39) <= (_vector_spacing << 0x5))), function at exception vector 39 too large)

.vector_40      0x9fc01700        0x0
 *(.vector_40)
                0x00000001                ASSERT (((_vector_spacing == 0x0) || (SIZEOF (.vector_40) <= (_vector_spacing << 0x5))), function at exception vector 40 too large)

.vector_41      0x9fc01720        0x0
 *(.vector_41)
                0x00000001                ASSERT (((_vector_spacing == 0x0) || (SIZEOF (.vector_41) <= (_vector_spacing << 0x5))), function at exception vector 41 too large)

.vector_42      0x9fc01740        0x0
 *(.vector_42)
                0x00000001                ASSERT (((_vector_spacing == 0x0) || (SIZEOF (.vector_42) <= (_vector_spacing << 0x5))), function at exception vector 42 too large)

.vector_43      0x9fc01760        0x0
 *(.vector_43)
                0x00000001                ASSERT (((_vector_spacing == 0x0) || (SIZEOF (.vector_43) <= (_vector_spacing << 0x5))), function at exception vector 43 too large)

.vector_44      0x9fc01780        0x0
 *(.vector_44)
                0x00000001                ASSERT (((_vector_spacing == 0x0) || (SIZEOF (.vector_44) <= (_vector_spacing << 0x5))), function at exception vector 44 too large)

.vector_45      0x9fc017a0        0x0
 *(.vector_45)
                0x00000001                ASSERT (((_vector_spacing == 0x0) || (SIZEOF (.vector_45) <= (_vector_spacing << 0x5))), function at exception vector 45 too large)

.vector_46      0x9fc017c0        0x0
 *(.vector_46)
                0x00000001                ASSERT (((_vector_spacing == 0x0) || (SIZEOF (.vector_46) <= (_vector_spacing << 0x5))), function at exception vector 46 too large)

.vector_47      0x9fc017e0        0x0
 *(.vector_47)
                0x00000001                ASSERT (((_vector_spacing == 0x0) || (SIZEOF (.vector_47) <= (_vector_spacing << 0x5))), function at exception vector 47 too large)

.vector_48      0x9fc01800        0x0
 *(.vector_48)
                0x00000001                ASSERT (((_vector_spacing == 0x0) || (SIZEOF (.vector_48) <= (_vector_spacing << 0x5))), function at exception vector 48 too large)

.vector_49      0x9fc01820        0x0
 *(.vector_49)
                0x00000001                ASSERT (((_vector_spacing == 0x0) || (SIZEOF (.vector_49) <= (_vector_spacing << 0x5))), function at exception vector 49 too large)

.vector_50      0x9fc01840        0x0
 *(.vector_50)
                0x00000001                ASSERT (((_vector_spacing == 0x0) || (SIZEOF (.vector_50) <= (_vector_spacing << 0x5))), function at exception vector 50 too large)

.vector_51      0x9fc01860        0x0
 *(.vector_51)
                0x00000001                ASSERT (((_vector_spacing == 0x0) || (SIZEOF (.vector_51) <= (_vector_spacing << 0x5))), function at exception vector 51 too large)

.vector_52      0x9fc01880        0x0
 *(.vector_52)
                0x00000001                ASSERT (((_vector_spacing == 0x0) || (SIZEOF (.vector_52) <= (_vector_spacing << 0x5))), function at exception vector 52 too large)

.vector_53      0x9fc018a0        0x0
 *(.vector_53)
                0x00000001                ASSERT (((_vector_spacing == 0x0) || (SIZEOF (.vector_53) <= (_vector_spacing << 0x5))), function at exception vector 53 too large)

.vector_54      0x9fc018c0        0x0
 *(.vector_54)
                0x00000001                ASSERT (((_vector_spacing == 0x0) || (SIZEOF (.vector_54) <= (_vector_spacing << 0x5))), function at exception vector 54 too large)

.vector_55      0x9fc018e0        0x0
 *(.vector_55)
                0x00000001                ASSERT (((_vector_spacing == 0x0) || (SIZEOF (.vector_55) <= (_vector_spacing << 0x5))), function at exception vector 55 too large)

.vector_56      0x9fc01900        0x0
 *(.vector_56)
                0x00000001                ASSERT (((_vector_spacing == 0x0) || (SIZEOF (.vector_56) <= (_vector_spacing << 0x5))), function at exception vector 56 too large)

.vector_57      0x9fc01920        0x0
 *(.vector_57)
                0x00000001                ASSERT (((_vector_spacing == 0x0) || (SIZEOF (.vector_57) <= (_vector_spacing << 0x5))), function at exception vector 57 too large)

.vector_58      0x9fc01940        0x0
 *(.vector_58)
                0x00000001                ASSERT (((_vector_spacing == 0x0) || (SIZEOF (.vector_58) <= (_vector_spacing << 0x5))), function at exception vector 58 too large)

.vector_59      0x9fc01960        0x0
 *(.vector_59)
                0x00000001                ASSERT (((_vector_spacing == 0x0) || (SIZEOF (.vector_59) <= (_vector_spacing << 0x5))), function at exception vector 59 too large)

.vector_60      0x9fc01980        0x0
 *(.vector_60)
                0x00000001                ASSERT (((_vector_spacing == 0x0) || (SIZEOF (.vector_60) <= (_vector_spacing << 0x5))), function at exception vector 60 too large)

.vector_61      0x9fc019a0        0x0
 *(.vector_61)
                0x00000001                ASSERT (((_vector_spacing == 0x0) || (SIZEOF (.vector_61) <= (_vector_spacing << 0x5))), function at exception vector 61 too large)

.vector_62      0x9fc019c0        0x0
 *(.vector_62)
                0x00000001                ASSERT (((_vector_spacing == 0x0) || (SIZEOF (.vector_62) <= (_vector_spacing << 0x5))), function at exception vector 62 too large)

.vector_63      0x9fc019e0        0x0
 *(.vector_63)
                0x00000001                ASSERT (((_vector_spacing == 0x0) || (SIZEOF (.vector_63) <= (_vector_spacing << 0x5))), function at exception vector 63 too large)

.startup
 *(.startup)

.text
 *(.stub .gnu.linkonce.t.*)
 *(.text.*personality*)
 *(.mips16.fn.*)
 *(.mips16.call.*)
 *(.gnu.warning)

.rodata         0x9d000000        0x0
 *(.rodata.* .gnu.linkonce.r.*)
 *(.rodata1)
                0x9d000000                . = ALIGN (0x4)

.sdata2         0x9fc00490        0x0
 *(.sdata2 .sdata2.* .gnu.linkonce.s2.*)
                0x9fc00490                . = ALIGN (0x4)

.sbss2          0x9fc00490        0x0
 *(.sbss2 .sbss2.* .gnu.linkonce.sb2.*)
                0x9fc00490                . = ALIGN (0x4)

.eh_frame_hdr
 *(.eh_frame_hdr)

.eh_frame
 *(.eh_frame)

.dbg_data       0xa0000000        0x0
                0xa0000000                . = (. + DEFINED (_DEBUGGER)?0x200:0x0)

.persist        0xa0000000        0x0
                0xa0000000                _persist_begin = .
 *(.persist .persist.*)
                0xa0000000                . = ALIGN (0x4)
                0xa0000000                _persist_end = .

.eh_frame       0xa0000000       0x3c
 *(.eh_frame)
 .eh_frame      0xa0000000       0x28 c:/program files (x86)/microchip/mplabc32/v2.02/bin/../lib/gcc/pic32mx/4.5.1\libgcc.a(_udivdi3.o)
 .eh_frame      0xa0000028       0x14 c:/program files (x86)/microchip/mplabc32/v2.02/bin/../lib/gcc/pic32mx/4.5.1\libgcc.a(_umoddi3.o)
                                 0x28 (size before relaxing)
                0xa000003c                . = .
                0xa0008030                _gp = (ALIGN (0x10) + 0x7ff0)

.got
 *(.got.plt)
 *(.got)

.sdata          0xa000003c       0x48
                0xa000003c                _sdata_begin = .
 *(.sdata .sdata.* .gnu.linkonce.s.*)
 .sdata         0xa000003c        0x1 obj-tmp\Main.o
                0xa000003c                g_prescan_waiting
 *fill*         0xa000003d        0x3 00
 .sdata         0xa0000040        0x4 obj-tmp\CustomHTTPApp.o
 .sdata         0xa0000044        0x8 obj-tmp\DNS.o
 .sdata         0xa000004c        0x1 obj-tmp\DNSs.o
 *fill*         0xa000004d        0x3 00
 .sdata         0xa0000050        0x4 obj-tmp\Helpers.o
 .sdata         0xa0000054        0x1 obj-tmp\Reboot.o
 .sdata         0xa0000055        0x2 obj-tmp\TCP.o
 .sdata         0xa0000057        0x2 obj-tmp\UDP.o
 .sdata         0xa0000059        0x1 obj-tmp\ZeroconfHelper.o
                0xa0000059                zeroconf_dbg_level
 *fill*         0xa000005a        0x2 00
 .sdata         0xa000005c        0x8 obj-tmp\ZeroconfLinkLocal.o
 .sdata         0xa0000064        0x8 obj-tmp\ZeroconfMulticastDNS.o
                0xa0000064                CONST_STR_local
                0xa0000068                mDNS_socket
 .sdata         0xa000006c        0x1 obj-tmp\WFConnectionAlgorithm.o
 .sdata         0xa000006d        0x1 obj-tmp\WFPowerSave.o
 *fill*         0xa000006e        0x2 00
 .sdata         0xa0000070        0xc obj-tmp\DHCPs.o
                0xa0000074                bDHCPServerEnabled
 .sdata         0xa000007c        0x4 c:/program files (x86)/microchip/mplabc32/v2.02/bin/../lib/gcc/pic32mx/4.5.1/../../../../pic32mx/lib\libc.a(_iob.o)
                0xa000007c                _Files
 .sdata         0xa0000080        0x4 c:/program files (x86)/microchip/mplabc32/v2.02/bin/../lib/gcc/pic32mx/4.5.1/../../../../pic32mx/lib\libc.a(c32_uart.o)
                0xa0000080                __C32_UART
                0xa0000084                _sdata_end = .

.lit8
 *(.lit8)

.lit4
 *(.lit4)
                0xa0000084                . = ALIGN (0x4)
                0xa0000084                _data_end = .
                0xa0000084                _bss_begin = .

.sbss           0xa0000084      0x156
                0xa0000084                _sbss_begin = .
 *(.dynsbss)
 *(.sbss .sbss.* .gnu.linkonce.sb.*)
 .sbss          0xa0000084       0x10 obj-tmp\Main.o
                0xa0000086                g_scan_done
 .sbss          0xa0000094        0xc obj-tmp\CustomHTTPApp.o
 .sbss          0xa00000a0        0x8 obj-tmp\Announce.o
 .sbss          0xa00000a8        0x4 obj-tmp\ARP.o
 .sbss          0xa00000ac       0x14 obj-tmp\DNS.o
 .sbss          0xa00000c0        0x1 obj-tmp\DNSs.o
 *fill*         0xa00000c1        0x1 00
 .sbss          0xa00000c2        0x4 obj-tmp\IP.o
 *fill*         0xa00000c6        0x2 00
 .sbss          0xa00000c8        0x8 obj-tmp\MPFS2.o
 .sbss          0xa00000d0        0x8 obj-tmp\NBNS.o
 .sbss          0xa00000d8        0x8 obj-tmp\SPIFlash.o
 .sbss          0xa00000e0       0x10 obj-tmp\StackTsk.o
                0xa00000e4                g_DhcpRenew
                0xa00000e8                g_DhcpRetryTimer
 *fill*         0xa00000f0        0x0 00
 .sbss          0xa00000f0       0x10 obj-tmp\Tick.o
 .sbss          0xa0000100        0x8 obj-tmp\UDP.o
 .sbss          0xa0000108       0x30 obj-tmp\ZeroconfLinkLocal.o
                0xa0000108                zcll_state
                0xa000010c                zcll_dhcp_substate
 .sbss          0xa0000138        0x8 obj-tmp\ZeroconfMulticastDNS.o
                0xa0000138                mDNS_responder_state
 .sbss          0xa0000140        0x4 obj-tmp\WFConnectionManager.o
 .sbss          0xa0000144        0xc obj-tmp\WFPowerSave.o
 .sbss          0xa0000150        0x1 obj-tmp\WF_Spi.o
 *fill*         0xa0000151        0x3 00
 .sbss          0xa0000154       0x28 obj-tmp\WFDriverCom_24G.o
                0xa000016c                g_DhcpSuccessful
                0xa0000170                g_WiFiConnectionChanged
                0xa0000174                g_WiFiConnection
                0xa0000178                g_dhcpInProgress
 .sbss          0xa000017c        0x8 obj-tmp\WFDriverRaw_24G.o
                0xa000017c                g_HostRAWDataPacketReceived
                0xa0000180                g_RawIndexPastEnd
 .sbss          0xa0000184       0x14 obj-tmp\WFMac_24G.o
 .sbss          0xa0000198        0xc obj-tmp\WFMgmtMsg_24G.o
                0xa000019c                g_WaitingForMgmtResponse
 .sbss          0xa00001a4        0x4 obj-tmp\DHCP.o
                0xa00001a4                DHCPClientInitializedOnce
 .sbss          0xa00001a8        0xc obj-tmp\DHCPs.o
 .sbss          0xa00001b4        0x1 c:/program files (x86)/microchip/mplabc32/v2.02/bin/../lib/gcc/pic32mx/4.5.1/../../../../pic32mx/lib\libc.a(_iob.o)
                0xa00001b4                _outdone
 *(.scommon)
 .scommon       0xa00001b5        0x1 obj-tmp\HTTP2.o
                0xa00001b5                curHTTPID
 .scommon       0xa00001b6        0x6 obj-tmp\UDP.o
                0xa00001b6                UDPTxCount
                0xa00001b8                activeUDPSocket
                0xa00001ba                UDPRxCount
 .scommon       0xa00001bc        0x6 obj-tmp\WFEasyConfig.o
                0xa00001bc                g_ScanCtx
 *fill*         0xa00001c2        0x2 00
 .scommon       0xa00001c4        0x4 obj-tmp\WFPowerSave.o
                0xa00001c4                g_rxDtim
 .scommon       0xa00001c8        0x8 obj-tmp\WFDriverCom_24G.o
                0xa00001c8                RawMoveState
 .scommon       0xa00001d0        0x2 obj-tmp\WFDriverRaw_24G.o
                0xa00001d0                RawWindowState
 *fill*         0xa00001d2        0x2 00
 .scommon       0xa00001d4        0x6 obj-tmp\WFMac_24G.o
                0xa00001d4                g_rxBufferLength
                0xa00001d8                WF_hibernate
                0xa00001da                _sbss_end = .

.bss            0xa00001dc      0xe84
 *(.dynbss)
 *(COMMON)
 COMMON         0xa00001dc       0x9a obj-tmp\Main.o
                0xa00001dc                AppConfig
 *fill*         0xa0000276        0x2 00
 COMMON         0xa0000278       0x9c obj-tmp\HTTP2.o
                0xa0000278                curHTTP
                0xa0000304                httpStubs
 COMMON         0xa0000314        0xa obj-tmp\StackTsk.o
                0xa0000314                remoteNode
 *fill*         0xa000031e        0x2 00
 COMMON         0xa0000320       0xe0 obj-tmp\UDP.o
                0xa0000320                UDPSocketInfo
 COMMON         0xa0000400      0xbe8 obj-tmp\WFEasyConfig.o
                0xa0000400                g_easyConfigCtx
                0xa0000494                preScanResult
 COMMON         0xa0000fe8       0x78 obj-tmp\DHCPs.o
                0xa0000fe8                DhcpIpPool
                0xa0001060                . = ALIGN (0x4)
                0xa0001060                . = ALIGN (0x4)
                0xa0001060                _end = .
                0xa0001060                _bss_end = .
                0x00010000                _bmxdudba_address = 0x10000
                0x00010000                _bmxdupba_address = 0x10000

/DISCARD/
 *(.pdr)
 *(.reginfo)
 *(.rel.dyn)
 *(.note.GNU-stack)
 *(.note.GNU-stack)
 *(.gnu_debuglink)
 *(.gnu.lto_*)
 *(.discard)

.stab
 *(.stab)

.stabstr
 *(.stabstr)

.stab.excl
 *(.stab.excl)

.stab.exclstr
 *(.stab.exclstr)

.stab.index
 *(.stab.index)

.stab.indexstr
 *(.stab.indexstr)

.comment        0x00000000      0x299
 *(.comment)
 .comment       0x00000000       0x51 obj-tmp\Main.o
                                 0x52 (size before relaxing)
 .comment       0x00000000       0x52 obj-tmp\CustomHTTPApp.o
 .comment       0x00000000       0x52 obj-tmp\WF_Config.o
 .comment       0x00000000       0x52 obj-tmp\WifiGDemoMPFSImg.o
 .comment       0x00000000       0x52 obj-tmp\Announce.o
 .comment       0x00000000       0x52 obj-tmp\ARCFOUR.o
 .comment       0x00000000       0x52 obj-tmp\ARP.o
 .comment       0x00000000       0x52 obj-tmp\AutoIP.o
 .comment       0x00000000       0x52 obj-tmp\BerkeleyAPI.o
 .comment       0x00000000       0x52 obj-tmp\BigInt.o
 .comment       0x00000000       0x52 obj-tmp\Delay.o
 .comment       0x00000000       0x52 obj-tmp\DNS.o
 .comment       0x00000000       0x52 obj-tmp\DNSs.o
 .comment       0x00000000       0x52 obj-tmp\DynDNS.o
 .comment       0x00000000       0x52 obj-tmp\ENC28J60.o
 .comment       0x00000000       0x52 obj-tmp\ENCX24J600.o
 .comment       0x00000000       0x52 obj-tmp\eth_pic32_ext_phy_rtl8201FL.o
 .comment       0x00000000       0x52 obj-tmp\ETH97J60.o
 .comment       0x00000000       0x52 obj-tmp\ETHPIC32ExtPhy.o
 .comment       0x00000000       0x52 obj-tmp\ETHPIC32ExtPhyDP83640.o
 .comment       0x00000000       0x52 obj-tmp\ETHPIC32ExtPhyDP83848.o
 .comment       0x00000000       0x52 obj-tmp\ETHPIC32ExtPhySMSC8700.o
 .comment       0x00000000       0x52 obj-tmp\ETHPIC32ExtPhySMSC8720.o
 .comment       0x00000000       0x52 obj-tmp\ETHPIC32IntMac.o
 .comment       0x00000000       0x52 obj-tmp\FileSystem.o
 .comment       0x00000000       0x52 obj-tmp\FTP.o
 .comment       0x00000000       0x52 obj-tmp\Hashes.o
 .comment       0x00000000       0x52 obj-tmp\Helpers.o
 .comment       0x00000000       0x52 obj-tmp\HTTP2.o
 .comment       0x00000000       0x52 obj-tmp\ICMP.o
 .comment       0x00000000       0x52 obj-tmp\IP.o
 .comment       0x00000000       0x52 obj-tmp\LCDBlocking.o
 .comment       0x00000000       0x52 obj-tmp\MPFS2.o
 .comment       0x00000000       0x52 obj-tmp\NBNS.o
 .comment       0x00000000       0x52 obj-tmp\Random.o
 .comment       0x00000000       0x52 obj-tmp\Reboot.o
 .comment       0x00000000       0x52 obj-tmp\RSA.o
 .comment       0x00000000       0x52 obj-tmp\SMTP.o
 .comment       0x00000000       0x52 obj-tmp\SNMP.o
 .comment       0x00000000       0x52 obj-tmp\SNMPv3.o
 .comment       0x00000000       0x52 obj-tmp\SNMPv3USM.o
 .comment       0x00000000       0x52 obj-tmp\SNTP.o
 .comment       0x00000000       0x52 obj-tmp\SPIEEPROM.o
 .comment       0x00000000       0x52 obj-tmp\SPIFlash.o
 .comment       0x00000000       0x52 obj-tmp\SPIRAM.o
 .comment       0x00000000       0x52 obj-tmp\SSL.o
 .comment       0x00000000       0x52 obj-tmp\StackTsk.o
 .comment       0x00000000       0x52 obj-tmp\TCP.o
 .comment       0x00000000       0x52 obj-tmp\TCPPerformanceTest.o
 .comment       0x00000000       0x52 obj-tmp\Telnet.o
 .comment       0x00000000       0x52 obj-tmp\TFTPc.o
 .comment       0x00000000       0x52 obj-tmp\Tick.o
 .comment       0x00000000       0x52 obj-tmp\UART.o
 .comment       0x00000000       0x52 obj-tmp\UART2TCPBridge.o
 .comment       0x00000000       0x52 obj-tmp\UDP.o
 .comment       0x00000000       0x52 obj-tmp\UDPPerformanceTest.o
 .comment       0x00000000       0x52 obj-tmp\ZeroconfHelper.o
 .comment       0x00000000       0x52 obj-tmp\ZeroconfLinkLocal.o
 .comment       0x00000000       0x52 obj-tmp\ZeroconfMulticastDNS.o
 .comment       0x00000000       0x52 obj-tmp\WF_Eint.o
 .comment       0x00000000       0x52 obj-tmp\WF_pbkdf2.o
 .comment       0x00000000       0x52 obj-tmp\WFConnectionAlgorithm.o
 .comment       0x00000000       0x52 obj-tmp\WFConnectionManager.o
 .comment       0x00000000       0x52 obj-tmp\WFConnectionProfile.o
 .comment       0x00000000       0x52 obj-tmp\WFConsole.o
 .comment       0x00000000       0x52 obj-tmp\WFConsoleIfconfig.o
 .comment       0x00000000       0x52 obj-tmp\WFConsoleIwconfig.o
 .comment       0x00000000       0x52 obj-tmp\WFConsoleIwpriv.o
 .comment       0x00000000       0x52 obj-tmp\WFConsoleMsgHandler.o
 .comment       0x00000000       0x52 obj-tmp\WFConsoleMsgs.o
 .comment       0x00000000       0x52 obj-tmp\WFDataTxRx.o
 .comment       0x00000000       0x52 obj-tmp\WFDebugStrings.o
 .comment       0x00000000       0x52 obj-tmp\WFEasyConfig.o
 .comment       0x00000000       0x52 obj-tmp\WFEventHandler.o
 .comment       0x00000000       0x52 obj-tmp\WFInit.o
 .comment       0x00000000       0x52 obj-tmp\WFPowerSave.o
 .comment       0x00000000       0x52 obj-tmp\WFScan.o
 .comment       0x00000000       0x52 obj-tmp\WFTxPower.o
 .comment       0x00000000       0x52 obj-tmp\WF_Spi.o
 .comment       0x00000000       0x52 obj-tmp\WFDriverCom_24G.o
 .comment       0x00000000       0x52 obj-tmp\WFDriverRaw_24G.o
 .comment       0x00000000       0x52 obj-tmp\WFMac_24G.o
 .comment       0x00000000       0x52 obj-tmp\WFMgmtMsg_24G.o
 .comment       0x00000000       0x52 obj-tmp\WFParamMsg_24G.o
 .comment       0x00000000       0x52 obj-tmp\DHCP.o
 .comment       0x00000000       0x52 obj-tmp\DHCPs.o
 .comment       0x00000000       0x52 c:/program files (x86)/microchip/mplabc32/v2.02/bin/../lib/gcc/pic32mx/4.5.1\libgcc.a(_udivdi3.o)
 .comment       0x00000000       0x52 c:/program files (x86)/microchip/mplabc32/v2.02/bin/../lib/gcc/pic32mx/4.5.1\libgcc.a(_umoddi3.o)
 .comment       0x00000051       0x55 c:/program files (x86)/microchip/mplabc32/v2.02/bin/../lib/gcc/pic32mx/4.5.1/../../../../pic32mx/lib\libc.a(memcmp.o)
                                 0x56 (size before relaxing)
 .comment       0x000000a6       0x55 c:/program files (x86)/microchip/mplabc32/v2.02/bin/../lib/gcc/pic32mx/4.5.1/../../../../pic32mx/lib\libc.a(memset.o)
                                 0x56 (size before relaxing)
 .comment       0x000000fb       0x55 c:/program files (x86)/microchip/mplabc32/v2.02/bin/../lib/gcc/pic32mx/4.5.1/../../../../pic32mx/lib\libc.a(strcmp.o)
                                 0x56 (size before relaxing)
 .comment       0x00000150       0x55 c:/program files (x86)/microchip/mplabc32/v2.02/bin/../lib/gcc/pic32mx/4.5.1/../../../../pic32mx/lib\libc.a(strcpy.o)
                                 0x56 (size before relaxing)
 .comment       0x000001a5       0x55 c:/program files (x86)/microchip/mplabc32/v2.02/bin/../lib/gcc/pic32mx/4.5.1/../../../../pic32mx/lib\libc.a(strlen.o)
                                 0x56 (size before relaxing)
 .comment       0x00000000       0x52 c:/program files (x86)/microchip/mplabc32/v2.02/bin/../lib/gcc/pic32mx/4.5.1/../../../../pic32mx/lib\libc.a(atol.o)
 .comment       0x000001fa       0x4e c:/program files (x86)/microchip/mplabc32/v2.02/bin/../lib/gcc/pic32mx/4.5.1/../../../../pic32mx/lib\libc.a(ctype.o)
                                 0xa0 (size before relaxing)
 .comment       0x00000000       0x52 c:/program files (x86)/microchip/mplabc32/v2.02/bin/../lib/gcc/pic32mx/4.5.1/../../../../pic32mx/lib\libc.a(puts.o)
 .comment       0x00000000       0x52 c:/program files (x86)/microchip/mplabc32/v2.02/bin/../lib/gcc/pic32mx/4.5.1/../../../../pic32mx/lib\libc.a(strncpy.o)
 .comment       0x00000000       0x52 c:/program files (x86)/microchip/mplabc32/v2.02/bin/../lib/gcc/pic32mx/4.5.1/../../../../pic32mx/lib\libc.a(printf_cdnopsuxX.eo)
 .comment       0x00000000       0x52 c:/program files (x86)/microchip/mplabc32/v2.02/bin/../lib/gcc/pic32mx/4.5.1/../../../../pic32mx/lib\libc.a(sprintf_cdnopsuxX.eo)
 .comment       0x00000000       0x52 c:/program files (x86)/microchip/mplabc32/v2.02/bin/../lib/gcc/pic32mx/4.5.1/../../../../pic32mx/lib\libc.a(default-bootstrap-exception-handler.o)
 .comment       0x00000000       0x52 c:/program files (x86)/microchip/mplabc32/v2.02/bin/../lib/gcc/pic32mx/4.5.1/../../../../pic32mx/lib\libc.a(default-on-reset.o)
 .comment       0x00000000       0x52 c:/program files (x86)/microchip/mplabc32/v2.02/bin/../lib/gcc/pic32mx/4.5.1/../../../../pic32mx/lib\libc.a(default-on-bootstrap.o)
 .comment       0x00000000       0x52 c:/program files (x86)/microchip/mplabc32/v2.02/bin/../lib/gcc/pic32mx/4.5.1/../../../../pic32mx/lib\libc.a(_iob.o)
 .comment       0x00000000       0x52 c:/program files (x86)/microchip/mplabc32/v2.02/bin/../lib/gcc/pic32mx/4.5.1/../../../../pic32mx/lib\libc.a(_fputc_simple.o)
 .comment       0x00000000       0x52 c:/program files (x86)/microchip/mplabc32/v2.02/bin/../lib/gcc/pic32mx/4.5.1/../../../../pic32mx/lib\libc.a(doprnt_cdnopsuxX.eo)
 .comment       0x00000000       0x52 c:/program files (x86)/microchip/mplabc32/v2.02/bin/../lib/gcc/pic32mx/4.5.1/../../../../pic32mx/lib\libc.a(write.o)
 .comment       0x00000000       0x52 c:/program files (x86)/microchip/mplabc32/v2.02/bin/../lib/gcc/pic32mx/4.5.1/../../../../pic32mx/lib\libc.a(_flsbuf_simple.o)
 .comment       0x00000000       0x52 c:/program files (x86)/microchip/mplabc32/v2.02/bin/../lib/gcc/pic32mx/4.5.1/../../../../pic32mx/lib\libc.a(_mon_putc.o)
 .comment       0x00000000       0x52 c:/program files (x86)/microchip/mplabc32/v2.02/bin/../lib/gcc/pic32mx/4.5.1/../../../../pic32mx/lib\libc.a(c32_uart.o)
 .comment       0x00000248       0x51 c:/program files (x86)/microchip/mplabc32/v2.02/bin/../lib/gcc/pic32mx/4.5.1/../../../../pic32mx/lib\libmchp_peripheral_32MX575F256L.a(soft_reset_lib.o)
                                 0x52 (size before relaxing)
 .comment       0x00000000       0x52 c:/program files (x86)/microchip/mplabc32/v2.02/bin/../lib/gcc/pic32mx/4.5.1/../../../../pic32mx/lib\libmchp_peripheral_32MX575F256L.a(pcache.o)
 .comment       0x00000000       0x52 c:/program files (x86)/microchip/mplabc32/v2.02/bin/../lib/gcc/pic32mx/4.5.1/../../../../pic32mx/lib\libmchp_peripheral_32MX575F256L.a(int_disable_interrupts_lib.o)
 .comment       0x00000000       0x52 c:/program files (x86)/microchip/mplabc32/v2.02/bin/../lib/gcc/pic32mx/4.5.1/../../../../pic32mx/lib\libmchp_peripheral_32MX575F256L.a(int_restore_interrupts_lib.o)
 .comment       0x00000000       0x52 c:/program files (x86)/microchip/mplabc32/v2.02/bin/../lib/gcc/pic32mx/4.5.1/../../../../pic32mx/lib\libmchp_peripheral_32MX575F256L.a(int_enable_mv_int_lib.o)
 .comment       0x00000000       0x52 c:/program files (x86)/microchip/mplabc32/v2.02/bin/../lib/gcc/pic32mx/4.5.1/../../../../pic32mx/lib\libmchp_peripheral_32MX575F256L.a(uart_lib.o)
 .comment       0x00000000       0x52 c:/program files (x86)/microchip/mplabc32/v2.02/bin/../lib/gcc/pic32mx/4.5.1/../../../../pic32mx/lib\libmchp_peripheral_32MX575F256L.a(puts_uartx_lib_legacy.o)
 .comment       0x00000000       0x52 c:/program files (x86)/microchip/mplabc32/v2.02/bin/../lib/gcc/pic32mx/4.5.1/../../../../pic32mx/lib\libmchp_peripheral_32MX575F256L.a(int_enable_interrupts_lib.o)

.debug
 *(.debug)

.line
 *(.line)

.debug_srcinfo
 *(.debug_srcinfo)

.debug_sfnames
 *(.debug_sfnames)

.debug_aranges  0x00000000      0x8f0
 *(.debug_aranges)
 .debug_aranges
                0x00000000       0x20 obj-tmp\Main.o
 .debug_aranges
                0x00000020       0x20 obj-tmp\CustomHTTPApp.o
 .debug_aranges
                0x00000040       0x20 obj-tmp\WF_Config.o
 .debug_aranges
                0x00000060       0x20 obj-tmp\Announce.o
 .debug_aranges
                0x00000080       0x20 obj-tmp\ARP.o
 .debug_aranges
                0x000000a0       0x20 obj-tmp\Delay.o
 .debug_aranges
                0x000000c0       0x20 obj-tmp\DNS.o
 .debug_aranges
                0x000000e0       0x20 obj-tmp\DNSs.o
 .debug_aranges
                0x00000100       0x20 obj-tmp\Helpers.o
 .debug_aranges
                0x00000120       0x20 obj-tmp\HTTP2.o
 .debug_aranges
                0x00000140       0x20 obj-tmp\ICMP.o
 .debug_aranges
                0x00000160       0x20 obj-tmp\IP.o
 .debug_aranges
                0x00000180       0x20 obj-tmp\MPFS2.o
 .debug_aranges
                0x000001a0       0x20 obj-tmp\NBNS.o
 .debug_aranges
                0x000001c0       0x20 obj-tmp\Reboot.o
 .debug_aranges
                0x000001e0       0x20 obj-tmp\SPIFlash.o
 .debug_aranges
                0x00000200       0x20 obj-tmp\StackTsk.o
 .debug_aranges
                0x00000220       0x20 obj-tmp\TCP.o
 .debug_aranges
                0x00000240       0x20 obj-tmp\Tick.o
 .debug_aranges
                0x00000260       0x20 obj-tmp\UART.o
 .debug_aranges
                0x00000280       0x20 obj-tmp\UDP.o
 .debug_aranges
                0x000002a0       0x20 obj-tmp\ZeroconfHelper.o
 .debug_aranges
                0x000002c0       0x20 obj-tmp\ZeroconfLinkLocal.o
 .debug_aranges
                0x000002e0       0x20 obj-tmp\ZeroconfMulticastDNS.o
 .debug_aranges
                0x00000300       0x20 obj-tmp\WF_Eint.o
 .debug_aranges
                0x00000320       0x20 obj-tmp\WF_pbkdf2.o
 .debug_aranges
                0x00000340       0x20 obj-tmp\WFConnectionAlgorithm.o
 .debug_aranges
                0x00000360       0x20 obj-tmp\WFConnectionManager.o
 .debug_aranges
                0x00000380       0x20 obj-tmp\WFConnectionProfile.o
 .debug_aranges
                0x000003a0       0x20 obj-tmp\WFConsoleMsgHandler.o
 .debug_aranges
                0x000003c0       0x20 obj-tmp\WFConsoleMsgs.o
 .debug_aranges
                0x000003e0       0x20 obj-tmp\WFDebugStrings.o
 .debug_aranges
                0x00000400       0x20 obj-tmp\WFEasyConfig.o
 .debug_aranges
                0x00000420       0x20 obj-tmp\WFEventHandler.o
 .debug_aranges
                0x00000440       0x20 obj-tmp\WFInit.o
 .debug_aranges
                0x00000460       0x20 obj-tmp\WFPowerSave.o
 .debug_aranges
                0x00000480       0x20 obj-tmp\WFScan.o
 .debug_aranges
                0x000004a0       0x20 obj-tmp\WFTxPower.o
 .debug_aranges
                0x000004c0       0x20 obj-tmp\WF_Spi.o
 .debug_aranges
                0x000004e0       0x20 obj-tmp\WFDriverCom_24G.o
 .debug_aranges
                0x00000500       0x20 obj-tmp\WFDriverRaw_24G.o
 .debug_aranges
                0x00000520       0x20 obj-tmp\WFMac_24G.o
 .debug_aranges
                0x00000540       0x20 obj-tmp\WFMgmtMsg_24G.o
 .debug_aranges
                0x00000560       0x20 obj-tmp\WFParamMsg_24G.o
 .debug_aranges
                0x00000580       0x20 obj-tmp\DHCP.o
 .debug_aranges
                0x000005a0       0x20 obj-tmp\DHCPs.o
 .debug_aranges
                0x000005c0       0x20 c:/program files (x86)/microchip/mplabc32/v2.02/bin/../lib/gcc/pic32mx/4.5.1\libgcc.a(_udivdi3.o)
 .debug_aranges
                0x000005e0       0x20 c:/program files (x86)/microchip/mplabc32/v2.02/bin/../lib/gcc/pic32mx/4.5.1\libgcc.a(_umoddi3.o)
 .debug_aranges
                0x00000600       0x20 c:/program files (x86)/microchip/mplabc32/v2.02/bin/../lib/gcc/pic32mx/4.5.1/../../../../pic32mx/lib\libc.a(atol.o)
 .debug_aranges
                0x00000620       0x28 c:/program files (x86)/microchip/mplabc32/v2.02/bin/../lib/gcc/pic32mx/4.5.1/../../../../pic32mx/lib\libc.a(puts.o)
 .debug_aranges
                0x00000648       0x20 c:/program files (x86)/microchip/mplabc32/v2.02/bin/../lib/gcc/pic32mx/4.5.1/../../../../pic32mx/lib\libc.a(strncpy.o)
 .debug_aranges
                0x00000668       0x20 c:/program files (x86)/microchip/mplabc32/v2.02/bin/../lib/gcc/pic32mx/4.5.1/../../../../pic32mx/lib\libc.a(printf_cdnopsuxX.eo)
 .debug_aranges
                0x00000688       0x20 c:/program files (x86)/microchip/mplabc32/v2.02/bin/../lib/gcc/pic32mx/4.5.1/../../../../pic32mx/lib\libc.a(sprintf_cdnopsuxX.eo)
 .debug_aranges
                0x000006a8       0x20 c:/program files (x86)/microchip/mplabc32/v2.02/bin/../lib/gcc/pic32mx/4.5.1/../../../../pic32mx/lib\libc.a(default-bootstrap-exception-handler.o)
 .debug_aranges
                0x000006c8       0x20 c:/program files (x86)/microchip/mplabc32/v2.02/bin/../lib/gcc/pic32mx/4.5.1/../../../../pic32mx/lib\libc.a(default-on-reset.o)
 .debug_aranges
                0x000006e8       0x20 c:/program files (x86)/microchip/mplabc32/v2.02/bin/../lib/gcc/pic32mx/4.5.1/../../../../pic32mx/lib\libc.a(default-on-bootstrap.o)
 .debug_aranges
                0x00000708       0x20 c:/program files (x86)/microchip/mplabc32/v2.02/bin/../lib/gcc/pic32mx/4.5.1/../../../../pic32mx/lib\libc.a(_fputc_simple.o)
 .debug_aranges
                0x00000728       0x20 c:/program files (x86)/microchip/mplabc32/v2.02/bin/../lib/gcc/pic32mx/4.5.1/../../../../pic32mx/lib\libc.a(doprnt_cdnopsuxX.eo)
 .debug_aranges
                0x00000748       0x20 c:/program files (x86)/microchip/mplabc32/v2.02/bin/../lib/gcc/pic32mx/4.5.1/../../../../pic32mx/lib\libc.a(write.o)
 .debug_aranges
                0x00000768       0x20 c:/program files (x86)/microchip/mplabc32/v2.02/bin/../lib/gcc/pic32mx/4.5.1/../../../../pic32mx/lib\libc.a(_flsbuf_simple.o)
 .debug_aranges
                0x00000788       0x20 c:/program files (x86)/microchip/mplabc32/v2.02/bin/../lib/gcc/pic32mx/4.5.1/../../../../pic32mx/lib\libc.a(_mon_putc.o)
 .debug_aranges
                0x000007a8       0x20 c:/program files (x86)/microchip/mplabc32/v2.02/bin/../lib/gcc/pic32mx/4.5.1/../../../../pic32mx/lib\libmchp_peripheral_32MX575F256L.a(soft_reset_lib.o)
 .debug_aranges
                0x000007c8       0x28 c:/program files (x86)/microchip/mplabc32/v2.02/bin/../lib/gcc/pic32mx/4.5.1/../../../../pic32mx/lib\libmchp_peripheral_32MX575F256L.a(pcache.o)
 .debug_aranges
                0x000007f0       0x20 c:/program files (x86)/microchip/mplabc32/v2.02/bin/../lib/gcc/pic32mx/4.5.1/../../../../pic32mx/lib\libmchp_peripheral_32MX575F256L.a(int_disable_interrupts_lib.o)
 .debug_aranges
                0x00000810       0x20 c:/program files (x86)/microchip/mplabc32/v2.02/bin/../lib/gcc/pic32mx/4.5.1/../../../../pic32mx/lib\libmchp_peripheral_32MX575F256L.a(int_restore_interrupts_lib.o)
 .debug_aranges
                0x00000830       0x20 c:/program files (x86)/microchip/mplabc32/v2.02/bin/../lib/gcc/pic32mx/4.5.1/../../../../pic32mx/lib\libmchp_peripheral_32MX575F256L.a(int_enable_mv_int_lib.o)
 .debug_aranges
                0x00000850       0x58 c:/program files (x86)/microchip/mplabc32/v2.02/bin/../lib/gcc/pic32mx/4.5.1/../../../../pic32mx/lib\libmchp_peripheral_32MX575F256L.a(uart_lib.o)
 .debug_aranges
                0x000008a8       0x28 c:/program files (x86)/microchip/mplabc32/v2.02/bin/../lib/gcc/pic32mx/4.5.1/../../../../pic32mx/lib\libmchp_peripheral_32MX575F256L.a(puts_uartx_lib_legacy.o)
 .debug_aranges
                0x000008d0       0x20 c:/program files (x86)/microchip/mplabc32/v2.02/bin/../lib/gcc/pic32mx/4.5.1/../../../../pic32mx/lib\libmchp_peripheral_32MX575F256L.a(int_enable_interrupts_lib.o)

.debug_pubnames
                0x00000000     0x2b53
 *(.debug_pubnames)
 .debug_pubnames
                0x00000000       0xba obj-tmp\Main.o
 .debug_pubnames
                0x000000ba      0x1f4 obj-tmp\CustomHTTPApp.o
 .debug_pubnames
                0x000002ae       0x35 obj-tmp\WF_Config.o
 .debug_pubnames
                0x000002e3       0x21 obj-tmp\WifiGDemoMPFSImg.o
 .debug_pubnames
                0x00000304       0x33 obj-tmp\Announce.o
 .debug_pubnames
                0x00000337       0xb7 obj-tmp\ARP.o
 .debug_pubnames
                0x000003ee       0x2c obj-tmp\Delay.o
 .debug_pubnames
                0x0000041a       0x55 obj-tmp\DNS.o
 .debug_pubnames
                0x0000046f       0x24 obj-tmp\DNSs.o
 .debug_pubnames
                0x00000493      0x10a obj-tmp\Helpers.o
 .debug_pubnames
                0x0000059d       0xcf obj-tmp\HTTP2.o
 .debug_pubnames
                0x0000066c       0x22 obj-tmp\ICMP.o
 .debug_pubnames
                0x0000068e       0x44 obj-tmp\IP.o
 .debug_pubnames
                0x000006d2      0x140 obj-tmp\MPFS2.o
 .debug_pubnames
                0x00000812       0x1f obj-tmp\NBNS.o
 .debug_pubnames
                0x00000831       0x21 obj-tmp\Reboot.o
 .debug_pubnames
                0x00000852       0x91 obj-tmp\SPIFlash.o
 .debug_pubnames
                0x000008e3       0x86 obj-tmp\StackTsk.o
 .debug_pubnames
                0x00000969      0x1ba obj-tmp\TCP.o
 .debug_pubnames
                0x00000b23       0x7e obj-tmp\Tick.o
 .debug_pubnames
                0x00000ba1       0x25 obj-tmp\UART.o
 .debug_pubnames
                0x00000bc6      0x155 obj-tmp\UDP.o
 .debug_pubnames
                0x00000d1b       0x3b obj-tmp\ZeroconfHelper.o
 .debug_pubnames
                0x00000d56       0xc6 obj-tmp\ZeroconfLinkLocal.o
 .debug_pubnames
                0x00000e1c      0x159 obj-tmp\ZeroconfMulticastDNS.o
 .debug_pubnames
                0x00000f75       0x83 obj-tmp\WF_Eint.o
 .debug_pubnames
                0x00000ff8       0x84 obj-tmp\WF_pbkdf2.o
 .debug_pubnames
                0x0000107c      0x3d9 obj-tmp\WFConnectionAlgorithm.o
 .debug_pubnames
                0x00001455       0xd6 obj-tmp\WFConnectionManager.o
 .debug_pubnames
                0x0000152b      0x204 obj-tmp\WFConnectionProfile.o
 .debug_pubnames
                0x0000172f       0x2f obj-tmp\WFConsoleMsgHandler.o
 .debug_pubnames
                0x0000175e      0x155 obj-tmp\WFConsoleMsgs.o
 .debug_pubnames
                0x000018b3      0x147 obj-tmp\WFDebugStrings.o
 .debug_pubnames
                0x000019fa       0xd3 obj-tmp\WFEasyConfig.o
 .debug_pubnames
                0x00001acd       0x2f obj-tmp\WFEventHandler.o
 .debug_pubnames
                0x00001afc       0x1e obj-tmp\WFInit.o
 .debug_pubnames
                0x00001b1a      0x153 obj-tmp\WFPowerSave.o
 .debug_pubnames
                0x00001c6d       0x33 obj-tmp\WFScan.o
 .debug_pubnames
                0x00001ca0       0x58 obj-tmp\WFTxPower.o
 .debug_pubnames
                0x00001cf8       0x66 obj-tmp\WF_Spi.o
 .debug_pubnames
                0x00001d5e      0x1ab obj-tmp\WFDriverCom_24G.o
 .debug_pubnames
                0x00001f09      0x1ef obj-tmp\WFDriverRaw_24G.o
 .debug_pubnames
                0x000020f8      0x22c obj-tmp\WFMac_24G.o
 .debug_pubnames
                0x00002324       0xb0 obj-tmp\WFMgmtMsg_24G.o
 .debug_pubnames
                0x000023d4      0x245 obj-tmp\WFParamMsg_24G.o
 .debug_pubnames
                0x00002619       0xcc obj-tmp\DHCP.o
 .debug_pubnames
                0x000026e5       0x78 obj-tmp\DHCPs.o
 .debug_pubnames
                0x0000275d       0x20 c:/program files (x86)/microchip/mplabc32/v2.02/bin/../lib/gcc/pic32mx/4.5.1\libgcc.a(_udivdi3.o)
 .debug_pubnames
                0x0000277d       0x20 c:/program files (x86)/microchip/mplabc32/v2.02/bin/../lib/gcc/pic32mx/4.5.1\libgcc.a(_umoddi3.o)
 .debug_pubnames
                0x0000279d       0x1b c:/program files (x86)/microchip/mplabc32/v2.02/bin/../lib/gcc/pic32mx/4.5.1/../../../../pic32mx/lib\libc.a(atol.o)
 .debug_pubnames
                0x000027b8       0x25 c:/program files (x86)/microchip/mplabc32/v2.02/bin/../lib/gcc/pic32mx/4.5.1/../../../../pic32mx/lib\libc.a(puts.o)
 .debug_pubnames
                0x000027dd       0x1e c:/program files (x86)/microchip/mplabc32/v2.02/bin/../lib/gcc/pic32mx/4.5.1/../../../../pic32mx/lib\libc.a(strncpy.o)
 .debug_pubnames
                0x000027fb       0x28 c:/program files (x86)/microchip/mplabc32/v2.02/bin/../lib/gcc/pic32mx/4.5.1/../../../../pic32mx/lib\libc.a(printf_cdnopsuxX.eo)
 .debug_pubnames
                0x00002823       0x29 c:/program files (x86)/microchip/mplabc32/v2.02/bin/../lib/gcc/pic32mx/4.5.1/../../../../pic32mx/lib\libc.a(sprintf_cdnopsuxX.eo)
 .debug_pubnames
                0x0000284c       0x33 c:/program files (x86)/microchip/mplabc32/v2.02/bin/../lib/gcc/pic32mx/4.5.1/../../../../pic32mx/lib\libc.a(default-bootstrap-exception-handler.o)
 .debug_pubnames
                0x0000287f       0x20 c:/program files (x86)/microchip/mplabc32/v2.02/bin/../lib/gcc/pic32mx/4.5.1/../../../../pic32mx/lib\libc.a(default-on-reset.o)
 .debug_pubnames
                0x0000289f       0x24 c:/program files (x86)/microchip/mplabc32/v2.02/bin/../lib/gcc/pic32mx/4.5.1/../../../../pic32mx/lib\libc.a(default-on-bootstrap.o)
 .debug_pubnames
                0x000028c3       0x1c c:/program files (x86)/microchip/mplabc32/v2.02/bin/../lib/gcc/pic32mx/4.5.1/../../../../pic32mx/lib\libc.a(_fputc_simple.o)
 .debug_pubnames
                0x000028df       0x2a c:/program files (x86)/microchip/mplabc32/v2.02/bin/../lib/gcc/pic32mx/4.5.1/../../../../pic32mx/lib\libc.a(doprnt_cdnopsuxX.eo)
 .debug_pubnames
                0x00002909       0x1c c:/program files (x86)/microchip/mplabc32/v2.02/bin/../lib/gcc/pic32mx/4.5.1/../../../../pic32mx/lib\libc.a(write.o)
 .debug_pubnames
                0x00002925       0x1e c:/program files (x86)/microchip/mplabc32/v2.02/bin/../lib/gcc/pic32mx/4.5.1/../../../../pic32mx/lib\libc.a(_flsbuf_simple.o)
 .debug_pubnames
                0x00002943       0x20 c:/program files (x86)/microchip/mplabc32/v2.02/bin/../lib/gcc/pic32mx/4.5.1/../../../../pic32mx/lib\libc.a(_mon_putc.o)
 .debug_pubnames
                0x00002963       0x20 c:/program files (x86)/microchip/mplabc32/v2.02/bin/../lib/gcc/pic32mx/4.5.1/../../../../pic32mx/lib\libmchp_peripheral_32MX575F256L.a(soft_reset_lib.o)
 .debug_pubnames
                0x00002983       0x3b c:/program files (x86)/microchip/mplabc32/v2.02/bin/../lib/gcc/pic32mx/4.5.1/../../../../pic32mx/lib\libmchp_peripheral_32MX575F256L.a(pcache.o)
 .debug_pubnames
                0x000029be       0x2b c:/program files (x86)/microchip/mplabc32/v2.02/bin/../lib/gcc/pic32mx/4.5.1/../../../../pic32mx/lib\libmchp_peripheral_32MX575F256L.a(int_disable_interrupts_lib.o)
 .debug_pubnames
                0x000029e9       0x2b c:/program files (x86)/microchip/mplabc32/v2.02/bin/../lib/gcc/pic32mx/4.5.1/../../../../pic32mx/lib\libmchp_peripheral_32MX575F256L.a(int_restore_interrupts_lib.o)
 .debug_pubnames
                0x00002a14       0x36 c:/program files (x86)/microchip/mplabc32/v2.02/bin/../lib/gcc/pic32mx/4.5.1/../../../../pic32mx/lib\libmchp_peripheral_32MX575F256L.a(int_enable_mv_int_lib.o)
 .debug_pubnames
                0x00002a4a       0xb1 c:/program files (x86)/microchip/mplabc32/v2.02/bin/../lib/gcc/pic32mx/4.5.1/../../../../pic32mx/lib\libmchp_peripheral_32MX575F256L.a(uart_lib.o)
 .debug_pubnames
                0x00002afb       0x2e c:/program files (x86)/microchip/mplabc32/v2.02/bin/../lib/gcc/pic32mx/4.5.1/../../../../pic32mx/lib\libmchp_peripheral_32MX575F256L.a(puts_uartx_lib_legacy.o)
 .debug_pubnames
                0x00002b29       0x2a c:/program files (x86)/microchip/mplabc32/v2.02/bin/../lib/gcc/pic32mx/4.5.1/../../../../pic32mx/lib\libmchp_peripheral_32MX575F256L.a(int_enable_interrupts_lib.o)

.debug_info     0x00000000    0x7ac9a
 *(.debug_info .gnu.linkonce.wi.*)
 .debug_info    0x00000000     0x312f obj-tmp\Main.o
 .debug_info    0x0000312f     0x2a12 obj-tmp\CustomHTTPApp.o
 .debug_info    0x00005b41     0x1dde obj-tmp\WF_Config.o
 .debug_info    0x0000791f      0xf42 obj-tmp\WifiGDemoMPFSImg.o
 .debug_info    0x00008861     0x19fc obj-tmp\Announce.o
 .debug_info    0x0000a25d      0xf15 obj-tmp\ARCFOUR.o
 .debug_info    0x0000b172     0x1bb9 obj-tmp\ARP.o
 .debug_info    0x0000cd2b      0xf14 obj-tmp\AutoIP.o
 .debug_info    0x0000dc3f      0xf19 obj-tmp\BerkeleyAPI.o
 .debug_info    0x0000eb58      0xf14 obj-tmp\BigInt.o
 .debug_info    0x0000fa6c      0xfa8 obj-tmp\Delay.o
 .debug_info    0x00010a14     0x1c4e obj-tmp\DNS.o
 .debug_info    0x00012662     0x19ad obj-tmp\DNSs.o
 .debug_info    0x0001400f      0xf14 obj-tmp\DynDNS.o
 .debug_info    0x00014f23      0xf16 obj-tmp\ENC28J60.o
 .debug_info    0x00015e39      0xf18 obj-tmp\ENCX24J600.o
 .debug_info    0x00016d51      0xf29 obj-tmp\eth_pic32_ext_phy_rtl8201FL.o
 .debug_info    0x00017c7a      0xf16 obj-tmp\ETH97J60.o
 .debug_info    0x00018b90      0xf1c obj-tmp\ETHPIC32ExtPhy.o
 .debug_info    0x00019aac      0xf23 obj-tmp\ETHPIC32ExtPhyDP83640.o
 .debug_info    0x0001a9cf      0xf23 obj-tmp\ETHPIC32ExtPhyDP83848.o
 .debug_info    0x0001b8f2      0xf24 obj-tmp\ETHPIC32ExtPhySMSC8700.o
 .debug_info    0x0001c816      0xf24 obj-tmp\ETHPIC32ExtPhySMSC8720.o
 .debug_info    0x0001d73a      0xf1c obj-tmp\ETHPIC32IntMac.o
 .debug_info    0x0001e656      0xf18 obj-tmp\FileSystem.o
 .debug_info    0x0001f56e      0xf11 obj-tmp\FTP.o
 .debug_info    0x0002047f      0xf14 obj-tmp\Hashes.o
 .debug_info    0x00021393     0x222f obj-tmp\Helpers.o
 .debug_info    0x000235c2     0x2023 obj-tmp\HTTP2.o
 .debug_info    0x000255e5     0x1508 obj-tmp\ICMP.o
 .debug_info    0x00026aed     0x1a49 obj-tmp\IP.o
 .debug_info    0x00028536      0xf19 obj-tmp\LCDBlocking.o
 .debug_info    0x0002944f     0x16ca obj-tmp\MPFS2.o
 .debug_info    0x0002ab19     0x1b33 obj-tmp\NBNS.o
 .debug_info    0x0002c64c      0xf14 obj-tmp\Random.o
 .debug_info    0x0002d560     0x18fa obj-tmp\Reboot.o
 .debug_info    0x0002ee5a      0xf11 obj-tmp\RSA.o
 .debug_info    0x0002fd6b      0xf12 obj-tmp\SMTP.o
 .debug_info    0x00030c7d      0xf12 obj-tmp\SNMP.o
 .debug_info    0x00031b8f      0xf14 obj-tmp\SNMPv3.o
 .debug_info    0x00032aa3      0xf17 obj-tmp\SNMPv3USM.o
 .debug_info    0x000339ba      0xf12 obj-tmp\SNTP.o
 .debug_info    0x000348cc      0xf17 obj-tmp\SPIEEPROM.o
 .debug_info    0x000357e3     0x1b9a obj-tmp\SPIFlash.o
 .debug_info    0x0003737d      0xf14 obj-tmp\SPIRAM.o
 .debug_info    0x00038291      0xf11 obj-tmp\SSL.o
 .debug_info    0x000391a2     0x1910 obj-tmp\StackTsk.o
 .debug_info    0x0003aab2     0x3059 obj-tmp\TCP.o
 .debug_info    0x0003db0b      0xf20 obj-tmp\TCPPerformanceTest.o
 .debug_info    0x0003ea2b      0xf14 obj-tmp\Telnet.o
 .debug_info    0x0003f93f      0xf13 obj-tmp\TFTPc.o
 .debug_info    0x00040852     0x1a65 obj-tmp\Tick.o
 .debug_info    0x000422b7     0x11fd obj-tmp\UART.o
 .debug_info    0x000434b4      0xf1c obj-tmp\UART2TCPBridge.o
 .debug_info    0x000443d0     0x205f obj-tmp\UDP.o
 .debug_info    0x0004642f      0xf20 obj-tmp\UDPPerformanceTest.o
 .debug_info    0x0004734f      0xfda obj-tmp\ZeroconfHelper.o
 .debug_info    0x00048329     0x1e40 obj-tmp\ZeroconfLinkLocal.o
 .debug_info    0x0004a169     0x30f6 obj-tmp\ZeroconfMulticastDNS.o
 .debug_info    0x0004d25f     0x1e2f obj-tmp\WF_Eint.o
 .debug_info    0x0004f08e     0x1919 obj-tmp\WF_pbkdf2.o
 .debug_info    0x000509a7     0x24ae obj-tmp\WFConnectionAlgorithm.o
 .debug_info    0x00052e55     0x1a95 obj-tmp\WFConnectionManager.o
 .debug_info    0x000548ea     0x2247 obj-tmp\WFConnectionProfile.o
 .debug_info    0x00056b31      0xf1c obj-tmp\WFConsole.o
 .debug_info    0x00057a4d      0xf24 obj-tmp\WFConsoleIfconfig.o
 .debug_info    0x00058971      0xf24 obj-tmp\WFConsoleIwconfig.o
 .debug_info    0x00059895      0xf22 obj-tmp\WFConsoleIwpriv.o
 .debug_info    0x0005a7b7     0x1050 obj-tmp\WFConsoleMsgHandler.o
 .debug_info    0x0005b807     0x14e4 obj-tmp\WFConsoleMsgs.o
 .debug_info    0x0005cceb      0xf1d obj-tmp\WFDataTxRx.o
 .debug_info    0x0005dc08     0x1d71 obj-tmp\WFDebugStrings.o
 .debug_info    0x0005f979     0x1df6 obj-tmp\WFEasyConfig.o
 .debug_info    0x0006176f     0x14bb obj-tmp\WFEventHandler.o
 .debug_info    0x00062c2a     0x1a4d obj-tmp\WFInit.o
 .debug_info    0x00064677     0x1a2f obj-tmp\WFPowerSave.o
 .debug_info    0x000660a6     0x155e obj-tmp\WFScan.o
 .debug_info    0x00067604     0x16d5 obj-tmp\WFTxPower.o
 .debug_info    0x00068cd9     0x1a8c obj-tmp\WF_Spi.o
 .debug_info    0x0006a765     0x2806 obj-tmp\WFDriverCom_24G.o
 .debug_info    0x0006cf6b     0x1b4b obj-tmp\WFDriverRaw_24G.o
 .debug_info    0x0006eab6     0x253e obj-tmp\WFMac_24G.o
 .debug_info    0x00070ff4     0x1512 obj-tmp\WFMgmtMsg_24G.o
 .debug_info    0x00072506     0x2461 obj-tmp\WFParamMsg_24G.o
 .debug_info    0x00074967     0x1ffc obj-tmp\DHCP.o
 .debug_info    0x00076963     0x2175 obj-tmp\DHCPs.o
 .debug_info    0x00078ad8      0x783 c:/program files (x86)/microchip/mplabc32/v2.02/bin/../lib/gcc/pic32mx/4.5.1\libgcc.a(_udivdi3.o)
 .debug_info    0x0007925b      0x7c0 c:/program files (x86)/microchip/mplabc32/v2.02/bin/../lib/gcc/pic32mx/4.5.1\libgcc.a(_umoddi3.o)
 .debug_info    0x00079a1b       0xcd c:/program files (x86)/microchip/mplabc32/v2.02/bin/../lib/gcc/pic32mx/4.5.1/../../../../pic32mx/lib\libc.a(atol.o)
 .debug_info    0x00079ae8        0x0 c:/program files (x86)/microchip/mplabc32/v2.02/bin/../lib/gcc/pic32mx/4.5.1/../../../../pic32mx/lib\libc.a(ctype.o)
 .debug_info    0x00079ae8       0xe1 c:/program files (x86)/microchip/mplabc32/v2.02/bin/../lib/gcc/pic32mx/4.5.1/../../../../pic32mx/lib\libc.a(puts.o)
 .debug_info    0x00079bc9       0xd3 c:/program files (x86)/microchip/mplabc32/v2.02/bin/../lib/gcc/pic32mx/4.5.1/../../../../pic32mx/lib\libc.a(strncpy.o)
 .debug_info    0x00079c9c       0xe3 c:/program files (x86)/microchip/mplabc32/v2.02/bin/../lib/gcc/pic32mx/4.5.1/../../../../pic32mx/lib\libc.a(printf_cdnopsuxX.eo)
 .debug_info    0x00079d7f       0xe5 c:/program files (x86)/microchip/mplabc32/v2.02/bin/../lib/gcc/pic32mx/4.5.1/../../../../pic32mx/lib\libc.a(sprintf_cdnopsuxX.eo)
 .debug_info    0x00079e64      0x106 c:/program files (x86)/microchip/mplabc32/v2.02/bin/../lib/gcc/pic32mx/4.5.1/../../../../pic32mx/lib\libc.a(default-bootstrap-exception-handler.o)
 .debug_info    0x00079f6a       0xe0 c:/program files (x86)/microchip/mplabc32/v2.02/bin/../lib/gcc/pic32mx/4.5.1/../../../../pic32mx/lib\libc.a(default-on-reset.o)
 .debug_info    0x0007a04a       0xe8 c:/program files (x86)/microchip/mplabc32/v2.02/bin/../lib/gcc/pic32mx/4.5.1/../../../../pic32mx/lib\libc.a(default-on-bootstrap.o)
 .debug_info    0x0007a132        0x0 c:/program files (x86)/microchip/mplabc32/v2.02/bin/../lib/gcc/pic32mx/4.5.1/../../../../pic32mx/lib\libc.a(_iob.o)
 .debug_info    0x0007a132       0xd6 c:/program files (x86)/microchip/mplabc32/v2.02/bin/../lib/gcc/pic32mx/4.5.1/../../../../pic32mx/lib\libc.a(_fputc_simple.o)
 .debug_info    0x0007a208       0xe6 c:/program files (x86)/microchip/mplabc32/v2.02/bin/../lib/gcc/pic32mx/4.5.1/../../../../pic32mx/lib\libc.a(doprnt_cdnopsuxX.eo)
 .debug_info    0x0007a2ee       0xd1 c:/program files (x86)/microchip/mplabc32/v2.02/bin/../lib/gcc/pic32mx/4.5.1/../../../../pic32mx/lib\libc.a(write.o)
 .debug_info    0x0007a3bf       0xd9 c:/program files (x86)/microchip/mplabc32/v2.02/bin/../lib/gcc/pic32mx/4.5.1/../../../../pic32mx/lib\libc.a(_flsbuf_simple.o)
 .debug_info    0x0007a498       0xd9 c:/program files (x86)/microchip/mplabc32/v2.02/bin/../lib/gcc/pic32mx/4.5.1/../../../../pic32mx/lib\libc.a(_mon_putc.o)
 .debug_info    0x0007a571        0x0 c:/program files (x86)/microchip/mplabc32/v2.02/bin/../lib/gcc/pic32mx/4.5.1/../../../../pic32mx/lib\libc.a(c32_uart.o)
 .debug_info    0x0007a571       0xc7 c:/program files (x86)/microchip/mplabc32/v2.02/bin/../lib/gcc/pic32mx/4.5.1/../../../../pic32mx/lib\libmchp_peripheral_32MX575F256L.a(soft_reset_lib.o)
 .debug_info    0x0007a638       0xd4 c:/program files (x86)/microchip/mplabc32/v2.02/bin/../lib/gcc/pic32mx/4.5.1/../../../../pic32mx/lib\libmchp_peripheral_32MX575F256L.a(pcache.o)
 .debug_info    0x0007a70c       0xcb c:/program files (x86)/microchip/mplabc32/v2.02/bin/../lib/gcc/pic32mx/4.5.1/../../../../pic32mx/lib\libmchp_peripheral_32MX575F256L.a(int_disable_interrupts_lib.o)
 .debug_info    0x0007a7d7       0xcb c:/program files (x86)/microchip/mplabc32/v2.02/bin/../lib/gcc/pic32mx/4.5.1/../../../../pic32mx/lib\libmchp_peripheral_32MX575F256L.a(int_restore_interrupts_lib.o)
 .debug_info    0x0007a8a2       0xd1 c:/program files (x86)/microchip/mplabc32/v2.02/bin/../lib/gcc/pic32mx/4.5.1/../../../../pic32mx/lib\libmchp_peripheral_32MX575F256L.a(int_enable_mv_int_lib.o)
 .debug_info    0x0007a973      0x18a c:/program files (x86)/microchip/mplabc32/v2.02/bin/../lib/gcc/pic32mx/4.5.1/../../../../pic32mx/lib\libmchp_peripheral_32MX575F256L.a(uart_lib.o)
 .debug_info    0x0007aafd       0xd4 c:/program files (x86)/microchip/mplabc32/v2.02/bin/../lib/gcc/pic32mx/4.5.1/../../../../pic32mx/lib\libmchp_peripheral_32MX575F256L.a(puts_uartx_lib_legacy.o)
 .debug_info    0x0007abd1       0xc9 c:/program files (x86)/microchip/mplabc32/v2.02/bin/../lib/gcc/pic32mx/4.5.1/../../../../pic32mx/lib\libmchp_peripheral_32MX575F256L.a(int_enable_interrupts_lib.o)

.debug_abbrev   0x00000000     0xaa95
 *(.debug_abbrev)
 .debug_abbrev  0x00000000      0x3c6 obj-tmp\Main.o
 .debug_abbrev  0x000003c6      0x2d8 obj-tmp\CustomHTTPApp.o
 .debug_abbrev  0x0000069e      0x240 obj-tmp\WF_Config.o
 .debug_abbrev  0x000008de      0x180 obj-tmp\WifiGDemoMPFSImg.o
 .debug_abbrev  0x00000a5e      0x1ff obj-tmp\Announce.o
 .debug_abbrev  0x00000c5d      0x166 obj-tmp\ARCFOUR.o
 .debug_abbrev  0x00000dc3      0x2d3 obj-tmp\ARP.o
 .debug_abbrev  0x00001096      0x166 obj-tmp\AutoIP.o
 .debug_abbrev  0x000011fc      0x166 obj-tmp\BerkeleyAPI.o
 .debug_abbrev  0x00001362      0x166 obj-tmp\BigInt.o
 .debug_abbrev  0x000014c8      0x19b obj-tmp\Delay.o
 .debug_abbrev  0x00001663      0x271 obj-tmp\DNS.o
 .debug_abbrev  0x000018d4      0x25d obj-tmp\DNSs.o
 .debug_abbrev  0x00001b31      0x166 obj-tmp\DynDNS.o
 .debug_abbrev  0x00001c97      0x166 obj-tmp\ENC28J60.o
 .debug_abbrev  0x00001dfd      0x166 obj-tmp\ENCX24J600.o
 .debug_abbrev  0x00001f63      0x166 obj-tmp\eth_pic32_ext_phy_rtl8201FL.o
 .debug_abbrev  0x000020c9      0x166 obj-tmp\ETH97J60.o
 .debug_abbrev  0x0000222f      0x166 obj-tmp\ETHPIC32ExtPhy.o
 .debug_abbrev  0x00002395      0x166 obj-tmp\ETHPIC32ExtPhyDP83640.o
 .debug_abbrev  0x000024fb      0x166 obj-tmp\ETHPIC32ExtPhyDP83848.o
 .debug_abbrev  0x00002661      0x166 obj-tmp\ETHPIC32ExtPhySMSC8700.o
 .debug_abbrev  0x000027c7      0x166 obj-tmp\ETHPIC32ExtPhySMSC8720.o
 .debug_abbrev  0x0000292d      0x166 obj-tmp\ETHPIC32IntMac.o
 .debug_abbrev  0x00002a93      0x166 obj-tmp\FileSystem.o
 .debug_abbrev  0x00002bf9      0x166 obj-tmp\FTP.o
 .debug_abbrev  0x00002d5f      0x166 obj-tmp\Hashes.o
 .debug_abbrev  0x00002ec5      0x24c obj-tmp\Helpers.o
 .debug_abbrev  0x00003111      0x2cc obj-tmp\HTTP2.o
 .debug_abbrev  0x000033dd      0x1c0 obj-tmp\ICMP.o
 .debug_abbrev  0x0000359d      0x242 obj-tmp\IP.o
 .debug_abbrev  0x000037df      0x166 obj-tmp\LCDBlocking.o
 .debug_abbrev  0x00003945      0x28e obj-tmp\MPFS2.o
 .debug_abbrev  0x00003bd3      0x247 obj-tmp\NBNS.o
 .debug_abbrev  0x00003e1a      0x166 obj-tmp\Random.o
 .debug_abbrev  0x00003f80      0x1c0 obj-tmp\Reboot.o
 .debug_abbrev  0x00004140      0x166 obj-tmp\RSA.o
 .debug_abbrev  0x000042a6      0x166 obj-tmp\SMTP.o
 .debug_abbrev  0x0000440c      0x166 obj-tmp\SNMP.o
 .debug_abbrev  0x00004572      0x166 obj-tmp\SNMPv3.o
 .debug_abbrev  0x000046d8      0x166 obj-tmp\SNMPv3USM.o
 .debug_abbrev  0x0000483e      0x166 obj-tmp\SNTP.o
 .debug_abbrev  0x000049a4      0x166 obj-tmp\SPIEEPROM.o
 .debug_abbrev  0x00004b0a      0x246 obj-tmp\SPIFlash.o
 .debug_abbrev  0x00004d50      0x166 obj-tmp\SPIRAM.o
 .debug_abbrev  0x00004eb6      0x166 obj-tmp\SSL.o
 .debug_abbrev  0x0000501c      0x20b obj-tmp\StackTsk.o
 .debug_abbrev  0x00005227      0x2d2 obj-tmp\TCP.o
 .debug_abbrev  0x000054f9      0x166 obj-tmp\TCPPerformanceTest.o
 .debug_abbrev  0x0000565f      0x166 obj-tmp\Telnet.o
 .debug_abbrev  0x000057c5      0x166 obj-tmp\TFTPc.o
 .debug_abbrev  0x0000592b      0x219 obj-tmp\Tick.o
 .debug_abbrev  0x00005b44      0x19d obj-tmp\UART.o
 .debug_abbrev  0x00005ce1      0x166 obj-tmp\UART2TCPBridge.o
 .debug_abbrev  0x00005e47      0x2d9 obj-tmp\UDP.o
 .debug_abbrev  0x00006120      0x166 obj-tmp\UDPPerformanceTest.o
 .debug_abbrev  0x00006286      0x19f obj-tmp\ZeroconfHelper.o
 .debug_abbrev  0x00006425      0x2c2 obj-tmp\ZeroconfLinkLocal.o
 .debug_abbrev  0x000066e7      0x32a obj-tmp\ZeroconfMulticastDNS.o
 .debug_abbrev  0x00006a11      0x1aa obj-tmp\WF_Eint.o
 .debug_abbrev  0x00006bbb      0x269 obj-tmp\WF_pbkdf2.o
 .debug_abbrev  0x00006e24      0x2a6 obj-tmp\WFConnectionAlgorithm.o
 .debug_abbrev  0x000070ca      0x290 obj-tmp\WFConnectionManager.o
 .debug_abbrev  0x0000735a      0x298 obj-tmp\WFConnectionProfile.o
 .debug_abbrev  0x000075f2      0x166 obj-tmp\WFConsole.o
 .debug_abbrev  0x00007758      0x166 obj-tmp\WFConsoleIfconfig.o
 .debug_abbrev  0x000078be      0x166 obj-tmp\WFConsoleIwconfig.o
 .debug_abbrev  0x00007a24      0x166 obj-tmp\WFConsoleIwpriv.o
 .debug_abbrev  0x00007b8a      0x1be obj-tmp\WFConsoleMsgHandler.o
 .debug_abbrev  0x00007d48      0x1ef obj-tmp\WFConsoleMsgs.o
 .debug_abbrev  0x00007f37      0x166 obj-tmp\WFDataTxRx.o
 .debug_abbrev  0x0000809d      0x253 obj-tmp\WFDebugStrings.o
 .debug_abbrev  0x000082f0      0x2a8 obj-tmp\WFEasyConfig.o
 .debug_abbrev  0x00008598      0x22b obj-tmp\WFEventHandler.o
 .debug_abbrev  0x000087c3      0x1f8 obj-tmp\WFInit.o
 .debug_abbrev  0x000089bb      0x27d obj-tmp\WFPowerSave.o
 .debug_abbrev  0x00008c38      0x208 obj-tmp\WFScan.o
 .debug_abbrev  0x00008e40      0x20b obj-tmp\WFTxPower.o
 .debug_abbrev  0x0000904b      0x217 obj-tmp\WF_Spi.o
 .debug_abbrev  0x00009262      0x2fc obj-tmp\WFDriverCom_24G.o
 .debug_abbrev  0x0000955e      0x26c obj-tmp\WFDriverRaw_24G.o
 .debug_abbrev  0x000097ca      0x2c5 obj-tmp\WFMac_24G.o
 .debug_abbrev  0x00009a8f      0x269 obj-tmp\WFMgmtMsg_24G.o
 .debug_abbrev  0x00009cf8      0x274 obj-tmp\WFParamMsg_24G.o
 .debug_abbrev  0x00009f6c      0x2bd obj-tmp\DHCP.o
 .debug_abbrev  0x0000a229      0x29b obj-tmp\DHCPs.o
 .debug_abbrev  0x0000a4c4      0x13d c:/program files (x86)/microchip/mplabc32/v2.02/bin/../lib/gcc/pic32mx/4.5.1\libgcc.a(_udivdi3.o)
 .debug_abbrev  0x0000a601      0x15c c:/program files (x86)/microchip/mplabc32/v2.02/bin/../lib/gcc/pic32mx/4.5.1\libgcc.a(_umoddi3.o)
 .debug_abbrev  0x0000a75d       0x25 c:/program files (x86)/microchip/mplabc32/v2.02/bin/../lib/gcc/pic32mx/4.5.1/../../../../pic32mx/lib\libc.a(atol.o)
 .debug_abbrev  0x0000a782        0x1 c:/program files (x86)/microchip/mplabc32/v2.02/bin/../lib/gcc/pic32mx/4.5.1/../../../../pic32mx/lib\libc.a(ctype.o)
 .debug_abbrev  0x0000a783       0x25 c:/program files (x86)/microchip/mplabc32/v2.02/bin/../lib/gcc/pic32mx/4.5.1/../../../../pic32mx/lib\libc.a(puts.o)
 .debug_abbrev  0x0000a7a8       0x25 c:/program files (x86)/microchip/mplabc32/v2.02/bin/../lib/gcc/pic32mx/4.5.1/../../../../pic32mx/lib\libc.a(strncpy.o)
 .debug_abbrev  0x0000a7cd       0x27 c:/program files (x86)/microchip/mplabc32/v2.02/bin/../lib/gcc/pic32mx/4.5.1/../../../../pic32mx/lib\libc.a(printf_cdnopsuxX.eo)
 .debug_abbrev  0x0000a7f4       0x27 c:/program files (x86)/microchip/mplabc32/v2.02/bin/../lib/gcc/pic32mx/4.5.1/../../../../pic32mx/lib\libc.a(sprintf_cdnopsuxX.eo)
 .debug_abbrev  0x0000a81b       0x25 c:/program files (x86)/microchip/mplabc32/v2.02/bin/../lib/gcc/pic32mx/4.5.1/../../../../pic32mx/lib\libc.a(default-bootstrap-exception-handler.o)
 .debug_abbrev  0x0000a840       0x25 c:/program files (x86)/microchip/mplabc32/v2.02/bin/../lib/gcc/pic32mx/4.5.1/../../../../pic32mx/lib\libc.a(default-on-reset.o)
 .debug_abbrev  0x0000a865       0x25 c:/program files (x86)/microchip/mplabc32/v2.02/bin/../lib/gcc/pic32mx/4.5.1/../../../../pic32mx/lib\libc.a(default-on-bootstrap.o)
 .debug_abbrev  0x0000a88a        0x1 c:/program files (x86)/microchip/mplabc32/v2.02/bin/../lib/gcc/pic32mx/4.5.1/../../../../pic32mx/lib\libc.a(_iob.o)
 .debug_abbrev  0x0000a88b       0x27 c:/program files (x86)/microchip/mplabc32/v2.02/bin/../lib/gcc/pic32mx/4.5.1/../../../../pic32mx/lib\libc.a(_fputc_simple.o)
 .debug_abbrev  0x0000a8b2       0x27 c:/program files (x86)/microchip/mplabc32/v2.02/bin/../lib/gcc/pic32mx/4.5.1/../../../../pic32mx/lib\libc.a(doprnt_cdnopsuxX.eo)
 .debug_abbrev  0x0000a8d9       0x25 c:/program files (x86)/microchip/mplabc32/v2.02/bin/../lib/gcc/pic32mx/4.5.1/../../../../pic32mx/lib\libc.a(write.o)
 .debug_abbrev  0x0000a8fe       0x27 c:/program files (x86)/microchip/mplabc32/v2.02/bin/../lib/gcc/pic32mx/4.5.1/../../../../pic32mx/lib\libc.a(_flsbuf_simple.o)
 .debug_abbrev  0x0000a925       0x25 c:/program files (x86)/microchip/mplabc32/v2.02/bin/../lib/gcc/pic32mx/4.5.1/../../../../pic32mx/lib\libc.a(_mon_putc.o)
 .debug_abbrev  0x0000a94a        0x1 c:/program files (x86)/microchip/mplabc32/v2.02/bin/../lib/gcc/pic32mx/4.5.1/../../../../pic32mx/lib\libc.a(c32_uart.o)
 .debug_abbrev  0x0000a94b       0x34 c:/program files (x86)/microchip/mplabc32/v2.02/bin/../lib/gcc/pic32mx/4.5.1/../../../../pic32mx/lib\libmchp_peripheral_32MX575F256L.a(soft_reset_lib.o)
 .debug_abbrev  0x0000a97f       0x25 c:/program files (x86)/microchip/mplabc32/v2.02/bin/../lib/gcc/pic32mx/4.5.1/../../../../pic32mx/lib\libmchp_peripheral_32MX575F256L.a(pcache.o)
 .debug_abbrev  0x0000a9a4       0x25 c:/program files (x86)/microchip/mplabc32/v2.02/bin/../lib/gcc/pic32mx/4.5.1/../../../../pic32mx/lib\libmchp_peripheral_32MX575F256L.a(int_disable_interrupts_lib.o)
 .debug_abbrev  0x0000a9c9       0x25 c:/program files (x86)/microchip/mplabc32/v2.02/bin/../lib/gcc/pic32mx/4.5.1/../../../../pic32mx/lib\libmchp_peripheral_32MX575F256L.a(int_restore_interrupts_lib.o)
 .debug_abbrev  0x0000a9ee       0x25 c:/program files (x86)/microchip/mplabc32/v2.02/bin/../lib/gcc/pic32mx/4.5.1/../../../../pic32mx/lib\libmchp_peripheral_32MX575F256L.a(int_enable_mv_int_lib.o)
 .debug_abbrev  0x0000aa13       0x38 c:/program files (x86)/microchip/mplabc32/v2.02/bin/../lib/gcc/pic32mx/4.5.1/../../../../pic32mx/lib\libmchp_peripheral_32MX575F256L.a(uart_lib.o)
 .debug_abbrev  0x0000aa4b       0x25 c:/program files (x86)/microchip/mplabc32/v2.02/bin/../lib/gcc/pic32mx/4.5.1/../../../../pic32mx/lib\libmchp_peripheral_32MX575F256L.a(puts_uartx_lib_legacy.o)
 .debug_abbrev  0x0000aa70       0x25 c:/program files (x86)/microchip/mplabc32/v2.02/bin/../lib/gcc/pic32mx/4.5.1/../../../../pic32mx/lib\libmchp_peripheral_32MX575F256L.a(int_enable_interrupts_lib.o)

.debug_line     0x00000000     0xc9ea
 *(.debug_line)
 .debug_line    0x00000000      0x3e4 obj-tmp\Main.o
 .debug_line    0x000003e4      0x4ab obj-tmp\CustomHTTPApp.o
 .debug_line    0x0000088f      0x240 obj-tmp\WF_Config.o
 .debug_line    0x00000acf      0x15c obj-tmp\WifiGDemoMPFSImg.o
 .debug_line    0x00000c2b      0x21e obj-tmp\Announce.o
 .debug_line    0x00000e49      0x146 obj-tmp\ARCFOUR.o
 .debug_line    0x00000f8f      0x2ac obj-tmp\ARP.o
 .debug_line    0x0000123b      0x146 obj-tmp\AutoIP.o
 .debug_line    0x00001381      0x146 obj-tmp\BerkeleyAPI.o
 .debug_line    0x000014c7      0x146 obj-tmp\BigInt.o
 .debug_line    0x0000160d      0x18e obj-tmp\Delay.o
 .debug_line    0x0000179b      0x322 obj-tmp\DNS.o
 .debug_line    0x00001abd      0x24f obj-tmp\DNSs.o
 .debug_line    0x00001d0c      0x146 obj-tmp\DynDNS.o
 .debug_line    0x00001e52      0x146 obj-tmp\ENC28J60.o
 .debug_line    0x00001f98      0x146 obj-tmp\ENCX24J600.o
 .debug_line    0x000020de      0x146 obj-tmp\eth_pic32_ext_phy_rtl8201FL.o
 .debug_line    0x00002224      0x146 obj-tmp\ETH97J60.o
 .debug_line    0x0000236a      0x146 obj-tmp\ETHPIC32ExtPhy.o
 .debug_line    0x000024b0      0x146 obj-tmp\ETHPIC32ExtPhyDP83640.o
 .debug_line    0x000025f6      0x146 obj-tmp\ETHPIC32ExtPhyDP83848.o
 .debug_line    0x0000273c      0x146 obj-tmp\ETHPIC32ExtPhySMSC8700.o
 .debug_line    0x00002882      0x146 obj-tmp\ETHPIC32ExtPhySMSC8720.o
 .debug_line    0x000029c8      0x146 obj-tmp\ETHPIC32IntMac.o
 .debug_line    0x00002b0e      0x146 obj-tmp\FileSystem.o
 .debug_line    0x00002c54      0x146 obj-tmp\FTP.o
 .debug_line    0x00002d9a      0x146 obj-tmp\Hashes.o
 .debug_line    0x00002ee0      0x398 obj-tmp\Helpers.o
 .debug_line    0x00003278      0x55a obj-tmp\HTTP2.o
 .debug_line    0x000037d2      0x1c7 obj-tmp\ICMP.o
 .debug_line    0x00003999      0x208 obj-tmp\IP.o
 .debug_line    0x00003ba1      0x146 obj-tmp\LCDBlocking.o
 .debug_line    0x00003ce7      0x375 obj-tmp\MPFS2.o
 .debug_line    0x0000405c      0x251 obj-tmp\NBNS.o
 .debug_line    0x000042ad      0x146 obj-tmp\Random.o
 .debug_line    0x000043f3      0x1d3 obj-tmp\Reboot.o
 .debug_line    0x000045c6      0x146 obj-tmp\RSA.o
 .debug_line    0x0000470c      0x146 obj-tmp\SMTP.o
 .debug_line    0x00004852      0x146 obj-tmp\SNMP.o
 .debug_line    0x00004998      0x146 obj-tmp\SNMPv3.o
 .debug_line    0x00004ade      0x146 obj-tmp\SNMPv3USM.o
 .debug_line    0x00004c24      0x146 obj-tmp\SNTP.o
 .debug_line    0x00004d6a      0x146 obj-tmp\SPIEEPROM.o
 .debug_line    0x00004eb0      0x3a3 obj-tmp\SPIFlash.o
 .debug_line    0x00005253      0x146 obj-tmp\SPIRAM.o
 .debug_line    0x00005399      0x146 obj-tmp\SSL.o
 .debug_line    0x000054df      0x23c obj-tmp\StackTsk.o
 .debug_line    0x0000571b      0xb75 obj-tmp\TCP.o
 .debug_line    0x00006290      0x146 obj-tmp\TCPPerformanceTest.o
 .debug_line    0x000063d6      0x146 obj-tmp\Telnet.o
 .debug_line    0x0000651c      0x146 obj-tmp\TFTPc.o
 .debug_line    0x00006662      0x1d8 obj-tmp\Tick.o
 .debug_line    0x0000683a      0x18c obj-tmp\UART.o
 .debug_line    0x000069c6      0x146 obj-tmp\UART2TCPBridge.o
 .debug_line    0x00006b0c      0x376 obj-tmp\UDP.o
 .debug_line    0x00006e82      0x146 obj-tmp\UDPPerformanceTest.o
 .debug_line    0x00006fc8      0x191 obj-tmp\ZeroconfHelper.o
 .debug_line    0x00007159      0x361 obj-tmp\ZeroconfLinkLocal.o
 .debug_line    0x000074ba      0x7d4 obj-tmp\ZeroconfMulticastDNS.o
 .debug_line    0x00007c8e      0x1b8 obj-tmp\WF_Eint.o
 .debug_line    0x00007e46      0x3a7 obj-tmp\WF_pbkdf2.o
 .debug_line    0x000081ed      0x373 obj-tmp\WFConnectionAlgorithm.o
 .debug_line    0x00008560      0x231 obj-tmp\WFConnectionManager.o
 .debug_line    0x00008791      0x2e4 obj-tmp\WFConnectionProfile.o
 .debug_line    0x00008a75      0x146 obj-tmp\WFConsole.o
 .debug_line    0x00008bbb      0x146 obj-tmp\WFConsoleIfconfig.o
 .debug_line    0x00008d01      0x146 obj-tmp\WFConsoleIwconfig.o
 .debug_line    0x00008e47      0x146 obj-tmp\WFConsoleIwpriv.o
 .debug_line    0x00008f8d      0x1a9 obj-tmp\WFConsoleMsgHandler.o
 .debug_line    0x00009136      0x257 obj-tmp\WFConsoleMsgs.o
 .debug_line    0x0000938d      0x146 obj-tmp\WFDataTxRx.o
 .debug_line    0x000094d3      0x2e3 obj-tmp\WFDebugStrings.o
 .debug_line    0x000097b6      0x2a3 obj-tmp\WFEasyConfig.o
 .debug_line    0x00009a59      0x24c obj-tmp\WFEventHandler.o
 .debug_line    0x00009ca5      0x1d6 obj-tmp\WFInit.o
 .debug_line    0x00009e7b      0x233 obj-tmp\WFPowerSave.o
 .debug_line    0x0000a0ae      0x1e9 obj-tmp\WFScan.o
 .debug_line    0x0000a297      0x1e0 obj-tmp\WFTxPower.o
 .debug_line    0x0000a477      0x1fe obj-tmp\WF_Spi.o
 .debug_line    0x0000a675      0x384 obj-tmp\WFDriverCom_24G.o
 .debug_line    0x0000a9f9      0x334 obj-tmp\WFDriverRaw_24G.o
 .debug_line    0x0000ad2d      0x3fb obj-tmp\WFMac_24G.o
 .debug_line    0x0000b128      0x250 obj-tmp\WFMgmtMsg_24G.o
 .debug_line    0x0000b378      0x2fc obj-tmp\WFParamMsg_24G.o
 .debug_line    0x0000b674      0x41e obj-tmp\DHCP.o
 .debug_line    0x0000ba92      0x400 obj-tmp\DHCPs.o
 .debug_line    0x0000be92      0x112 c:/program files (x86)/microchip/mplabc32/v2.02/bin/../lib/gcc/pic32mx/4.5.1\libgcc.a(_udivdi3.o)
 .debug_line    0x0000bfa4      0x128 c:/program files (x86)/microchip/mplabc32/v2.02/bin/../lib/gcc/pic32mx/4.5.1\libgcc.a(_umoddi3.o)
 .debug_line    0x0000c0cc       0x85 c:/program files (x86)/microchip/mplabc32/v2.02/bin/../lib/gcc/pic32mx/4.5.1/../../../../pic32mx/lib\libc.a(atol.o)
 .debug_line    0x0000c151        0x0 c:/program files (x86)/microchip/mplabc32/v2.02/bin/../lib/gcc/pic32mx/4.5.1/../../../../pic32mx/lib\libc.a(ctype.o)
 .debug_line    0x0000c151       0x85 c:/program files (x86)/microchip/mplabc32/v2.02/bin/../lib/gcc/pic32mx/4.5.1/../../../../pic32mx/lib\libc.a(puts.o)
 .debug_line    0x0000c1d6       0x88 c:/program files (x86)/microchip/mplabc32/v2.02/bin/../lib/gcc/pic32mx/4.5.1/../../../../pic32mx/lib\libc.a(strncpy.o)
 .debug_line    0x0000c25e       0x30 c:/program files (x86)/microchip/mplabc32/v2.02/bin/../lib/gcc/pic32mx/4.5.1/../../../../pic32mx/lib\libc.a(printf_cdnopsuxX.eo)
 .debug_line    0x0000c28e       0x31 c:/program files (x86)/microchip/mplabc32/v2.02/bin/../lib/gcc/pic32mx/4.5.1/../../../../pic32mx/lib\libc.a(sprintf_cdnopsuxX.eo)
 .debug_line    0x0000c2bf       0xa6 c:/program files (x86)/microchip/mplabc32/v2.02/bin/../lib/gcc/pic32mx/4.5.1/../../../../pic32mx/lib\libc.a(default-bootstrap-exception-handler.o)
 .debug_line    0x0000c365       0x93 c:/program files (x86)/microchip/mplabc32/v2.02/bin/../lib/gcc/pic32mx/4.5.1/../../../../pic32mx/lib\libc.a(default-on-reset.o)
 .debug_line    0x0000c3f8       0x97 c:/program files (x86)/microchip/mplabc32/v2.02/bin/../lib/gcc/pic32mx/4.5.1/../../../../pic32mx/lib\libc.a(default-on-bootstrap.o)
 .debug_line    0x0000c48f        0x0 c:/program files (x86)/microchip/mplabc32/v2.02/bin/../lib/gcc/pic32mx/4.5.1/../../../../pic32mx/lib\libc.a(_iob.o)
 .debug_line    0x0000c48f       0x2f c:/program files (x86)/microchip/mplabc32/v2.02/bin/../lib/gcc/pic32mx/4.5.1/../../../../pic32mx/lib\libc.a(_fputc_simple.o)
 .debug_line    0x0000c4be       0x30 c:/program files (x86)/microchip/mplabc32/v2.02/bin/../lib/gcc/pic32mx/4.5.1/../../../../pic32mx/lib\libc.a(doprnt_cdnopsuxX.eo)
 .debug_line    0x0000c4ee       0x88 c:/program files (x86)/microchip/mplabc32/v2.02/bin/../lib/gcc/pic32mx/4.5.1/../../../../pic32mx/lib\libc.a(write.o)
 .debug_line    0x0000c576       0x30 c:/program files (x86)/microchip/mplabc32/v2.02/bin/../lib/gcc/pic32mx/4.5.1/../../../../pic32mx/lib\libc.a(_flsbuf_simple.o)
 .debug_line    0x0000c5a6       0x8c c:/program files (x86)/microchip/mplabc32/v2.02/bin/../lib/gcc/pic32mx/4.5.1/../../../../pic32mx/lib\libc.a(_mon_putc.o)
 .debug_line    0x0000c632        0x0 c:/program files (x86)/microchip/mplabc32/v2.02/bin/../lib/gcc/pic32mx/4.5.1/../../../../pic32mx/lib\libc.a(c32_uart.o)
 .debug_line    0x0000c632       0xbf c:/program files (x86)/microchip/mplabc32/v2.02/bin/../lib/gcc/pic32mx/4.5.1/../../../../pic32mx/lib\libmchp_peripheral_32MX575F256L.a(soft_reset_lib.o)
 .debug_line    0x0000c6f1       0x62 c:/program files (x86)/microchip/mplabc32/v2.02/bin/../lib/gcc/pic32mx/4.5.1/../../../../pic32mx/lib\libmchp_peripheral_32MX575F256L.a(pcache.o)
 .debug_line    0x0000c753       0x73 c:/program files (x86)/microchip/mplabc32/v2.02/bin/../lib/gcc/pic32mx/4.5.1/../../../../pic32mx/lib\libmchp_peripheral_32MX575F256L.a(int_disable_interrupts_lib.o)
 .debug_line    0x0000c7c6       0x73 c:/program files (x86)/microchip/mplabc32/v2.02/bin/../lib/gcc/pic32mx/4.5.1/../../../../pic32mx/lib\libmchp_peripheral_32MX575F256L.a(int_restore_interrupts_lib.o)
 .debug_line    0x0000c839       0x6e c:/program files (x86)/microchip/mplabc32/v2.02/bin/../lib/gcc/pic32mx/4.5.1/../../../../pic32mx/lib\libmchp_peripheral_32MX575F256L.a(int_enable_mv_int_lib.o)
 .debug_line    0x0000c8a7       0x62 c:/program files (x86)/microchip/mplabc32/v2.02/bin/../lib/gcc/pic32mx/4.5.1/../../../../pic32mx/lib\libmchp_peripheral_32MX575F256L.a(uart_lib.o)
 .debug_line    0x0000c909       0x6f c:/program files (x86)/microchip/mplabc32/v2.02/bin/../lib/gcc/pic32mx/4.5.1/../../../../pic32mx/lib\libmchp_peripheral_32MX575F256L.a(puts_uartx_lib_legacy.o)
 .debug_line    0x0000c978       0x72 c:/program files (x86)/microchip/mplabc32/v2.02/bin/../lib/gcc/pic32mx/4.5.1/../../../../pic32mx/lib\libmchp_peripheral_32MX575F256L.a(int_enable_interrupts_lib.o)

.debug_frame    0x00000000     0x3bc4
 *(.debug_frame)
 .debug_frame   0x00000000      0x108 obj-tmp\Main.o
 .debug_frame   0x00000108      0x27c obj-tmp\CustomHTTPApp.o
 .debug_frame   0x00000384       0x48 obj-tmp\WF_Config.o
 .debug_frame   0x000003cc       0x48 obj-tmp\Announce.o
 .debug_frame   0x00000414      0x118 obj-tmp\ARP.o
 .debug_frame   0x0000052c       0x44 obj-tmp\Delay.o
 .debug_frame   0x00000570       0xb4 obj-tmp\DNS.o
 .debug_frame   0x00000624       0x94 obj-tmp\DNSs.o
 .debug_frame   0x000006b8      0x1a0 obj-tmp\Helpers.o
 .debug_frame   0x00000858      0x1b4 obj-tmp\HTTP2.o
 .debug_frame   0x00000a0c       0x2c obj-tmp\ICMP.o
 .debug_frame   0x00000a38       0x80 obj-tmp\IP.o
 .debug_frame   0x00000ab8      0x230 obj-tmp\MPFS2.o
 .debug_frame   0x00000ce8       0x64 obj-tmp\NBNS.o
 .debug_frame   0x00000d4c       0x2c obj-tmp\Reboot.o
 .debug_frame   0x00000d78       0xe0 obj-tmp\SPIFlash.o
 .debug_frame   0x00000e58       0x80 obj-tmp\StackTsk.o
 .debug_frame   0x00000ed8      0x39c obj-tmp\TCP.o
 .debug_frame   0x00001274       0xcc obj-tmp\Tick.o
 .debug_frame   0x00001340       0x28 obj-tmp\UART.o
 .debug_frame   0x00001368      0x200 obj-tmp\UDP.o
 .debug_frame   0x00001568       0x2c obj-tmp\ZeroconfHelper.o
 .debug_frame   0x00001594       0xcc obj-tmp\ZeroconfLinkLocal.o
 .debug_frame   0x00001660      0x2d8 obj-tmp\ZeroconfMulticastDNS.o
 .debug_frame   0x00001938       0xd0 obj-tmp\WF_Eint.o
 .debug_frame   0x00001a08      0x15c obj-tmp\WF_pbkdf2.o
 .debug_frame   0x00001b64      0x468 obj-tmp\WFConnectionAlgorithm.o
 .debug_frame   0x00001fcc      0x104 obj-tmp\WFConnectionManager.o
 .debug_frame   0x000020d0      0x2cc obj-tmp\WFConnectionProfile.o
 .debug_frame   0x0000239c       0x2c obj-tmp\WFConsoleMsgHandler.o
 .debug_frame   0x000023c8       0x44 obj-tmp\WFConsoleMsgs.o
 .debug_frame   0x0000240c      0x15c obj-tmp\WFDebugStrings.o
 .debug_frame   0x00002568       0xe8 obj-tmp\WFEasyConfig.o
 .debug_frame   0x00002650       0x60 obj-tmp\WFEventHandler.o
 .debug_frame   0x000026b0       0x48 obj-tmp\WFInit.o
 .debug_frame   0x000026f8      0x18c obj-tmp\WFPowerSave.o
 .debug_frame   0x00002884       0x64 obj-tmp\WFScan.o
 .debug_frame   0x000028e8       0x64 obj-tmp\WFTxPower.o
 .debug_frame   0x0000294c       0x90 obj-tmp\WF_Spi.o
 .debug_frame   0x000029dc      0x280 obj-tmp\WFDriverCom_24G.o
 .debug_frame   0x00002c5c      0x25c obj-tmp\WFDriverRaw_24G.o
 .debug_frame   0x00002eb8      0x35c obj-tmp\WFMac_24G.o
 .debug_frame   0x00003214       0x94 obj-tmp\WFMgmtMsg_24G.o
 .debug_frame   0x000032a8      0x2b0 obj-tmp\WFParamMsg_24G.o
 .debug_frame   0x00003558      0x13c obj-tmp\DHCP.o
 .debug_frame   0x00003694      0x180 obj-tmp\DHCPs.o
 .debug_frame   0x00003814       0x20 c:/program files (x86)/microchip/mplabc32/v2.02/bin/../lib/gcc/pic32mx/4.5.1/../../../../pic32mx/lib\libc.a(atol.o)
 .debug_frame   0x00003834       0x48 c:/program files (x86)/microchip/mplabc32/v2.02/bin/../lib/gcc/pic32mx/4.5.1/../../../../pic32mx/lib\libc.a(puts.o)
 .debug_frame   0x0000387c       0x20 c:/program files (x86)/microchip/mplabc32/v2.02/bin/../lib/gcc/pic32mx/4.5.1/../../../../pic32mx/lib\libc.a(strncpy.o)
 .debug_frame   0x0000389c       0x28 c:/program files (x86)/microchip/mplabc32/v2.02/bin/../lib/gcc/pic32mx/4.5.1/../../../../pic32mx/lib\libc.a(printf_cdnopsuxX.eo)
 .debug_frame   0x000038c4       0x2c c:/program files (x86)/microchip/mplabc32/v2.02/bin/../lib/gcc/pic32mx/4.5.1/../../../../pic32mx/lib\libc.a(sprintf_cdnopsuxX.eo)
 .debug_frame   0x000038f0       0x20 c:/program files (x86)/microchip/mplabc32/v2.02/bin/../lib/gcc/pic32mx/4.5.1/../../../../pic32mx/lib\libc.a(default-bootstrap-exception-handler.o)
 .debug_frame   0x00003910       0x20 c:/program files (x86)/microchip/mplabc32/v2.02/bin/../lib/gcc/pic32mx/4.5.1/../../../../pic32mx/lib\libc.a(default-on-reset.o)
 .debug_frame   0x00003930       0x20 c:/program files (x86)/microchip/mplabc32/v2.02/bin/../lib/gcc/pic32mx/4.5.1/../../../../pic32mx/lib\libc.a(default-on-bootstrap.o)
 .debug_frame   0x00003950       0x2c c:/program files (x86)/microchip/mplabc32/v2.02/bin/../lib/gcc/pic32mx/4.5.1/../../../../pic32mx/lib\libc.a(_fputc_simple.o)
 .debug_frame   0x0000397c       0x38 c:/program files (x86)/microchip/mplabc32/v2.02/bin/../lib/gcc/pic32mx/4.5.1/../../../../pic32mx/lib\libc.a(doprnt_cdnopsuxX.eo)
 .debug_frame   0x000039b4       0x28 c:/program files (x86)/microchip/mplabc32/v2.02/bin/../lib/gcc/pic32mx/4.5.1/../../../../pic32mx/lib\libc.a(write.o)
 .debug_frame   0x000039dc       0x28 c:/program files (x86)/microchip/mplabc32/v2.02/bin/../lib/gcc/pic32mx/4.5.1/../../../../pic32mx/lib\libc.a(_flsbuf_simple.o)
 .debug_frame   0x00003a04       0x20 c:/program files (x86)/microchip/mplabc32/v2.02/bin/../lib/gcc/pic32mx/4.5.1/../../../../pic32mx/lib\libc.a(_mon_putc.o)
 .debug_frame   0x00003a24       0x28 c:/program files (x86)/microchip/mplabc32/v2.02/bin/../lib/gcc/pic32mx/4.5.1/../../../../pic32mx/lib\libmchp_peripheral_32MX575F256L.a(soft_reset_lib.o)
 .debug_frame   0x00003a4c       0x30 c:/program files (x86)/microchip/mplabc32/v2.02/bin/../lib/gcc/pic32mx/4.5.1/../../../../pic32mx/lib\libmchp_peripheral_32MX575F256L.a(pcache.o)
 .debug_frame   0x00003a7c       0x20 c:/program files (x86)/microchip/mplabc32/v2.02/bin/../lib/gcc/pic32mx/4.5.1/../../../../pic32mx/lib\libmchp_peripheral_32MX575F256L.a(int_disable_interrupts_lib.o)
 .debug_frame   0x00003a9c       0x20 c:/program files (x86)/microchip/mplabc32/v2.02/bin/../lib/gcc/pic32mx/4.5.1/../../../../pic32mx/lib\libmchp_peripheral_32MX575F256L.a(int_restore_interrupts_lib.o)
 .debug_frame   0x00003abc       0x28 c:/program files (x86)/microchip/mplabc32/v2.02/bin/../lib/gcc/pic32mx/4.5.1/../../../../pic32mx/lib\libmchp_peripheral_32MX575F256L.a(int_enable_mv_int_lib.o)
 .debug_frame   0x00003ae4       0x90 c:/program files (x86)/microchip/mplabc32/v2.02/bin/../lib/gcc/pic32mx/4.5.1/../../../../pic32mx/lib\libmchp_peripheral_32MX575F256L.a(uart_lib.o)
 .debug_frame   0x00003b74       0x30 c:/program files (x86)/microchip/mplabc32/v2.02/bin/../lib/gcc/pic32mx/4.5.1/../../../../pic32mx/lib\libmchp_peripheral_32MX575F256L.a(puts_uartx_lib_legacy.o)
 .debug_frame   0x00003ba4       0x20 c:/program files (x86)/microchip/mplabc32/v2.02/bin/../lib/gcc/pic32mx/4.5.1/../../../../pic32mx/lib\libmchp_peripheral_32MX575F256L.a(int_enable_interrupts_lib.o)

.debug_str      0x00000000     0x590d
 *(.debug_str)
 .debug_str     0x00000000      0x1a7 obj-tmp\Main.o
 .debug_str     0x000001a7      0x196 obj-tmp\CustomHTTPApp.o
 .debug_str     0x0000033d      0x108 obj-tmp\WF_Config.o
 .debug_str     0x00000445       0xe2 obj-tmp\WifiGDemoMPFSImg.o
 .debug_str     0x00000527      0x10e obj-tmp\Announce.o
 .debug_str     0x00000635       0xe2 obj-tmp\ARCFOUR.o
 .debug_str     0x00000717       0xfa obj-tmp\ARP.o
 .debug_str     0x00000811       0xe2 obj-tmp\AutoIP.o
 .debug_str     0x000008f3       0xe2 obj-tmp\BerkeleyAPI.o
 .debug_str     0x000009d5       0xe2 obj-tmp\BigInt.o
 .debug_str     0x00000ab7       0xe2 obj-tmp\Delay.o
 .debug_str     0x00000b99       0xec obj-tmp\DNS.o
 .debug_str     0x00000c85       0xec obj-tmp\DNSs.o
 .debug_str     0x00000d71       0xe2 obj-tmp\DynDNS.o
 .debug_str     0x00000e53       0xe2 obj-tmp\ENC28J60.o
 .debug_str     0x00000f35       0xe2 obj-tmp\ENCX24J600.o
 .debug_str     0x00001017       0xe2 obj-tmp\eth_pic32_ext_phy_rtl8201FL.o
 .debug_str     0x000010f9       0xe2 obj-tmp\ETH97J60.o
 .debug_str     0x000011db       0xe2 obj-tmp\ETHPIC32ExtPhy.o