Archive member included because of file (symbol)

c:/program files (x86)/microchip/xc32/v1.40/bin/bin/../../lib/gcc/pic32mx/4.8.3/../../../../pic32mx/lib\libmchp_peripheral_32MX575F256L.a(soft_reset_lib.o)
                              build/default/debug/_ext/93166211/Reboot.o (SoftReset)
c:/program files (x86)/microchip/xc32/v1.40/bin/bin/../../lib/gcc/pic32mx/4.8.3/../../../../pic32mx/lib\libmchp_peripheral_32MX575F256L.a(pcache.o)
                              build/default/debug/_ext/1472/Main.o (CheKseg0CacheOn)
c:/program files (x86)/microchip/xc32/v1.40/bin/bin/../../lib/gcc/pic32mx/4.8.3/../../../../pic32mx/lib\libmchp_peripheral_32MX575F256L.a(int_disable_interrupts_lib.o)
                              build/default/debug/_ext/1472/Main.o (INTDisableInterrupts)
c:/program files (x86)/microchip/xc32/v1.40/bin/bin/../../lib/gcc/pic32mx/4.8.3/../../../../pic32mx/lib\libmchp_peripheral_32MX575F256L.a(int_restore_interrupts_lib.o)
                              build/default/debug/_ext/1472/Main.o (INTRestoreInterrupts)
c:/program files (x86)/microchip/xc32/v1.40/bin/bin/../../lib/gcc/pic32mx/4.8.3/../../../../pic32mx/lib\libmchp_peripheral_32MX575F256L.a(int_enable_mv_int_lib.o)
                              build/default/debug/_ext/1472/Main.o (INTEnableSystemMultiVectoredInt)
c:/program files (x86)/microchip/xc32/v1.40/bin/bin/../../lib/gcc/pic32mx/4.8.3/../../../../pic32mx/lib\libmchp_peripheral_32MX575F256L.a(int_tbl_lib.o)
                              build/default/debug/_ext/1472/INTiMain.o (INTClearFlag)
c:/program files (x86)/microchip/xc32/v1.40/bin/bin/../../lib/gcc/pic32mx/4.8.3/../../../../pic32mx/lib\libmchp_peripheral_32MX575F256L.a(uart_lib.o)
                              build/default/debug/_ext/1472/UARTiMain.o (uartReg)
c:/program files (x86)/microchip/xc32/v1.40/bin/bin/../../lib/gcc/pic32mx/4.8.3/../../../../pic32mx/lib\libmchp_peripheral_32MX575F256L.a(puts_uartx_lib_legacy.o)
                              build/default/debug/_ext/93166211/ARP.o (putsUART1)
c:/program files (x86)/microchip/xc32/v1.40/bin/bin/../../lib/gcc/pic32mx/4.8.3/../../../../pic32mx/lib\libmchp_peripheral_32MX575F256L.a(idle_i2c2_lib_legacy.o)
                              build/default/debug/_ext/1472/i2c_master.o (IdleI2C2)
c:/program files (x86)/microchip/xc32/v1.40/bin/bin/../../lib/gcc/pic32mx/4.8.3/../../../../pic32mx/lib\libmchp_peripheral_32MX575F256L.a(I2CPrivate.o)
                              build/default/debug/_ext/1472/i2c_master.o (i2cBase)
c:/program files (x86)/microchip/xc32/v1.40/bin/bin/../../lib/gcc/pic32mx/4.8.3/../../../../pic32mx/lib\libmchp_peripheral_32MX575F256L.a(I2CBusIsIdle.o)
                              build/default/debug/_ext/1472/i2c_master.o (I2CBusIsIdle)
c:/program files (x86)/microchip/xc32/v1.40/bin/bin/../../lib/gcc/pic32mx/4.8.3/../../../../pic32mx/lib\libmchp_peripheral_32MX575F256L.a(I2CByteWasAcknowledged.o)
                              build/default/debug/_ext/1472/i2c_master.o (I2CByteWasAcknowledged)
c:/program files (x86)/microchip/xc32/v1.40/bin/bin/../../lib/gcc/pic32mx/4.8.3/../../../../pic32mx/lib\libmchp_peripheral_32MX575F256L.a(I2CEnable.o)
                              build/default/debug/_ext/1472/i2c_master.o (I2CEnable)
c:/program files (x86)/microchip/xc32/v1.40/bin/bin/../../lib/gcc/pic32mx/4.8.3/../../../../pic32mx/lib\libmchp_peripheral_32MX575F256L.a(I2CGetByte.o)
                              build/default/debug/_ext/1472/i2c_master.o (I2CGetByte)
c:/program files (x86)/microchip/xc32/v1.40/bin/bin/../../lib/gcc/pic32mx/4.8.3/../../../../pic32mx/lib\libmchp_peripheral_32MX575F256L.a(I2CGetStatus.o)
                              build/default/debug/_ext/1472/i2c_master.o (I2CGetStatus)
c:/program files (x86)/microchip/xc32/v1.40/bin/bin/../../lib/gcc/pic32mx/4.8.3/../../../../pic32mx/lib\libmchp_peripheral_32MX575F256L.a(I2CReceivedDataIsAvailable.o)
                              build/default/debug/_ext/1472/i2c_master.o (I2CReceivedDataIsAvailable)
c:/program files (x86)/microchip/xc32/v1.40/bin/bin/../../lib/gcc/pic32mx/4.8.3/../../../../pic32mx/lib\libmchp_peripheral_32MX575F256L.a(I2CReceiverEnable.o)
                              build/default/debug/_ext/1472/i2c_master.o (I2CReceiverEnable)
c:/program files (x86)/microchip/xc32/v1.40/bin/bin/../../lib/gcc/pic32mx/4.8.3/../../../../pic32mx/lib\libmchp_peripheral_32MX575F256L.a(I2CRepeatStart.o)
                              build/default/debug/_ext/1472/i2c_master.o (I2CRepeatStart)
c:/program files (x86)/microchip/xc32/v1.40/bin/bin/../../lib/gcc/pic32mx/4.8.3/../../../../pic32mx/lib\libmchp_peripheral_32MX575F256L.a(I2CSetFrequency.o)
                              build/default/debug/_ext/1472/i2c_master.o (I2CSetFrequency)
c:/program files (x86)/microchip/xc32/v1.40/bin/bin/../../lib/gcc/pic32mx/4.8.3/../../../../pic32mx/lib\libmchp_peripheral_32MX575F256L.a(I2CStart.o)
                              build/default/debug/_ext/1472/i2c_master.o (I2CStart)
[...]
Memory Configuration

Name             Origin             Length             Attributes
kseg0_boot_mem   0x9fc00490         0x00000970
kseg1_boot_mem   0xbfc00000         0x00000490
kseg0_program_mem 0x9d000000         0x00040000         xr
exception_mem    0x9fc01000         0x00001000
debug_exec_mem   0xbfc02000         0x00000ff0
config3          0xbfc02ff0         0x00000004
config2          0xbfc02ff4         0x00000004
config1          0xbfc02ff8         0x00000004
config0          0xbfc02ffc         0x00000004
kseg1_data_mem   0xa0000000         0x00010000         w !x
sfrs             0xbf800000         0x00100000
configsfrs       0xbfc02ff0         0x00000010
*default*        0x00000000         0xffffffff

Linker script and memory map


reserve_boot_0x1fc02000_kseg0
                0x9fc02000      0xff0
                0x9fc02000        0x2 SHORT 0x0
                0x00000500                . = 0x500
 *fill*         0x9fc02002      0x4fe 
                0x9fc02500                . = ALIGN (0x4)
                0x9fc02500        0x2 SHORT 0x0
                0x00000ff0                . = 0xff0
 *fill*         0x9fc02502      0xaee 
                0x9fc02ff0                . = ALIGN (0x4)

reserve_boot_0x1fc02000_kseg1
                0xbfc02000      0xff0
                0xbfc02000        0x2 SHORT 0x0
                0x00000500                . = 0x500
 *fill*         0xbfc02002      0x4fe 
                0xbfc02500                . = ALIGN (0x4)
                0xbfc02500        0x2 SHORT 0x0
                0x00000ff0                . = 0xff0
 *fill*         0xbfc02502      0xaee 
                0xbfc02ff0                . = ALIGN (0x4)
LOAD c:/program files (x86)/microchip/xc32/v1.40/bin/bin/../../lib/gcc/pic32mx/4.8.3/../../../../pic32mx/lib/./proc/32MX575F256L/crt0_mips32r2.o
LOAD c:/program files (x86)/microchip/xc32/v1.40/bin/bin/../../lib/gcc/pic32mx/4.8.3/../../../../pic32mx/lib\software-debug-break.o
                0x00000001                _DEBUGGER = 0x1
LOAD build/default/debug/_ext/93166211/Announce.o
LOAD build/default/debug/_ext/93166211/ARCFOUR.o
LOAD build/default/debug/_ext/93166211/ARP.o
LOAD build/default/debug/_ext/93166211/AutoIP.o
LOAD build/default/debug/_ext/93166211/BerkeleyAPI.o
LOAD build/default/debug/_ext/93166211/BigInt.o
LOAD build/default/debug/_ext/93166211/BigInt_helper_PIC32.o
LOAD build/default/debug/_ext/93166211/Delay.o
LOAD build/default/debug/_ext/93166211/DNS.o
LOAD build/default/debug/_ext/93166211/DNSs.o
LOAD build/default/debug/_ext/93166211/DynDNS.o
LOAD build/default/debug/_ext/93166211/FileSystem.o
LOAD build/default/debug/_ext/93166211/FTP.o
LOAD build/default/debug/_ext/93166211/Hashes.o
LOAD build/default/debug/_ext/93166211/Helpers.o
LOAD build/default/debug/_ext/93166211/HTTP2.o
LOAD build/default/debug/_ext/93166211/ICMP.o
LOAD build/default/debug/_ext/93166211/IP.o
LOAD build/default/debug/_ext/93166211/LCDBlocking.o
LOAD build/default/debug/_ext/93166211/MPFS2.o
LOAD build/default/debug/_ext/93166211/NBNS.o
LOAD build/default/debug/_ext/93166211/Random.o
LOAD build/default/debug/_ext/93166211/Reboot.o
LOAD build/default/debug/_ext/93166211/RSA.o
LOAD build/default/debug/_ext/93166211/SMTP.o
LOAD build/default/debug/_ext/93166211/SNMP.o
LOAD build/default/debug/_ext/93166211/SNMPv3.o
LOAD build/default/debug/_ext/93166211/SNMPv3USM.o
LOAD build/default/debug/_ext/93166211/SNTP.o
LOAD build/default/debug/_ext/93166211/SPIEEPROM.o
LOAD build/default/debug/_ext/93166211/SPIFlash.o
LOAD build/default/debug/_ext/93166211/SPIRAM.o
LOAD build/default/debug/_ext/93166211/SSL.o
LOAD build/default/debug/_ext/93166211/StackTsk.o
LOAD build/default/debug/_ext/93166211/TCP.o
LOAD build/default/debug/_ext/93166211/TCPPerformanceTest.o
LOAD build/default/debug/_ext/93166211/Telnet.o
LOAD build/default/debug/_ext/93166211/TFTPc.o
LOAD build/default/debug/_ext/93166211/Tick.o
LOAD build/default/debug/_ext/93166211/UART2TCPBridge.o
LOAD build/default/debug/_ext/93166211/UDP.o
LOAD build/default/debug/_ext/93166211/UDPPerformanceTest.o
LOAD build/default/debug/_ext/93166211/ZeroconfHelper.o
LOAD build/default/debug/_ext/93166211/ZeroconfLinkLocal.o
LOAD build/default/debug/_ext/93166211/ZeroconfMulticastDNS.o
LOAD build/default/debug/_ext/93166211/DHCP.o
LOAD build/default/debug/_ext/93166211/DHCPs.o
LOAD build/default/debug/_ext/388820833/WF_Eint.o
LOAD build/default/debug/_ext/388820833/WF_pbkdf2.o
LOAD build/default/debug/_ext/388820833/WFConnectionAlgorithm.o
LOAD build/default/debug/_ext/388820833/WFConnectionManager.o
LOAD build/default/debug/_ext/388820833/WFConnectionProfile.o
LOAD build/default/debug/_ext/388820833/WFConsole.o
LOAD build/default/debug/_ext/388820833/WFConsoleIfconfig.o
LOAD build/default/debug/_ext/388820833/WFConsoleIwconfig.o
LOAD build/default/debug/_ext/388820833/WFConsoleIwpriv.o
LOAD build/default/debug/_ext/388820833/WFConsoleMsgHandler.o
LOAD build/default/debug/_ext/388820833/WFConsoleMsgs.o
LOAD build/default/debug/_ext/388820833/WFDataTxRx.o
LOAD build/default/debug/_ext/388820833/WFDebugStrings.o
LOAD build/default/debug/_ext/388820833/WFEasyConfig.o
LOAD build/default/debug/_ext/388820833/WFEventHandler.o
LOAD build/default/debug/_ext/388820833/WFInit.o
LOAD build/default/debug/_ext/388820833/WFPowerSave.o
LOAD build/default/debug/_ext/388820833/WFScan.o
LOAD build/default/debug/_ext/388820833/WFTxPower.o
LOAD build/default/debug/_ext/388820833/WF_Spi.o
LOAD build/default/debug/_ext/388820833/WFDriverCom_24G.o
LOAD build/default/debug/_ext/388820833/WFDriverRaw_24G.o
LOAD build/default/debug/_ext/388820833/WFMac_24G.o
LOAD build/default/debug/_ext/388820833/WFMgmtMsg_24G.o
LOAD build/default/debug/_ext/388820833/WFParamMsg_24G.o
LOAD build/default/debug/_ext/1472/Main.o
LOAD build/default/debug/_ext/1472/CustomHTTPApp.o
LOAD build/default/debug/_ext/1472/WF_Config.o
LOAD build/default/debug/_ext/1472/WifiGDemoMPFSImg.o
LOAD build/default/debug/_ext/1472/i2c_master.o
LOAD build/default/debug/_ext/1472/OpenADRClient.o
LOAD build/default/debug/_ext/1472/INTiMain.o
LOAD build/default/debug/_ext/1472/UARTiMain.o
LOAD build/default/debug/_ext/1472/TimeMonitor.o
LOAD build/default/debug/_ext/1472/EPRI_UARTLayer.o
LOAD build/default/debug/_ext/1472/app_UCM.o
LOAD build/default/debug/_ext/1472/Assert.o
LOAD build/default/debug/_ext/1472/EPRI_SPILayer.o
LOAD build/default/debug/_ext/1472/MCI_Common.o
LOAD build/default/debug/_ext/1472/LinkLayerMessaging.o
LOAD build/default/debug/_ext/1472/BasicDR.o
LOAD build/default/debug/_ext/1472/debugging.o
                0x00000001                __MPLAB_BUILD = 0x1
                0x00000001                __MPLAB_DEBUG = 0x1
                0x00000001                __DEBUG = 0x1
                0x00000001                __MPLAB_DEBUGGER_ICD3 = 0x1
LOAD c:/program files (x86)/microchip/xc32/v1.40/bin/bin/../../lib/gcc/pic32mx/4.8.3/../../../../pic32mx/lib/./proc/32MX575F256L\default_isr_vectors.o
LOAD c:/program files (x86)/microchip/xc32/v1.40/bin/bin/../../lib/gcc/pic32mx/4.8.3/../../../../pic32mx/lib\pic32_software_reset.o
                0x00000400                PROVIDE (_min_stack_size, 0x400)
LOAD c:/program files (x86)/microchip/xc32/v1.40/bin/bin/../../lib/gcc/pic32mx/4.8.3/../../../../pic32mx/lib/./proc/32MX575F256L\processor.o
START GROUP
LOAD c:/program files (x86)/microchip/xc32/v1.40/bin/bin/../../lib/gcc/pic32mx/4.8.3/../../../../pic32mx/lib\libmchp_peripheral.a
END GROUP
START GROUP
LOAD c:/program files (x86)/microchip/xc32/v1.40/bin/bin/../../lib/gcc/pic32mx/4.8.3/../../../../pic32mx/lib\libmchp_peripheral_32MX575F256L.a
END GROUP
                0x00000001                PROVIDE (_vector_spacing, 0x1)
                0x9fc01000                _ebase_address = 0x9fc01000
                0xbfc00000                _RESET_ADDR = 0xbfc00000
                0xbfc00380                _BEV_EXCPT_ADDR = 0xbfc00380
                0xbfc00480                _DBG_EXCPT_ADDR = 0xbfc00480
                0xbfc02000                _DBG_CODE_ADDR = 0xbfc02000
                0x00000ff0                _DBG_CODE_SIZE = 0xff0
                0x9fc01180                _GEN_EXCPT_ADDR = (_ebase_address + 0x180)

.config_BFC02FF0
 *(.config_BFC02FF0)

.config_BFC02FF4
                0xbfc02ff4        0x4
 *(.config_BFC02FF4)
 .config_BFC02FF4
                0xbfc02ff4        0x4 build/default/debug/_ext/1472/Main.o

.config_BFC02FF8
                0xbfc02ff8        0x4
 *(.config_BFC02FF8)
 .config_BFC02FF8
                0xbfc02ff8        0x4 build/default/debug/_ext/1472/Main.o

.config_BFC02FFC
                0xbfc02ffc        0x4
 *(.config_BFC02FFC)
 .config_BFC02FFC
                0xbfc02ffc        0x4 build/default/debug/_ext/1472/Main.o
                0xbfc02000                PROVIDE (_DBG_CODE_ADDR, 0xbfc02000)
                0x00000ff0                PROVIDE (_DBG_CODE_SIZE, 0xff0)

.reset          0xbfc00000      0x1f4
 *(.reset)
 .reset         0xbfc00000        0x8 c:/program files (x86)/microchip/xc32/v1.40/bin/bin/../../lib/gcc/pic32mx/4.8.3/../../../../pic32mx/lib/./proc/32MX575F256L/crt0_mips32r2.o
                0xbfc00000                _reset
 *(.reset.startup)
 .reset.startup
                0xbfc00008      0x1ec c:/program files (x86)/microchip/xc32/v1.40/bin/bin/../../lib/gcc/pic32mx/4.8.3/../../../../pic32mx/lib/./proc/32MX575F256L/crt0_mips32r2.o

.bev_excpt      0xbfc00380       0x10
 *(.bev_handler)
 .bev_handler   0xbfc00380       0x10 c:/program files (x86)/microchip/xc32/v1.40/bin/bin/../../lib/gcc/pic32mx/4.8.3/../../../../pic32mx/lib/./proc/32MX575F256L/crt0_mips32r2.o

.dbg_excpt      0xbfc00480        0x8
                0xbfc00480                . = (. + DEFINED (_DEBUGGER)?0x8:0x0)
 *fill*         0xbfc00480        0x8 

.dbg_code       0xbfc02000      0xff0
                0xbfc02000                . = (. + DEFINED (_DEBUGGER)?_DBG_CODE_SIZE:0x0)
 *fill*         0xbfc02000      0xff0 

.app_excpt      0x9fc01180       0x10
 *(.gen_handler)
 .gen_handler   0x9fc01180       0x10 c:/program files (x86)/microchip/xc32/v1.40/bin/bin/../../lib/gcc/pic32mx/4.8.3/../../../../pic32mx/lib/./proc/32MX575F256L/crt0_mips32r2.o

.vector_0       0x9fc01200        0x8
 *(.vector_0)
 .vector_0      0x9fc01200        0x8 c:/program files (x86)/microchip/xc32/v1.40/bin/bin/../../lib/gcc/pic32mx/4.8.3/../../../../pic32mx/lib\libpic32.a(vector0.o)
                0x9fc01200                __vector_dispatch_0
                0x00000001                ASSERT (((_vector_spacing == 0x0) || (SIZEOF (.vector_0) <= (_vector_spacing << 0x5))), function at exception vector 0 too large)

.vector_1       0x9fc01220        0x8
 *(.vector_1)
 .vector_1      0x9fc01220        0x8 c:/program files (x86)/microchip/xc32/v1.40/bin/bin/../../lib/gcc/pic32mx/4.8.3/../../../../pic32mx/lib\libpic32.a(vector1.o)
                0x9fc01220                __vector_dispatch_1
                0x00000001                ASSERT (((_vector_spacing == 0x0) || (SIZEOF (.vector_1) <= (_vector_spacing << 0x5))), function at exception vector 1 too large)

.vector_2       0x9fc01240        0x8
 *(.vector_2)
 .vector_2      0x9fc01240        0x8 c:/program files (x86)/microchip/xc32/v1.40/bin/bin/../../lib/gcc/pic32mx/4.8.3/../../../../pic32mx/lib\libpic32.a(vector2.o)
                0x9fc01240                __vector_dispatch_2
                0x00000001                ASSERT (((_vector_spacing == 0x0) || (SIZEOF (.vector_2) <= (_vector_spacing << 0x5))), function at exception vector 2 too large)

.vector_3       0x9fc01260        0x8
 *(.vector_3)
 .vector_3      0x9fc01260        0x8 c:/program files (x86)/microchip/xc32/v1.40/bin/bin/../../lib/gcc/pic32mx/4.8.3/../../../../pic32mx/lib\libpic32.a(vector3.o)
                0x9fc01260                __vector_dispatch_3
                0x00000001                ASSERT (((_vector_spacing == 0x0) || (SIZEOF (.vector_3) <= (_vector_spacing << 0x5))), function at exception vector 3 too large)

.vector_4       0x9fc01280        0x8
 *(.vector_4)
 .vector_4      0x9fc01280        0x8 build/default/debug/_ext/93166211/Tick.o
                0x9fc01280                __vector_dispatch_4
                0x00000001                ASSERT (((_vector_spacing == 0x0) || (SIZEOF (.vector_4) <= (_vector_spacing << 0x5))), function at exception vector 4 too large)

.vector_5       0x9fc012a0        0x8
 *(.vector_5)
 .vector_5      0x9fc012a0        0x8 c:/program files (x86)/microchip/xc32/v1.40/bin/bin/../../lib/gcc/pic32mx/4.8.3/../../../../pic32mx/lib\libpic32.a(vector5.o)
                0x9fc012a0                __vector_dispatch_5
                0x00000001                ASSERT (((_vector_spacing == 0x0) || (SIZEOF (.vector_5) <= (_vector_spacing << 0x5))), function at exception vector 5 too large)

.vector_6       0x9fc012c0        0x8
 *(.vector_6)
 .vector_6      0x9fc012c0        0x8 c:/program files (x86)/microchip/xc32/v1.40/bin/bin/../../lib/gcc/pic32mx/4.8.3/../../../../pic32mx/lib\libpic32.a(vector6.o)
                0x9fc012c0                __vector_dispatch_6
                0x00000001                ASSERT (((_vector_spacing == 0x0) || (SIZEOF (.vector_6) <= (_vector_spacing << 0x5))), function at exception vector 6 too large)

.vector_7       0x9fc012e0        0x8
 *(.vector_7)
 .vector_7      0x9fc012e0        0x8 c:/program files (x86)/microchip/xc32/v1.40/bin/bin/../../lib/gcc/pic32mx/4.8.3/../../../../pic32mx/lib\libpic32.a(vector7.o)
                0x9fc012e0                __vector_dispatch_7
                0x00000001                ASSERT (((_vector_spacing == 0x0) || (SIZEOF (.vector_7) <= (_vector_spacing << 0x5))), function at exception vector 7 too large)

.vector_8       0x9fc01300        0x8
 *(.vector_8)
 .vector_8      0x9fc01300        0x8 build/default/debug/_ext/1472/TimeMonitor.o
                0x9fc01300                __vector_dispatch_8
                0x00000001                ASSERT (((_vector_spacing == 0x0) || (SIZEOF (.vector_8) <= (_vector_spacing << 0x5))), function at exception vector 8 too large)

.vector_9       0x9fc01320        0x8
 *(.vector_9)
 .vector_9      0x9fc01320        0x8 c:/program files (x86)/microchip/xc32/v1.40/bin/bin/../../lib/gcc/pic32mx/4.8.3/../../../../pic32mx/lib\libpic32.a(vector9.o)
                0x9fc01320                __vector_dispatch_9
                0x00000001                ASSERT (((_vector_spacing == 0x0) || (SIZEOF (.vector_9) <= (_vector_spacing << 0x5))), function at exception vector 9 too large)

.vector_10      0x9fc01340        0x8
 *(.vector_10)
 .vector_10     0x9fc01340        0x8 c:/program files (x86)/microchip/xc32/v1.40/bin/bin/../../lib/gcc/pic32mx/4.8.3/../../../../pic32mx/lib\libpic32.a(vector10.o)
                0x9fc01340                __vector_dispatch_10
                0x00000001                ASSERT (((_vector_spacing == 0x0) || (SIZEOF (.vector_10) <= (_vector_spacing << 0x5))), function at exception vector 10 too large)

.vector_11      0x9fc01360        0x8
 *(.vector_11)
 .vector_11     0x9fc01360        0x8 c:/program files (x86)/microchip/xc32/v1.40/bin/bin/../../lib/gcc/pic32mx/4.8.3/../../../../pic32mx/lib\libpic32.a(vector11.o)
                0x9fc01360                __vector_dispatch_11
                0x00000001                ASSERT (((_vector_spacing == 0x0) || (SIZEOF (.vector_11) <= (_vector_spacing << 0x5))), function at exception vector 11 too large)

.vector_12      0x9fc01380        0x8
 *(.vector_12)
 .vector_12     0x9fc01380        0x8 c:/program files (x86)/microchip/xc32/v1.40/bin/bin/../../lib/gcc/pic32mx/4.8.3/../../../../pic32mx/lib\libpic32.a(vector12.o)
                0x9fc01380                __vector_dispatch_12
                0x00000001                ASSERT (((_vector_spacing == 0x0) || (SIZEOF (.vector_12) <= (_vector_spacing << 0x5))), function at exception vector 12 too large)

.vector_13      0x9fc013a0        0x8
 *(.vector_13)
 .vector_13     0x9fc013a0        0x8 c:/program files (x86)/microchip/xc32/v1.40/bin/bin/../../lib/gcc/pic32mx/4.8.3/../../../../pic32mx/lib\libpic32.a(vector13.o)
                0x9fc013a0                __vector_dispatch_13
                0x00000001                ASSERT (((_vector_spacing == 0x0) || (SIZEOF (.vector_13) <= (_vector_spacing << 0x5))), function at exception vector 13 too large)

.vector_14      0x9fc013c0        0x8
 *(.vector_14)
 .vector_14     0x9fc013c0        0x8 c:/program files (x86)/microchip/xc32/v1.40/bin/bin/../../lib/gcc/pic32mx/4.8.3/../../../../pic32mx/lib\libpic32.a(vector14.o)
                0x9fc013c0                __vector_dispatch_14
                0x00000001                ASSERT (((_vector_spacing == 0x0) || (SIZEOF (.vector_14) <= (_vector_spacing << 0x5))), function at exception vector 14 too large)

.vector_15      0x9fc013e0        0x8
 *(.vector_15)
 .vector_15     0x9fc013e0        0x8 build/default/debug/_ext/388820833/WF_Eint.o
                0x9fc013e0                __vector_dispatch_15
                0x00000001                ASSERT (((_vector_spacing == 0x0) || (SIZEOF (.vector_15) <= (_vector_spacing << 0x5))), function at exception vector 15 too large)

.vector_16      0x9fc01400        0x8
 *(.vector_16)
 .vector_16     0x9fc01400        0x8 c:/program files (x86)/microchip/xc32/v1.40/bin/bin/../../lib/gcc/pic32mx/4.8.3/../../../../pic32mx/lib\libpic32.a(vector16.o)
                0x9fc01400                __vector_dispatch_16
                0x00000001                ASSERT (((_vector_spacing == 0x0) || (SIZEOF (.vector_16) <= (_vector_spacing << 0x5))), function at exception vector 16 too large)

.vector_17      0x9fc01420        0x8
 *(.vector_17)
 .vector_17     0x9fc01420        0x8 c:/program files (x86)/microchip/xc32/v1.40/bin/bin/../../lib/gcc/pic32mx/4.8.3/../../../../pic32mx/lib\libpic32.a(vector17.o)
                0x9fc01420                __vector_dispatch_17
                0x00000001                ASSERT (((_vector_spacing == 0x0) || (SIZEOF (.vector_17) <= (_vector_spacing << 0x5))), function at exception vector 17 too large)

.vector_18      0x9fc01440        0x8
 *(.vector_18)
 .vector_18     0x9fc01440        0x8 c:/program files (x86)/microchip/xc32/v1.40/bin/bin/../../lib/gcc/pic32mx/4.8.3/../../../../pic32mx/lib\libpic32.a(vector18.o)
                0x9fc01440                __vector_dispatch_18
                0x00000001                ASSERT (((_vector_spacing == 0x0) || (SIZEOF (.vector_18) <= (_vector_spacing << 0x5))), function at exception vector 18 too large)

.vector_19      0x9fc01460        0x8
 *(.vector_19)
 .vector_19     0x9fc01460        0x8 c:/program files (x86)/microchip/xc32/v1.40/bin/bin/../../lib/gcc/pic32mx/4.8.3/../../../../pic32mx/lib\libpic32.a(vector19.o)
                0x9fc01460                __vector_dispatch_19
                0x00000001                ASSERT (((_vector_spacing == 0x0) || (SIZEOF (.vector_19) <= (_vector_spacing << 0x5))), function at exception vector 19 too large)

.vector_20      0x9fc01480        0x8
 *(.vector_20)
 .vector_20     0x9fc01480        0x8 c:/program files (x86)/microchip/xc32/v1.40/bin/bin/../../lib/gcc/pic32mx/4.8.3/../../../../pic32mx/lib\libpic32.a(vector20.o)
                0x9fc01480                __vector_dispatch_20
                0x00000001                ASSERT (((_vector_spacing == 0x0) || (SIZEOF (.vector_20) <= (_vector_spacing << 0x5))), function at exception vector 20 too large)

.vector_21      0x9fc014a0        0x8
 *(.vector_21)
 .vector_21     0x9fc014a0        0x8 c:/program files (x86)/microchip/xc32/v1.40/bin/bin/../../lib/gcc/pic32mx/4.8.3/../../../../pic32mx/lib\libpic32.a(vector21.o)
                0x9fc014a0                __vector_dispatch_21
                0x00000001                ASSERT (((_vector_spacing == 0x0) || (SIZEOF (.vector_21) <= (_vector_spacing << 0x5))), function at exception vector 21 too large)

.vector_22      0x9fc014c0        0x8
 *(.vector_22)
 .vector_22     0x9fc014c0        0x8 c:/program files (x86)/microchip/xc32/v1.40/bin/bin/../../lib/gcc/pic32mx/4.8.3/../../../../pic32mx/lib\libpic32.a(vector22.o)
                0x9fc014c0                __vector_dispatch_22
                0x00000001                ASSERT (((_vector_spacing == 0x0) || (SIZEOF (.vector_22) <= (_vector_spacing << 0x5))), function at exception vector 22 too large)

.vector_23      0x9fc014e0        0x8
 *(.vector_23)
 .vector_23     0x9fc014e0        0x8 c:/program files (x86)/microchip/xc32/v1.40/bin/bin/../../lib/gcc/pic32mx/4.8.3/../../../../pic32mx/lib\libpic32.a(vector23.o)
                0x9fc014e0                __vector_dispatch_23
                0x00000001                ASSERT (((_vector_spacing == 0x0) || (SIZEOF (.vector_23) <= (_vector_spacing << 0x5))), function at exception vector 23 too large)

.vector_24      0x9fc01500        0x8
 *(.vector_24)
 .vector_24     0x9fc01500        0x8 build/default/debug/_ext/1472/INTiMain.o
                0x9fc01500                __vector_dispatch_24
                0x00000001                ASSERT (((_vector_spacing == 0x0) || (SIZEOF (.vector_24) <= (_vector_spacing << 0x5))), function at exception vector 24 too large)

.vector_25      0x9fc01520        0x8
 *(.vector_25)
 .vector_25     0x9fc01520        0x8 c:/program files (x86)/microchip/xc32/v1.40/bin/bin/../../lib/gcc/pic32mx/4.8.3/../../../../pic32mx/lib\libpic32.a(vector25.o)
                0x9fc01520                __vector_dispatch_25
                0x00000001                ASSERT (((_vector_spacing == 0x0) || (SIZEOF (.vector_25) <= (_vector_spacing << 0x5))), function at exception vector 25 too large)

.vector_26      0x9fc01540        0x8
 *(.vector_26)
 .vector_26     0x9fc01540        0x8 c:/program files (x86)/microchip/xc32/v1.40/bin/bin/../../lib/gcc/pic32mx/4.8.3/../../../../pic32mx/lib\libpic32.a(vector26.o)
                0x9fc01540                __vector_dispatch_26
                0x00000001                ASSERT (((_vector_spacing == 0x0) || (SIZEOF (.vector_26) <= (_vector_spacing << 0x5))), function at exception vector 26 too large)

.vector_27      0x9fc01560        0x8
 *(.vector_27)
 .vector_27     0x9fc01560        0x8 c:/program files (x86)/microchip/xc32/v1.40/bin/bin/../../lib/gcc/pic32mx/4.8.3/../../../../pic32mx/lib\libpic32.a(vector27.o)
                0x9fc01560                __vector_dispatch_27
                0x00000001                ASSERT (((_vector_spacing == 0x0) || (SIZEOF (.vector_27) <= (_vector_spacing << 0x5))), function at exception vector 27 too large)

.vector_28      0x9fc01580        0x8
 *(.vector_28)
 .vector_28     0x9fc01580        0x8 c:/program files (x86)/microchip/xc32/v1.40/bin/bin/../../lib/gcc/pic32mx/4.8.3/../../../../pic32mx/lib\libpic32.a(vector28.o)
                0x9fc01580                __vector_dispatch_28
                0x00000001                ASSERT (((_vector_spacing == 0x0) || (SIZEOF (.vector_28) <= (_vector_spacing << 0x5))), function at exception vector 28 too large)

.vector_29      0x9fc015a0        0x8
 *(.vector_29)
 .vector_29     0x9fc015a0        0x8 c:/program files (x86)/microchip/xc32/v1.40/bin/bin/../../lib/gcc/pic32mx/4.8.3/../../../../pic32mx/lib\libpic32.a(vector29.o)
                0x9fc015a0                __vector_dispatch_29
                0x00000001                ASSERT (((_vector_spacing == 0x0) || (SIZEOF (.vector_29) <= (_vector_spacing << 0x5))), function at exception vector 29 too large)

.vector_30      0x9fc015c0        0x8
 *(.vector_30)
 .vector_30     0x9fc015c0        0x8 c:/program files (x86)/microchip/xc32/v1.40/bin/bin/../../lib/gcc/pic32mx/4.8.3/../../../../pic32mx/lib\libpic32.a(vector30.o)
                0x9fc015c0                __vector_dispatch_30
                0x00000001                ASSERT (((_vector_spacing == 0x0) || (SIZEOF (.vector_30) <= (_vector_spacing << 0x5))), function at exception vector 30 too large)

.vector_31      0x9fc015e0        0x8
 *(.vector_31)
 .vector_31     0x9fc015e0        0x8 c:/program files (x86)/microchip/xc32/v1.40/bin/bin/../../lib/gcc/pic32mx/4.8.3/../../../../pic32mx/lib\libpic32.a(vector31.o)
                0x9fc015e0                __vector_dispatch_31
                0x00000001                ASSERT (((_vector_spacing == 0x0) || (SIZEOF (.vector_31) <= (_vector_spacing << 0x5))), function at exception vector 31 too large)

.vector_32      0x9fc01600        0x8
 *(.vector_32)
 .vector_32     0x9fc01600        0x8 build/default/debug/_ext/1472/INTiMain.o
                0x9fc01600                __vector_dispatch_32
                0x00000001                ASSERT (((_vector_spacing == 0x0) || (SIZEOF (.vector_32) <= (_vector_spacing << 0x5))), function at exception vector 32 too large)

.vector_33      0x9fc01620        0x8
 *(.vector_33)
 .vector_33     0x9fc01620        0x8 c:/program files (x86)/microchip/xc32/v1.40/bin/bin/../../lib/gcc/pic32mx/4.8.3/../../../../pic32mx/lib\libpic32.a(vector33.o)
                0x9fc01620                __vector_dispatch_33
                0x00000001                ASSERT (((_vector_spacing == 0x0) || (SIZEOF (.vector_33) <= (_vector_spacing << 0x5))), function at exception vector 33 too large)

.vector_34      0x9fc01640        0x8
 *(.vector_34)
 .vector_34     0x9fc01640        0x8 c:/program files (x86)/microchip/xc32/v1.40/bin/bin/../../lib/gcc/pic32mx/4.8.3/../../../../pic32mx/lib\libpic32.a(vector34.o)
                0x9fc01640                __vector_dispatch_34
                0x00000001                ASSERT (((_vector_spacing == 0x0) || (SIZEOF (.vector_34) <= (_vector_spacing << 0x5))), function at exception vector 34 too large)

.vector_35      0x9fc01660        0x8
 *(.vector_35)
 .vector_35     0x9fc01660        0x8 c:/program files (x86)/microchip/xc32/v1.40/bin/bin/../../lib/gcc/pic32mx/4.8.3/../../../../pic32mx/lib\libpic32.a(vector35.o)
                0x9fc01660                __vector_dispatch_35
                0x00000001                ASSERT (((_vector_spacing == 0x0) || (SIZEOF (.vector_35) <= (_vector_spacing << 0x5))), function at exception vector 35 too large)

.vector_36      0x9fc01680        0x8
 *(.vector_36)
 .vector_36     0x9fc01680        0x8 c:/program files (x86)/microchip/xc32/v1.40/bin/bin/../../lib/gcc/pic32mx/4.8.3/../../../../pic32mx/lib\libpic32.a(vector36.o)
                0x9fc01680                __vector_dispatch_36
                0x00000001                ASSERT (((_vector_spacing == 0x0) || (SIZEOF (.vector_36) <= (_vector_spacing << 0x5))), function at exception vector 36 too large)

.vector_37      0x9fc016a0        0x8
 *(.vector_37)
 .vector_37     0x9fc016a0        0x8 c:/program files (x86)/microchip/xc32/v1.40/bin/bin/../../lib/gcc/pic32mx/4.8.3/../../../../pic32mx/lib\libpic32.a(vector37.o)
                0x9fc016a0                __vector_dispatch_37
                0x00000001                ASSERT (((_vector_spacing == 0x0) || (SIZEOF (.vector_37) <= (_vector_spacing << 0x5))), function at exception vector 37 too large)

.vector_38      0x9fc016c0        0x8
 *(.vector_38)
 .vector_38     0x9fc016c0        0x8 c:/program files (x86)/microchip/xc32/v1.40/bin/bin/../../lib/gcc/pic32mx/4.8.3/../../../../pic32mx/lib\libpic32.a(vector38.o)
                0x9fc016c0                __vector_dispatch_38
                0x00000001                ASSERT (((_vector_spacing == 0x0) || (SIZEOF (.vector_38) <= (_vector_spacing << 0x5))), function at exception vector 38 too large)

.vector_39      0x9fc016e0        0x8
 *(.vector_39)
 .vector_39     0x9fc016e0        0x8 c:/program files (x86)/microchip/xc32/v1.40/bin/bin/../../lib/gcc/pic32mx/4.8.3/../../../../pic32mx/lib\libpic32.a(vector39.o)
                0x9fc016e0                __vector_dispatch_39
                0x00000001                ASSERT (((_vector_spacing == 0x0) || (SIZEOF (.vector_39) <= (_vector_spacing << 0x5))), function at exception vector 39 too large)

.vector_40      0x9fc01700        0x8
 *(.vector_40)
 .vector_40     0x9fc01700        0x8 c:/program files (x86)/microchip/xc32/v1.40/bin/bin/../../lib/gcc/pic32mx/4.8.3/../../../../pic32mx/lib\libpic32.a(vector40.o)
                0x9fc01700                __vector_dispatch_40
                0x00000001                ASSERT (((_vector_spacing == 0x0) || (SIZEOF (.vector_40) <= (_vector_spacing << 0x5))), function at exception vector 40 too large)

.vector_41      0x9fc01720        0x8
 *(.vector_41)
 .vector_41     0x9fc01720        0x8 c:/program files (x86)/microchip/xc32/v1.40/bin/bin/../../lib/gcc/pic32mx/4.8.3/../../../../pic32mx/lib\libpic32.a(vector41.o)
                0x9fc01720                __vector_dispatch_41
                0x00000001                ASSERT (((_vector_spacing == 0x0) || (SIZEOF (.vector_41) <= (_vector_spacing << 0x5))), function at exception vector 41 too large)

.vector_42      0x9fc01740        0x8
 *(.vector_42)
 .vector_42     0x9fc01740        0x8 c:/program files (x86)/microchip/xc32/v1.40/bin/bin/../../lib/gcc/pic32mx/4.8.3/../../../../pic32mx/lib\libpic32.a(vector42.o)
                0x9fc01740                __vector_dispatch_42
                0x00000001                ASSERT (((_vector_spacing == 0x0) || (SIZEOF (.vector_42) <= (_vector_spacing << 0x5))), function at exception vector 42 too large)

.vector_43      0x9fc01760        0x8
 *(.vector_43)
 .vector_43     0x9fc01760        0x8 c:/program files (x86)/microchip/xc32/v1.40/bin/bin/../../lib/gcc/pic32mx/4.8.3/../../../../pic32mx/lib\libpic32.a(vector43.o)
                0x9fc01760                __vector_dispatch_43
                0x00000001                ASSERT (((_vector_spacing == 0x0) || (SIZEOF (.vector_43) <= (_vector_spacing << 0x5))), function at exception vector 43 too large)

.vector_44      0x9fc01780        0x8
 *(.vector_44)
 .vector_44     0x9fc01780        0x8 c:/program files (x86)/microchip/xc32/v1.40/bin/bin/../../lib/gcc/pic32mx/4.8.3/../../../../pic32mx/lib\libpic32.a(vector44.o)
                0x9fc01780                __vector_dispatch_44
                0x00000001                ASSERT (((_vector_spacing == 0x0) || (SIZEOF (.vector_44) <= (_vector_spacing << 0x5))), function at exception vector 44 too large)

.vector_45      0x9fc017a0        0x8
 *(.vector_45)
 .vector_45     0x9fc017a0        0x8 c:/program files (x86)/microchip/xc32/v1.40/bin/bin/../../lib/gcc/pic32mx/4.8.3/../../../../pic32mx/lib\libpic32.a(vector45.o)
                0x9fc017a0                __vector_dispatch_45
                0x00000001                ASSERT (((_vector_spacing == 0x0) || (SIZEOF (.vector_45) <= (_vector_spacing << 0x5))), function at exception vector 45 too large)

.vector_46      0x9fc017c0        0x8
 *(.vector_46)
 .vector_46     0x9fc017c0        0x8 c:/program files (x86)/microchip/xc32/v1.40/bin/bin/../../lib/gcc/pic32mx/4.8.3/../../../../pic32mx/lib\libpic32.a(vector46.o)
                0x9fc017c0                __vector_dispatch_46
                0x00000001                ASSERT (((_vector_spacing == 0x0) || (SIZEOF (.vector_46) <= (_vector_spacing << 0x5))), function at exception vector 46 too large)

.vector_47      0x9fc017e0        0x8
 *(.vector_47)
 .vector_47     0x9fc017e0        0x8 c:/program files (x86)/microchip/xc32/v1.40/bin/bin/../../lib/gcc/pic32mx/4.8.3/../../../../pic32mx/lib\libpic32.a(vector47.o)
                0x9fc017e0                __vector_dispatch_47
                0x00000001                ASSERT (((_vector_spacing == 0x0) || (SIZEOF (.vector_47) <= (_vector_spacing << 0x5))), function at exception vector 47 too large)

.vector_48      0x9fc01800        0x8
 *(.vector_48)
 .vector_48     0x9fc01800        0x8 c:/program files (x86)/microchip/xc32/v1.40/bin/bin/../../lib/gcc/pic32mx/4.8.3/../../../../pic32mx/lib\libpic32.a(vector48.o)
                0x9fc01800                __vector_dispatch_48
                0x00000001                ASSERT (((_vector_spacing == 0x0) || (SIZEOF (.vector_48) <= (_vector_spacing << 0x5))), function at exception vector 48 too large)

.vector_49      0x9fc01820        0x8
 *(.vector_49)
 .vector_49     0x9fc01820        0x8 c:/program files (x86)/microchip/xc32/v1.40/bin/bin/../../lib/gcc/pic32mx/4.8.3/../../../../pic32mx/lib\libpic32.a(vector49.o)
                0x9fc01820                __vector_dispatch_49
                0x00000001                ASSERT (((_vector_spacing == 0x0) || (SIZEOF (.vector_49) <= (_vector_spacing << 0x5))), function at exception vector 49 too large)

.vector_50      0x9fc01840        0x8
 *(.vector_50)
 .vector_50     0x9fc01840        0x8 c:/program files (x86)/microchip/xc32/v1.40/bin/bin/../../lib/gcc/pic32mx/4.8.3/../../../../pic32mx/lib\libpic32.a(vector50.o)
                0x9fc01840                __vector_dispatch_50
                0x00000001                ASSERT (((_vector_spacing == 0x0) || (SIZEOF (.vector_50) <= (_vector_spacing << 0x5))), function at exception vector 50 too large)

.vector_51      0x9fc01860        0x8
 *(.vector_51)
 .vector_51     0x9fc01860        0x8 c:/program files (x86)/microchip/xc32/v1.40/bin/bin/../../lib/gcc/pic32mx/4.8.3/../../../../pic32mx/lib\libpic32.a(vector51.o)
                0x9fc01860                __vector_dispatch_51
                0x00000001                ASSERT (((_vector_spacing == 0x0) || (SIZEOF (.vector_51) <= (_vector_spacing << 0x5))), function at exception vector 51 too large)

.vector_52      0x9fc01880        0x0
 *(.vector_52)
                0x00000001                ASSERT (((_vector_spacing == 0x0) || (SIZEOF (.vector_52) <= (_vector_spacing << 0x5))), function at exception vector 52 too large)

.vector_53      0x9fc018a0        0x0
 *(.vector_53)
                0x00000001                ASSERT (((_vector_spacing == 0x0) || (SIZEOF (.vector_53) <= (_vector_spacing << 0x5))), function at exception vector 53 too large)

.vector_54      0x9fc018c0        0x0
 *(.vector_54)
                0x00000001                ASSERT (((_vector_spacing == 0x0) || (SIZEOF (.vector_54) <= (_vector_spacing << 0x5))), function at exception vector 54 too large)

.vector_55      0x9fc018e0        0x0
 *(.vector_55)
                0x00000001                ASSERT (((_vector_spacing == 0x0) || (SIZEOF (.vector_55) <= (_vector_spacing << 0x5))), function at exception vector 55 too large)

.vector_56      0x9fc01900        0x0
 *(.vector_56)
                0x00000001                ASSERT (((_vector_spacing == 0x0) || (SIZEOF (.vector_56) <= (_vector_spacing << 0x5))), function at exception vector 56 too large)

.vector_57      0x9fc01920        0x0
 *(.vector_57)
                0x00000001                ASSERT (((_vector_spacing == 0x0) || (SIZEOF (.vector_57) <= (_vector_spacing << 0x5))), function at exception vector 57 too large)

.vector_58      0x9fc01940        0x0
 *(.vector_58)
                0x00000001                ASSERT (((_vector_spacing == 0x0) || (SIZEOF (.vector_58) <= (_vector_spacing << 0x5))), function at exception vector 58 too large)

.vector_59      0x9fc01960        0x0
 *(.vector_59)
                0x00000001                ASSERT (((_vector_spacing == 0x0) || (SIZEOF (.vector_59) <= (_vector_spacing << 0x5))), function at exception vector 59 too large)

.vector_60      0x9fc01980        0x0
 *(.vector_60)
                0x00000001                ASSERT (((_vector_spacing == 0x0) || (SIZEOF (.vector_60) <= (_vector_spacing << 0x5))), function at exception vector 60 too large)

.vector_61      0x9fc019a0        0x0
 *(.vector_61)
                0x00000001                ASSERT (((_vector_spacing == 0x0) || (SIZEOF (.vector_61) <= (_vector_spacing << 0x5))), function at exception vector 61 too large)

.vector_62      0x9fc019c0        0x0
 *(.vector_62)
                0x00000001                ASSERT (((_vector_spacing == 0x0) || (SIZEOF (.vector_62) <= (_vector_spacing << 0x5))), function at exception vector 62 too large)

.vector_63      0x9fc019e0        0x0
 *(.vector_63)
                0x00000001                ASSERT (((_vector_spacing == 0x0) || (SIZEOF (.vector_63) <= (_vector_spacing << 0x5))), function at exception vector 63 too large)

.startup
 *(.startup)

.text           0x9d000000        0x0
 *(.stub .gnu.linkonce.t.*)
 *(.text.*personality*)
 *(.mips16.fn.*)
 *(.mips16.call.*)
 *(.gnu.warning)
                0x9d000000                . = ALIGN (0x4)

.init           0x9d000000        0x0
 *crti.o(.init)
 *crtbegin.o(.init)
 *(EXCLUDE_FILE(*crtn.o *crtend?.o *crtend.o) .init)
 *crtend.o(.init)
 *crtn.o(.init)
                0x9d000000                . = ALIGN (0x4)

.fini           0x9d000000        0x0
 *(.fini)
                0x9d000000                . = ALIGN (0x4)

.preinit_array  0x9d000000        0x0
                0x9d000000                PROVIDE (__preinit_array_start, .)
 *(.preinit_array)
                0x9d000000                PROVIDE (__preinit_array_end, .)
                0x9d000000                . = ALIGN (0x4)

.init_array     0x9d000000        0x0
                0x9d000000                PROVIDE (__init_array_start, .)
 *(SORT(.init_array.*))
 *(.init_array)
                0x9d000000                PROVIDE (__init_array_end, .)
                0x9d000000                . = ALIGN (0x4)

.fini_array     0x9d000000        0x0
                0x9d000000                PROVIDE (__fini_array_start, .)
 *(SORT(.fini_array.*))
 *(.fini_array)
                0x9d000000                PROVIDE (__fini_array_end, .)
                0x9d000000                . = ALIGN (0x4)

.ctors          0x9d000000        0x0
 *crtbegin.o(.ctors)
 *crtbegin?.o(.ctors)
 *(EXCLUDE_FILE(*crtend?.o *crtend.o) .ctors)
 *(SORT(.ctors.*))
 *(.ctors)
                0x9d000000                . = ALIGN (0x4)

.dtors          0x9d000000        0x0
 *crtbegin.o(.dtors)
 *crtbegin?.o(.dtors)
 *(EXCLUDE_FILE(*crtend?.o *crtend.o) .dtors)
 *(SORT(.dtors.*))
 *(.dtors)
                0x9d000000                . = ALIGN (0x4)

.rodata         0x9d000000        0x0
 *(.gnu.linkonce.r.*)
 *(.rodata1)
                0x9d000000                . = ALIGN (0x4)

.sdata2         0x9fc00490        0x0
 *(.sdata2 .sdata2.* .gnu.linkonce.s2.*)
                0x9fc00490                . = ALIGN (0x4)

.sbss2          0x9fc00490        0x0
 *(.sbss2 .sbss2.* .gnu.linkonce.sb2.*)
                0x9fc00490                . = ALIGN (0x4)

.eh_frame_hdr
 *(.eh_frame_hdr)
                0x9fc00490                . = ALIGN (0x4)

.eh_frame
 *(.eh_frame)
                0x9fc00490                . = ALIGN (0x4)

.gcc_except_table
 *(.gcc_except_table .gcc_except_table.*)
                0x9fc00490                . = ALIGN (0x4)

.dbg_data       0xa0000000      0x200
                0xa0000000                . = (. + DEFINED (_DEBUGGER)?0x200:0x0)
 *fill*         0xa0000000      0x200 

.jcr            0xa0000200        0x0
 *(.jcr)
                0xa0000200                . = ALIGN (0x4)

.eh_frame
 *(.eh_frame)
                0xa0000200                . = ALIGN (0x4)

.gcc_except_table
 *(.gcc_except_table .gcc_except_table.*)
                0xa0000200                . = ALIGN (0x4)

.persist        0xa0000200        0x0
                0xa0000200                _persist_begin = .
 *(.persist .persist.*)
 *(.pbss .pbss.*)
                0xa0000200                . = ALIGN (0x4)
                0xa0000200                _persist_end = .

.data           0xa0000200        0x0
 *(.gnu.linkonce.d.*)
 *(.data1)
                0xa0000200                . = ALIGN (0x4)
                0xa0000200                . = .
                0xa00081f0                _gp = (ALIGN (0x10) + 0x7ff0)

.got            0xa0000200        0x0
 *(.got.plt)
 *(.got)
                0xa0000200                . = ALIGN (0x4)

.sdata          0xa0000200      0x1ac
                0xa0000200                _sdata_begin = .
 *(.sdata .sdata.* .gnu.linkonce.s.*)
 .sdata         0xa0000200        0x8 build/default/debug/_ext/93166211/DNS.o
 .sdata         0xa0000208        0x1 build/default/debug/_ext/93166211/DNSs.o
 *fill*         0xa0000209        0x3 
 .sdata         0xa000020c        0x4 build/default/debug/_ext/93166211/Helpers.o
 .sdata         0xa0000210        0x1 build/default/debug/_ext/93166211/Reboot.o
 .sdata         0xa0000211        0x2 build/default/debug/_ext/93166211/TCP.o
 .sdata         0xa0000213        0x2 build/default/debug/_ext/93166211/UDP.o
 .sdata         0xa0000215        0x1 build/default/debug/_ext/93166211/ZeroconfHelper.o
                0xa0000215                zeroconf_dbg_level
 *fill*         0xa0000216        0x2 
 .sdata         0xa0000218        0x8 build/default/debug/_ext/93166211/ZeroconfLinkLocal.o
 .sdata         0xa0000220        0x8 build/default/debug/_ext/93166211/ZeroconfMulticastDNS.o
                0xa0000220                CONST_STR_local
                0xa0000224                mDNS_socket
 .sdata         0xa0000228        0xc build/default/debug/_ext/93166211/DHCPs.o
                0xa000022c                bDHCPServerEnabled
 .sdata         0xa0000234        0x1 build/default/debug/_ext/388820833/WFConnectionAlgorithm.o
 .sdata         0xa0000235        0x1 build/default/debug/_ext/388820833/WFPowerSave.o
 .sdata         0xa0000236        0x1 build/default/debug/_ext/1472/Main.o
                0xa0000236                g_prescan_waiting
 *fill*         0xa0000237        0x1 
 .sdata         0xa0000238        0x4 build/default/debug/_ext/1472/CustomHTTPApp.o
 .sdata         0xa000023c       0xa8 build/default/debug/_ext/1472/OpenADRClient.o
                0xa000023c                strAvailabilityStatus
                0xa0000244                ServerPort
                0xa0000248                AvgPrice
                0xa000024c                LowPrice
                0xa0000250                HighPrice
                0xa0000254                SpecialPrice
                0xa0000258                SmartClient
                0xa000025c                PollRate
                0xa0000294                operationModeScheduleText
                0xa0000298                eventStatusText
                0xa000029c                operationModeValueText
                0xa00002a0                eventStateIDText
                0xa00002a4                eventIdentifierText
                0xa00002a8                eventModNumberText
                0xa00002ac                programNameText
                0xa00002b0                currentTimeText
                0xa00002b4                drEventDataText
                0xa00002b8                noteTimeText
                0xa00002bc                startTimeText
                0xa00002c0                endTimeText
                0xa00002c4                PriceAbsoluteText
                0xa00002c8                LoadAmountText
                0xa00002cc                PriceMultipleText
                0xa00002d0                eventIIText
                0xa00002d4                valueText
                0xa00002d8                timeOffsetText
                0xa00002dc                modeTimeSlotText
                0xa00002e0                hrefText
 .sdata         0xa00002e4        0x4 build/default/debug/_ext/1472/TimeMonitor.o
                0xa00002e4                tmMillisecondsPerTick
 .sdata         0xa00002e8        0x8 build/default/debug/_ext/1472/app_UCM.o
                0xa00002e8                active_flag
                0xa00002ec                spi_timeout
 .sdata         0xa00002f0       0x7c build/default/debug/_ext/1472/MCI_Common.o
                0xa00002f0                TimeSyncMsg
                0xa00002f8                ShedCommand
                0xa0000300                EndShedCommand
                0xa0000308                RequestPowerLevel
                0xa0000310                PresentRelativePrice
                0xa0000318                NextPeriodRelativePrice
                0xa0000320                TimeRemainingInPresentPricePeriod
                0xa0000328                CriticalPeakEvent
                0xa0000330                GridEmergency
                0xa0000338                QueryOpState
                0xa0000340                PresentRelPrice
                0xa0000348                OutsideCommGood
                0xa0000350                OutsideCommLost
                0xa0000358                LoadUp
                0xa0000360                codeByte
                0xa0000364                dl_ack
                0xa0000368                dl_nak
 .sdata         0xa000036c       0x38 build/default/debug/_ext/1472/LinkLayerMessaging.o
                0xa000036c                LINKMSG_RequestDifferentPowerMode
                0xa0000374                LINKMSG_RequestDifferentBitRate
                0xa000037c                LINKMSG_QueryMaximumPayloadLength
                0xa0000384                LINKMSG_ResponseMaximumPayloadLength
                0xa000038c                LINKMSG_QueryGetSGDSlotNumber
                0xa0000394                LINKMSG_QueryGetAvailableSlotNumbers
                0xa000039c                LINKMSG_SendNextCommandToSlot
 .sdata         0xa00003a4        0x4 build/default/debug/_ext/1472/debugging.o
                0xa00003a4                debugwserial
 .sdata         0xa00003a8        0x4 c:/program files (x86)/microchip/xc32/v1.40/bin/bin/../../lib/gcc/pic32mx/4.8.3/../../../../pic32mx/lib\libpic32.a(xc32_uart.o)
                0xa00003a8                __XC_UART
                0xa00003ac                . = ALIGN (0x4)
                0xa00003ac                _sdata_end = .

.lit8
 *(.lit8)

.lit4
 *(.lit4)
                0xa00003ac                . = ALIGN (0x4)
                0xa00003ac                _data_end = .
                0xa00003ac                _bss_begin = .

.sbss           0xa00003ac      0x2b8
                0xa00003ac                _sbss_begin = .
 *(.dynsbss)
 *(.sbss .sbss.* .gnu.linkonce.sb.*)
 .sbss          0xa00003ac        0x8 build/default/debug/_ext/93166211/Announce.o
 .sbss          0xa00003b4        0x4 build/default/debug/_ext/93166211/ARP.o
 .sbss          0xa00003b8       0x14 build/default/debug/_ext/93166211/DNS.o
 .sbss          0xa00003cc        0x1 build/default/debug/_ext/93166211/DNSs.o
 *fill*         0xa00003cd        0x1 
 .sbss          0xa00003ce        0x4 build/default/debug/_ext/93166211/IP.o
 *fill*         0xa00003d2        0x2 
 .sbss          0xa00003d4        0x8 build/default/debug/_ext/93166211/MPFS2.o
 .sbss          0xa00003dc        0x8 build/default/debug/_ext/93166211/NBNS.o
 .sbss          0xa00003e4        0x8 build/default/debug/_ext/93166211/SPIFlash.o
 .sbss          0xa00003ec       0x10 build/default/debug/_ext/93166211/StackTsk.o
                0xa00003f0                g_DhcpRenew
                0xa00003f4                g_DhcpRetryTimer
 *fill*         0xa00003fc        0x4 
 .sbss          0xa0000400       0x10 build/default/debug/_ext/93166211/Tick.o
 .sbss          0xa0000410        0x8 build/default/debug/_ext/93166211/UDP.o
 .sbss          0xa0000418       0x30 build/default/debug/_ext/93166211/ZeroconfLinkLocal.o
                0xa0000418                zcll_state
                0xa000041c                zcll_dhcp_substate
 .sbss          0xa0000448        0x8 build/default/debug/_ext/93166211/ZeroconfMulticastDNS.o
                0xa0000448                mDNS_responder_state
 .sbss          0xa0000450        0x4 build/default/debug/_ext/93166211/DHCP.o
                0xa0000450                DHCPClientInitializedOnce
 .sbss          0xa0000454        0xc build/default/debug/_ext/93166211/DHCPs.o
 .sbss          0xa0000460        0x4 build/default/debug/_ext/388820833/WFConnectionManager.o
 .sbss          0xa0000464        0xc build/default/debug/_ext/388820833/WFPowerSave.o
 .sbss          0xa0000470        0x1 build/default/debug/_ext/388820833/WF_Spi.o
 *fill*         0xa0000471        0x3 
 .sbss          0xa0000474       0x28 build/default/debug/_ext/388820833/WFDriverCom_24G.o
                0xa000048c                g_DhcpSuccessful
                0xa0000490                g_WiFiConnectionChanged
                0xa0000494                g_WiFiConnection
                0xa0000498                g_dhcpInProgress
 .sbss          0xa000049c        0x8 build/default/debug/_ext/388820833/WFDriverRaw_24G.o
                0xa000049c                g_HostRAWDataPacketReceived
                0xa00004a0                g_RawIndexPastEnd
 .sbss          0xa00004a4       0x14 build/default/debug/_ext/388820833/WFMac_24G.o
 .sbss          0xa00004b8        0xc build/default/debug/_ext/388820833/WFMgmtMsg_24G.o
                0xa00004bc                g_WaitingForMgmtResponse
 .sbss          0xa00004c4       0x10 build/default/debug/_ext/1472/Main.o
                0xa00004c6                g_scan_done
 .sbss          0xa00004d4        0xc build/default/debug/_ext/1472/CustomHTTPApp.o
 .sbss          0xa00004e0       0x4c build/default/debug/_ext/1472/OpenADRClient.o
                0xa00004e0                OpMode
                0xa00004e4                InvalidSocketReboot
                0xa00004e8                DNSTimer
                0xa00004ec                ClientTypeKnown
                0xa00004f0                RequestedClientType
                0xa00004f4                RequestedPriceAbs
                0xa00004f8                SupportsPriceAbs
                0xa00004fc                PriceAbsSupportKnown
                0xa0000500                RequestedPriceRel
                0xa0000504                SupportsPriceRel
                0xa0000508                PriceRelSupportKnown
                0xa000050c                ResetSGD
                0xa0000510                CommandType
                0xa0000514                SmartQuery
                0xa0000524                OpenADR_TCPState
                0xa0000528                OpenADR_MsgState
 .sbss          0xa000052c        0x8 build/default/debug/_ext/1472/INTiMain.o
                0xa000052c                UART2RxCallbackFunction
                0xa0000530                SPI3RxCallbackFunction
 .sbss          0xa0000534        0x8 build/default/debug/_ext/1472/UARTiMain.o
 .sbss          0xa000053c        0x8 build/default/debug/_ext/1472/TimeMonitor.o
                0xa000053c                tmTimeMonitorClock
                0xa0000540                tmTickDownTimeIndex0
 .sbss          0xa0000544       0x20 build/default/debug/_ext/1472/EPRI_UARTLayer.o
                0xa0000544                OK_TO_READ_232
                0xa0000548                position_counter
                0xa000054c                numBytes
                0xa0000550                RxBytesReceived
                0xa0000554                OverRide
                0xa0000558                OptOutEvent
                0xa000055c                OptInEvent
                0xa0000560                UARTLock
 .sbss          0xa0000564       0x48 build/default/debug/_ext/1472/app_UCM.o
                0xa0000564                SendToServerTimeout
                0xa0000568                MainSysTickTimer
                0xa000056c                MainSystemUNIXTime
                0xa0000570                WriteBackTimer
                0xa0000574                SendToServer
                0xa0000578                SendOptOut
                0xa000057c                HANMsg_Rdy2Process
                0xa0000580                SendLocalHB
                0xa0000581                eventInProgress
                0xa0000584                SendCancelCommand
                0xa0000588                cancelCommandCtr
                0xa000058c                cancelCommand
                0xa000058d                TryGetNextEvent
                0xa0000590                MainResetTimer
                0xa0000594                gRespRec
                0xa0000598                ZG_Con_Timer
                0xa000059c                SPI_Watch_Timer
                0xa00005a0                Scheduling
                0xa00005a8                TCPCommState
 .sbss          0xa00005ac        0x8 build/default/debug/_ext/1472/MCI_Common.o
                0xa00005ac                httpCode
                0xa00005b0                ResponseReadyFlag
 *(.scommon)
 .scommon       0xa00005b4        0x1 build/default/debug/_ext/93166211/HTTP2.o
                0xa00005b4                curHTTPID
 *fill*         0xa00005b5        0x1 
 .scommon       0xa00005b6        0x5 build/default/debug/_ext/93166211/UDP.o
                0xa00005b6                UDPRxCount
                0xa00005b8                UDPTxCount
                0xa00005ba                activeUDPSocket
 *fill*         0xa00005bb        0x1 
 .scommon       0xa00005bc        0x6 build/default/debug/_ext/388820833/WFEasyConfig.o
                0xa00005bc                g_ScanCtx
 *fill*         0xa00005c2        0x2 
 .scommon       0xa00005c4        0x4 build/default/debug/_ext/388820833/WFPowerSave.o
                0xa00005c4                g_rxDtim
 .scommon       0xa00005c8        0x8 build/default/debug/_ext/388820833/WFDriverCom_24G.o
                0xa00005c8                RawMoveState
 .scommon       0xa00005d0        0x2 build/default/debug/_ext/388820833/WFDriverRaw_24G.o
                0xa00005d0                RawWindowState
 *fill*         0xa00005d2        0x2 
 .scommon       0xa00005d4        0x4 build/default/debug/_ext/388820833/WFMac_24G.o
                0xa00005d4                WF_hibernate
                0xa00005d6                g_rxBufferLength
 .scommon       0xa00005d8       0x68 build/default/debug/_ext/1472/OpenADRClient.o
                0xa00005d8                UTCLastServerTime
                0xa00005dc                tempbreakpoint
                0xa00005e0                operationModeValue
                0xa00005e8                FoundHTTPHeader
                0xa00005ec                DNS_IP_ADDR
                0xa00005f0                GetEventStateTimer
                0xa00005f4                UTCTime
                0xa00005f8                SQueryTimer
                0xa00005fc                LastServerTicks
                0xa0000600                LengthOfContent
                0xa0000604                CommTimer
                0xa0000608                UTCServerTime
                0xa000060c                tzsec
                0xa0000610                Local_Time
                0xa0000614                eventStatus
                0xa000061c                HTTPResponse
                0xa0000620                DebugCnt
                0xa0000624                TCP_blackout
                0xa0000628                payloadptr
                0xa000062c                LoadFactor
                0xa0000630                commGoodOld
                0xa0000634                FoundHTTPBody
                0xa0000638                commGood
                0xa000063c                DelayTimer
 .scommon       0xa0000640       0x10 build/default/debug/_ext/1472/EPRI_UARTLayer.o
                0xa0000640                RxMsgState
                0xa0000644                IdleNormal
                0xa0000648                TxMsgState
                0xa000064c                RunningNormal
 .scommon       0xa0000650        0xc build/default/debug/_ext/1472/app_UCM.o
                0xa0000650                curOptouthash
                0xa0000654                TCP_Message
                0xa0000658                lostlink_flag
 .scommon       0xa000065c        0x4 build/default/debug/_ext/1472/LinkLayerMessaging.o
                0xa000065c                LL_MsgState
 .scommon       0xa0000660        0x4 build/default/debug/_ext/1472/BasicDR.o
                0xa0000660                RelayMsgState
                0xa0000664                _sbss_end = .
                0xa0000664                . = ALIGN (0x4)

.bss            0xa0000664     0x33c4
 *(.dynbss)
 *(COMMON)
 COMMON         0xa0000664       0x9c build/default/debug/_ext/93166211/HTTP2.o
                0xa0000664                curHTTP
                0xa00006f0                httpStubs
 COMMON         0xa0000700        0xa build/default/debug/_ext/93166211/StackTsk.o
                0xa0000700                remoteNode
 *fill*         0xa000070a        0x2 
 COMMON         0xa000070c       0xe0 build/default/debug/_ext/93166211/UDP.o
                0xa000070c                UDPSocketInfo
 COMMON         0xa00007ec       0x78 build/default/debug/_ext/93166211/DHCPs.o
                0xa00007ec                DhcpIpPool
 COMMON         0xa0000864      0xbe8 build/default/debug/_ext/388820833/WFEasyConfig.o
                0xa0000864                g_easyConfigCtx
                0xa00008f8                preScanResult
 COMMON         0xa000144c       0xc2 build/default/debug/_ext/1472/Main.o
                0xa000144c                sbuf
                0xa0001474                AppConfig
 *fill*         0xa000150e        0x2 
 COMMON         0xa0001510     0x2218 build/default/debug/_ext/1472/OpenADRClient.o
                0xa0001510                eventModNumber
                0xa0001524                programName
                0xa0001544                RsBuf
                0xa0001560                SourceUnamePw
                0xa0001594                TCPPutBuffer
                0xa000197c                EncodedUNPW
                0xa00019c8                notificationTime
                0xa00019f0                eventStateQ
                0xa0001cc0                modeTimeSlot
                0xa0001cd4                eventIdentifier
                0xa0001cf4                startTime
                0xa0001d1c                TCPpayload_buf
                0xa00035b8                GMTstr
                0xa00035ec                ActiveEventID
                0xa000360c                currentTime
                0xa0003620                HttpLocation
                0xa0003654                eventStateID
                0xa0003674                timeOffset
                0xa0003688                endTime
                0xa00036b0                pbuf
 COMMON         0xa0003728       0x48 build/default/debug/_ext/1472/TimeMonitor.o
                0xa0003728                tmTickDownTimeI
                0xa000374c                tmCallbackFunctionI
 COMMON         0xa0003770      0x2b6 build/default/debug/_ext/1472/EPRI_UARTLayer.o
                0xa0003770                NullRSBuf
                0xa000378c                AsyncRxRSBuf
                0xa00037a8                AsyncTxRSBuf
                0xa00037c4                RxBuf
                0xa00038f0                rxmessage
                0xa0003a1c                txmessage
                0xa0003a28                . = ALIGN ((. != 0x0)?0x4:0x1)
 *fill*         0xa0003a26        0x2 
                0xa0003a28                . = ALIGN (0x4)
                0xa0003a28                _end = .
                0xa0003a28                _bss_end = .
                0x00010000                _bmxdudba_address = 0x10000
                0x00010000                _bmxdupba_address = 0x10000

/DISCARD/
 *(.pdr)
 *(.rel.dyn)
 *(.note.GNU-stack)
 *(.note.GNU-stack)
 *(.gnu_debuglink)
 *(.gnu.lto_*)
 *(.discard)

.gptab.sdata
 *(.gptab.data)
 *(.gptab.sdata)

.gptab.sbss
 *(.gptab.bss)
 *(.gptab.sbss)

.mdebug.abi32   0xa0003a28        0x0
 *(.mdebug.abi32)
 .mdebug.abi32  0xa0003a28        0x0 c:/program files (x86)/microchip/xc32/v1.40/bin/bin/../../lib/gcc/pic32mx/4.8.3/../../../../pic32mx/lib\software-debug-break.o
 .mdebug.abi32  0xa0003a28        0x0 build/default/debug/_ext/93166211/Announce.o
 .mdebug.abi32  0xa0003a28        0x0 build/default/debug/_ext/93166211/ARCFOUR.o
 .mdebug.abi32  0xa0003a28        0x0 build/default/debug/_ext/93166211/ARP.o
 .mdebug.abi32  0xa0003a28        0x0 build/default/debug/_ext/93166211/AutoIP.o
 .mdebug.abi32  0xa0003a28        0x0 build/default/debug/_ext/93166211/BerkeleyAPI.o
 .mdebug.abi32  0xa0003a28        0x0 build/default/debug/_ext/93166211/BigInt.o
 .mdebug.abi32  0xa0003a28        0x0 build/default/debug/_ext/93166211/Delay.o
 .mdebug.abi32  0xa0003a28        0x0 build/default/debug/_ext/93166211/DNS.o
 .mdebug.abi32  0xa0003a28        0x0 build/default/debug/_ext/93166211/DNSs.o
 .mdebug.abi32  0xa0003a28        0x0 build/default/debug/_ext/93166211/DynDNS.o
 .mdebug.abi32  0xa0003a28        0x0 build/default/debug/_ext/93166211/FileSystem.o
 .mdebug.abi32  0xa0003a28        0x0 build/default/debug/_ext/93166211/FTP.o
 .mdebug.abi32  0xa0003a28        0x0 build/default/debug/_ext/93166211/Hashes.o
 .mdebug.abi32  0xa0003a28        0x0 build/default/debug/_ext/93166211/Helpers.o
 .mdebug.abi32  0xa0003a28        0x0 build/default/debug/_ext/93166211/HTTP2.o
 .mdebug.abi32  0xa0003a28        0x0 build/default/debug/_ext/93166211/ICMP.o
 .mdebug.abi32  0xa0003a28        0x0 build/default/debug/_ext/93166211/IP.o
 .mdebug.abi32  0xa0003a28        0x0 build/default/debug/_ext/93166211/LCDBlocking.o
 .mdebug.abi32  0xa0003a28        0x0 build/default/debug/_ext/93166211/MPFS2.o
 .mdebug.abi32  0xa0003a28        0x0 build/default/debug/_ext/93166211/NBNS.o
 .mdebug.abi32  0xa0003a28        0x0 build/default/debug/_ext/93166211/Random.o
 .mdebug.abi32  0xa0003a28        0x0 build/default/debug/_ext/93166211/Reboot.o
 .mdebug.abi32  0xa0003a28        0x0 build/default/debug/_ext/93166211/RSA.o
 .mdebug.abi32  0xa0003a28        0x0 build/default/debug/_ext/93166211/SMTP.o
 .mdebug.abi32  0xa0003a28        0x0 build/default/debug/_ext/93166211/SNMP.o
 .mdebug.abi32  0xa0003a28        0x0 build/default/debug/_ext/93166211/SNMPv3.o
 .mdebug.abi32  0xa0003a28        0x0 build/default/debug/_ext/93166211/SNMPv3USM.o
 .mdebug.abi32  0xa0003a28        0x0 build/default/debug/_ext/93166211/SNTP.o
 .mdebug.abi32  0xa0003a28        0x0 build/default/debug/_ext/93166211/SPIEEPROM.o
 .mdebug.abi32  0xa0003a28        0x0 build/default/debug/_ext/93166211/SPIFlash.o
 .mdebug.abi32  0xa0003a28        0x0 build/default/debug/_ext/93166211/SPIRAM.o
 .mdebug.abi32  0xa0003a28        0x0 build/default/debug/_ext/93166211/SSL.o
 .mdebug.abi32  0xa0003a28        0x0 build/default/debug/_ext/93166211/StackTsk.o
 .mdebug.abi32  0xa0003a28        0x0 build/default/debug/_ext/93166211/TCP.o
 .mdebug.abi32  0xa0003a28        0x0 build/default/debug/_ext/93166211/TCPPerformanceTest.o
 .mdebug.abi32  0xa0003a28        0x0 build/default/debug/_ext/93166211/Telnet.o
 .mdebug.abi32  0xa0003a28        0x0 build/default/debug/_ext/93166211/TFTPc.o
 .mdebug.abi32  0xa0003a28        0x0 build/default/debug/_ext/93166211/Tick.o
 .mdebug.abi32  0xa0003a28        0x0 build/default/debug/_ext/93166211/UART2TCPBridge.o
 .mdebug.abi32  0xa0003a28        0x0 build/default/debug/_ext/93166211/UDP.o
 .mdebug.abi32  0xa0003a28        0x0 build/default/debug/_ext/93166211/UDPPerformanceTest.o
 .mdebug.abi32  0xa0003a28        0x0 build/default/debug/_ext/93166211/ZeroconfHelper.o
 .mdebug.abi32  0xa0003a28        0x0 build/default/debug/_ext/93166211/ZeroconfLinkLocal.o
 .mdebug.abi32  0xa0003a28        0x0 build/default/debug/_ext/93166211/ZeroconfMulticastDNS.o
 .mdebug.abi32  0xa0003a28        0x0 build/default/debug/_ext/93166211/DHCP.o
 .mdebug.abi32  0xa0003a28        0x0 build/default/debug/_ext/93166211/DHCPs.o
 .mdebug.abi32  0xa0003a28        0x0 build/default/debug/_ext/388820833/WF_Eint.o
 .mdebug.abi32  0xa0003a28        0x0 build/default/debug/_ext/388820833/WF_pbkdf2.o
 .mdebug.abi32  0xa0003a28        0x0 build/default/debug/_ext/388820833/WFConnectionAlgorithm.o
 .mdebug.abi32  0xa0003a28        0x0 build/default/debug/_ext/388820833/WFConnectionManager.o
 .mdebug.abi32  0xa0003a28        0x0 build/default/debug/_ext/388820833/WFConnectionProfile.o
 .mdebug.abi32  0xa0003a28        0x0 build/default/debug/_ext/388820833/WFConsole.o
 .mdebug.abi32  0xa0003a28        0x0 build/default/debug/_ext/388820833/WFConsoleIfconfig.o
 .mdebug.abi32  0xa0003a28        0x0 build/default/debug/_ext/388820833/WFConsoleIwconfig.o
 .mdebug.abi32  0xa0003a28        0x0 build/default/debug/_ext/388820833/WFConsoleIwpriv.o
 .mdebug.abi32  0xa0003a28        0x0 build/default/debug/_ext/388820833/WFConsoleMsgHandler.o
 .mdebug.abi32  0xa0003a28        0x0 build/default/debug/_ext/388820833/WFConsoleMsgs.o
 .mdebug.abi32  0xa0003a28        0x0 build/default/debug/_ext/388820833/WFDataTxRx.o
 .mdebug.abi32  0xa0003a28        0x0 build/default/debug/_ext/388820833/WFDebugStrings.o
 .mdebug.abi32  0xa0003a28        0x0 build/default/debug/_ext/388820833/WFEasyConfig.o
 .mdebug.abi32  0xa0003a28        0x0 build/default/debug/_ext/388820833/WFEventHandler.o
 .mdebug.abi32  0xa0003a28        0x0 build/default/debug/_ext/388820833/WFInit.o
 .mdebug.abi32  0xa0003a28        0x0 build/default/debug/_ext/388820833/WFPowerSave.o
 .mdebug.abi32  0xa0003a28        0x0 build/default/debug/_ext/388820833/WFScan.o
 .mdebug.abi32  0xa0003a28        0x0 build/default/debug/_ext/388820833/WFTxPower.o
 .mdebug.abi32  0xa0003a28        0x0 build/default/debug/_ext/388820833/WF_Spi.o
 .mdebug.abi32  0xa0003a28        0x0 build/default/debug/_ext/388820833/WFDriverCom_24G.o
 .mdebug.abi32  0xa0003a28        0x0 build/default/debug/_ext/388820833/WFDriverRaw_24G.o
 .mdebug.abi32  0xa0003a28        0x0 build/default/debug/_ext/388820833/WFMac_24G.o
 .mdebug.abi32  0xa0003a28        0x0 build/default/debug/_ext/388820833/WFMgmtMsg_24G.o
 .mdebug.abi32  0xa0003a28        0x0 build/default/debug/_ext/388820833/WFParamMsg_24G.o
 .mdebug.abi32  0xa0003a28        0x0 build/default/debug/_ext/1472/Main.o
 .mdebug.abi32  0xa0003a28        0x0 build/default/debug/_ext/1472/CustomHTTPApp.o
 .mdebug.abi32  0xa0003a28        0x0 build/default/debug/_ext/1472/WF_Config.o
 .mdebug.abi32  0xa0003a28        0x0 build/default/debug/_ext/1472/WifiGDemoMPFSImg.o
 .mdebug.abi32  0xa0003a28        0x0 build/default/debug/_ext/1472/i2c_master.o
 .mdebug.abi32  0xa0003a28        0x0 build/default/debug/_ext/1472/OpenADRClient.o
 .mdebug.abi32  0xa0003a28        0x0 build/default/debug/_ext/1472/INTiMain.o
 .mdebug.abi32  0xa0003a28        0x0 build/default/debug/_ext/1472/UARTiMain.o
 .mdebug.abi32  0xa0003a28        0x0 build/default/debug/_ext/1472/TimeMonitor.o
 .mdebug.abi32  0xa0003a28        0x0 build/default/debug/_ext/1472/EPRI_UARTLayer.o
 .mdebug.abi32  0xa0003a28        0x0 build/default/debug/_ext/1472/app_UCM.o
 .mdebug.abi32  0xa0003a28        0x0 build/default/debug/_ext/1472/Assert.o
 .mdebug.abi32  0xa0003a28        0x0 build/default/debug/_ext/1472/EPRI_SPILayer.o
 .mdebug.abi32  0xa0003a28        0x0 build/default/debug/_ext/1472/MCI_Common.o
 .mdebug.abi32  0xa0003a28        0x0 build/default/debug/_ext/1472/LinkLayerMessaging.o
 .mdebug.abi32  0xa0003a28        0x0 build/default/debug/_ext/1472/BasicDR.o
 .mdebug.abi32  0xa0003a28        0x0 build/default/debug/_ext/1472/debugging.o
 .mdebug.abi32  0xa0003a28        0x0 c:/program files (x86)/microchip/xc32/v1.40/bin/bin/../../lib/gcc/pic32mx/4.8.3/../../../../pic32mx/lib\libmchp_peripheral_32MX575F256L.a(soft_reset_lib.o)
 .mdebug.abi32  0xa0003a28        0x0 c:/program files (x86)/microchip/xc32/v1.40/bin/bin/../../lib/gcc/pic32mx/4.8.3/../../../../pic32mx/lib\libmchp_peripheral_32MX575F256L.a(pcache.o)
 .mdebug.abi32  0xa0003a28        0x0 c:/program files (x86)/microchip/xc32/v1.40/bin/bin/../../lib/gcc/pic32mx/4.8.3/../../../../pic32mx/lib\libmchp_peripheral_32MX575F256L.a(int_disable_interrupts_lib.o)
 .mdebug.abi32  0xa0003a28        0x0 c:/program files (x86)/microchip/xc32/v1.40/bin/bin/../../lib/gcc/pic32mx/4.8.3/../../../../pic32mx/lib\libmchp_peripheral_32MX575F256L.a(int_restore_interrupts_lib.o)
 .mdebug.abi32  0xa0003a28        0x0 c:/program files (x86)/microchip/xc32/v1.40/bin/bin/../../lib/gcc/pic32mx/4.8.3/../../../../pic32mx/lib\libmchp_peripheral_32MX575F256L.a(int_enable_mv_int_lib.o)
 .mdebug.abi32  0xa0003a28        0x0 c:/program files (x86)/microchip/xc32/v1.40/bin/bin/../../lib/gcc/pic32mx/4.8.3/../../../../pic32mx/lib\libmchp_peripheral_32MX575F256L.a(int_tbl_lib.o)
 .mdebug.abi32  0xa0003a28        0x0 c:/program files (x86)/microchip/xc32/v1.40/bin/bin/../../lib/gcc/pic32mx/4.8.3/../../../../pic32mx/lib\libmchp_peripheral_32MX575F256L.a(uart_lib.o)
 .mdebug.abi32  0xa0003a28        0x0 c:/program files (x86)/microchip/xc32/v1.40/bin/bin/../../lib/gcc/pic32mx/4.8.3/../../../../pic32mx/lib\libmchp_peripheral_32MX575F256L.a(puts_uartx_lib_legacy.o)
 .mdebug.abi32  0xa0003a28        0x0 c:/program files (x86)/microchip/xc32/v1.40/bin/bin/../../lib/gcc/pic32mx/4.8.3/../../../../pic32mx/lib\libmchp_peripheral_32MX575F256L.a(idle_i2c2_lib_legacy.o)
 .mdebug.abi32  0xa0003a28        0x0 c:/program files (x86)/microchip/xc32/v1.40/bin/bin/../../lib/gcc/pic32mx/4.8.3/../../../../pic32mx/lib\libmchp_peripheral_32MX575F256L.a(I2CPrivate.o)
 .mdebug.abi32  0xa0003a28        0x0 c:/program files (x86)/microchip/xc32/v1.40/bin/bin/../../lib/gcc/pic32mx/4.8.3/../../../../pic32mx/lib\libmchp_peripheral_32MX575F256L.a(I2CBusIsIdle.o)
 .mdebug.abi32  0xa0003a28        0x0 c:/program files (x86)/microchip/xc32/v1.40/bin/bin/../../lib/gcc/pic32mx/4.8.3/../../../../pic32mx/lib\libmchp_peripheral_32MX575F256L.a(I2CByteWasAcknowledged.o)
 .mdebug.abi32  0xa0003a28        0x0 c:/program files (x86)/microchip/xc32/v1.40/bin/bin/../../lib/gcc/pic32mx/4.8.3/../../../../pic32mx/lib\libmchp_peripheral_32MX575F256L.a(I2CEnable.o)
 .mdebug.abi32  0xa0003a28        0x0 c:/program files (x86)/microchip/xc32/v1.40/bin/bin/../../lib/gcc/pic32mx/4.8.3/../../../../pic32mx/lib\libmchp_peripheral_32MX575F256L.a(I2CGetByte.o)
 .mdebug.abi32  0xa0003a28        0x0 c:/program files (x86)/microchip/xc32/v1.40/bin/bin/../../lib/gcc/pic32mx/4.8.3/../../../../pic32mx/lib\libmchp_peripheral_32MX575F256L.a(I2CGetStatus.o)
 .mdebug.abi32  0xa0003a28        0x0 c:/program files (x86)/microchip/xc32/v1.40/bin/bin/../../lib/gcc/pic32mx/4.8.3/../../../../pic32mx/lib\libmchp_peripheral_32MX575F256L.a(I2CReceivedDataIsAvailable.o)
 .mdebug.abi32  0xa0003a28        0x0 c:/program files (x86)/microchip/xc32/v1.40/bin/bin/../../lib/gcc/pic32mx/4.8.3/../../../../pic32mx/lib\libmchp_peripheral_32MX575F256L.a(I2CReceiverEnable.o)
 .mdebug.abi32  0xa0003a28        0x0 c:/program files (x86)/microchip/xc32/v1.40/bin/bin/../../lib/gcc/pic32mx/4.8.3/../../../../pic32mx/lib\libmchp_peripheral_32MX575F256L.a(I2CRepeatStart.o)
 .mdebug.abi32  0xa0003a28        0x0 c:/program files (x86)/microchip/xc32/v1.40/bin/bin/../../lib/gcc/pic32mx/4.8.3/../../../../pic32mx/lib\libmchp_peripheral_32MX575F256L.a(I2CSetFrequency.o)
 .mdebug.abi32  0xa0003a28        0x0 c:/program files (x86)/microchip/xc32/v1.40/bin/bin/../../lib/gcc/pic32mx/4.8.3/../../../../pic32mx/lib\libmchp_peripheral_32MX575F256L.a(I2CStart.o)
 .mdebug.abi32  0xa0003a28        0x0 c:/program files (x86)/microchip/xc32/v1.40/bin/bin/../../lib/gcc/pic32mx/4.8.3/../../../../pic32mx/lib\libmchp_peripheral_32MX575F256L.a(I2CStop.o)
 .mdebug.abi32  0xa0003a28        0x0 c:/program files (x86)/microchip/xc32/v1.40/bin/bin/../../lib/gcc/pic32mx/4.8.3/../../../../pic32mx/lib\libmchp_peripheral_32MX575F256L.a(I2CTransmissionHasCompleted.o)
 .mdebug.abi32  0xa0003a28        0x0 c:/program files (x86)/microchip/xc32/v1.40/bin/bin/../../lib/gcc/pic32mx/4.8.3/../../../../pic32mx/lib\libmchp_peripheral_32MX575F256L.a(I2CTransmitterIsReady.o)
 .mdebug.abi32  0xa0003a28        0x0 c:/program files (x86)/microchip/xc32/v1.40/bin/bin/../../lib/gcc/pic32mx/4.8.3/../../../../pic32mx/lib\libmchp_peripheral_32MX575F256L.a(int_enable_interrupts_lib.o)
 .mdebug.abi32  0xa0003a28        0x0 c:/program files (x86)/microchip/xc32/v1.40/bin/bin/../../lib/gcc/pic32mx/4.8.3\libgcc.a(_udivdi3.o)
 .mdebug.abi32  0xa0003a28        0x0 c:/program files (x86)/microchip/xc32/v1.40/bin/bin/../../lib/gcc/pic32mx/4.8.3\libgcc.a(_umoddi3.o)
 .mdebug.abi32  0xa0003a28        0x0 c:/program files (x86)/microchip/xc32/v1.40/bin/bin/../../lib/gcc/pic32mx/4.8.3\libgcc.a(floatunsisf.o)
 .mdebug.abi32  0xa0003a28        0x0 c:/program files (x86)/microchip/xc32/v1.40/bin/bin/../../lib/gcc/pic32mx/4.8.3/../../../../pic32mx/lib\libpic32.a(default-bootstrap-exception-handler.o)
 .mdebug.abi32  0xa0003a28        0x0 c:/program files (x86)/microchip/xc32/v1.40/bin/bin/../../lib/gcc/pic32mx/4.8.3/../../../../pic32mx/lib\libpic32.a(default-on-reset.o)
 .mdebug.abi32  0xa0003a28        0x0 c:/program files (x86)/microchip/xc32/v1.40/bin/bin/../../lib/gcc/pic32mx/4.8.3/../../../../pic32mx/lib\libpic32.a(default-on-bootstrap.o)
 .mdebug.abi32  0xa0003a28        0x0 c:/program files (x86)/microchip/xc32/v1.40/bin/bin/../../lib/gcc/pic32mx/4.8.3/../../../../pic32mx/lib\libpic32.a(defaultinterrupt.o)
 .mdebug.abi32  0xa0003a28        0x0 c:/program files (x86)/microchip/xc32/v1.40/bin/bin/../../lib/gcc/pic32mx/4.8.3/../../../../pic32mx/lib\libm.a(w_sqrtf.o)
 .mdebug.abi32  0xa0003a28        0x0 c:/program files (x86)/microchip/xc32/v1.40/bin/bin/../../lib/gcc/pic32mx/4.8.3/../../../../pic32mx/lib\libm.a(s_lib_ver.o)
 .mdebug.abi32  0xa0003a28        0x0 c:/program files (x86)/microchip/xc32/v1.40/bin/bin/../../lib/gcc/pic32mx/4.8.3/../../../../pic32mx/lib\libc.a(atoi.o)
 .mdebug.abi32  0xa0003a28        0x0 c:/program files (x86)/microchip/xc32/v1.40/bin/bin/../../lib/gcc/pic32mx/4.8.3/../../../../pic32mx/lib\libc.a(atol.o)
 .mdebug.abi32  0xa0003a28        0x0 c:/program files (x86)/microchip/xc32/v1.40/bin/bin/../../lib/gcc/pic32mx/4.8.3/../../../../pic32mx/lib\libc.a(ctime.o)
 .mdebug.abi32  0xa0003a28        0x0 c:/program files (x86)/microchip/xc32/v1.40/bin/bin/../../lib/gcc/pic32mx/4.8.3/../../../../pic32mx/lib\libc.a(ctype.o)
 .mdebug.abi32  0xa0003a28        0x0 c:/program files (x86)/microchip/xc32/v1.40/bin/bin/../../lib/gcc/pic32mx/4.8.3/../../../../pic32mx/lib\libc.a(errno.o)
 .mdebug.abi32  0xa0003a28        0x0 c:/program files (x86)/microchip/xc32/v1.40/bin/bin/../../lib/gcc/pic32mx/4.8.3/../../../../pic32mx/lib\libc.a(mktime.o)
 .mdebug.abi32  0xa0003a28        0x0 c:/program files (x86)/microchip/xc32/v1.40/bin/bin/../../lib/gcc/pic32mx/4.8.3/../../../../pic32mx/lib\libc.a(putchar.o)
 .mdebug.abi32  0xa0003a28        0x0 c:/program files (x86)/microchip/xc32/v1.40/bin/bin/../../lib/gcc/pic32mx/4.8.3/../../../../pic32mx/lib\libc.a(puts.o)
 .mdebug.abi32  0xa0003a28        0x0 c:/program files (x86)/microchip/xc32/v1.40/bin/bin/../../lib/gcc/pic32mx/4.8.3/../../../../pic32mx/lib\libc.a(strcat.o)
 .mdebug.abi32  0xa0003a28        0x0 c:/program files (x86)/microchip/xc32/v1.40/bin/bin/../../lib/gcc/pic32mx/4.8.3/../../../../pic32mx/lib\libc.a(strchr.o)
 .mdebug.abi32  0xa0003a28        0x0 c:/program files (x86)/microchip/xc32/v1.40/bin/bin/../../lib/gcc/pic32mx/4.8.3/../../../../pic32mx/lib\libc.a(strncmp.o)
 .mdebug.abi32  0xa0003a28        0x0 c:/program files (x86)/microchip/xc32/v1.40/bin/bin/../../lib/gcc/pic32mx/4.8.3/../../../../pic32mx/lib\libc.a(strncpy.o)
 .mdebug.abi32  0xa0003a28        0x0 c:/program files (x86)/microchip/xc32/v1.40/bin/bin/../../lib/gcc/pic32mx/4.8.3/../../../../pic32mx/lib\libc.a(strrchr.o)
 .mdebug.abi32  0xa0003a28        0x0 c:/program files (x86)/microchip/xc32/v1.40/bin/bin/../../lib/gcc/pic32mx/4.8.3/../../../../pic32mx/lib\libc.a(strstr.o)
 .mdebug.abi32  0xa0003a28        0x0 c:/program files (x86)/microchip/xc32/v1.40/bin/bin/../../lib/gcc/pic32mx/4.8.3/../../../../pic32mx/lib\libc.a(strtok.o)
 .mdebug.abi32  0xa0003a28        0x0 c:/program files (x86)/microchip/xc32/v1.40/bin/bin/../../lib/gcc/pic32mx/4.8.3/../../../../pic32mx/lib\libc.a(printf_cdnopsuxX.eo)
 .mdebug.abi32  0xa0003a28        0x0 c:/program files (x86)/microchip/xc32/v1.40/bin/bin/../../lib/gcc/pic32mx/4.8.3/../../../../pic32mx/lib\libc.a(sprintf_cdnopsuxX.eo)
 .mdebug.abi32  0xa0003a28        0x0 c:/program files (x86)/microchip/xc32/v1.40/bin/bin/../../lib/gcc/pic32mx/4.8.3/../../../../pic32mx/lib\libc.a(sscanf_cdfFnopsuxX.eo)
 .mdebug.abi32  0xa0003a28        0x0 c:/program files (x86)/microchip/xc32/v1.40/bin/bin/../../lib/gcc/pic32mx/4.8.3/../../../../pic32mx/lib\libc.a(_iob.o)
 .mdebug.abi32  0xa0003a28        0x0 c:/program files (x86)/microchip/xc32/v1.40/bin/bin/../../lib/gcc/pic32mx/4.8.3/../../../../pic32mx/lib\libc.a(_fputc_simple.o)
 .mdebug.abi32  0xa0003a28        0x0 c:/program files (x86)/microchip/xc32/v1.40/bin/bin/../../lib/gcc/pic32mx/4.8.3/../../../../pic32mx/lib\libc.a(strcspn.o)
 .mdebug.abi32  0xa0003a28        0x0 c:/program files (x86)/microchip/xc32/v1.40/bin/bin/../../lib/gcc/pic32mx/4.8.3/../../../../pic32mx/lib\libc.a(strspn.o)
 .mdebug.abi32  0xa0003a28        0x0 c:/program files (x86)/microchip/xc32/v1.40/bin/bin/../../lib/gcc/pic32mx/4.8.3/../../../../pic32mx/lib\libc.a(doprnt_cdnopsuxX.eo)
 .mdebug.abi32  0xa0003a28        0x0 c:/program files (x86)/microchip/xc32/v1.40/bin/bin/../../lib/gcc/pic32mx/4.8.3/../../../../pic32mx/lib\libc.a(doscan_cdfFnopsuxX.eo)
 .mdebug.abi32  0xa0003a28        0x0 c:/program files (x86)/microchip/xc32/v1.40/bin/bin/../../lib/gcc/pic32mx/4.8.3/../../../../pic32mx/lib\libc.a(doscan_cdnopsuxX.eo)
 .mdebug.abi32  0xa0003a28        0x0 c:/program files (x86)/microchip/xc32/v1.40/bin/bin/../../lib/gcc/pic32mx/4.8.3/../../../../pic32mx/lib\libc.a(doscan_cdnopuxX.eo)
 .mdebug.abi32  0xa0003a28        0x0 c:/program files (x86)/microchip/xc32/v1.40/bin/bin/../../lib/gcc/pic32mx/4.8.3/../../../../pic32mx/lib\libc.a(_flsbuf_simple.o)
 .mdebug.abi32  0xa0003a28        0x0 c:/program files (x86)/microchip/xc32/v1.40/bin/bin/../../lib/gcc/pic32mx/4.8.3/../../../../pic32mx/lib\libc.a(fgetc.o)
 .mdebug.abi32  0xa0003a28        0x0 c:/program files (x86)/microchip/xc32/v1.40/bin/bin/../../lib/gcc/pic32mx/4.8.3/../../../../pic32mx/lib\libc.a(ctypef.o)
 .mdebug.abi32  0xa0003a28        0x0 c:/program files (x86)/microchip/xc32/v1.40/bin/bin/../../lib/gcc/pic32mx/4.8.3/../../../../pic32mx/lib\libc.a(strtod.o)
 .mdebug.abi32  0xa0003a28        0x0 c:/program files (x86)/microchip/xc32/v1.40/bin/bin/../../lib/gcc/pic32mx/4.8.3/../../../../pic32mx/lib\libc.a(strtof.o)
 .mdebug.abi32  0xa0003a28        0x0 c:/program files (x86)/microchip/xc32/v1.40/bin/bin/../../lib/gcc/pic32mx/4.8.3/../../../../pic32mx/lib\libc.a(ungetc.o)
 .mdebug.abi32  0xa0003a28        0x0 c:/program files (x86)/microchip/xc32/v1.40/bin/bin/../../lib/gcc/pic32mx/4.8.3/../../../../pic32mx/lib\libc.a(filbuf.o)
 .mdebug.abi32  0xa0003a28        0x0 c:/program files (x86)/microchip/xc32/v1.40/bin/bin/../../lib/gcc/pic32mx/4.8.3/../../../../pic32mx/lib\libc.a(fflush.o)
 .mdebug.abi32  0xa0003a28        0x0 c:/program files (x86)/microchip/xc32/v1.40/bin/bin/../../lib/gcc/pic32mx/4.8.3/../../../../pic32mx/lib\libpic32.a(read.o)
 .mdebug.abi32  0xa0003a28        0x0 c:/program files (x86)/microchip/xc32/v1.40/bin/bin/../../lib/gcc/pic32mx/4.8.3/../../../../pic32mx/lib\libpic32.a(write.o)
 .mdebug.abi32  0xa0003a28        0x0 c:/program files (x86)/microchip/xc32/v1.40/bin/bin/../../lib/gcc/pic32mx/4.8.3/../../../../pic32mx/lib\libpic32.a(xc32_uart.o)
 .mdebug.abi32  0xa0003a28        0x0 c:/program files (x86)/microchip/xc32/v1.40/bin/bin/../../lib/gcc/pic32mx/4.8.3/../../../../pic32mx/lib\libm.a(__strtod.o)
 .mdebug.abi32  0xa0003a28        0x0 c:/program files (x86)/microchip/xc32/v1.40/bin/bin/../../lib/gcc/pic32mx/4.8.3/../../../../pic32mx/lib\libm.a(__strtof.o)
 .mdebug.abi32  0xa0003a28        0x0 c:/program files (x86)/microchip/xc32/v1.40/bin/bin/../../lib/gcc/pic32mx/4.8.3/../../../../pic32mx/lib\libe.a(_ldexp.o)
 .mdebug.abi32  0xa0003a28        0x0 c:/program files (x86)/microchip/xc32/v1.40/bin/bin/../../lib/gcc/pic32mx/4.8.3/../../../../pic32mx/lib\libe.a(_ldexpf.o)
 .mdebug.abi32  0xa0003a28        0x0 c:/program files (x86)/microchip/xc32/v1.40/bin/bin/../../lib/gcc/pic32mx/4.8.3\libgcc.a(_lshrdi3.o)
 .mdebug.abi32  0xa0003a28        0x0 c:/program files (x86)/microchip/xc32/v1.40/bin/bin/../../lib/gcc/pic32mx/4.8.3\libgcc.a(_ashldi3.o)

.mdebug.abiN32
 *(.mdebug.abiN32)

.mdebug.abi64
 *(.mdebug.abi64)

.mdebug.abiO64
 *(.mdebug.abiO64)

.mdebug.eabi32
 *(.mdebug.eabi32)

.mdebug.eabi64
 *(.mdebug.eabi64)

.gcc_compiled_long32
 *(.gcc_compiled_long32)

.gcc_compiled_long64
 *(.gcc_compiled_long64)

.stab
 *(.stab)

.stabstr
 *(.stabstr)

.stab.excl
 *(.stab.excl)

.stab.exclstr
 *(.stab.exclstr)

.stab.index
 *(.stab.index)

.stab.indexstr
 *(.stab.indexstr)

.comment        0x00000000      0x31c
 *(.comment)
 .comment       0x00000000       0x3c c:/program files (x86)/microchip/xc32/v1.40/bin/bin/../../lib/gcc/pic32mx/4.8.3/../../../../pic32mx/lib\software-debug-break.o
                                 0x3d (size before relaxing)
 .comment       0x00000000       0x3d build/default/debug/_ext/93166211/Announce.o
 .comment       0x00000000       0x3d build/default/debug/_ext/93166211/ARCFOUR.o
 .comment       0x00000000       0x3d build/default/debug/_ext/93166211/ARP.o
 .comment       0x00000000       0x3d build/default/debug/_ext/93166211/AutoIP.o
 .comment       0x00000000       0x3d build/default/debug/_ext/93166211/BerkeleyAPI.o
 .comment       0x00000000       0x3d build/default/debug/_ext/93166211/BigInt.o
 .comment       0x00000000       0x3d build/default/debug/_ext/93166211/Delay.o
 .comment       0x00000000       0x3d build/default/debug/_ext/93166211/DNS.o
 .comment       0x00000000       0x3d build/default/debug/_ext/93166211/DNSs.o
 .comment       0x00000000       0x3d build/default/debug/_ext/93166211/DynDNS.o
 .comment       0x00000000       0x3d build/default/debug/_ext/93166211/FileSystem.o
 .comment       0x00000000       0x3d build/default/debug/_ext/93166211/FTP.o
 .comment       0x00000000       0x3d build/default/debug/_ext/93166211/Hashes.o
 .comment       0x00000000       0x3d build/default/debug/_ext/93166211/Helpers.o
 .comment       0x00000000       0x3d build/default/debug/_ext/93166211/HTTP2.o
 .comment       0x00000000       0x3d build/default/debug/_ext/93166211/ICMP.o
 .comment       0x00000000       0x3d build/default/debug/_ext/93166211/IP.o
 .comment       0x00000000       0x3d build/default/debug/_ext/93166211/LCDBlocking.o
 .comment       0x00000000       0x3d build/default/debug/_ext/93166211/MPFS2.o
 .comment       0x00000000       0x3d build/default/debug/_ext/93166211/NBNS.o
 .comment       0x00000000       0x3d build/default/debug/_ext/93166211/Random.o
 .comment       0x00000000       0x3d build/default/debug/_ext/93166211/Reboot.o
 .comment       0x00000000       0x3d build/default/debug/_ext/93166211/RSA.o
 .comment       0x00000000       0x3d build/default/debug/_ext/93166211/SMTP.o
 .comment       0x00000000       0x3d build/default/debug/_ext/93166211/SNMP.o
 .comment       0x00000000       0x3d build/default/debug/_ext/93166211/SNMPv3.o
 .comment       0x00000000       0x3d build/default/debug/_ext/93166211/SNMPv3USM.o
 .comment       0x00000000       0x3d build/default/debug/_ext/93166211/SNTP.o
 .comment       0x00000000       0x3d build/default/debug/_ext/93166211/SPIEEPROM.o
 .comment       0x00000000       0x3d build/default/debug/_ext/93166211/SPIFlash.o
 .comment       0x00000000       0x3d build/default/debug/_ext/93166211/SPIRAM.o
 .comment       0x00000000       0x3d build/default/debug/_ext/93166211/SSL.o
 .comment       0x00000000       0x3d build/default/debug/_ext/93166211/StackTsk.o
 .comment       0x00000000       0x3d build/default/debug/_ext/93166211/TCP.o
 .comment       0x00000000       0x3d build/default/debug/_ext/93166211/TCPPerformanceTest.o
 .comment       0x00000000       0x3d build/default/debug/_ext/93166211/Telnet.o
 .comment       0x00000000       0x3d build/default/debug/_ext/93166211/TFTPc.o
 .comment       0x00000000       0x3d build/default/debug/_ext/93166211/Tick.o
 .comment       0x00000000       0x3d build/default/debug/_ext/93166211/UART2TCPBridge.o
 .comment       0x00000000       0x3d build/default/debug/_ext/93166211/UDP.o
 .comment       0x00000000       0x3d build/default/debug/_ext/93166211/UDPPerformanceTest.o
 .comment       0x00000000       0x3d build/default/debug/_ext/93166211/ZeroconfHelper.o
 .comment       0x00000000       0x3d build/default/debug/_ext/93166211/ZeroconfLinkLocal.o
 .comment       0x00000000       0x3d build/default/debug/_ext/93166211/ZeroconfMulticastDNS.o
 .comment       0x00000000       0x3d build/default/debug/_ext/93166211/DHCP.o
 .comment       0x00000000       0x3d build/default/debug/_ext/93166211/DHCPs.o
 .comment       0x00000000       0x3d build/default/debug/_ext/388820833/WF_Eint.o
 .comment       0x00000000       0x3d build/default/debug/_ext/388820833/WF_pbkdf2.o
 .comment       0x00000000       0x3d build/default/debug/_ext/388820833/WFConnectionAlgorithm.o
 .comment       0x00000000       0x3d build/default/debug/_ext/388820833/WFConnectionManager.o
 .comment       0x00000000       0x3d build/default/debug/_ext/388820833/WFConnectionProfile.o
 .comment       0x00000000       0x3d build/default/debug/_ext/388820833/WFConsole.o
 .comment       0x00000000       0x3d build/default/debug/_ext/388820833/WFConsoleIfconfig.o
 .comment       0x00000000       0x3d build/default/debug/_ext/388820833/WFConsoleIwconfig.o
 .comment       0x00000000       0x3d build/default/debug/_ext/388820833/WFConsoleIwpriv.o
 .comment       0x00000000       0x3d build/default/debug/_ext/388820833/WFConsoleMsgHandler.o
 .comment       0x00000000       0x3d build/default/debug/_ext/388820833/WFConsoleMsgs.o
 .comment       0x00000000       0x3d build/default/debug/_ext/388820833/WFDataTxRx.o
 .comment       0x00000000       0x3d build/default/debug/_ext/388820833/WFDebugStrings.o
 .comment       0x00000000       0x3d build/default/debug/_ext/388820833/WFEasyConfig.o
 .comment       0x00000000       0x3d build/default/debug/_ext/388820833/WFEventHandler.o
 .comment       0x00000000       0x3d build/default/debug/_ext/388820833/WFInit.o
 .comment       0x00000000       0x3d build/default/debug/_ext/388820833/WFPowerSave.o
 .comment       0x00000000       0x3d build/default/debug/_ext/388820833/WFScan.o
 .comment       0x00000000       0x3d build/default/debug/_ext/388820833/WFTxPower.o
 .comment       0x00000000       0x3d build/default/debug/_ext/388820833/WF_Spi.o
 .comment       0x00000000       0x3d build/default/debug/_ext/388820833/WFDriverCom_24G.o
 .comment       0x00000000       0x3d build/default/debug/_ext/388820833/WFDriverRaw_24G.o
 .comment       0x00000000       0x3d build/default/debug/_ext/388820833/WFMac_24G.o
 .comment       0x00000000       0x3d build/default/debug/_ext/388820833/WFMgmtMsg_24G.o
 .comment       0x00000000       0x3d build/default/debug/_ext/388820833/WFParamMsg_24G.o
 .comment       0x00000000       0x3d build/default/debug/_ext/1472/Main.o
 .comment       0x00000000       0x3d build/default/debug/_ext/1472/CustomHTTPApp.o
 .comment       0x00000000       0x3d build/default/debug/_ext/1472/WF_Config.o
 .comment       0x00000000       0x3d build/default/debug/_ext/1472/WifiGDemoMPFSImg.o
 .comment       0x00000000       0x3d build/default/debug/_ext/1472/i2c_master.o
 .comment       0x00000000       0x3d build/default/debug/_ext/1472/OpenADRClient.o
 .comment       0x00000000       0x3d build/default/debug/_ext/1472/INTiMain.o
 .comment       0x00000000       0x3d build/default/debug/_ext/1472/UARTiMain.o
 .comment       0x00000000       0x3d build/default/debug/_ext/1472/TimeMonitor.o
 .comment       0x00000000       0x3d build/default/debug/_ext/1472/EPRI_UARTLayer.o
 .comment       0x00000000       0x3d build/default/debug/_ext/1472/app_UCM.o
 .comment       0x00000000       0x3d build/default/debug/_ext/1472/Assert.o
 .comment       0x00000000       0x3d build/default/debug/_ext/1472/EPRI_SPILayer.o
 .comment       0x00000000       0x3d build/default/debug/_ext/1472/MCI_Common.o
 .comment       0x00000000       0x3d build/default/debug/_ext/1472/LinkLayerMessaging.o
 .comment       0x00000000       0x3d build/default/debug/_ext/1472/BasicDR.o
 .comment       0x00000000       0x3d build/default/debug/_ext/1472/debugging.o
 .comment       0x00000000       0x3d c:/program files (x86)/microchip/xc32/v1.40/bin/bin/../../lib/gcc/pic32mx/4.8.3/../../../../pic32mx/lib\libmchp_peripheral_32MX575F256L.a(soft_reset_lib.o)
 .comment       0x00000000       0x3d c:/program files (x86)/microchip/xc32/v1.40/bin/bin/../../lib/gcc/pic32mx/4.8.3/../../../../pic32mx/lib\libmchp_peripheral_32MX575F256L.a(pcache.o)
 .comment       0x00000000       0x3d c:/program files (x86)/microchip/xc32/v1.40/bin/bin/../../lib/gcc/pic32mx/4.8.3/../../../../pic32mx/lib\libmchp_peripheral_32MX575F256L.a(int_disable_interrupts_lib.o)
 .comment       0x00000000       0x3d c:/program files (x86)/microchip/xc32/v1.40/bin/bin/../../lib/gcc/pic32mx/4.8.3/../../../../pic32mx/lib\libmchp_peripheral_32MX575F256L.a(int_restore_interrupts_lib.o)
 .comment       0x00000000       0x3d c:/program files (x86)/microchip/xc32/v1.40/bin/bin/../../lib/gcc/pic32mx/4.8.3/../../../../pic32mx/lib\libmchp_peripheral_32MX575F256L.a(int_enable_mv_int_lib.o)
 .comment       0x00000000       0x3d c:/program files (x86)/microchip/xc32/v1.40/bin/bin/../../lib/gcc/pic32mx/4.8.3/../../../../pic32mx/lib\libmchp_peripheral_32MX575F256L.a(int_tbl_lib.o)
 .comment       0x00000000       0x3d c:/program files (x86)/microchip/xc32/v1.40/bin/bin/../../lib/gcc/pic32mx/4.8.3/../../../../pic32mx/lib\libmchp_peripheral_32MX575F256L.a(uart_lib.o)
 .comment       0x00000000       0x3d c:/program files (x86)/microchip/xc32/v1.40/bin/bin/../../lib/gcc/pic32mx/4.8.3/../../../../pic32mx/lib\libmchp_peripheral_32MX575F256L.a(puts_uartx_lib_legacy.o)
 .comment       0x00000000       0x3d c:/program files (x86)/microchip/xc32/v1.40/bin/bin/../../lib/gcc/pic32mx/4.8.3/../../../../pic32mx/lib\libmchp_peripheral_32MX575F256L.a(idle_i2c2_lib_legacy.o)
 .comment       0x00000000       0x3d c:/program files (x86)/microchip/xc32/v1.40/bin/bin/../../lib/gcc/pic32mx/4.8.3/../../../../pic32mx/lib\libmchp_peripheral_32MX575F256L.a(I2CPrivate.o)
 .comment       0x00000000       0x3d c:/program files (x86)/microchip/xc32/v1.40/bin/bin/../../lib/gcc/pic32mx/4.8.3/../../../../pic32mx/lib\libmchp_peripheral_32MX575F256L.a(I2CBusIsIdle.o)
 .comment       0x00000000       0x3d c:/program files (x86)/microchip/xc32/v1.40/bin/bin/../../lib/gcc/pic32mx/4.8.3/../../../../pic32mx/lib\libmchp_peripheral_32MX575F256L.a(I2CByteWasAcknowledged.o)
 .comment       0x00000000       0x3d c:/program files (x86)/microchip/xc32/v1.40/bin/bin/../../lib/gcc/pic32mx/4.8.3/../../../../pic32mx/lib\libmchp_peripheral_32MX575F256L.a(I2CEnable.o)
 .comment       0x00000000       0x3d c:/program files (x86)/microchip/xc32/v1.40/bin/bin/../../lib/gcc/pic32mx/4.8.3/../../../../pic32mx/lib\libmchp_peripheral_32MX575F256L.a(I2CGetByte.o)
 .comment       0x00000000       0x3d c:/program files (x86)/microchip/xc32/v1.40/bin/bin/../../lib/gcc/pic32mx/4.8.3/../../../../pic32mx/lib\libmchp_peripheral_32MX575F256L.a(I2CGetStatus.o)
 .comment       0x00000000       0x3d c:/program files (x86)/microchip/xc32/v1.40/bin/bin/../../lib/gcc/pic32mx/4.8.3/../../../../pic32mx/lib\libmchp_peripheral_32MX575F256L.a(I2CReceivedDataIsAvailable.o)
 .comment       0x00000000       0x3d c:/program files (x86)/microchip/xc32/v1.40/bin/bin/../../lib/gcc/pic32mx/4.8.3/../../../../pic32mx/lib\libmchp_peripheral_32MX575F256L.a(I2CReceiverEnable.o)
 .comment       0x00000000       0x3d c:/program files (x86)/microchip/xc32/v1.40/bin/bin/../../lib/gcc/pic32mx/4.8.3/../../../../pic32mx/lib\libmchp_peripheral_32MX575F256L.a(I2CRepeatStart.o)
 .comment       0x00000000       0x3d c:/program files (x86)/microchip/xc32/v1.40/bin/bin/../../lib/gcc/pic32mx/4.8.3/../../../../pic32mx/lib\libmchp_peripheral_32MX575F256L.a(I2CSetFrequency.o)
 .comment       0x00000000       0x3d c:/program files (x86)/microchip/xc32/v1.40/bin/bin/../../lib/gcc/pic32mx/4.8.3/../../../../pic32mx/lib\libmchp_peripheral_32MX575F256L.a(I2CStart.o)
 .comment       0x00000000       0x3d c:/program files (x86)/microchip/xc32/v1.40/bin/bin/../../lib/gcc/pic32mx/4.8.3/../../../../pic32mx/lib\libmchp_peripheral_32MX575F256L.a(I2CStop.o)
 .comment       0x00000000       0x3d c:/program files (x86)/microchip/xc32/v1.40/bin/bin/../../lib/gcc/pic32mx/4.8.3/../../../../pic32mx/lib\libmchp_peripheral_32MX575F256L.a(I2CTransmissionHasCompleted.o)
 .comment       0x00000000       0x3d c:/program files (x86)/microchip/xc32/v1.40/bin/bin/../../lib/gcc/pic32mx/4.8.3/../../../../pic32mx/lib\libmchp_peripheral_32MX575F256L.a(I2CTransmitterIsReady.o)
 .comment       0x00000000       0x3d c:/program files (x86)/microchip/xc32/v1.40/bin/bin/../../lib/gcc/pic32mx/4.8.3/../../../../pic32mx/lib\libmchp_peripheral_32MX575F256L.a(int_enable_interrupts_lib.o)
 .comment       0x00000000       0x3d c:/program files (x86)/microchip/xc32/v1.40/bin/bin/../../lib/gcc/pic32mx/4.8.3\libgcc.a(_udivdi3.o)
 .comment       0x00000000       0x3d c:/program files (x86)/microchip/xc32/v1.40/bin/bin/../../lib/gcc/pic32mx/4.8.3\libgcc.a(_umoddi3.o)
 .comment       0x00000000       0x3d c:/program files (x86)/microchip/xc32/v1.40/bin/bin/../../lib/gcc/pic32mx/4.8.3\libgcc.a(floatunsisf.o)
 .comment       0x0000003c       0x18 c:/program files (x86)/microchip/xc32/v1.40/bin/bin/../../lib/gcc/pic32mx/4.8.3/../../../../pic32mx/lib\libpic32.a(memcmp.o)
                                 0x19 (size before relaxing)
 .comment       0x00000054       0x18 c:/program files (x86)/microchip/xc32/v1.40/bin/bin/../../lib/gcc/pic32mx/4.8.3/../../../../pic32mx/lib\libpic32.a(memset.o)
                                 0x19 (size before relaxing)
 .comment       0x0000006c       0x55 c:/program files (x86)/microchip/xc32/v1.40/bin/bin/../../lib/gcc/pic32mx/4.8.3/../../../../pic32mx/lib\libpic32.a(strcmp.o)
                                 0x56 (size before relaxing)
 .comment       0x000000c1       0x19 c:/program files (x86)/microchip/xc32/v1.40/bin/bin/../../lib/gcc/pic32mx/4.8.3/../../../../pic32mx/lib\libpic32.a(strcpy.o)
                                 0x1a (size before relaxing)
 .comment       0x000000da       0x19 c:/program files (x86)/microchip/xc32/v1.40/bin/bin/../../lib/gcc/pic32mx/4.8.3/../../../../pic32mx/lib\libpic32.a(strlen.o)
                                 0x1a (size before relaxing)
 .comment       0x00000000       0x3d c:/program files (x86)/microchip/xc32/v1.40/bin/bin/../../lib/gcc/pic32mx/4.8.3/../../../../pic32mx/lib\libpic32.a(default-bootstrap-exception-handler.o)
 .comment       0x00000000       0x3d c:/program files (x86)/microchip/xc32/v1.40/bin/bin/../../lib/gcc/pic32mx/4.8.3/../../../../pic32mx/lib\libpic32.a(default-on-reset.o)