Archive member included because of file (symbol)

c:/program files (x86)/microchip/xc32/v1.40/bin/bin/../../lib/gcc/pic32mx/4.8.3/../../../../pic32mx/lib\libmchp_peripheral_32MX575F256L.a(soft_reset_lib.o)
                              build/default/production/_ext/93166211/Reboot.o (SoftReset)
c:/program files (x86)/microchip/xc32/v1.40/bin/bin/../../lib/gcc/pic32mx/4.8.3/../../../../pic32mx/lib\libmchp_peripheral_32MX575F256L.a(pcache.o)
                              build/default/production/_ext/1472/Main.o (CheKseg0CacheOn)
c:/program files (x86)/microchip/xc32/v1.40/bin/bin/../../lib/gcc/pic32mx/4.8.3/../../../../pic32mx/lib\libmchp_peripheral_32MX575F256L.a(int_disable_interrupts_lib.o)
                              build/default/production/_ext/1472/Main.o (INTDisableInterrupts)
c:/program files (x86)/microchip/xc32/v1.40/bin/bin/../../lib/gcc/pic32mx/4.8.3/../../../../pic32mx/lib\libmchp_peripheral_32MX575F256L.a(int_restore_interrupts_lib.o)
                              build/default/production/_ext/1472/Main.o (INTRestoreInterrupts)
c:/program files (x86)/microchip/xc32/v1.40/bin/bin/../../lib/gcc/pic32mx/4.8.3/../../../../pic32mx/lib\libmchp_peripheral_32MX575F256L.a(int_enable_mv_int_lib.o)
                              build/default/production/_ext/1472/Main.o (INTEnableSystemMultiVectoredInt)
c:/program files (x86)/microchip/xc32/v1.40/bin/bin/../../lib/gcc/pic32mx/4.8.3/../../../../pic32mx/lib\libmchp_peripheral_32MX575F256L.a(int_tbl_lib.o)
                              build/default/production/_ext/1472/INTiMain.o (INTClearFlag)
c:/program files (x86)/microchip/xc32/v1.40/bin/bin/../../lib/gcc/pic32mx/4.8.3/../../../../pic32mx/lib\libmchp_peripheral_32MX575F256L.a(uart_lib.o)
                              build/default/production/_ext/1472/UARTiMain.o (uartReg)
c:/program files (x86)/microchip/xc32/v1.40/bin/bin/../../lib/gcc/pic32mx/4.8.3/../../../../pic32mx/lib\libmchp_peripheral_32MX575F256L.a(puts_uartx_lib_legacy.o)
                              build/default/production/_ext/93166211/ARP.o (putsUART1)
c:/program files (x86)/microchip/xc32/v1.40/bin/bin/../../lib/gcc/pic32mx/4.8.3/../../../../pic32mx/lib\libmchp_peripheral_32MX575F256L.a(idle_i2c2_lib_legacy.o)
                              build/default/production/_ext/1472/i2c_master.o (IdleI2C2)
c:/program files (x86)/microchip/xc32/v1.40/bin/bin/../../lib/gcc/pic32mx/4.8.3/../../../../pic32mx/lib\libmchp_peripheral_32MX575F256L.a(I2CPrivate.o)
                              build/default/production/_ext/1472/i2c_master.o (i2cBase)
c:/program files (x86)/microchip/xc32/v1.40/bin/bin/../../lib/gcc/pic32mx/4.8.3/../../../../pic32mx/lib\libmchp_peripheral_32MX575F256L.a(I2CBusIsIdle.o)
                              build/default/production/_ext/1472/i2c_master.o (I2CBusIsIdle)
c:/program files (x86)/microchip/xc32/v1.40/bin/bin/../../lib/gcc/pic32mx/4.8.3/../../../../pic32mx/lib\libmchp_peripheral_32MX575F256L.a(I2CByteWasAcknowledged.o)
                              build/default/production/_ext/1472/i2c_master.o (I2CByteWasAcknowledged)
c:/program files (x86)/microchip/xc32/v1.40/bin/bin/../../lib/gcc/pic32mx/4.8.3/../../../../pic32mx/lib\libmchp_peripheral_32MX575F256L.a(I2CEnable.o)
                              build/default/production/_ext/1472/i2c_master.o (I2CEnable)
c:/program files (x86)/microchip/xc32/v1.40/bin/bin/../../lib/gcc/pic32mx/4.8.3/../../../../pic32mx/lib\libmchp_peripheral_32MX575F256L.a(I2CGetByte.o)
                              build/default/production/_ext/1472/i2c_master.o (I2CGetByte)
c:/program files (x86)/microchip/xc32/v1.40/bin/bin/../../lib/gcc/pic32mx/4.8.3/../../../../pic32mx/lib\libmchp_peripheral_32MX575F256L.a(I2CGetStatus.o)
                              build/default/production/_ext/1472/i2c_master.o (I2CGetStatus)
c:/program files (x86)/microchip/xc32/v1.40/bin/bin/../../lib/gcc/pic32mx/4.8.3/../../../../pic32mx/lib\libmchp_peripheral_32MX575F256L.a(I2CReceivedDataIsAvailable.o)
                              build/default/production/_ext/1472/i2c_master.o (I2CReceivedDataIsAvailable)
c:/program files (x86)/microchip/xc32/v1.40/bin/bin/../../lib/gcc/pic32mx/4.8.3/../../../../pic32mx/lib\libmchp_peripheral_32MX575F256L.a(I2CReceiverEnable.o)
                              build/default/production/_ext/1472/i2c_master.o (I2CReceiverEnable)
c:/program files (x86)/microchip/xc32/v1.40/bin/bin/../../lib/gcc/pic32mx/4.8.3/../../../../pic32mx/lib\libmchp_peripheral_32MX575F256L.a(I2CRepeatStart.o)
                              build/default/production/_ext/1472/i2c_master.o (I2CRepeatStart)
c:/program files (x86)/microchip/xc32/v1.40/bin/bin/../../lib/gcc/pic32mx/4.8.3/../../../../pic32mx/lib\libmchp_peripheral_32MX575F256L.a(I2CSetFrequency.o)
                              build/default/production/_ext/1472/i2c_master.o (I2CSetFrequency)
c:/program files (x86)/microchip/xc32/v1.40/bin/bin/../../lib/gcc/pic32mx/4.8.3/../../../../pic32mx/lib\libmchp_peripheral_32MX575F256L.a(I2CStart.o)
[...]
Memory Configuration

Name             Origin             Length             Attributes
kseg0_program_mem 0x9d000000         0x00040000         xr
kseg0_boot_mem   0x9fc00490         0x00000970
exception_mem    0x9fc01000         0x00001000
kseg1_boot_mem   0xbfc00000         0x00000490
debug_exec_mem   0xbfc02000         0x00000ff0
config3          0xbfc02ff0         0x00000004
config2          0xbfc02ff4         0x00000004
config1          0xbfc02ff8         0x00000004
config0          0xbfc02ffc         0x00000004
kseg1_data_mem   0xa0000000         0x00010000         w !x
sfrs             0xbf800000         0x00100000
configsfrs       0xbfc02ff0         0x00000010
*default*        0x00000000         0xffffffff

Linker script and memory map

LOAD c:/program files (x86)/microchip/xc32/v1.40/bin/bin/../../lib/gcc/pic32mx/4.8.3/../../../../pic32mx/lib/./proc/32MX575F256L/crt0_mips32r2.o
LOAD c:/program files (x86)/microchip/xc32/v1.40/bin/bin/../../lib/gcc/pic32mx/4.8.3/../../../../pic32mx/lib\debug-exception-return.o
LOAD build/default/production/_ext/93166211/Announce.o
LOAD build/default/production/_ext/93166211/ARCFOUR.o
LOAD build/default/production/_ext/93166211/ARP.o
LOAD build/default/production/_ext/93166211/AutoIP.o
LOAD build/default/production/_ext/93166211/BerkeleyAPI.o
LOAD build/default/production/_ext/93166211/BigInt.o
LOAD build/default/production/_ext/93166211/BigInt_helper_PIC32.o
LOAD build/default/production/_ext/93166211/Delay.o
LOAD build/default/production/_ext/93166211/DNS.o
LOAD build/default/production/_ext/93166211/DNSs.o
LOAD build/default/production/_ext/93166211/DynDNS.o
LOAD build/default/production/_ext/93166211/FileSystem.o
LOAD build/default/production/_ext/93166211/FTP.o
LOAD build/default/production/_ext/93166211/Hashes.o
LOAD build/default/production/_ext/93166211/Helpers.o
LOAD build/default/production/_ext/93166211/HTTP2.o
LOAD build/default/production/_ext/93166211/ICMP.o
LOAD build/default/production/_ext/93166211/IP.o
LOAD build/default/production/_ext/93166211/LCDBlocking.o
LOAD build/default/production/_ext/93166211/MPFS2.o
LOAD build/default/production/_ext/93166211/NBNS.o
LOAD build/default/production/_ext/93166211/Random.o
LOAD build/default/production/_ext/93166211/Reboot.o
LOAD build/default/production/_ext/93166211/RSA.o
LOAD build/default/production/_ext/93166211/SMTP.o
LOAD build/default/production/_ext/93166211/SNMP.o
LOAD build/default/production/_ext/93166211/SNMPv3.o
LOAD build/default/production/_ext/93166211/SNMPv3USM.o
LOAD build/default/production/_ext/93166211/SNTP.o
LOAD build/default/production/_ext/93166211/SPIEEPROM.o
LOAD build/default/production/_ext/93166211/SPIFlash.o
LOAD build/default/production/_ext/93166211/SPIRAM.o
LOAD build/default/production/_ext/93166211/SSL.o
LOAD build/default/production/_ext/93166211/StackTsk.o
LOAD build/default/production/_ext/93166211/TCP.o
LOAD build/default/production/_ext/93166211/TCPPerformanceTest.o
LOAD build/default/production/_ext/93166211/Telnet.o
LOAD build/default/production/_ext/93166211/TFTPc.o
LOAD build/default/production/_ext/93166211/Tick.o
LOAD build/default/production/_ext/93166211/UART2TCPBridge.o
LOAD build/default/production/_ext/93166211/UDP.o
LOAD build/default/production/_ext/93166211/UDPPerformanceTest.o
LOAD build/default/production/_ext/93166211/ZeroconfHelper.o
LOAD build/default/production/_ext/93166211/ZeroconfLinkLocal.o
LOAD build/default/production/_ext/93166211/ZeroconfMulticastDNS.o
LOAD build/default/production/_ext/93166211/DHCP.o
LOAD build/default/production/_ext/93166211/DHCPs.o
LOAD build/default/production/_ext/388820833/WF_Eint.o
LOAD build/default/production/_ext/388820833/WF_pbkdf2.o
LOAD build/default/production/_ext/388820833/WFConnectionAlgorithm.o
LOAD build/default/production/_ext/388820833/WFConnectionManager.o
LOAD build/default/production/_ext/388820833/WFConnectionProfile.o
LOAD build/default/production/_ext/388820833/WFConsole.o
LOAD build/default/production/_ext/388820833/WFConsoleIfconfig.o
LOAD build/default/production/_ext/388820833/WFConsoleIwconfig.o
LOAD build/default/production/_ext/388820833/WFConsoleIwpriv.o
LOAD build/default/production/_ext/388820833/WFConsoleMsgHandler.o
LOAD build/default/production/_ext/388820833/WFConsoleMsgs.o
LOAD build/default/production/_ext/388820833/WFDataTxRx.o
LOAD build/default/production/_ext/388820833/WFDebugStrings.o
LOAD build/default/production/_ext/388820833/WFEasyConfig.o
LOAD build/default/production/_ext/388820833/WFEventHandler.o
LOAD build/default/production/_ext/388820833/WFInit.o
LOAD build/default/production/_ext/388820833/WFPowerSave.o
LOAD build/default/production/_ext/388820833/WFScan.o
LOAD build/default/production/_ext/388820833/WFTxPower.o
LOAD build/default/production/_ext/388820833/WF_Spi.o
LOAD build/default/production/_ext/388820833/WFDriverCom_24G.o
LOAD build/default/production/_ext/388820833/WFDriverRaw_24G.o
LOAD build/default/production/_ext/388820833/WFMac_24G.o
LOAD build/default/production/_ext/388820833/WFMgmtMsg_24G.o
LOAD build/default/production/_ext/388820833/WFParamMsg_24G.o
LOAD build/default/production/_ext/1472/Main.o
LOAD build/default/production/_ext/1472/CustomHTTPApp.o
LOAD build/default/production/_ext/1472/WF_Config.o
LOAD build/default/production/_ext/1472/WifiGDemoMPFSImg.o
LOAD build/default/production/_ext/1472/i2c_master.o
LOAD build/default/production/_ext/1472/OpenADRClient.o
LOAD build/default/production/_ext/1472/INTiMain.o
LOAD build/default/production/_ext/1472/UARTiMain.o
LOAD build/default/production/_ext/1472/TimeMonitor.o
LOAD build/default/production/_ext/1472/EPRI_UARTLayer.o
LOAD build/default/production/_ext/1472/app_UCM.o
LOAD build/default/production/_ext/1472/Assert.o
LOAD build/default/production/_ext/1472/EPRI_SPILayer.o
LOAD build/default/production/_ext/1472/MCI_Common.o
LOAD build/default/production/_ext/1472/LinkLayerMessaging.o
LOAD build/default/production/_ext/1472/BasicDR.o
LOAD build/default/production/_ext/1472/debugging.o
LOAD build/default/production/_ext/1472/RESTAPI.o
LOAD build/default/production/_ext/1472/DeviceInfo.o
                0x00000001                __MPLAB_BUILD = 0x1
LOAD c:/program files (x86)/microchip/xc32/v1.40/bin/bin/../../lib/gcc/pic32mx/4.8.3/../../../../pic32mx/lib/./proc/32MX575F256L\default_isr_vectors.o
LOAD c:/program files (x86)/microchip/xc32/v1.40/bin/bin/../../lib/gcc/pic32mx/4.8.3/../../../../pic32mx/lib\pic32_software_reset.o
                0x00000400                PROVIDE (_min_stack_size, 0x400)
LOAD c:/program files (x86)/microchip/xc32/v1.40/bin/bin/../../lib/gcc/pic32mx/4.8.3/../../../../pic32mx/lib/./proc/32MX575F256L\processor.o
START GROUP
LOAD c:/program files (x86)/microchip/xc32/v1.40/bin/bin/../../lib/gcc/pic32mx/4.8.3/../../../../pic32mx/lib\libmchp_peripheral.a
END GROUP
START GROUP
LOAD c:/program files (x86)/microchip/xc32/v1.40/bin/bin/../../lib/gcc/pic32mx/4.8.3/../../../../pic32mx/lib\libmchp_peripheral_32MX575F256L.a
END GROUP
                0x00000001                PROVIDE (_vector_spacing, 0x1)
                0x9fc01000                _ebase_address = 0x9fc01000
                0xbfc00000                _RESET_ADDR = 0xbfc00000
                0xbfc00380                _BEV_EXCPT_ADDR = 0xbfc00380
                0xbfc00480                _DBG_EXCPT_ADDR = 0xbfc00480
                0xbfc02000                _DBG_CODE_ADDR = 0xbfc02000
                0x00000ff0                _DBG_CODE_SIZE = 0xff0
                0x9fc01180                _GEN_EXCPT_ADDR = (_ebase_address + 0x180)

.config_BFC02FF0
 *(.config_BFC02FF0)

.config_BFC02FF4
                0xbfc02ff4        0x4
 *(.config_BFC02FF4)
 .config_BFC02FF4
                0xbfc02ff4        0x4 build/default/production/_ext/1472/Main.o

.config_BFC02FF8
                0xbfc02ff8        0x4
 *(.config_BFC02FF8)
 .config_BFC02FF8
                0xbfc02ff8        0x4 build/default/production/_ext/1472/Main.o

.config_BFC02FFC
                0xbfc02ffc        0x4
 *(.config_BFC02FFC)
 .config_BFC02FFC
                0xbfc02ffc        0x4 build/default/production/_ext/1472/Main.o
                0xbfc02000                PROVIDE (_DBG_CODE_ADDR, 0xbfc02000)
                0x00000ff0                PROVIDE (_DBG_CODE_SIZE, 0xff0)

.reset          0xbfc00000      0x1f4
 *(.reset)
 .reset         0xbfc00000        0x8 c:/program files (x86)/microchip/xc32/v1.40/bin/bin/../../lib/gcc/pic32mx/4.8.3/../../../../pic32mx/lib/./proc/32MX575F256L/crt0_mips32r2.o
                0xbfc00000                _reset
 *(.reset.startup)
 .reset.startup
                0xbfc00008      0x1ec c:/program files (x86)/microchip/xc32/v1.40/bin/bin/../../lib/gcc/pic32mx/4.8.3/../../../../pic32mx/lib/./proc/32MX575F256L/crt0_mips32r2.o

.bev_excpt      0xbfc00380       0x10
 *(.bev_handler)
 .bev_handler   0xbfc00380       0x10 c:/program files (x86)/microchip/xc32/v1.40/bin/bin/../../lib/gcc/pic32mx/4.8.3/../../../../pic32mx/lib/./proc/32MX575F256L/crt0_mips32r2.o

.dbg_excpt      0xbfc00480        0x0
                0xbfc00480                . = (. + DEFINED (_DEBUGGER)?0x8:0x0)

.dbg_code       0xbfc02000        0x0
                0xbfc02000                . = (. + DEFINED (_DEBUGGER)?_DBG_CODE_SIZE:0x0)

.app_excpt      0x9fc01180       0x10
 *(.gen_handler)
 .gen_handler   0x9fc01180       0x10 c:/program files (x86)/microchip/xc32/v1.40/bin/bin/../../lib/gcc/pic32mx/4.8.3/../../../../pic32mx/lib/./proc/32MX575F256L/crt0_mips32r2.o

.vector_0       0x9fc01200        0x8
 *(.vector_0)
 .vector_0      0x9fc01200        0x8 c:/program files (x86)/microchip/xc32/v1.40/bin/bin/../../lib/gcc/pic32mx/4.8.3/../../../../pic32mx/lib\libpic32.a(vector0.o)
                0x9fc01200                __vector_dispatch_0
                0x00000001                ASSERT (((_vector_spacing == 0x0) || (SIZEOF (.vector_0) <= (_vector_spacing << 0x5))), function at exception vector 0 too large)

.vector_1       0x9fc01220        0x8
 *(.vector_1)
 .vector_1      0x9fc01220        0x8 c:/program files (x86)/microchip/xc32/v1.40/bin/bin/../../lib/gcc/pic32mx/4.8.3/../../../../pic32mx/lib\libpic32.a(vector1.o)
                0x9fc01220                __vector_dispatch_1
                0x00000001                ASSERT (((_vector_spacing == 0x0) || (SIZEOF (.vector_1) <= (_vector_spacing << 0x5))), function at exception vector 1 too large)

.vector_2       0x9fc01240        0x8
 *(.vector_2)
 .vector_2      0x9fc01240        0x8 c:/program files (x86)/microchip/xc32/v1.40/bin/bin/../../lib/gcc/pic32mx/4.8.3/../../../../pic32mx/lib\libpic32.a(vector2.o)
                0x9fc01240                __vector_dispatch_2
                0x00000001                ASSERT (((_vector_spacing == 0x0) || (SIZEOF (.vector_2) <= (_vector_spacing << 0x5))), function at exception vector 2 too large)

.vector_3       0x9fc01260        0x8
 *(.vector_3)
 .vector_3      0x9fc01260        0x8 c:/program files (x86)/microchip/xc32/v1.40/bin/bin/../../lib/gcc/pic32mx/4.8.3/../../../../pic32mx/lib\libpic32.a(vector3.o)
                0x9fc01260                __vector_dispatch_3
                0x00000001                ASSERT (((_vector_spacing == 0x0) || (SIZEOF (.vector_3) <= (_vector_spacing << 0x5))), function at exception vector 3 too large)

.vector_4       0x9fc01280        0x8
 *(.vector_4)
 .vector_4      0x9fc01280        0x8 build/default/production/_ext/93166211/Tick.o
                0x9fc01280                __vector_dispatch_4
                0x00000001                ASSERT (((_vector_spacing == 0x0) || (SIZEOF (.vector_4) <= (_vector_spacing << 0x5))), function at exception vector 4 too large)

.vector_5       0x9fc012a0        0x8
 *(.vector_5)
 .vector_5      0x9fc012a0        0x8 c:/program files (x86)/microchip/xc32/v1.40/bin/bin/../../lib/gcc/pic32mx/4.8.3/../../../../pic32mx/lib\libpic32.a(vector5.o)
                0x9fc012a0                __vector_dispatch_5
                0x00000001                ASSERT (((_vector_spacing == 0x0) || (SIZEOF (.vector_5) <= (_vector_spacing << 0x5))), function at exception vector 5 too large)

.vector_6       0x9fc012c0        0x8
 *(.vector_6)
 .vector_6      0x9fc012c0        0x8 c:/program files (x86)/microchip/xc32/v1.40/bin/bin/../../lib/gcc/pic32mx/4.8.3/../../../../pic32mx/lib\libpic32.a(vector6.o)
                0x9fc012c0                __vector_dispatch_6
                0x00000001                ASSERT (((_vector_spacing == 0x0) || (SIZEOF (.vector_6) <= (_vector_spacing << 0x5))), function at exception vector 6 too large)

.vector_7       0x9fc012e0        0x8
 *(.vector_7)
 .vector_7      0x9fc012e0        0x8 c:/program files (x86)/microchip/xc32/v1.40/bin/bin/../../lib/gcc/pic32mx/4.8.3/../../../../pic32mx/lib\libpic32.a(vector7.o)
                0x9fc012e0                __vector_dispatch_7
                0x00000001                ASSERT (((_vector_spacing == 0x0) || (SIZEOF (.vector_7) <= (_vector_spacing << 0x5))), function at exception vector 7 too large)

.vector_8       0x9fc01300        0x8
 *(.vector_8)
 .vector_8      0x9fc01300        0x8 build/default/production/_ext/1472/TimeMonitor.o
                0x9fc01300                __vector_dispatch_8
                0x00000001                ASSERT (((_vector_spacing == 0x0) || (SIZEOF (.vector_8) <= (_vector_spacing << 0x5))), function at exception vector 8 too large)

.vector_9       0x9fc01320        0x8
 *(.vector_9)
 .vector_9      0x9fc01320        0x8 c:/program files (x86)/microchip/xc32/v1.40/bin/bin/../../lib/gcc/pic32mx/4.8.3/../../../../pic32mx/lib\libpic32.a(vector9.o)
                0x9fc01320                __vector_dispatch_9
                0x00000001                ASSERT (((_vector_spacing == 0x0) || (SIZEOF (.vector_9) <= (_vector_spacing << 0x5))), function at exception vector 9 too large)

.vector_10      0x9fc01340        0x8
 *(.vector_10)
 .vector_10     0x9fc01340        0x8 c:/program files (x86)/microchip/xc32/v1.40/bin/bin/../../lib/gcc/pic32mx/4.8.3/../../../../pic32mx/lib\libpic32.a(vector10.o)
                0x9fc01340                __vector_dispatch_10
                0x00000001                ASSERT (((_vector_spacing == 0x0) || (SIZEOF (.vector_10) <= (_vector_spacing << 0x5))), function at exception vector 10 too large)

.vector_11      0x9fc01360        0x8
 *(.vector_11)
 .vector_11     0x9fc01360        0x8 c:/program files (x86)/microchip/xc32/v1.40/bin/bin/../../lib/gcc/pic32mx/4.8.3/../../../../pic32mx/lib\libpic32.a(vector11.o)
                0x9fc01360                __vector_dispatch_11
                0x00000001                ASSERT (((_vector_spacing == 0x0) || (SIZEOF (.vector_11) <= (_vector_spacing << 0x5))), function at exception vector 11 too large)

.vector_12      0x9fc01380        0x8
 *(.vector_12)
 .vector_12     0x9fc01380        0x8 c:/program files (x86)/microchip/xc32/v1.40/bin/bin/../../lib/gcc/pic32mx/4.8.3/../../../../pic32mx/lib\libpic32.a(vector12.o)
                0x9fc01380                __vector_dispatch_12
                0x00000001                ASSERT (((_vector_spacing == 0x0) || (SIZEOF (.vector_12) <= (_vector_spacing << 0x5))), function at exception vector 12 too large)

.vector_13      0x9fc013a0        0x8
 *(.vector_13)
 .vector_13     0x9fc013a0        0x8 c:/program files (x86)/microchip/xc32/v1.40/bin/bin/../../lib/gcc/pic32mx/4.8.3/../../../../pic32mx/lib\libpic32.a(vector13.o)
                0x9fc013a0                __vector_dispatch_13
                0x00000001                ASSERT (((_vector_spacing == 0x0) || (SIZEOF (.vector_13) <= (_vector_spacing << 0x5))), function at exception vector 13 too large)

.vector_14      0x9fc013c0        0x8
 *(.vector_14)
 .vector_14     0x9fc013c0        0x8 c:/program files (x86)/microchip/xc32/v1.40/bin/bin/../../lib/gcc/pic32mx/4.8.3/../../../../pic32mx/lib\libpic32.a(vector14.o)
                0x9fc013c0                __vector_dispatch_14
                0x00000001                ASSERT (((_vector_spacing == 0x0) || (SIZEOF (.vector_14) <= (_vector_spacing << 0x5))), function at exception vector 14 too large)

.vector_15      0x9fc013e0        0x8
 *(.vector_15)
 .vector_15     0x9fc013e0        0x8 build/default/production/_ext/388820833/WF_Eint.o
                0x9fc013e0                __vector_dispatch_15
                0x00000001                ASSERT (((_vector_spacing == 0x0) || (SIZEOF (.vector_15) <= (_vector_spacing << 0x5))), function at exception vector 15 too large)

.vector_16      0x9fc01400        0x8
 *(.vector_16)
 .vector_16     0x9fc01400        0x8 c:/program files (x86)/microchip/xc32/v1.40/bin/bin/../../lib/gcc/pic32mx/4.8.3/../../../../pic32mx/lib\libpic32.a(vector16.o)
                0x9fc01400                __vector_dispatch_16
                0x00000001                ASSERT (((_vector_spacing == 0x0) || (SIZEOF (.vector_16) <= (_vector_spacing << 0x5))), function at exception vector 16 too large)

.vector_17      0x9fc01420        0x8
 *(.vector_17)
 .vector_17     0x9fc01420        0x8 c:/program files (x86)/microchip/xc32/v1.40/bin/bin/../../lib/gcc/pic32mx/4.8.3/../../../../pic32mx/lib\libpic32.a(vector17.o)
                0x9fc01420                __vector_dispatch_17
                0x00000001                ASSERT (((_vector_spacing == 0x0) || (SIZEOF (.vector_17) <= (_vector_spacing << 0x5))), function at exception vector 17 too large)

.vector_18      0x9fc01440        0x8
 *(.vector_18)
 .vector_18     0x9fc01440        0x8 c:/program files (x86)/microchip/xc32/v1.40/bin/bin/../../lib/gcc/pic32mx/4.8.3/../../../../pic32mx/lib\libpic32.a(vector18.o)
                0x9fc01440                __vector_dispatch_18
                0x00000001                ASSERT (((_vector_spacing == 0x0) || (SIZEOF (.vector_18) <= (_vector_spacing << 0x5))), function at exception vector 18 too large)

.vector_19      0x9fc01460        0x8
 *(.vector_19)
 .vector_19     0x9fc01460        0x8 c:/program files (x86)/microchip/xc32/v1.40/bin/bin/../../lib/gcc/pic32mx/4.8.3/../../../../pic32mx/lib\libpic32.a(vector19.o)
                0x9fc01460                __vector_dispatch_19
                0x00000001                ASSERT (((_vector_spacing == 0x0) || (SIZEOF (.vector_19) <= (_vector_spacing << 0x5))), function at exception vector 19 too large)

.vector_20      0x9fc01480        0x8
 *(.vector_20)
 .vector_20     0x9fc01480        0x8 c:/program files (x86)/microchip/xc32/v1.40/bin/bin/../../lib/gcc/pic32mx/4.8.3/../../../../pic32mx/lib\libpic32.a(vector20.o)
                0x9fc01480                __vector_dispatch_20
                0x00000001                ASSERT (((_vector_spacing == 0x0) || (SIZEOF (.vector_20) <= (_vector_spacing << 0x5))), function at exception vector 20 too large)

.vector_21      0x9fc014a0        0x8
 *(.vector_21)
 .vector_21     0x9fc014a0        0x8 c:/program files (x86)/microchip/xc32/v1.40/bin/bin/../../lib/gcc/pic32mx/4.8.3/../../../../pic32mx/lib\libpic32.a(vector21.o)
                0x9fc014a0                __vector_dispatch_21
                0x00000001                ASSERT (((_vector_spacing == 0x0) || (SIZEOF (.vector_21) <= (_vector_spacing << 0x5))), function at exception vector 21 too large)

.vector_22      0x9fc014c0        0x8
 *(.vector_22)
 .vector_22     0x9fc014c0        0x8 c:/program files (x86)/microchip/xc32/v1.40/bin/bin/../../lib/gcc/pic32mx/4.8.3/../../../../pic32mx/lib\libpic32.a(vector22.o)
                0x9fc014c0                __vector_dispatch_22
                0x00000001                ASSERT (((_vector_spacing == 0x0) || (SIZEOF (.vector_22) <= (_vector_spacing << 0x5))), function at exception vector 22 too large)

.vector_23      0x9fc014e0        0x8
 *(.vector_23)
 .vector_23     0x9fc014e0        0x8 c:/program files (x86)/microchip/xc32/v1.40/bin/bin/../../lib/gcc/pic32mx/4.8.3/../../../../pic32mx/lib\libpic32.a(vector23.o)
                0x9fc014e0                __vector_dispatch_23
                0x00000001                ASSERT (((_vector_spacing == 0x0) || (SIZEOF (.vector_23) <= (_vector_spacing << 0x5))), function at exception vector 23 too large)

.vector_24      0x9fc01500        0x8
 *(.vector_24)
 .vector_24     0x9fc01500        0x8 build/default/production/_ext/1472/INTiMain.o
                0x9fc01500                __vector_dispatch_24
                0x00000001                ASSERT (((_vector_spacing == 0x0) || (SIZEOF (.vector_24) <= (_vector_spacing << 0x5))), function at exception vector 24 too large)

.vector_25      0x9fc01520        0x8
 *(.vector_25)
 .vector_25     0x9fc01520        0x8 c:/program files (x86)/microchip/xc32/v1.40/bin/bin/../../lib/gcc/pic32mx/4.8.3/../../../../pic32mx/lib\libpic32.a(vector25.o)
                0x9fc01520                __vector_dispatch_25
                0x00000001                ASSERT (((_vector_spacing == 0x0) || (SIZEOF (.vector_25) <= (_vector_spacing << 0x5))), function at exception vector 25 too large)

.vector_26      0x9fc01540        0x8
 *(.vector_26)
 .vector_26     0x9fc01540        0x8 c:/program files (x86)/microchip/xc32/v1.40/bin/bin/../../lib/gcc/pic32mx/4.8.3/../../../../pic32mx/lib\libpic32.a(vector26.o)
                0x9fc01540                __vector_dispatch_26
                0x00000001                ASSERT (((_vector_spacing == 0x0) || (SIZEOF (.vector_26) <= (_vector_spacing << 0x5))), function at exception vector 26 too large)

.vector_27      0x9fc01560        0x8
 *(.vector_27)
 .vector_27     0x9fc01560        0x8 c:/program files (x86)/microchip/xc32/v1.40/bin/bin/../../lib/gcc/pic32mx/4.8.3/../../../../pic32mx/lib\libpic32.a(vector27.o)
                0x9fc01560                __vector_dispatch_27
                0x00000001                ASSERT (((_vector_spacing == 0x0) || (SIZEOF (.vector_27) <= (_vector_spacing << 0x5))), function at exception vector 27 too large)

.vector_28      0x9fc01580        0x8
 *(.vector_28)
 .vector_28     0x9fc01580        0x8 c:/program files (x86)/microchip/xc32/v1.40/bin/bin/../../lib/gcc/pic32mx/4.8.3/../../../../pic32mx/lib\libpic32.a(vector28.o)
                0x9fc01580                __vector_dispatch_28
                0x00000001                ASSERT (((_vector_spacing == 0x0) || (SIZEOF (.vector_28) <= (_vector_spacing << 0x5))), function at exception vector 28 too large)

.vector_29      0x9fc015a0        0x8
 *(.vector_29)
 .vector_29     0x9fc015a0        0x8 c:/program files (x86)/microchip/xc32/v1.40/bin/bin/../../lib/gcc/pic32mx/4.8.3/../../../../pic32mx/lib\libpic32.a(vector29.o)
                0x9fc015a0                __vector_dispatch_29
                0x00000001                ASSERT (((_vector_spacing == 0x0) || (SIZEOF (.vector_29) <= (_vector_spacing << 0x5))), function at exception vector 29 too large)

.vector_30      0x9fc015c0        0x8
 *(.vector_30)
 .vector_30     0x9fc015c0        0x8 c:/program files (x86)/microchip/xc32/v1.40/bin/bin/../../lib/gcc/pic32mx/4.8.3/../../../../pic32mx/lib\libpic32.a(vector30.o)
                0x9fc015c0                __vector_dispatch_30
                0x00000001                ASSERT (((_vector_spacing == 0x0) || (SIZEOF (.vector_30) <= (_vector_spacing << 0x5))), function at exception vector 30 too large)

.vector_31      0x9fc015e0        0x8
 *(.vector_31)
 .vector_31     0x9fc015e0        0x8 c:/program files (x86)/microchip/xc32/v1.40/bin/bin/../../lib/gcc/pic32mx/4.8.3/../../../../pic32mx/lib\libpic32.a(vector31.o)
                0x9fc015e0                __vector_dispatch_31
                0x00000001                ASSERT (((_vector_spacing == 0x0) || (SIZEOF (.vector_31) <= (_vector_spacing << 0x5))), function at exception vector 31 too large)

.vector_32      0x9fc01600        0x8
 *(.vector_32)
 .vector_32     0x9fc01600        0x8 build/default/production/_ext/1472/INTiMain.o
                0x9fc01600                __vector_dispatch_32
                0x00000001                ASSERT (((_vector_spacing == 0x0) || (SIZEOF (.vector_32) <= (_vector_spacing << 0x5))), function at exception vector 32 too large)

.vector_33      0x9fc01620        0x8
 *(.vector_33)
 .vector_33     0x9fc01620        0x8 c:/program files (x86)/microchip/xc32/v1.40/bin/bin/../../lib/gcc/pic32mx/4.8.3/../../../../pic32mx/lib\libpic32.a(vector33.o)
                0x9fc01620                __vector_dispatch_33
                0x00000001                ASSERT (((_vector_spacing == 0x0) || (SIZEOF (.vector_33) <= (_vector_spacing << 0x5))), function at exception vector 33 too large)

.vector_34      0x9fc01640        0x8
 *(.vector_34)
 .vector_34     0x9fc01640        0x8 c:/program files (x86)/microchip/xc32/v1.40/bin/bin/../../lib/gcc/pic32mx/4.8.3/../../../../pic32mx/lib\libpic32.a(vector34.o)
                0x9fc01640                __vector_dispatch_34
                0x00000001                ASSERT (((_vector_spacing == 0x0) || (SIZEOF (.vector_34) <= (_vector_spacing << 0x5))), function at exception vector 34 too large)

.vector_35      0x9fc01660        0x8
 *(.vector_35)
 .vector_35     0x9fc01660        0x8 c:/program files (x86)/microchip/xc32/v1.40/bin/bin/../../lib/gcc/pic32mx/4.8.3/../../../../pic32mx/lib\libpic32.a(vector35.o)
                0x9fc01660                __vector_dispatch_35
                0x00000001                ASSERT (((_vector_spacing == 0x0) || (SIZEOF (.vector_35) <= (_vector_spacing << 0x5))), function at exception vector 35 too large)

.vector_36      0x9fc01680        0x8
 *(.vector_36)
 .vector_36     0x9fc01680        0x8 c:/program files (x86)/microchip/xc32/v1.40/bin/bin/../../lib/gcc/pic32mx/4.8.3/../../../../pic32mx/lib\libpic32.a(vector36.o)
                0x9fc01680                __vector_dispatch_36
                0x00000001                ASSERT (((_vector_spacing == 0x0) || (SIZEOF (.vector_36) <= (_vector_spacing << 0x5))), function at exception vector 36 too large)

.vector_37      0x9fc016a0        0x8
 *(.vector_37)
 .vector_37     0x9fc016a0        0x8 c:/program files (x86)/microchip/xc32/v1.40/bin/bin/../../lib/gcc/pic32mx/4.8.3/../../../../pic32mx/lib\libpic32.a(vector37.o)
                0x9fc016a0                __vector_dispatch_37
                0x00000001                ASSERT (((_vector_spacing == 0x0) || (SIZEOF (.vector_37) <= (_vector_spacing << 0x5))), function at exception vector 37 too large)

.vector_38      0x9fc016c0        0x8
 *(.vector_38)
 .vector_38     0x9fc016c0        0x8 c:/program files (x86)/microchip/xc32/v1.40/bin/bin/../../lib/gcc/pic32mx/4.8.3/../../../../pic32mx/lib\libpic32.a(vector38.o)
                0x9fc016c0                __vector_dispatch_38
                0x00000001                ASSERT (((_vector_spacing == 0x0) || (SIZEOF (.vector_38) <= (_vector_spacing << 0x5))), function at exception vector 38 too large)

.vector_39      0x9fc016e0        0x8
 *(.vector_39)
 .vector_39     0x9fc016e0        0x8 c:/program files (x86)/microchip/xc32/v1.40/bin/bin/../../lib/gcc/pic32mx/4.8.3/../../../../pic32mx/lib\libpic32.a(vector39.o)
                0x9fc016e0                __vector_dispatch_39
                0x00000001                ASSERT (((_vector_spacing == 0x0) || (SIZEOF (.vector_39) <= (_vector_spacing << 0x5))), function at exception vector 39 too large)

.vector_40      0x9fc01700        0x8
 *(.vector_40)
 .vector_40     0x9fc01700        0x8 c:/program files (x86)/microchip/xc32/v1.40/bin/bin/../../lib/gcc/pic32mx/4.8.3/../../../../pic32mx/lib\libpic32.a(vector40.o)
                0x9fc01700                __vector_dispatch_40
                0x00000001                ASSERT (((_vector_spacing == 0x0) || (SIZEOF (.vector_40) <= (_vector_spacing << 0x5))), function at exception vector 40 too large)

.vector_41      0x9fc01720        0x8
 *(.vector_41)
 .vector_41     0x9fc01720        0x8 c:/program files (x86)/microchip/xc32/v1.40/bin/bin/../../lib/gcc/pic32mx/4.8.3/../../../../pic32mx/lib\libpic32.a(vector41.o)
                0x9fc01720                __vector_dispatch_41
                0x00000001                ASSERT (((_vector_spacing == 0x0) || (SIZEOF (.vector_41) <= (_vector_spacing << 0x5))), function at exception vector 41 too large)

.vector_42      0x9fc01740        0x8
 *(.vector_42)
 .vector_42     0x9fc01740        0x8 c:/program files (x86)/microchip/xc32/v1.40/bin/bin/../../lib/gcc/pic32mx/4.8.3/../../../../pic32mx/lib\libpic32.a(vector42.o)
                0x9fc01740                __vector_dispatch_42
                0x00000001                ASSERT (((_vector_spacing == 0x0) || (SIZEOF (.vector_42) <= (_vector_spacing << 0x5))), function at exception vector 42 too large)

.vector_43      0x9fc01760        0x8
 *(.vector_43)
 .vector_43     0x9fc01760        0x8 c:/program files (x86)/microchip/xc32/v1.40/bin/bin/../../lib/gcc/pic32mx/4.8.3/../../../../pic32mx/lib\libpic32.a(vector43.o)
                0x9fc01760                __vector_dispatch_43
                0x00000001                ASSERT (((_vector_spacing == 0x0) || (SIZEOF (.vector_43) <= (_vector_spacing << 0x5))), function at exception vector 43 too large)

.vector_44      0x9fc01780        0x8
 *(.vector_44)
 .vector_44     0x9fc01780        0x8 c:/program files (x86)/microchip/xc32/v1.40/bin/bin/../../lib/gcc/pic32mx/4.8.3/../../../../pic32mx/lib\libpic32.a(vector44.o)
                0x9fc01780                __vector_dispatch_44
                0x00000001                ASSERT (((_vector_spacing == 0x0) || (SIZEOF (.vector_44) <= (_vector_spacing << 0x5))), function at exception vector 44 too large)

.vector_45      0x9fc017a0        0x8
 *(.vector_45)
 .vector_45     0x9fc017a0        0x8 c:/program files (x86)/microchip/xc32/v1.40/bin/bin/../../lib/gcc/pic32mx/4.8.3/../../../../pic32mx/lib\libpic32.a(vector45.o)
                0x9fc017a0                __vector_dispatch_45
                0x00000001                ASSERT (((_vector_spacing == 0x0) || (SIZEOF (.vector_45) <= (_vector_spacing << 0x5))), function at exception vector 45 too large)

.vector_46      0x9fc017c0        0x8
 *(.vector_46)
 .vector_46     0x9fc017c0        0x8 c:/program files (x86)/microchip/xc32/v1.40/bin/bin/../../lib/gcc/pic32mx/4.8.3/../../../../pic32mx/lib\libpic32.a(vector46.o)
                0x9fc017c0                __vector_dispatch_46
                0x00000001                ASSERT (((_vector_spacing == 0x0) || (SIZEOF (.vector_46) <= (_vector_spacing << 0x5))), function at exception vector 46 too large)

.vector_47      0x9fc017e0        0x8
 *(.vector_47)
 .vector_47     0x9fc017e0        0x8 c:/program files (x86)/microchip/xc32/v1.40/bin/bin/../../lib/gcc/pic32mx/4.8.3/../../../../pic32mx/lib\libpic32.a(vector47.o)
                0x9fc017e0                __vector_dispatch_47
                0x00000001                ASSERT (((_vector_spacing == 0x0) || (SIZEOF (.vector_47) <= (_vector_spacing << 0x5))), function at exception vector 47 too large)

.vector_48      0x9fc01800        0x8
 *(.vector_48)
 .vector_48     0x9fc01800        0x8 c:/program files (x86)/microchip/xc32/v1.40/bin/bin/../../lib/gcc/pic32mx/4.8.3/../../../../pic32mx/lib\libpic32.a(vector48.o)
                0x9fc01800                __vector_dispatch_48
                0x00000001                ASSERT (((_vector_spacing == 0x0) || (SIZEOF (.vector_48) <= (_vector_spacing << 0x5))), function at exception vector 48 too large)

.vector_49      0x9fc01820        0x8
 *(.vector_49)
 .vector_49     0x9fc01820        0x8 c:/program files (x86)/microchip/xc32/v1.40/bin/bin/../../lib/gcc/pic32mx/4.8.3/../../../../pic32mx/lib\libpic32.a(vector49.o)
                0x9fc01820                __vector_dispatch_49
                0x00000001                ASSERT (((_vector_spacing == 0x0) || (SIZEOF (.vector_49) <= (_vector_spacing << 0x5))), function at exception vector 49 too large)

.vector_50      0x9fc01840        0x8
 *(.vector_50)
 .vector_50     0x9fc01840        0x8 c:/program files (x86)/microchip/xc32/v1.40/bin/bin/../../lib/gcc/pic32mx/4.8.3/../../../../pic32mx/lib\libpic32.a(vector50.o)
                0x9fc01840                __vector_dispatch_50
                0x00000001                ASSERT (((_vector_spacing == 0x0) || (SIZEOF (.vector_50) <= (_vector_spacing << 0x5))), function at exception vector 50 too large)

.vector_51      0x9fc01860        0x8
 *(.vector_51)
 .vector_51     0x9fc01860        0x8 c:/program files (x86)/microchip/xc32/v1.40/bin/bin/../../lib/gcc/pic32mx/4.8.3/../../../../pic32mx/lib\libpic32.a(vector51.o)
                0x9fc01860                __vector_dispatch_51
                0x00000001                ASSERT (((_vector_spacing == 0x0) || (SIZEOF (.vector_51) <= (_vector_spacing << 0x5))), function at exception vector 51 too large)

.vector_52      0x9fc01880        0x0
 *(.vector_52)
                0x00000001                ASSERT (((_vector_spacing == 0x0) || (SIZEOF (.vector_52) <= (_vector_spacing << 0x5))), function at exception vector 52 too large)

.vector_53      0x9fc018a0        0x0
 *(.vector_53)
                0x00000001                ASSERT (((_vector_spacing == 0x0) || (SIZEOF (.vector_53) <= (_vector_spacing << 0x5))), function at exception vector 53 too large)

.vector_54      0x9fc018c0        0x0
 *(.vector_54)
                0x00000001                ASSERT (((_vector_spacing == 0x0) || (SIZEOF (.vector_54) <= (_vector_spacing << 0x5))), function at exception vector 54 too large)

.vector_55      0x9fc018e0        0x0
 *(.vector_55)
                0x00000001                ASSERT (((_vector_spacing == 0x0) || (SIZEOF (.vector_55) <= (_vector_spacing << 0x5))), function at exception vector 55 too large)

.vector_56      0x9fc01900        0x0
 *(.vector_56)
                0x00000001                ASSERT (((_vector_spacing == 0x0) || (SIZEOF (.vector_56) <= (_vector_spacing << 0x5))), function at exception vector 56 too large)

.vector_57      0x9fc01920        0x0
 *(.vector_57)
                0x00000001                ASSERT (((_vector_spacing == 0x0) || (SIZEOF (.vector_57) <= (_vector_spacing << 0x5))), function at exception vector 57 too large)

.vector_58      0x9fc01940        0x0
 *(.vector_58)
                0x00000001                ASSERT (((_vector_spacing == 0x0) || (SIZEOF (.vector_58) <= (_vector_spacing << 0x5))), function at exception vector 58 too large)

.vector_59      0x9fc01960        0x0
 *(.vector_59)
                0x00000001                ASSERT (((_vector_spacing == 0x0) || (SIZEOF (.vector_59) <= (_vector_spacing << 0x5))), function at exception vector 59 too large)

.vector_60      0x9fc01980        0x0
 *(.vector_60)
                0x00000001                ASSERT (((_vector_spacing == 0x0) || (SIZEOF (.vector_60) <= (_vector_spacing << 0x5))), function at exception vector 60 too large)

.vector_61      0x9fc019a0        0x0
 *(.vector_61)
                0x00000001                ASSERT (((_vector_spacing == 0x0) || (SIZEOF (.vector_61) <= (_vector_spacing << 0x5))), function at exception vector 61 too large)

.vector_62      0x9fc019c0        0x0
 *(.vector_62)
                0x00000001                ASSERT (((_vector_spacing == 0x0) || (SIZEOF (.vector_62) <= (_vector_spacing << 0x5))), function at exception vector 62 too large)

.vector_63      0x9fc019e0        0x0
 *(.vector_63)
                0x00000001                ASSERT (((_vector_spacing == 0x0) || (SIZEOF (.vector_63) <= (_vector_spacing << 0x5))), function at exception vector 63 too large)

.startup
 *(.startup)

.text           0x9d000000        0x0
 *(.stub .gnu.linkonce.t.*)
 *(.text.*personality*)
 *(.mips16.fn.*)
 *(.mips16.call.*)
 *(.gnu.warning)
                0x9d000000                . = ALIGN (0x4)

.init           0x9d000000        0x0
 *crti.o(.init)
 *crtbegin.o(.init)
 *(EXCLUDE_FILE(*crtn.o *crtend?.o *crtend.o) .init)
 *crtend.o(.init)
 *crtn.o(.init)
                0x9d000000                . = ALIGN (0x4)

.fini           0x9d000000        0x0
 *(.fini)
                0x9d000000                . = ALIGN (0x4)

.preinit_array  0x9d000000        0x0
                0x9d000000                PROVIDE (__preinit_array_start, .)
 *(.preinit_array)
                0x9d000000                PROVIDE (__preinit_array_end, .)
                0x9d000000                . = ALIGN (0x4)

.init_array     0x9d000000        0x0
                0x9d000000                PROVIDE (__init_array_start, .)
 *(SORT(.init_array.*))
 *(.init_array)
                0x9d000000                PROVIDE (__init_array_end, .)
                0x9d000000                . = ALIGN (0x4)

.fini_array     0x9d000000        0x0
                0x9d000000                PROVIDE (__fini_array_start, .)
 *(SORT(.fini_array.*))
 *(.fini_array)
                0x9d000000                PROVIDE (__fini_array_end, .)
                0x9d000000                . = ALIGN (0x4)

.ctors          0x9d000000        0x0
 *crtbegin.o(.ctors)
 *crtbegin?.o(.ctors)
 *(EXCLUDE_FILE(*crtend?.o *crtend.o) .ctors)
 *(SORT(.ctors.*))
 *(.ctors)
                0x9d000000                . = ALIGN (0x4)

.dtors          0x9d000000        0x0
 *crtbegin.o(.dtors)
 *crtbegin?.o(.dtors)
 *(EXCLUDE_FILE(*crtend?.o *crtend.o) .dtors)
 *(SORT(.dtors.*))
 *(.dtors)
                0x9d000000                . = ALIGN (0x4)

.rodata         0x9d000000        0x0
 *(.gnu.linkonce.r.*)
 *(.rodata1)
                0x9d000000                . = ALIGN (0x4)

.sdata2         0x9fc00490        0x0
 *(.sdata2 .sdata2.* .gnu.linkonce.s2.*)
                0x9fc00490                . = ALIGN (0x4)

.sbss2          0x9fc00490        0x0
 *(.sbss2 .sbss2.* .gnu.linkonce.sb2.*)
                0x9fc00490                . = ALIGN (0x4)

.eh_frame_hdr
 *(.eh_frame_hdr)
                0x9fc00490                . = ALIGN (0x4)

.eh_frame
 *(.eh_frame)
                0x9fc00490                . = ALIGN (0x4)

.gcc_except_table
 *(.gcc_except_table .gcc_except_table.*)
                0x9fc00490                . = ALIGN (0x4)

.dbg_data       0xa0000000        0x0
                0xa0000000                . = (. + DEFINED (_DEBUGGER)?0x200:0x0)

.jcr            0xa0000000        0x0
 *(.jcr)
                0xa0000000                . = ALIGN (0x4)

.eh_frame
 *(.eh_frame)
                0xa0000000                . = ALIGN (0x4)

.gcc_except_table
 *(.gcc_except_table .gcc_except_table.*)
                0xa0000000                . = ALIGN (0x4)

.persist        0xa0000000        0x0
                0xa0000000                _persist_begin = .
 *(.persist .persist.*)
 *(.pbss .pbss.*)
                0xa0000000                . = ALIGN (0x4)
                0xa0000000                _persist_end = .

.data           0xa0000000        0x0
 *(.gnu.linkonce.d.*)
 *(.data1)
                0xa0000000                . = ALIGN (0x4)
                0xa0000000                . = .
                0xa0007ff0                _gp = (ALIGN (0x10) + 0x7ff0)

.got            0xa0000000        0x0
 *(.got.plt)
 *(.got)
                0xa0000000                . = ALIGN (0x4)

.sdata          0xa0000000      0x1dc
                0xa0000000                _sdata_begin = .
 *(.sdata .sdata.* .gnu.linkonce.s.*)
 .sdata         0xa0000000        0x8 build/default/production/_ext/93166211/DNS.o
 .sdata         0xa0000008        0x1 build/default/production/_ext/93166211/DNSs.o
 *fill*         0xa0000009        0x3 
 .sdata         0xa000000c        0x4 build/default/production/_ext/93166211/Helpers.o
 .sdata         0xa0000010        0x1 build/default/production/_ext/93166211/Reboot.o
 .sdata         0xa0000011        0x2 build/default/production/_ext/93166211/TCP.o
 .sdata         0xa0000013        0x2 build/default/production/_ext/93166211/UDP.o
 .sdata         0xa0000015        0x1 build/default/production/_ext/93166211/ZeroconfHelper.o
                0xa0000015                zeroconf_dbg_level
 *fill*         0xa0000016        0x2 
 .sdata         0xa0000018        0x8 build/default/production/_ext/93166211/ZeroconfLinkLocal.o
 .sdata         0xa0000020        0x8 build/default/production/_ext/93166211/ZeroconfMulticastDNS.o
                0xa0000020                CONST_STR_local
                0xa0000024                mDNS_socket
 .sdata         0xa0000028        0xc build/default/production/_ext/93166211/DHCPs.o
                0xa000002c                bDHCPServerEnabled
 .sdata         0xa0000034        0x1 build/default/production/_ext/388820833/WFConnectionAlgorithm.o
 .sdata         0xa0000035        0x1 build/default/production/_ext/388820833/WFPowerSave.o
 .sdata         0xa0000036        0x1 build/default/production/_ext/1472/Main.o
                0xa0000036                g_prescan_waiting
 *fill*         0xa0000037        0x1 
 .sdata         0xa0000038        0x4 build/default/production/_ext/1472/CustomHTTPApp.o
 .sdata         0xa000003c       0xa8 build/default/production/_ext/1472/OpenADRClient.o
                0xa000003c                strAvailabilityStatus
                0xa0000044                ServerPort
                0xa0000048                AvgPrice
                0xa000004c                LowPrice
                0xa0000050                HighPrice
                0xa0000054                SpecialPrice
                0xa0000058                SmartClient
                0xa000005c                PollRate
                0xa0000094                operationModeScheduleText
                0xa0000098                eventStatusText
                0xa000009c                operationModeValueText
                0xa00000a0                eventStateIDText
                0xa00000a4                eventIdentifierText
                0xa00000a8                eventModNumberText
                0xa00000ac                programNameText
                0xa00000b0                currentTimeText
                0xa00000b4                drEventDataText
                0xa00000b8                noteTimeText
                0xa00000bc                startTimeText
                0xa00000c0                endTimeText
                0xa00000c4                PriceAbsoluteText
                0xa00000c8                LoadAmountText
                0xa00000cc                PriceMultipleText
                0xa00000d0                eventIIText
                0xa00000d4                valueText
                0xa00000d8                timeOffsetText
                0xa00000dc                modeTimeSlotText
                0xa00000e0                hrefText
 .sdata         0xa00000e4        0x4 build/default/production/_ext/1472/TimeMonitor.o
                0xa00000e4                tmMillisecondsPerTick
 .sdata         0xa00000e8        0x8 build/default/production/_ext/1472/app_UCM.o
                0xa00000e8                active_flag
                0xa00000ec                spi_timeout
 .sdata         0xa00000f0       0xac build/default/production/_ext/1472/MCI_Common.o
                0xa00000f0                TimeSyncMsg
                0xa00000f8                ShedCommand
                0xa0000100                EndShedCommand
                0xa0000108                RequestPowerLevel
                0xa0000110                PresentRelativePrice
                0xa0000118                NextPeriodRelativePrice
                0xa0000120                TimeRemainingInPresentPricePeriod
                0xa0000128                CriticalPeakEvent
                0xa0000130                GridEmergency
                0xa0000138                QueryOpState
                0xa0000140                PresentRelPrice
                0xa0000148                OutsideCommGood
                0xa0000150                OutsideCommLost
                0xa0000158                LoadUp
                0xa0000160                TimeSync
                0xa0000168                GetEnergyPrice
                0xa0000170                GetCommodityReadGeneral
                0xa0000178                GetTemperatureOffset
                0xa0000180                GetSetPoint
                0xa0000188                InfoRequest
                0xa0000190                codeByte
                0xa0000194                dl_ack
                0xa0000198                dl_nak
 .sdata         0xa000019c       0x38 build/default/production/_ext/1472/LinkLayerMessaging.o
                0xa000019c                LINKMSG_RequestDifferentPowerMode
                0xa00001a4                LINKMSG_RequestDifferentBitRate
                0xa00001ac                LINKMSG_QueryMaximumPayloadLength
                0xa00001b4                LINKMSG_ResponseMaximumPayloadLength
                0xa00001bc                LINKMSG_QueryGetSGDSlotNumber
                0xa00001c4                LINKMSG_QueryGetAvailableSlotNumbers
                0xa00001cc                LINKMSG_SendNextCommandToSlot
 .sdata         0xa00001d4        0x4 build/default/production/_ext/1472/debugging.o
                0xa00001d4                debugwserial
 .sdata         0xa00001d8        0x4 c:/program files (x86)/microchip/xc32/v1.40/bin/bin/../../lib/gcc/pic32mx/4.8.3/../../../../pic32mx/lib\libpic32.a(xc32_uart.o)
                0xa00001d8                __XC_UART
                0xa00001dc                . = ALIGN (0x4)
                0xa00001dc                _sdata_end = .

.lit8
 *(.lit8)

.lit4
 *(.lit4)
                0xa00001dc                . = ALIGN (0x4)
                0xa00001dc                _data_end = .
                0xa00001dc                _bss_begin = .

.sbss           0xa00001dc      0x2e0
                0xa00001dc                _sbss_begin = .
 *(.dynsbss)
 *(.sbss .sbss.* .gnu.linkonce.sb.*)
 .sbss          0xa00001dc        0x8 build/default/production/_ext/93166211/Announce.o
 .sbss          0xa00001e4        0x4 build/default/production/_ext/93166211/ARP.o
 .sbss          0xa00001e8       0x14 build/default/production/_ext/93166211/DNS.o
 .sbss          0xa00001fc        0x1 build/default/production/_ext/93166211/DNSs.o
 *fill*         0xa00001fd        0x1 
 .sbss          0xa00001fe        0x4 build/default/production/_ext/93166211/IP.o
 *fill*         0xa0000202        0x2 
 .sbss          0xa0000204        0x8 build/default/production/_ext/93166211/MPFS2.o
 .sbss          0xa000020c        0x8 build/default/production/_ext/93166211/NBNS.o
 .sbss          0xa0000214        0x8 build/default/production/_ext/93166211/SPIFlash.o
 .sbss          0xa000021c       0x10 build/default/production/_ext/93166211/StackTsk.o
                0xa0000220                g_DhcpRenew
                0xa0000224                g_DhcpRetryTimer
 *fill*         0xa000022c        0x4 
 .sbss          0xa0000230       0x10 build/default/production/_ext/93166211/Tick.o
 .sbss          0xa0000240        0x8 build/default/production/_ext/93166211/UDP.o
 .sbss          0xa0000248       0x30 build/default/production/_ext/93166211/ZeroconfLinkLocal.o
                0xa0000248                zcll_state
                0xa000024c                zcll_dhcp_substate
 .sbss          0xa0000278        0x8 build/default/production/_ext/93166211/ZeroconfMulticastDNS.o
                0xa0000278                mDNS_responder_state
 .sbss          0xa0000280        0x4 build/default/production/_ext/93166211/DHCP.o
                0xa0000280                DHCPClientInitializedOnce
 .sbss          0xa0000284        0xc build/default/production/_ext/93166211/DHCPs.o
 .sbss          0xa0000290        0x4 build/default/production/_ext/388820833/WFConnectionManager.o
 .sbss          0xa0000294        0xc build/default/production/_ext/388820833/WFPowerSave.o
 .sbss          0xa00002a0        0x1 build/default/production/_ext/388820833/WF_Spi.o
 *fill*         0xa00002a1        0x3 
 .sbss          0xa00002a4       0x28 build/default/production/_ext/388820833/WFDriverCom_24G.o
                0xa00002bc                g_DhcpSuccessful
                0xa00002c0                g_WiFiConnectionChanged
                0xa00002c4                g_WiFiConnection
                0xa00002c8                g_dhcpInProgress
 .sbss          0xa00002cc        0x8 build/default/production/_ext/388820833/WFDriverRaw_24G.o
                0xa00002cc                g_HostRAWDataPacketReceived
                0xa00002d0                g_RawIndexPastEnd
 .sbss          0xa00002d4       0x14 build/default/production/_ext/388820833/WFMac_24G.o
 .sbss          0xa00002e8        0xc build/default/production/_ext/388820833/WFMgmtMsg_24G.o
                0xa00002ec                g_WaitingForMgmtResponse
 .sbss          0xa00002f4       0x10 build/default/production/_ext/1472/Main.o
                0xa00002f6                g_scan_done
 .sbss          0xa0000304        0xc build/default/production/_ext/1472/CustomHTTPApp.o
 .sbss          0xa0000310       0x4c build/default/production/_ext/1472/OpenADRClient.o
                0xa0000310                OpMode
                0xa0000314                InvalidSocketReboot
                0xa0000318                DNSTimer
                0xa000031c                ClientTypeKnown
                0xa0000320                RequestedClientType
                0xa0000324                RequestedPriceAbs
                0xa0000328                SupportsPriceAbs
                0xa000032c                PriceAbsSupportKnown
                0xa0000330                RequestedPriceRel
                0xa0000334                SupportsPriceRel
                0xa0000338                PriceRelSupportKnown
                0xa000033c                ResetSGD
                0xa0000340                CommandType
                0xa0000344                SmartQuery
                0xa0000354                OpenADR_TCPState
                0xa0000358                OpenADR_MsgState
 .sbss          0xa000035c        0x8 build/default/production/_ext/1472/INTiMain.o
                0xa000035c                UART2RxCallbackFunction
                0xa0000360                SPI3RxCallbackFunction
 .sbss          0xa0000364        0x8 build/default/production/_ext/1472/UARTiMain.o
 .sbss          0xa000036c        0x8 build/default/production/_ext/1472/TimeMonitor.o
                0xa000036c                tmTimeMonitorClock
                0xa0000370                tmTickDownTimeIndex0
 .sbss          0xa0000374       0x1c build/default/production/_ext/1472/EPRI_UARTLayer.o
                0xa0000374                OK_TO_READ_232
                0xa0000378                position_counter
                0xa000037c                numBytes
                0xa0000380                RxBytesReceived
                0xa0000384                OptOutEvent
                0xa0000388                OptInEvent
                0xa000038c                UARTLock
 .sbss          0xa0000390       0x48 build/default/production/_ext/1472/app_UCM.o
                0xa0000390                SendToServerTimeout
                0xa0000394                MainSysTickTimer
                0xa0000398                MainSystemUNIXTime
                0xa000039c                WriteBackTimer
                0xa00003a0                SendToServer
                0xa00003a4                SendOptOut
                0xa00003a8                HANMsg_Rdy2Process
                0xa00003ac                SendLocalHB
                0xa00003ad                eventInProgress
                0xa00003b0                SendCancelCommand
                0xa00003b4                cancelCommandCtr
                0xa00003b8                cancelCommand
                0xa00003b9                TryGetNextEvent
                0xa00003bc                MainResetTimer
                0xa00003c0                gRespRec
                0xa00003c4                ZG_Con_Timer
                0xa00003c8                SPI_Watch_Timer
                0xa00003cc                Scheduling
                0xa00003d4                TCPCommState
 .sbss          0xa00003d8        0x8 build/default/production/_ext/1472/MCI_Common.o
                0xa00003d8                httpCode
                0xa00003dc                ResponseReadyFlag
 .sbss          0xa00003e0        0x2 build/default/production/_ext/1472/BasicDR.o
                0xa00003e0                nOptions
                0xa00003e1                override
 *(.scommon)
 .scommon       0xa00003e2        0x1 build/default/production/_ext/93166211/HTTP2.o
                0xa00003e2                curHTTPID
 *fill*         0xa00003e3        0x1 
 .scommon       0xa00003e4        0x5 build/default/production/_ext/93166211/UDP.o
                0xa00003e4                UDPRxCount
                0xa00003e6                UDPTxCount
                0xa00003e8                activeUDPSocket
 *fill*         0xa00003e9        0x3 
 .scommon       0xa00003ec        0x6 build/default/production/_ext/388820833/WFEasyConfig.o
                0xa00003ec                g_ScanCtx
 *fill*         0xa00003f2        0x2 
 .scommon       0xa00003f4        0x4 build/default/production/_ext/388820833/WFPowerSave.o
                0xa00003f4                g_rxDtim
 .scommon       0xa00003f8        0x8 build/default/production/_ext/388820833/WFDriverCom_24G.o
                0xa00003f8                RawMoveState
 .scommon       0xa0000400        0x2 build/default/production/_ext/388820833/WFDriverRaw_24G.o
                0xa0000400                RawWindowState
 *fill*         0xa0000402        0x2 
 .scommon       0xa0000404        0x4 build/default/production/_ext/388820833/WFMac_24G.o
                0xa0000404                WF_hibernate
                0xa0000406                g_rxBufferLength
 .scommon       0xa0000408       0x68 build/default/production/_ext/1472/OpenADRClient.o
                0xa0000408                UTCLastServerTime
                0xa000040c                tempbreakpoint
                0xa0000410                operationModeValue
                0xa0000418                FoundHTTPHeader
                0xa000041c                DNS_IP_ADDR
                0xa0000420                GetEventStateTimer
                0xa0000424                UTCTime
                0xa0000428                SQueryTimer
                0xa000042c                LastServerTicks
                0xa0000430                LengthOfContent
                0xa0000434                CommTimer
                0xa0000438                UTCServerTime
                0xa000043c                tzsec
                0xa0000440                Local_Time
                0xa0000444                eventStatus
                0xa000044c                HTTPResponse
                0xa0000450                DebugCnt
                0xa0000454                TCP_blackout
                0xa0000458                payloadptr
                0xa000045c                LoadFactor
                0xa0000460                commGoodOld
                0xa0000464                FoundHTTPBody
                0xa0000468                commGood
                0xa000046c                DelayTimer
 .scommon       0xa0000470       0x10 build/default/production/_ext/1472/EPRI_UARTLayer.o
                0xa0000470                RxMsgState
                0xa0000474                IdleNormal
                0xa0000478                TxMsgState
                0xa000047c                RunningNormal
 .scommon       0xa0000480        0xc build/default/production/_ext/1472/app_UCM.o
                0xa0000480                curOptouthash
                0xa0000484                TCP_Message
                0xa0000488                lostlink_flag
 .scommon       0xa000048c       0x1d build/default/production/_ext/1472/MCI_Common.o
                0xa000048c                deviceType
                0xa000048e                currencyCode
                0xa0000490                setpoint2
                0xa0000492                units
                0xa0000494                setpoint1
                0xa0000498                nextPrice
                0xa000049c                responseCode
                0xa000049d                nCommodities
                0xa000049e                digitsAfterPoint
                0xa00004a0                currentPrice
                0xa00004a4                expirationTime
                0xa00004a8                currentOffset
 *fill*         0xa00004a9        0x3 
 .scommon       0xa00004ac        0x4 build/default/production/_ext/1472/LinkLayerMessaging.o
                0xa00004ac                LL_MsgState
 .scommon       0xa00004b0        0x8 build/default/production/_ext/1472/BasicDR.o
                0xa00004b0                ExpectedAckType
                0xa00004b4                RelayMsgState
 .scommon       0xa00004b8        0x4 build/default/production/_ext/1472/RESTAPI.o
                0xa00004b8                eventType
                0xa00004bc                _sbss_end = .
                0xa00004bc                . = ALIGN (0x4)

.bss            0xa00004c0     0x34f0
 *(.dynbss)
 *(COMMON)
 COMMON         0xa00004c0       0x9c build/default/production/_ext/93166211/HTTP2.o
                0xa00004c0                curHTTP
                0xa000054c                httpStubs
 COMMON         0xa000055c        0xa build/default/production/_ext/93166211/StackTsk.o
                0xa000055c                remoteNode
 *fill*         0xa0000566        0x2 
 COMMON         0xa0000568       0xe0 build/default/production/_ext/93166211/UDP.o
                0xa0000568                UDPSocketInfo
 COMMON         0xa0000648       0x78 build/default/production/_ext/93166211/DHCPs.o
                0xa0000648                DhcpIpPool
 COMMON         0xa00006c0      0xbe8 build/default/production/_ext/388820833/WFEasyConfig.o
                0xa00006c0                g_easyConfigCtx
                0xa0000754                preScanResult
 COMMON         0xa00012a8       0xc2 build/default/production/_ext/1472/Main.o
                0xa00012a8                sbuf
                0xa00012d0                AppConfig
 *fill*         0xa000136a        0x2 
 COMMON         0xa000136c     0x2218 build/default/production/_ext/1472/OpenADRClient.o
                0xa000136c                eventModNumber
                0xa0001380                programName
                0xa00013a0                RsBuf
                0xa00013bc                SourceUnamePw
                0xa00013f0                TCPPutBuffer
                0xa00017d8                EncodedUNPW
                0xa0001824                notificationTime
                0xa000184c                eventStateQ
                0xa0001b1c                modeTimeSlot
                0xa0001b30                eventIdentifier
                0xa0001b50                startTime
                0xa0001b78                TCPpayload_buf
                0xa0003414                GMTstr
                0xa0003448                ActiveEventID
                0xa0003468                currentTime
                0xa000347c                HttpLocation
                0xa00034b0                eventStateID
                0xa00034d0                timeOffset
                0xa00034e4                endTime
                0xa000350c                pbuf
 COMMON         0xa0003584       0x58 build/default/production/_ext/1472/TimeMonitor.o
                0xa0003584                tmTickDownTimeI
                0xa00035b0                tmCallbackFunctionI
 COMMON         0xa00035dc      0x2b6 build/default/production/_ext/1472/EPRI_UARTLayer.o
                0xa00035dc                NullRSBuf
                0xa00035f8                AsyncRxRSBuf
                0xa0003614                AsyncTxRSBuf
                0xa0003630                RxBuf
                0xa000375c                rxmessage
                0xa0003888                txmessage
 *fill*         0xa0003892        0x6 
 COMMON         0xa0003898      0x118 build/default/production/_ext/1472/BasicDR.o
                0xa0003898                commodityResponse
                0xa0003988                DeviceInfo
                0xa00039b0                . = ALIGN ((. != 0x0)?0x4:0x1)
                0xa00039b0                . = ALIGN (0x4)
                0xa00039b0                _end = .
                0xa00039b0                _bss_end = .
                0x00010000                _bmxdudba_address = 0x10000
                0x00010000                _bmxdupba_address = 0x10000

/DISCARD/
 *(.pdr)
 *(.rel.dyn)
 *(.note.GNU-stack)
 *(.note.GNU-stack)
 *(.gnu_debuglink)
 *(.gnu.lto_*)
 *(.discard)

.gptab.sdata
 *(.gptab.data)
 *(.gptab.sdata)

.gptab.sbss
 *(.gptab.bss)
 *(.gptab.sbss)

.mdebug.abi32   0xa00039b0        0x0
 *(.mdebug.abi32)
 .mdebug.abi32  0xa00039b0        0x0 build/default/production/_ext/93166211/Announce.o
 .mdebug.abi32  0xa00039b0        0x0 build/default/production/_ext/93166211/ARCFOUR.o
 .mdebug.abi32  0xa00039b0        0x0 build/default/production/_ext/93166211/ARP.o
 .mdebug.abi32  0xa00039b0        0x0 build/default/production/_ext/93166211/AutoIP.o
 .mdebug.abi32  0xa00039b0        0x0 build/default/production/_ext/93166211/BerkeleyAPI.o
 .mdebug.abi32  0xa00039b0        0x0 build/default/production/_ext/93166211/BigInt.o
 .mdebug.abi32  0xa00039b0        0x0 build/default/production/_ext/93166211/Delay.o
 .mdebug.abi32  0xa00039b0        0x0 build/default/production/_ext/93166211/DNS.o
 .mdebug.abi32  0xa00039b0        0x0 build/default/production/_ext/93166211/DNSs.o
 .mdebug.abi32  0xa00039b0        0x0 build/default/production/_ext/93166211/DynDNS.o
 .mdebug.abi32  0xa00039b0        0x0 build/default/production/_ext/93166211/FileSystem.o
 .mdebug.abi32  0xa00039b0        0x0 build/default/production/_ext/93166211/FTP.o
 .mdebug.abi32  0xa00039b0        0x0 build/default/production/_ext/93166211/Hashes.o
 .mdebug.abi32  0xa00039b0        0x0 build/default/production/_ext/93166211/Helpers.o
 .mdebug.abi32  0xa00039b0        0x0 build/default/production/_ext/93166211/HTTP2.o
 .mdebug.abi32  0xa00039b0        0x0 build/default/production/_ext/93166211/ICMP.o
 .mdebug.abi32  0xa00039b0        0x0 build/default/production/_ext/93166211/IP.o
 .mdebug.abi32  0xa00039b0        0x0 build/default/production/_ext/93166211/LCDBlocking.o
 .mdebug.abi32  0xa00039b0        0x0 build/default/production/_ext/93166211/MPFS2.o
 .mdebug.abi32  0xa00039b0        0x0 build/default/production/_ext/93166211/NBNS.o
 .mdebug.abi32  0xa00039b0        0x0 build/default/production/_ext/93166211/Random.o
 .mdebug.abi32  0xa00039b0        0x0 build/default/production/_ext/93166211/Reboot.o
 .mdebug.abi32  0xa00039b0        0x0 build/default/production/_ext/93166211/RSA.o
 .mdebug.abi32  0xa00039b0        0x0 build/default/production/_ext/93166211/SMTP.o
 .mdebug.abi32  0xa00039b0        0x0 build/default/production/_ext/93166211/SNMP.o
 .mdebug.abi32  0xa00039b0        0x0 build/default/production/_ext/93166211/SNMPv3.o
 .mdebug.abi32  0xa00039b0        0x0 build/default/production/_ext/93166211/SNMPv3USM.o
 .mdebug.abi32  0xa00039b0        0x0 build/default/production/_ext/93166211/SNTP.o
 .mdebug.abi32  0xa00039b0        0x0 build/default/production/_ext/93166211/SPIEEPROM.o
 .mdebug.abi32  0xa00039b0        0x0 build/default/production/_ext/93166211/SPIFlash.o
 .mdebug.abi32  0xa00039b0        0x0 build/default/production/_ext/93166211/SPIRAM.o
 .mdebug.abi32  0xa00039b0        0x0 build/default/production/_ext/93166211/SSL.o
 .mdebug.abi32  0xa00039b0        0x0 build/default/production/_ext/93166211/StackTsk.o
 .mdebug.abi32  0xa00039b0        0x0 build/default/production/_ext/93166211/TCP.o
 .mdebug.abi32  0xa00039b0        0x0 build/default/production/_ext/93166211/TCPPerformanceTest.o
 .mdebug.abi32  0xa00039b0        0x0 build/default/production/_ext/93166211/Telnet.o
 .mdebug.abi32  0xa00039b0        0x0 build/default/production/_ext/93166211/TFTPc.o
 .mdebug.abi32  0xa00039b0        0x0 build/default/production/_ext/93166211/Tick.o
 .mdebug.abi32  0xa00039b0        0x0 build/default/production/_ext/93166211/UART2TCPBridge.o
 .mdebug.abi32  0xa00039b0        0x0 build/default/production/_ext/93166211/UDP.o
 .mdebug.abi32  0xa00039b0        0x0 build/default/production/_ext/93166211/UDPPerformanceTest.o
 .mdebug.abi32  0xa00039b0        0x0 build/default/production/_ext/93166211/ZeroconfHelper.o
 .mdebug.abi32  0xa00039b0        0x0 build/default/production/_ext/93166211/ZeroconfLinkLocal.o
 .mdebug.abi32  0xa00039b0        0x0 build/default/production/_ext/93166211/ZeroconfMulticastDNS.o
 .mdebug.abi32  0xa00039b0        0x0 build/default/production/_ext/93166211/DHCP.o
 .mdebug.abi32  0xa00039b0        0x0 build/default/production/_ext/93166211/DHCPs.o
 .mdebug.abi32  0xa00039b0        0x0 build/default/production/_ext/388820833/WF_Eint.o
 .mdebug.abi32  0xa00039b0        0x0 build/default/production/_ext/388820833/WF_pbkdf2.o
 .mdebug.abi32  0xa00039b0        0x0 build/default/production/_ext/388820833/WFConnectionAlgorithm.o
 .mdebug.abi32  0xa00039b0        0x0 build/default/production/_ext/388820833/WFConnectionManager.o
 .mdebug.abi32  0xa00039b0        0x0 build/default/production/_ext/388820833/WFConnectionProfile.o
 .mdebug.abi32  0xa00039b0        0x0 build/default/production/_ext/388820833/WFConsole.o
 .mdebug.abi32  0xa00039b0        0x0 build/default/production/_ext/388820833/WFConsoleIfconfig.o
 .mdebug.abi32  0xa00039b0        0x0 build/default/production/_ext/388820833/WFConsoleIwconfig.o
 .mdebug.abi32  0xa00039b0        0x0 build/default/production/_ext/388820833/WFConsoleIwpriv.o
 .mdebug.abi32  0xa00039b0        0x0 build/default/production/_ext/388820833/WFConsoleMsgHandler.o
 .mdebug.abi32  0xa00039b0        0x0 build/default/production/_ext/388820833/WFConsoleMsgs.o
 .mdebug.abi32  0xa00039b0        0x0 build/default/production/_ext/388820833/WFDataTxRx.o
 .mdebug.abi32  0xa00039b0        0x0 build/default/production/_ext/388820833/WFDebugStrings.o
 .mdebug.abi32  0xa00039b0        0x0 build/default/production/_ext/388820833/WFEasyConfig.o
 .mdebug.abi32  0xa00039b0        0x0 build/default/production/_ext/388820833/WFEventHandler.o
 .mdebug.abi32  0xa00039b0        0x0 build/default/production/_ext/388820833/WFInit.o
 .mdebug.abi32  0xa00039b0        0x0 build/default/production/_ext/388820833/WFPowerSave.o
 .mdebug.abi32  0xa00039b0        0x0 build/default/production/_ext/388820833/WFScan.o
 .mdebug.abi32  0xa00039b0        0x0 build/default/production/_ext/388820833/WFTxPower.o
 .mdebug.abi32  0xa00039b0        0x0 build/default/production/_ext/388820833/WF_Spi.o
 .mdebug.abi32  0xa00039b0        0x0 build/default/production/_ext/388820833/WFDriverCom_24G.o
 .mdebug.abi32  0xa00039b0        0x0 build/default/production/_ext/388820833/WFDriverRaw_24G.o
 .mdebug.abi32  0xa00039b0        0x0 build/default/production/_ext/388820833/WFMac_24G.o
 .mdebug.abi32  0xa00039b0        0x0 build/default/production/_ext/388820833/WFMgmtMsg_24G.o
 .mdebug.abi32  0xa00039b0        0x0 build/default/production/_ext/388820833/WFParamMsg_24G.o
 .mdebug.abi32  0xa00039b0        0x0 build/default/production/_ext/1472/Main.o
 .mdebug.abi32  0xa00039b0        0x0 build/default/production/_ext/1472/CustomHTTPApp.o
 .mdebug.abi32  0xa00039b0        0x0 build/default/production/_ext/1472/WF_Config.o
 .mdebug.abi32  0xa00039b0        0x0 build/default/production/_ext/1472/WifiGDemoMPFSImg.o
 .mdebug.abi32  0xa00039b0        0x0 build/default/production/_ext/1472/i2c_master.o
 .mdebug.abi32  0xa00039b0        0x0 build/default/production/_ext/1472/OpenADRClient.o
 .mdebug.abi32  0xa00039b0        0x0 build/default/production/_ext/1472/INTiMain.o
 .mdebug.abi32  0xa00039b0        0x0 build/default/production/_ext/1472/UARTiMain.o
 .mdebug.abi32  0xa00039b0        0x0 build/default/production/_ext/1472/TimeMonitor.o
 .mdebug.abi32  0xa00039b0        0x0 build/default/production/_ext/1472/EPRI_UARTLayer.o
 .mdebug.abi32  0xa00039b0        0x0 build/default/production/_ext/1472/app_UCM.o
 .mdebug.abi32  0xa00039b0        0x0 build/default/production/_ext/1472/Assert.o
 .mdebug.abi32  0xa00039b0        0x0 build/default/production/_ext/1472/EPRI_SPILayer.o
 .mdebug.abi32  0xa00039b0        0x0 build/default/production/_ext/1472/MCI_Common.o
 .mdebug.abi32  0xa00039b0        0x0 build/default/production/_ext/1472/LinkLayerMessaging.o
 .mdebug.abi32  0xa00039b0        0x0 build/default/production/_ext/1472/BasicDR.o
 .mdebug.abi32  0xa00039b0        0x0 build/default/production/_ext/1472/debugging.o
 .mdebug.abi32  0xa00039b0        0x0 build/default/production/_ext/1472/RESTAPI.o
 .mdebug.abi32  0xa00039b0        0x0 build/default/production/_ext/1472/DeviceInfo.o
 .mdebug.abi32  0xa00039b0        0x0 c:/program files (x86)/microchip/xc32/v1.40/bin/bin/../../lib/gcc/pic32mx/4.8.3/../../../../pic32mx/lib\libmchp_peripheral_32MX575F256L.a(soft_reset_lib.o)
 .mdebug.abi32  0xa00039b0        0x0 c:/program files (x86)/microchip/xc32/v1.40/bin/bin/../../lib/gcc/pic32mx/4.8.3/../../../../pic32mx/lib\libmchp_peripheral_32MX575F256L.a(pcache.o)
 .mdebug.abi32  0xa00039b0        0x0 c:/program files (x86)/microchip/xc32/v1.40/bin/bin/../../lib/gcc/pic32mx/4.8.3/../../../../pic32mx/lib\libmchp_peripheral_32MX575F256L.a(int_disable_interrupts_lib.o)
 .mdebug.abi32  0xa00039b0        0x0 c:/program files (x86)/microchip/xc32/v1.40/bin/bin/../../lib/gcc/pic32mx/4.8.3/../../../../pic32mx/lib\libmchp_peripheral_32MX575F256L.a(int_restore_interrupts_lib.o)
 .mdebug.abi32  0xa00039b0        0x0 c:/program files (x86)/microchip/xc32/v1.40/bin/bin/../../lib/gcc/pic32mx/4.8.3/../../../../pic32mx/lib\libmchp_peripheral_32MX575F256L.a(int_enable_mv_int_lib.o)
 .mdebug.abi32  0xa00039b0        0x0 c:/program files (x86)/microchip/xc32/v1.40/bin/bin/../../lib/gcc/pic32mx/4.8.3/../../../../pic32mx/lib\libmchp_peripheral_32MX575F256L.a(int_tbl_lib.o)
 .mdebug.abi32  0xa00039b0        0x0 c:/program files (x86)/microchip/xc32/v1.40/bin/bin/../../lib/gcc/pic32mx/4.8.3/../../../../pic32mx/lib\libmchp_peripheral_32MX575F256L.a(uart_lib.o)
 .mdebug.abi32  0xa00039b0        0x0 c:/program files (x86)/microchip/xc32/v1.40/bin/bin/../../lib/gcc/pic32mx/4.8.3/../../../../pic32mx/lib\libmchp_peripheral_32MX575F256L.a(puts_uartx_lib_legacy.o)
 .mdebug.abi32  0xa00039b0        0x0 c:/program files (x86)/microchip/xc32/v1.40/bin/bin/../../lib/gcc/pic32mx/4.8.3/../../../../pic32mx/lib\libmchp_peripheral_32MX575F256L.a(idle_i2c2_lib_legacy.o)
 .mdebug.abi32  0xa00039b0        0x0 c:/program files (x86)/microchip/xc32/v1.40/bin/bin/../../lib/gcc/pic32mx/4.8.3/../../../../pic32mx/lib\libmchp_peripheral_32MX575F256L.a(I2CPrivate.o)
 .mdebug.abi32  0xa00039b0        0x0 c:/program files (x86)/microchip/xc32/v1.40/bin/bin/../../lib/gcc/pic32mx/4.8.3/../../../../pic32mx/lib\libmchp_peripheral_32MX575F256L.a(I2CBusIsIdle.o)
 .mdebug.abi32  0xa00039b0        0x0 c:/program files (x86)/microchip/xc32/v1.40/bin/bin/../../lib/gcc/pic32mx/4.8.3/../../../../pic32mx/lib\libmchp_peripheral_32MX575F256L.a(I2CByteWasAcknowledged.o)
 .mdebug.abi32  0xa00039b0        0x0 c:/program files (x86)/microchip/xc32/v1.40/bin/bin/../../lib/gcc/pic32mx/4.8.3/../../../../pic32mx/lib\libmchp_peripheral_32MX575F256L.a(I2CEnable.o)
 .mdebug.abi32  0xa00039b0        0x0 c:/program files (x86)/microchip/xc32/v1.40/bin/bin/../../lib/gcc/pic32mx/4.8.3/../../../../pic32mx/lib\libmchp_peripheral_32MX575F256L.a(I2CGetByte.o)
 .mdebug.abi32  0xa00039b0        0x0 c:/program files (x86)/microchip/xc32/v1.40/bin/bin/../../lib/gcc/pic32mx/4.8.3/../../../../pic32mx/lib\libmchp_peripheral_32MX575F256L.a(I2CGetStatus.o)
 .mdebug.abi32  0xa00039b0        0x0 c:/program files (x86)/microchip/xc32/v1.40/bin/bin/../../lib/gcc/pic32mx/4.8.3/../../../../pic32mx/lib\libmchp_peripheral_32MX575F256L.a(I2CReceivedDataIsAvailable.o)
 .mdebug.abi32  0xa00039b0        0x0 c:/program files (x86)/microchip/xc32/v1.40/bin/bin/../../lib/gcc/pic32mx/4.8.3/../../../../pic32mx/lib\libmchp_peripheral_32MX575F256L.a(I2CReceiverEnable.o)
 .mdebug.abi32  0xa00039b0        0x0 c:/program files (x86)/microchip/xc32/v1.40/bin/bin/../../lib/gcc/pic32mx/4.8.3/../../../../pic32mx/lib\libmchp_peripheral_32MX575F256L.a(I2CRepeatStart.o)
 .mdebug.abi32  0xa00039b0        0x0 c:/program files (x86)/microchip/xc32/v1.40/bin/bin/../../lib/gcc/pic32mx/4.8.3/../../../../pic32mx/lib\libmchp_peripheral_32MX575F256L.a(I2CSetFrequency.o)
 .mdebug.abi32  0xa00039b0        0x0 c:/program files (x86)/microchip/xc32/v1.40/bin/bin/../../lib/gcc/pic32mx/4.8.3/../../../../pic32mx/lib\libmchp_peripheral_32MX575F256L.a(I2CStart.o)
 .mdebug.abi32  0xa00039b0        0x0 c:/program files (x86)/microchip/xc32/v1.40/bin/bin/../../lib/gcc/pic32mx/4.8.3/../../../../pic32mx/lib\libmchp_peripheral_32MX575F256L.a(I2CStop.o)
 .mdebug.abi32  0xa00039b0        0x0 c:/program files (x86)/microchip/xc32/v1.40/bin/bin/../../lib/gcc/pic32mx/4.8.3/../../../../pic32mx/lib\libmchp_peripheral_32MX575F256L.a(I2CTransmissionHasCompleted.o)
 .mdebug.abi32  0xa00039b0        0x0 c:/program files (x86)/microchip/xc32/v1.40/bin/bin/../../lib/gcc/pic32mx/4.8.3/../../../../pic32mx/lib\libmchp_peripheral_32MX575F256L.a(I2CTransmitterIsReady.o)
 .mdebug.abi32  0xa00039b0        0x0 c:/program files (x86)/microchip/xc32/v1.40/bin/bin/../../lib/gcc/pic32mx/4.8.3/../../../../pic32mx/lib\libmchp_peripheral_32MX575F256L.a(int_enable_interrupts_lib.o)
 .mdebug.abi32  0xa00039b0        0x0 c:/program files (x86)/microchip/xc32/v1.40/bin/bin/../../lib/gcc/pic32mx/4.8.3\libgcc.a(_udivdi3.o)
 .mdebug.abi32  0xa00039b0        0x0 c:/program files (x86)/microchip/xc32/v1.40/bin/bin/../../lib/gcc/pic32mx/4.8.3\libgcc.a(_umoddi3.o)
 .mdebug.abi32  0xa00039b0        0x0 c:/program files (x86)/microchip/xc32/v1.40/bin/bin/../../lib/gcc/pic32mx/4.8.3\libgcc.a(floatunsisf.o)
 .mdebug.abi32  0xa00039b0        0x0 c:/program files (x86)/microchip/xc32/v1.40/bin/bin/../../lib/gcc/pic32mx/4.8.3/../../../../pic32mx/lib\libpic32.a(default-bootstrap-exception-handler.o)
 .mdebug.abi32  0xa00039b0        0x0 c:/program files (x86)/microchip/xc32/v1.40/bin/bin/../../lib/gcc/pic32mx/4.8.3/../../../../pic32mx/lib\libpic32.a(default-on-reset.o)
 .mdebug.abi32  0xa00039b0        0x0 c:/program files (x86)/microchip/xc32/v1.40/bin/bin/../../lib/gcc/pic32mx/4.8.3/../../../../pic32mx/lib\libpic32.a(default-on-bootstrap.o)
 .mdebug.abi32  0xa00039b0        0x0 c:/program files (x86)/microchip/xc32/v1.40/bin/bin/../../lib/gcc/pic32mx/4.8.3/../../../../pic32mx/lib\libpic32.a(defaultinterrupt.o)
 .mdebug.abi32  0xa00039b0        0x0 c:/program files (x86)/microchip/xc32/v1.40/bin/bin/../../lib/gcc/pic32mx/4.8.3/../../../../pic32mx/lib\libm.a(w_sqrtf.o)
 .mdebug.abi32  0xa00039b0        0x0 c:/program files (x86)/microchip/xc32/v1.40/bin/bin/../../lib/gcc/pic32mx/4.8.3/../../../../pic32mx/lib\libm.a(s_lib_ver.o)
 .mdebug.abi32  0xa00039b0        0x0 c:/program files (x86)/microchip/xc32/v1.40/bin/bin/../../lib/gcc/pic32mx/4.8.3/../../../../pic32mx/lib\libc.a(atoi.o)
 .mdebug.abi32  0xa00039b0        0x0 c:/program files (x86)/microchip/xc32/v1.40/bin/bin/../../lib/gcc/pic32mx/4.8.3/../../../../pic32mx/lib\libc.a(atol.o)
 .mdebug.abi32  0xa00039b0        0x0 c:/program files (x86)/microchip/xc32/v1.40/bin/bin/../../lib/gcc/pic32mx/4.8.3/../../../../pic32mx/lib\libc.a(atoll.o)
 .mdebug.abi32  0xa00039b0        0x0 c:/program files (x86)/microchip/xc32/v1.40/bin/bin/../../lib/gcc/pic32mx/4.8.3/../../../../pic32mx/lib\libc.a(ctime.o)
 .mdebug.abi32  0xa00039b0        0x0 c:/program files (x86)/microchip/xc32/v1.40/bin/bin/../../lib/gcc/pic32mx/4.8.3/../../../../pic32mx/lib\libc.a(ctype.o)
 .mdebug.abi32  0xa00039b0        0x0 c:/program files (x86)/microchip/xc32/v1.40/bin/bin/../../lib/gcc/pic32mx/4.8.3/../../../../pic32mx/lib\libc.a(errno.o)
 .mdebug.abi32  0xa00039b0        0x0 c:/program files (x86)/microchip/xc32/v1.40/bin/bin/../../lib/gcc/pic32mx/4.8.3/../../../../pic32mx/lib\libc.a(mktime.o)
 .mdebug.abi32  0xa00039b0        0x0 c:/program files (x86)/microchip/xc32/v1.40/bin/bin/../../lib/gcc/pic32mx/4.8.3/../../../../pic32mx/lib\libc.a(putchar.o)
 .mdebug.abi32  0xa00039b0        0x0 c:/program files (x86)/microchip/xc32/v1.40/bin/bin/../../lib/gcc/pic32mx/4.8.3/../../../../pic32mx/lib\libc.a(puts.o)
 .mdebug.abi32  0xa00039b0        0x0 c:/program files (x86)/microchip/xc32/v1.40/bin/bin/../../lib/gcc/pic32mx/4.8.3/../../../../pic32mx/lib\libc.a(strcat.o)
 .mdebug.abi32  0xa00039b0        0x0 c:/program files (x86)/microchip/xc32/v1.40/bin/bin/../../lib/gcc/pic32mx/4.8.3/../../../../pic32mx/lib\libc.a(strchr.o)
 .mdebug.abi32  0xa00039b0        0x0 c:/program files (x86)/microchip/xc32/v1.40/bin/bin/../../lib/gcc/pic32mx/4.8.3/../../../../pic32mx/lib\libc.a(strncmp.o)
 .mdebug.abi32  0xa00039b0        0x0 c:/program files (x86)/microchip/xc32/v1.40/bin/bin/../../lib/gcc/pic32mx/4.8.3/../../../../pic32mx/lib\libc.a(strncpy.o)
 .mdebug.abi32  0xa00039b0        0x0 c:/program files (x86)/microchip/xc32/v1.40/bin/bin/../../lib/gcc/pic32mx/4.8.3/../../../../pic32mx/lib\libc.a(strrchr.o)
 .mdebug.abi32  0xa00039b0        0x0 c:/program files (x86)/microchip/xc32/v1.40/bin/bin/../../lib/gcc/pic32mx/4.8.3/../../../../pic32mx/lib\libc.a(strstr.o)
 .mdebug.abi32  0xa00039b0        0x0 c:/program files (x86)/microchip/xc32/v1.40/bin/bin/../../lib/gcc/pic32mx/4.8.3/../../../../pic32mx/lib\libc.a(strtok.o)
 .mdebug.abi32  0xa00039b0        0x0 c:/program files (x86)/microchip/xc32/v1.40/bin/bin/../../lib/gcc/pic32mx/4.8.3/../../../../pic32mx/lib\libc.a(strtoll.o)
 .mdebug.abi32  0xa00039b0        0x0 c:/program files (x86)/microchip/xc32/v1.40/bin/bin/../../lib/gcc/pic32mx/4.8.3/../../../../pic32mx/lib\libc.a(atof.o)
 .mdebug.abi32  0xa00039b0        0x0 c:/program files (x86)/microchip/xc32/v1.40/bin/bin/../../lib/gcc/pic32mx/4.8.3/../../../../pic32mx/lib\libc.a(printf_cdnopsuxX.eo)
 .mdebug.abi32  0xa00039b0        0x0 c:/program files (x86)/microchip/xc32/v1.40/bin/bin/../../lib/gcc/pic32mx/4.8.3/../../../../pic32mx/lib\libc.a(snprintf_cdnopuxX.eo)
 .mdebug.abi32  0xa00039b0        0x0 c:/program files (x86)/microchip/xc32/v1.40/bin/bin/../../lib/gcc/pic32mx/4.8.3/../../../../pic32mx/lib\libc.a(snprintf_s.eo)
 .mdebug.abi32  0xa00039b0        0x0 c:/program files (x86)/microchip/xc32/v1.40/bin/bin/../../lib/gcc/pic32mx/4.8.3/../../../../pic32mx/lib\libc.a(sprintf_cdnopsuxX.eo)
 .mdebug.abi32  0xa00039b0        0x0 c:/program files (x86)/microchip/xc32/v1.40/bin/bin/../../lib/gcc/pic32mx/4.8.3/../../../../pic32mx/lib\libc.a(sscanf_cdfFnopsuxX.eo)
 .mdebug.abi32  0xa00039b0        0x0 c:/program files (x86)/microchip/xc32/v1.40/bin/bin/../../lib/gcc/pic32mx/4.8.3/../../../../pic32mx/lib\libc.a(_iob.o)
 .mdebug.abi32  0xa00039b0        0x0 c:/program files (x86)/microchip/xc32/v1.40/bin/bin/../../lib/gcc/pic32mx/4.8.3/../../../../pic32mx/lib\libc.a(_fputc_simple.o)
 .mdebug.abi32  0xa00039b0        0x0 c:/program files (x86)/microchip/xc32/v1.40/bin/bin/../../lib/gcc/pic32mx/4.8.3/../../../../pic32mx/lib\libc.a(ctypef.o)
 .mdebug.abi32  0xa00039b0        0x0 c:/program files (x86)/microchip/xc32/v1.40/bin/bin/../../lib/gcc/pic32mx/4.8.3/../../../../pic32mx/lib\libc.a(strcspn.o)
 .mdebug.abi32  0xa00039b0        0x0 c:/program files (x86)/microchip/xc32/v1.40/bin/bin/../../lib/gcc/pic32mx/4.8.3/../../../../pic32mx/lib\libc.a(strspn.o)
 .mdebug.abi32  0xa00039b0        0x0 c:/program files (x86)/microchip/xc32/v1.40/bin/bin/../../lib/gcc/pic32mx/4.8.3/../../../../pic32mx/lib\libc.a(strtof.o)
 .mdebug.abi32  0xa00039b0        0x0 c:/program files (x86)/microchip/xc32/v1.40/bin/bin/../../lib/gcc/pic32mx/4.8.3/../../../../pic32mx/lib\libc.a(doprnt_cdnopsuxX.eo)
 .mdebug.abi32  0xa00039b0        0x0 c:/program files (x86)/microchip/xc32/v1.40/bin/bin/../../lib/gcc/pic32mx/4.8.3/../../../../pic32mx/lib\libc.a(doscan_cdfFnopsuxX.eo)
 .mdebug.abi32  0xa00039b0        0x0 c:/program files (x86)/microchip/xc32/v1.40/bin/bin/../../lib/gcc/pic32mx/4.8.3/../../../../pic32mx/lib\libc.a(doscan_cdnopsuxX.eo)
 .mdebug.abi32  0xa00039b0        0x0 c:/program files (x86)/microchip/xc32/v1.40/bin/bin/../../lib/gcc/pic32mx/4.8.3/../../../../pic32mx/lib\libc.a(doscan_cdnopuxX.eo)
 .mdebug.abi32  0xa00039b0        0x0 c:/program files (x86)/microchip/xc32/v1.40/bin/bin/../../lib/gcc/pic32mx/4.8.3/../../../../pic32mx/lib\libc.a(_flsbuf_simple.o)
 .mdebug.abi32  0xa00039b0        0x0 c:/program files (x86)/microchip/xc32/v1.40/bin/bin/../../lib/gcc/pic32mx/4.8.3/../../../../pic32mx/lib\libc.a(fgetc.o)
 .mdebug.abi32  0xa00039b0        0x0 c:/program files (x86)/microchip/xc32/v1.40/bin/bin/../../lib/gcc/pic32mx/4.8.3/../../../../pic32mx/lib\libc.a(strtod.o)
 .mdebug.abi32  0xa00039b0        0x0 c:/program files (x86)/microchip/xc32/v1.40/bin/bin/../../lib/gcc/pic32mx/4.8.3/../../../../pic32mx/lib\libc.a(ungetc.o)
 .mdebug.abi32  0xa00039b0        0x0 c:/program files (x86)/microchip/xc32/v1.40/bin/bin/../../lib/gcc/pic32mx/4.8.3/../../../../pic32mx/lib\libc.a(filbuf.o)
 .mdebug.abi32  0xa00039b0        0x0 c:/program files (x86)/microchip/xc32/v1.40/bin/bin/../../lib/gcc/pic32mx/4.8.3/../../../../pic32mx/lib\libc.a(fflush.o)
 .mdebug.abi32  0xa00039b0        0x0 c:/program files (x86)/microchip/xc32/v1.40/bin/bin/../../lib/gcc/pic32mx/4.8.3/../../../../pic32mx/lib\libpic32.a(read.o)
 .mdebug.abi32  0xa00039b0        0x0 c:/program files (x86)/microchip/xc32/v1.40/bin/bin/../../lib/gcc/pic32mx/4.8.3/../../../../pic32mx/lib\libpic32.a(write.o)
 .mdebug.abi32  0xa00039b0        0x0 c:/program files (x86)/microchip/xc32/v1.40/bin/bin/../../lib/gcc/pic32mx/4.8.3/../../../../pic32mx/lib\libpic32.a(xc32_uart.o)
 .mdebug.abi32  0xa00039b0        0x0 c:/program files (x86)/microchip/xc32/v1.40/bin/bin/../../lib/gcc/pic32mx/4.8.3/../../../../pic32mx/lib\libm.a(__strtod.o)
 .mdebug.abi32  0xa00039b0        0x0 c:/program files (x86)/microchip/xc32/v1.40/bin/bin/../../lib/gcc/pic32mx/4.8.3/../../../../pic32mx/lib\libm.a(__strtof.o)
 .mdebug.abi32  0xa00039b0        0x0 c:/program files (x86)/microchip/xc32/v1.40/bin/bin/../../lib/gcc/pic32mx/4.8.3/../../../../pic32mx/lib\libe.a(_ldexp.o)
 .mdebug.abi32  0xa00039b0        0x0 c:/program files (x86)/microchip/xc32/v1.40/bin/bin/../../lib/gcc/pic32mx/4.8.3/../../../../pic32mx/lib\libe.a(_ldexpf.o)
 .mdebug.abi32  0xa00039b0        0x0 c:/program files (x86)/microchip/xc32/v1.40/bin/bin/../../lib/gcc/pic32mx/4.8.3\libgcc.a(_lshrdi3.o)
 .mdebug.abi32  0xa00039b0        0x0 c:/program files (x86)/microchip/xc32/v1.40/bin/bin/../../lib/gcc/pic32mx/4.8.3\libgcc.a(_ashldi3.o)
 .mdebug.abi32  0xa00039b0        0x0 c:/program files (x86)/microchip/xc32/v1.40/bin/bin/../../lib/gcc/pic32mx/4.8.3/../../../../pic32mx/lib\libc.a(vsnprintf_cdnopsuxX.eo)

.mdebug.abiN32
 *(.mdebug.abiN32)

.mdebug.abi64
 *(.mdebug.abi64)

.mdebug.abiO64
 *(.mdebug.abiO64)

.mdebug.eabi32
 *(.mdebug.eabi32)

.mdebug.eabi64
 *(.mdebug.eabi64)

.gcc_compiled_long32
 *(.gcc_compiled_long32)

.gcc_compiled_long64
 *(.gcc_compiled_long64)

.stab
 *(.stab)

.stabstr
 *(.stabstr)

.stab.excl
 *(.stab.excl)

.stab.exclstr
 *(.stab.exclstr)

.stab.index
 *(.stab.index)

.stab.indexstr
 *(.stab.indexstr)

.comment        0x00000000      0x31c
 *(.comment)
 .comment       0x00000000       0x3c build/default/production/_ext/93166211/Announce.o
                                 0x3d (size before relaxing)
 .comment       0x00000000       0x3d build/default/production/_ext/93166211/ARCFOUR.o
 .comment       0x00000000       0x3d build/default/production/_ext/93166211/ARP.o
 .comment       0x00000000       0x3d build/default/production/_ext/93166211/AutoIP.o
 .comment       0x00000000       0x3d build/default/production/_ext/93166211/BerkeleyAPI.o
 .comment       0x00000000       0x3d build/default/production/_ext/93166211/BigInt.o
 .comment       0x00000000       0x3d build/default/production/_ext/93166211/Delay.o
 .comment       0x00000000       0x3d build/default/production/_ext/93166211/DNS.o
 .comment       0x00000000       0x3d build/default/production/_ext/93166211/DNSs.o
 .comment       0x00000000       0x3d build/default/production/_ext/93166211/DynDNS.o
 .comment       0x00000000       0x3d build/default/production/_ext/93166211/FileSystem.o
 .comment       0x00000000       0x3d build/default/production/_ext/93166211/FTP.o
 .comment       0x00000000       0x3d build/default/production/_ext/93166211/Hashes.o
 .comment       0x00000000       0x3d build/default/production/_ext/93166211/Helpers.o
 .comment       0x00000000       0x3d build/default/production/_ext/93166211/HTTP2.o
 .comment       0x00000000       0x3d build/default/production/_ext/93166211/ICMP.o
 .comment       0x00000000       0x3d build/default/production/_ext/93166211/IP.o
 .comment       0x00000000       0x3d build/default/production/_ext/93166211/LCDBlocking.o
 .comment       0x00000000       0x3d build/default/production/_ext/93166211/MPFS2.o
 .comment       0x00000000       0x3d build/default/production/_ext/93166211/NBNS.o
 .comment       0x00000000       0x3d build/default/production/_ext/93166211/Random.o
 .comment       0x00000000       0x3d build/default/production/_ext/93166211/Reboot.o
 .comment       0x00000000       0x3d build/default/production/_ext/93166211/RSA.o
 .comment       0x00000000       0x3d build/default/production/_ext/93166211/SMTP.o
 .comment       0x00000000       0x3d build/default/production/_ext/93166211/SNMP.o
 .comment       0x00000000       0x3d build/default/production/_ext/93166211/SNMPv3.o
 .comment       0x00000000       0x3d build/default/production/_ext/93166211/SNMPv3USM.o
 .comment       0x00000000       0x3d build/default/production/_ext/93166211/SNTP.o
 .comment       0x00000000       0x3d build/default/production/_ext/93166211/SPIEEPROM.o
 .comment       0x00000000       0x3d build/default/production/_ext/93166211/SPIFlash.o
 .comment       0x00000000       0x3d build/default/production/_ext/93166211/SPIRAM.o
 .comment       0x00000000       0x3d build/default/production/_ext/93166211/SSL.o
 .comment       0x00000000       0x3d build/default/production/_ext/93166211/StackTsk.o
 .comment       0x00000000       0x3d build/default/production/_ext/93166211/TCP.o
 .comment       0x00000000       0x3d build/default/production/_ext/93166211/TCPPerformanceTest.o
 .comment       0x00000000       0x3d build/default/production/_ext/93166211/Telnet.o
 .comment       0x00000000       0x3d build/default/production/_ext/93166211/TFTPc.o
 .comment       0x00000000       0x3d build/default/production/_ext/93166211/Tick.o
 .comment       0x00000000       0x3d build/default/production/_ext/93166211/UART2TCPBridge.o
 .comment       0x00000000       0x3d build/default/production/_ext/93166211/UDP.o
 .comment       0x00000000       0x3d build/default/production/_ext/93166211/UDPPerformanceTest.o
 .comment       0x00000000       0x3d build/default/production/_ext/93166211/ZeroconfHelper.o
 .comment       0x00000000       0x3d build/default/production/_ext/93166211/ZeroconfLinkLocal.o
 .comment       0x00000000       0x3d build/default/production/_ext/93166211/ZeroconfMulticastDNS.o
 .comment       0x00000000       0x3d build/default/production/_ext/93166211/DHCP.o
 .comment       0x00000000       0x3d build/default/production/_ext/93166211/DHCPs.o
 .comment       0x00000000       0x3d build/default/production/_ext/388820833/WF_Eint.o
 .comment       0x00000000       0x3d build/default/production/_ext/388820833/WF_pbkdf2.o
 .comment       0x00000000       0x3d build/default/production/_ext/388820833/WFConnectionAlgorithm.o
 .comment       0x00000000       0x3d build/default/production/_ext/388820833/WFConnectionManager.o
 .comment       0x00000000       0x3d build/default/production/_ext/388820833/WFConnectionProfile.o
 .comment       0x00000000       0x3d build/default/production/_ext/388820833/WFConsole.o
 .comment       0x00000000       0x3d build/default/production/_ext/388820833/WFConsoleIfconfig.o
 .comment       0x00000000       0x3d build/default/production/_ext/388820833/WFConsoleIwconfig.o
 .comment       0x00000000       0x3d build/default/production/_ext/388820833/WFConsoleIwpriv.o
 .comment       0x00000000       0x3d build/default/production/_ext/388820833/WFConsoleMsgHandler.o
 .comment       0x00000000       0x3d build/default/production/_ext/388820833/WFConsoleMsgs.o
 .comment       0x00000000       0x3d build/default/production/_ext/388820833/WFDataTxRx.o
 .comment       0x00000000       0x3d build/default/production/_ext/388820833/WFDebugStrings.o
 .comment       0x00000000       0x3d build/default/production/_ext/388820833/WFEasyConfig.o
 .comment       0x00000000       0x3d build/default/production/_ext/388820833/WFEventHandler.o
 .comment       0x00000000       0x3d build/default/production/_ext/388820833/WFInit.o
 .comment       0x00000000       0x3d build/default/production/_ext/388820833/WFPowerSave.o
 .comment       0x00000000       0x3d build/default/production/_ext/388820833/WFScan.o
 .comment       0x00000000       0x3d build/default/production/_ext/388820833/WFTxPower.o
 .comment       0x00000000       0x3d build/default/production/_ext/388820833/WF_Spi.o
 .comment       0x00000000       0x3d build/default/production/_ext/388820833/WFDriverCom_24G.o
 .comment       0x00000000       0x3d build/default/production/_ext/388820833/WFDriverRaw_24G.o
 .comment       0x00000000       0x3d build/default/production/_ext/388820833/WFMac_24G.o
 .comment       0x00000000       0x3d build/default/production/_ext/388820833/WFMgmtMsg_24G.o
 .comment       0x00000000       0x3d build/default/production/_ext/388820833/WFParamMsg_24G.o
 .comment       0x00000000       0x3d build/default/production/_ext/1472/Main.o
 .comment       0x00000000       0x3d build/default/production/_ext/1472/CustomHTTPApp.o
 .comment       0x00000000       0x3d build/default/production/_ext/1472/WF_Config.o
 .comment       0x00000000       0x3d build/default/production/_ext/1472/WifiGDemoMPFSImg.o
 .comment       0x00000000       0x3d build/default/production/_ext/1472/i2c_master.o
 .comment       0x00000000       0x3d build/default/production/_ext/1472/OpenADRClient.o
 .comment       0x00000000       0x3d build/default/production/_ext/1472/INTiMain.o
 .comment       0x00000000       0x3d build/default/production/_ext/1472/UARTiMain.o
 .comment       0x00000000       0x3d build/default/production/_ext/1472/TimeMonitor.o
 .comment       0x00000000       0x3d build/default/production/_ext/1472/EPRI_UARTLayer.o
 .comment       0x00000000       0x3d build/default/production/_ext/1472/app_UCM.o
 .comment       0x00000000       0x3d build/default/production/_ext/1472/Assert.o
 .comment       0x00000000       0x3d build/default/production/_ext/1472/EPRI_SPILayer.o
 .comment       0x00000000       0x3d build/default/production/_ext/1472/MCI_Common.o
 .comment       0x00000000       0x3d build/default/production/_ext/1472/LinkLayerMessaging.o
 .comment       0x00000000       0x3d build/default/production/_ext/1472/BasicDR.o
 .comment       0x00000000       0x3d build/default/production/_ext/1472/debugging.o
 .comment       0x00000000       0x3d build/default/production/_ext/1472/RESTAPI.o
 .comment       0x00000000       0x3d build/default/production/_ext/1472/DeviceInfo.o
 .comment       0x00000000       0x3d c:/program files (x86)/microchip/xc32/v1.40/bin/bin/../../lib/gcc/pic32mx/4.8.3/../../../../pic32mx/lib\libmchp_peripheral_32MX575F256L.a(soft_reset_lib.o)
 .comment       0x00000000       0x3d c:/program files (x86)/microchip/xc32/v1.40/bin/bin/../../lib/gcc/pic32mx/4.8.3/../../../../pic32mx/lib\libmchp_peripheral_32MX575F256L.a(pcache.o)
 .comment       0x00000000       0x3d c:/program files (x86)/microchip/xc32/v1.40/bin/bin/../../lib/gcc/pic32mx/4.8.3/../../../../pic32mx/lib\libmchp_peripheral_32MX575F256L.a(int_disable_interrupts_lib.o)
 .comment       0x00000000       0x3d c:/program files (x86)/microchip/xc32/v1.40/bin/bin/../../lib/gcc/pic32mx/4.8.3/../../../../pic32mx/lib\libmchp_peripheral_32MX575F256L.a(int_restore_interrupts_lib.o)
 .comment       0x00000000       0x3d c:/program files (x86)/microchip/xc32/v1.40/bin/bin/../../lib/gcc/pic32mx/4.8.3/../../../../pic32mx/lib\libmchp_peripheral_32MX575F256L.a(int_enable_mv_int_lib.o)
 .comment       0x00000000       0x3d c:/program files (x86)/microchip/xc32/v1.40/bin/bin/../../lib/gcc/pic32mx/4.8.3/../../../../pic32mx/lib\libmchp_peripheral_32MX575F256L.a(int_tbl_lib.o)
 .comment       0x00000000       0x3d c:/program files (x86)/microchip/xc32/v1.40/bin/bin/../../lib/gcc/pic32mx/4.8.3/../../../../pic32mx/lib\libmchp_peripheral_32MX575F256L.a(uart_lib.o)
 .comment       0x00000000       0x3d c:/program files (x86)/microchip/xc32/v1.40/bin/bin/../../lib/gcc/pic32mx/4.8.3/../../../../pic32mx/lib\libmchp_peripheral_32MX575F256L.a(puts_uartx_lib_legacy.o)
 .comment       0x00000000       0x3d c:/program files (x86)/microchip/xc32/v1.40/bin/bin/../../lib/gcc/pic32mx/4.8.3/../../../../pic32mx/lib\libmchp_peripheral_32MX575F256L.a(idle_i2c2_lib_legacy.o)
 .comment       0x00000000       0x3d c:/program files (x86)/microchip/xc32/v1.40/bin/bin/../../lib/gcc/pic32mx/4.8.3/../../../../pic32mx/lib\libmchp_peripheral_32MX575F256L.a(I2CPrivate.o)
 .comment       0x00000000       0x3d c:/program files (x86)/microchip/xc32/v1.40/bin/bin/../../lib/gcc/pic32mx/4.8.3/../../../../pic32mx/lib\libmchp_peripheral_32MX575F256L.a(I2CBusIsIdle.o)
 .comment       0x00000000       0x3d c:/program files (x86)/microchip/xc32/v1.40/bin/bin/../../lib/gcc/pic32mx/4.8.3/../../../../pic32mx/lib\libmchp_peripheral_32MX575F256L.a(I2CByteWasAcknowledged.o)
 .comment       0x00000000       0x3d c:/program files (x86)/microchip/xc32/v1.40/bin/bin/../../lib/gcc/pic32mx/4.8.3/../../../../pic32mx/lib\libmchp_peripheral_32MX575F256L.a(I2CEnable.o)
 .comment       0x00000000       0x3d c:/program files (x86)/microchip/xc32/v1.40/bin/bin/../../lib/gcc/pic32mx/4.8.3/../../../../pic32mx/lib\libmchp_peripheral_32MX575F256L.a(I2CGetByte.o)
 .comment       0x00000000       0x3d c:/program files (x86)/microchip/xc32/v1.40/bin/bin/../../lib/gcc/pic32mx/4.8.3/../../../../pic32mx/lib\libmchp_peripheral_32MX575F256L.a(I2CGetStatus.o)
 .comment       0x00000000       0x3d c:/program files (x86)/microchip/xc32/v1.40/bin/bin/../../lib/gcc/pic32mx/4.8.3/../../../../pic32mx/lib\libmchp_peripheral_32MX575F256L.a(I2CReceivedDataIsAvailable.o)
 .comment       0x00000000       0x3d c:/program files (x86)/microchip/xc32/v1.40/bin/bin/../../lib/gcc/pic32mx/4.8.3/../../../../pic32mx/lib\libmchp_peripheral_32MX575F256L.a(I2CReceiverEnable.o)
 .comment       0x00000000       0x3d c:/program files (x86)/microchip/xc32/v1.40/bin/bin/../../lib/gcc/pic32mx/4.8.3/../../../../pic32mx/lib\libmchp_peripheral_32MX575F256L.a(I2CRepeatStart.o)